nohup: ÂøΩÁï•ËæìÂÖ•
 * Serving Flask app 'monitor' (lazy loading)
 * Environment: production
   WARNING: This is a development server. Do not use it in a production deployment.
   Use a production WSGI server instead.
 * Debug mode: off
 * Running on all addresses.
   WARNING: This is a development server. Do not use it in a production deployment.
 * Running on http://10.0.4.16:8809/ (Press CTRL+C to quit)
431
112.64.186.108 - - [04/Jul/2023 09:54:51] "GET /?password=wsj HTTP/1.1" 200 -
431
112.64.186.108 - - [04/Jul/2023 10:00:39] "GET /?password=wsj HTTP/1.1" 200 -
431
124.221.203.147 - - [04/Jul/2023 10:00:56] "GET /?password=wsj HTTP/1.1" 200 -
89.248.163.212 - - [04/Jul/2023 11:07:10] code 400, message Bad HTTP/0.9 request type ('\x03\x00\x00/*√†\x00\x00\x00\x00\x00Cookie:')
89.248.163.212 - - [04/Jul/2023 11:07:10] "[35m[1m  /*√†     Cookie: mstshash=Administr[0m" HTTPStatus.BAD_REQUEST -
431
112.64.186.108 - - [04/Jul/2023 18:21:46] "GET /?password=wsj HTTP/1.1" 200 -
((431, datetime.datetime(2023, 7, 4, 0, 30, 10), 1, 120),)
551
yibukaishi
767676551@qq.com
767676551
{'beingInvited': False, 'corpName': None, 'loginToken': None, 'openId': None, 'token': '186bd1c8-246b-4cee-a012-0fb617a160fe', 'userInfo': {'beingBlackEmail': False, 'beingExpand': None, 'beingInvited': False, 'beingLangFollowBrowser': True, 'beingOldVersion': None, 'beingPrivacyPolicy': True, 'beingSandBoxSuperAdmin': False, 'collectUserInfo': None, 'createTime': None, 'csShow': True, 'desktopRemind': True, 'email': '767676551@qq.com', 'firstLogin': None, 'grayLimit': 72, 'graySpecify': False, 'grayType': 1, 'havePassword': True, 'headImg': None, 'lang': None, 'lastWsInfo': {'accepted': None, 'accountLevel': 40, 'auth': 2, 'beingCustomizedAppSync': None, 'beingHideHelpDocument': False, 'beingSandbox': False, 'beingWatermark': False, 'biAuth': 'SUPER', 'canWorkWx': False, 'contactEnableNum': 1, 'contactNum': 1, 'departs': [], 'dynamic': None, 'exId': 'tAeLHd46LCKvIPZpb0pfTQ==', 'exUserId': '1826819', 'expireDate': 1689775231000, 'hideCopyright': False, 'logoutConfig': {'logOutToSso': False, 'serverName': None, 'ssoType': None}, 'memberId': 1665036, 'openConnectorList': [], 'openPluginList': [2, 3, 6, 7, 8, 9, 13, 14, 15, 16, 17, 25, 26, 27, 28, 29, 33, 34, 35, 36, 37, 38, 39, 42, 43, 44, 45, -2, 32], 'permissionStatus': None, 'pluginClickList': [], 'pluginLimitDetail': {'dashAllVisiableLimit': 4, 'dashAllVisiableNum': 0}, 'publicAccessAuthVO': {'beingAttachmentQuestion': False, 'beingPublicLink': False}, 'remark': '767676551@qq.com', 'showContact': True, 'trial': True, 'trialDays': '0', 'trialNotice': True, 'type': 'normal', 'useScheduledSync': False, 'watermarkConfig': {'showDate': False, 'showDeparts': False, 'showExUserId': False, 'showName': True, 'showPhoneNumber': False, 'showWsName': False}, 'wsDomain': None, 'wsFunction': 'platform', 'wsId': 417093, 'wsLimitDetail': {'canDashNum': -1, 'canFormNum': -1, 'canPackageNum': -1, 'currentDashNum': -1, 'currentFormNum': -1, 'currentPackageNum': -1}, 'wsName': '767676551@qq.comÁöÑÂ∑•‰ΩúÂå∫'}, 'mobile': '767676551', 'nickName': '767676551@qq.com', 'npsCollect': False, 'promoCode': '29a6a7eab', 'randomEmail': False, 'recordedNewGuidePop': [], 'showProcessPersonal': False, 'signatureUrl': None, 'source': 'home_home', 'status': None, 'uid': 1826819}, 'userSecurityVO': {'authMethod': 0, 'beingUninitialized': False}}
{'beingInvited': False, 'corpName': None, 'loginToken': None, 'openId': None, 'token': '186bd1c8-246b-4cee-a012-0fb617a160fe', 'userInfo': {'beingBlackEmail': False, 'beingExpand': None, 'beingInvited': False, 'beingLangFollowBrowser': True, 'beingOldVersion': None, 'beingPrivacyPolicy': True, 'beingSandBoxSuperAdmin': False, 'collectUserInfo': None, 'createTime': None, 'csShow': True, 'desktopRemind': True, 'email': '767676551@qq.com', 'firstLogin': None, 'grayLimit': 72, 'graySpecify': False, 'grayType': 1, 'havePassword': True, 'headImg': None, 'lang': None, 'lastWsInfo': {'accepted': None, 'accountLevel': 40, 'auth': 2, 'beingCustomizedAppSync': None, 'beingHideHelpDocument': False, 'beingSandbox': False, 'beingWatermark': False, 'biAuth': 'SUPER', 'canWorkWx': False, 'contactEnableNum': 1, 'contactNum': 1, 'departs': [], 'dynamic': None, 'exId': 'tAeLHd46LCKvIPZpb0pfTQ==', 'exUserId': '1826819', 'expireDate': 1689775231000, 'hideCopyright': False, 'logoutConfig': {'logOutToSso': False, 'serverName': None, 'ssoType': None}, 'memberId': 1665036, 'openConnectorList': [], 'openPluginList': [2, 3, 6, 7, 8, 9, 13, 14, 15, 16, 17, 25, 26, 27, 28, 29, 33, 34, 35, 36, 37, 38, 39, 42, 43, 44, 45, -2, 32], 'permissionStatus': None, 'pluginClickList': [], 'pluginLimitDetail': {'dashAllVisiableLimit': 4, 'dashAllVisiableNum': 0}, 'publicAccessAuthVO': {'beingAttachmentQuestion': False, 'beingPublicLink': False}, 'remark': '767676551@qq.com', 'showContact': True, 'trial': True, 'trialDays': '0', 'trialNotice': True, 'type': 'normal', 'useScheduledSync': False, 'watermarkConfig': {'showDate': False, 'showDeparts': False, 'showExUserId': False, 'showName': True, 'showPhoneNumber': False, 'showWsName': False}, 'wsDomain': None, 'wsFunction': 'platform', 'wsId': 417093, 'wsLimitDetail': {'canDashNum': -1, 'canFormNum': -1, 'canPackageNum': -1, 'currentDashNum': -1, 'currentFormNum': -1, 'currentPackageNum': -1}, 'wsName': '767676551@qq.comÁöÑÂ∑•‰ΩúÂå∫'}, 'mobile': '767676551', 'nickName': '767676551@qq.com', 'npsCollect': False, 'promoCode': '29a6a7eab', 'randomEmail': False, 'recordedNewGuidePop': [], 'showProcessPersonal': False, 'signatureUrl': None, 'source': 'home_home', 'status': None, 'uid': 1826819}, 'userSecurityVO': {'authMethod': 0, 'beingUninitialized': False}}
118.25.243.250 - - [04/Jul/2023 22:00:31] "POST /mointor HTTP/1.1" 200 -
((432, datetime.datetime(2023, 7, 4, 22, 0, 31), 1, 120),)
552
yibukaishi
767676552@qq.com
767676552
{'beingInvited': False, 'corpName': None, 'loginToken': None, 'openId': None, 'token': '67f2bcf1-196a-4e68-ad8c-e667e2f80aba', 'userInfo': {'beingBlackEmail': False, 'beingExpand': None, 'beingInvited': False, 'beingLangFollowBrowser': True, 'beingOldVersion': None, 'beingPrivacyPolicy': True, 'beingSandBoxSuperAdmin': False, 'collectUserInfo': None, 'createTime': None, 'csShow': True, 'desktopRemind': True, 'email': '767676552@qq.com', 'firstLogin': None, 'grayLimit': 12, 'graySpecify': False, 'grayType': 1, 'havePassword': True, 'headImg': None, 'lang': None, 'lastWsInfo': {'accepted': None, 'accountLevel': 40, 'auth': 2, 'beingCustomizedAppSync': None, 'beingHideHelpDocument': False, 'beingSandbox': False, 'beingWatermark': False, 'biAuth': 'SUPER', 'canWorkWx': False, 'contactEnableNum': 1, 'contactNum': 1, 'departs': [], 'dynamic': None, 'exId': 'tAeLHd46LCIm4hRcKzpcwA==', 'exUserId': '1826848', 'expireDate': 1689778841000, 'hideCopyright': False, 'logoutConfig': {'logOutToSso': False, 'serverName': None, 'ssoType': None}, 'memberId': 1665055, 'openConnectorList': [], 'openPluginList': [2, 3, 6, 7, 8, 9, 13, 14, 15, 16, 17, 25, 26, 27, 28, 29, 33, 34, 35, 36, 37, 38, 39, 42, 43, 44, 45, -2, 32], 'permissionStatus': None, 'pluginClickList': [], 'pluginLimitDetail': {'dashAllVisiableLimit': 4, 'dashAllVisiableNum': 0}, 'publicAccessAuthVO': {'beingAttachmentQuestion': False, 'beingPublicLink': False}, 'remark': '767676552@qq.com', 'showContact': True, 'trial': True, 'trialDays': '0', 'trialNotice': True, 'type': 'normal', 'useScheduledSync': False, 'watermarkConfig': {'showDate': False, 'showDeparts': False, 'showExUserId': False, 'showName': True, 'showPhoneNumber': False, 'showWsName': False}, 'wsDomain': None, 'wsFunction': 'platform', 'wsId': 417107, 'wsLimitDetail': {'canDashNum': -1, 'canFormNum': -1, 'canPackageNum': -1, 'currentDashNum': -1, 'currentFormNum': -1, 'currentPackageNum': -1}, 'wsName': '767676552@qq.comÁöÑÂ∑•‰ΩúÂå∫'}, 'mobile': '767676552', 'nickName': '767676552@qq.com', 'npsCollect': False, 'promoCode': '7d74cf9b0', 'randomEmail': False, 'recordedNewGuidePop': [], 'showProcessPersonal': False, 'signatureUrl': None, 'source': 'home_home', 'status': None, 'uid': 1826848}, 'userSecurityVO': {'authMethod': 0, 'beingUninitialized': False}}
{'beingInvited': False, 'corpName': None, 'loginToken': None, 'openId': None, 'token': '67f2bcf1-196a-4e68-ad8c-e667e2f80aba', 'userInfo': {'beingBlackEmail': False, 'beingExpand': None, 'beingInvited': False, 'beingLangFollowBrowser': True, 'beingOldVersion': None, 'beingPrivacyPolicy': True, 'beingSandBoxSuperAdmin': False, 'collectUserInfo': None, 'createTime': None, 'csShow': True, 'desktopRemind': True, 'email': '767676552@qq.com', 'firstLogin': None, 'grayLimit': 12, 'graySpecify': False, 'grayType': 1, 'havePassword': True, 'headImg': None, 'lang': None, 'lastWsInfo': {'accepted': None, 'accountLevel': 40, 'auth': 2, 'beingCustomizedAppSync': None, 'beingHideHelpDocument': False, 'beingSandbox': False, 'beingWatermark': False, 'biAuth': 'SUPER', 'canWorkWx': False, 'contactEnableNum': 1, 'contactNum': 1, 'departs': [], 'dynamic': None, 'exId': 'tAeLHd46LCIm4hRcKzpcwA==', 'exUserId': '1826848', 'expireDate': 1689778841000, 'hideCopyright': False, 'logoutConfig': {'logOutToSso': False, 'serverName': None, 'ssoType': None}, 'memberId': 1665055, 'openConnectorList': [], 'openPluginList': [2, 3, 6, 7, 8, 9, 13, 14, 15, 16, 17, 25, 26, 27, 28, 29, 33, 34, 35, 36, 37, 38, 39, 42, 43, 44, 45, -2, 32], 'permissionStatus': None, 'pluginClickList': [], 'pluginLimitDetail': {'dashAllVisiableLimit': 4, 'dashAllVisiableNum': 0}, 'publicAccessAuthVO': {'beingAttachmentQuestion': False, 'beingPublicLink': False}, 'remark': '767676552@qq.com', 'showContact': True, 'trial': True, 'trialDays': '0', 'trialNotice': True, 'type': 'normal', 'useScheduledSync': False, 'watermarkConfig': {'showDate': False, 'showDeparts': False, 'showExUserId': False, 'showName': True, 'showPhoneNumber': False, 'showWsName': False}, 'wsDomain': None, 'wsFunction': 'platform', 'wsId': 417107, 'wsLimitDetail': {'canDashNum': -1, 'canFormNum': -1, 'canPackageNum': -1, 'currentDashNum': -1, 'currentFormNum': -1, 'currentPackageNum': -1}, 'wsName': '767676552@qq.comÁöÑÂ∑•‰ΩúÂå∫'}, 'mobile': '767676552', 'nickName': '767676552@qq.com', 'npsCollect': False, 'promoCode': '7d74cf9b0', 'randomEmail': False, 'recordedNewGuidePop': [], 'showProcessPersonal': False, 'signatureUrl': None, 'source': 'home_home', 'status': None, 'uid': 1826848}, 'userSecurityVO': {'authMethod': 0, 'beingUninitialized': False}}
118.25.243.250 - - [04/Jul/2023 23:00:41] "POST /mointor HTTP/1.1" 200 -
((433, datetime.datetime(2023, 7, 4, 23, 0, 41), 1, 120),)
553
yibukaishi
767676553@qq.com
767676553
{'beingInvited': False, 'corpName': None, 'loginToken': None, 'openId': None, 'token': '5f21de7e-2afe-45e1-bfce-ad1439a0a9ea', 'userInfo': {'beingBlackEmail': False, 'beingExpand': None, 'beingInvited': False, 'beingLangFollowBrowser': True, 'beingOldVersion': None, 'beingPrivacyPolicy': True, 'beingSandBoxSuperAdmin': False, 'collectUserInfo': None, 'createTime': None, 'csShow': True, 'desktopRemind': True, 'email': '767676553@qq.com', 'firstLogin': None, 'grayLimit': 44, 'graySpecify': False, 'grayType': 1, 'havePassword': True, 'headImg': None, 'lang': None, 'lastWsInfo': {'accepted': None, 'accountLevel': 40, 'auth': 2, 'beingCustomizedAppSync': None, 'beingHideHelpDocument': False, 'beingSandbox': False, 'beingWatermark': False, 'biAuth': 'SUPER', 'canWorkWx': False, 'contactEnableNum': 1, 'contactNum': 1, 'departs': [], 'dynamic': None, 'exId': 'tAeLHd46LCJ02D055VkjOQ==', 'exUserId': '1826864', 'expireDate': 1689782439000, 'hideCopyright': False, 'logoutConfig': {'logOutToSso': False, 'serverName': None, 'ssoType': None}, 'memberId': 1665066, 'openConnectorList': [], 'openPluginList': [2, 3, 6, 7, 8, 9, 13, 14, 15, 16, 17, 25, 26, 27, 28, 29, 33, 34, 35, 36, 37, 38, 39, 42, 43, 44, 45, -2, 32], 'permissionStatus': None, 'pluginClickList': [], 'pluginLimitDetail': {'dashAllVisiableLimit': 4, 'dashAllVisiableNum': 0}, 'publicAccessAuthVO': {'beingAttachmentQuestion': False, 'beingPublicLink': False}, 'remark': '767676553@qq.com', 'showContact': True, 'trial': True, 'trialDays': '0', 'trialNotice': True, 'type': 'normal', 'useScheduledSync': False, 'watermarkConfig': {'showDate': False, 'showDeparts': False, 'showExUserId': False, 'showName': True, 'showPhoneNumber': False, 'showWsName': False}, 'wsDomain': None, 'wsFunction': 'platform', 'wsId': 417118, 'wsLimitDetail': {'canDashNum': -1, 'canFormNum': -1, 'canPackageNum': -1, 'currentDashNum': -1, 'currentFormNum': -1, 'currentPackageNum': -1}, 'wsName': '767676553@qq.comÁöÑÂ∑•‰ΩúÂå∫'}, 'mobile': '767676553', 'nickName': '767676553@qq.com', 'npsCollect': False, 'promoCode': '70ee14996', 'randomEmail': False, 'recordedNewGuidePop': [], 'showProcessPersonal': False, 'signatureUrl': None, 'source': 'home_home', 'status': None, 'uid': 1826864}, 'userSecurityVO': {'authMethod': 0, 'beingUninitialized': False}}
{'beingInvited': False, 'corpName': None, 'loginToken': None, 'openId': None, 'token': '5f21de7e-2afe-45e1-bfce-ad1439a0a9ea', 'userInfo': {'beingBlackEmail': False, 'beingExpand': None, 'beingInvited': False, 'beingLangFollowBrowser': True, 'beingOldVersion': None, 'beingPrivacyPolicy': True, 'beingSandBoxSuperAdmin': False, 'collectUserInfo': None, 'createTime': None, 'csShow': True, 'desktopRemind': True, 'email': '767676553@qq.com', 'firstLogin': None, 'grayLimit': 44, 'graySpecify': False, 'grayType': 1, 'havePassword': True, 'headImg': None, 'lang': None, 'lastWsInfo': {'accepted': None, 'accountLevel': 40, 'auth': 2, 'beingCustomizedAppSync': None, 'beingHideHelpDocument': False, 'beingSandbox': False, 'beingWatermark': False, 'biAuth': 'SUPER', 'canWorkWx': False, 'contactEnableNum': 1, 'contactNum': 1, 'departs': [], 'dynamic': None, 'exId': 'tAeLHd46LCJ02D055VkjOQ==', 'exUserId': '1826864', 'expireDate': 1689782439000, 'hideCopyright': False, 'logoutConfig': {'logOutToSso': False, 'serverName': None, 'ssoType': None}, 'memberId': 1665066, 'openConnectorList': [], 'openPluginList': [2, 3, 6, 7, 8, 9, 13, 14, 15, 16, 17, 25, 26, 27, 28, 29, 33, 34, 35, 36, 37, 38, 39, 42, 43, 44, 45, -2, 32], 'permissionStatus': None, 'pluginClickList': [], 'pluginLimitDetail': {'dashAllVisiableLimit': 4, 'dashAllVisiableNum': 0}, 'publicAccessAuthVO': {'beingAttachmentQuestion': False, 'beingPublicLink': False}, 'remark': '767676553@qq.com', 'showContact': True, 'trial': True, 'trialDays': '0', 'trialNotice': True, 'type': 'normal', 'useScheduledSync': False, 'watermarkConfig': {'showDate': False, 'showDeparts': False, 'showExUserId': False, 'showName': True, 'showPhoneNumber': False, 'showWsName': False}, 'wsDomain': None, 'wsFunction': 'platform', 'wsId': 417118, 'wsLimitDetail': {'canDashNum': -1, 'canFormNum': -1, 'canPackageNum': -1, 'currentDashNum': -1, 'currentFormNum': -1, 'currentPackageNum': -1}, 'wsName': '767676553@qq.comÁöÑÂ∑•‰ΩúÂå∫'}, 'mobile': '767676553', 'nickName': '767676553@qq.com', 'npsCollect': False, 'promoCode': '70ee14996', 'randomEmail': False, 'recordedNewGuidePop': [], 'showProcessPersonal': False, 'signatureUrl': None, 'source': 'home_home', 'status': None, 'uid': 1826864}, 'userSecurityVO': {'authMethod': 0, 'beingUninitialized': False}}
118.25.243.250 - - [05/Jul/2023 00:00:39] "POST /mointor HTTP/1.1" 200 -
((434, datetime.datetime(2023, 7, 5, 0, 0, 39), 1, 120),)
554
yibukaishi
767676554@qq.com
767676554
{'beingInvited': False, 'corpName': None, 'loginToken': None, 'openId': None, 'token': '2d201c66-1746-4ed1-8c11-66d538183703', 'userInfo': {'beingBlackEmail': False, 'beingExpand': None, 'beingInvited': False, 'beingLangFollowBrowser': True, 'beingOldVersion': None, 'beingPrivacyPolicy': True, 'beingSandBoxSuperAdmin': False, 'collectUserInfo': None, 'createTime': None, 'csShow': True, 'desktopRemind': True, 'email': '767676554@qq.com', 'firstLogin': None, 'grayLimit': 67, 'graySpecify': False, 'grayType': 1, 'havePassword': True, 'headImg': None, 'lang': None, 'lastWsInfo': {'accepted': None, 'accountLevel': 40, 'auth': 2, 'beingCustomizedAppSync': None, 'beingHideHelpDocument': False, 'beingSandbox': False, 'beingWatermark': False, 'biAuth': 'SUPER', 'canWorkWx': False, 'contactEnableNum': 1, 'contactNum': 1, 'departs': [], 'dynamic': None, 'exId': 'tAeLHd46LCKMXE2UhTU4Gw==', 'exUserId': '1826867', 'expireDate': 1689784209000, 'hideCopyright': False, 'logoutConfig': {'logOutToSso': False, 'serverName': None, 'ssoType': None}, 'memberId': 1665070, 'openConnectorList': [], 'openPluginList': [2, 3, 6, 7, 8, 9, 13, 14, 15, 16, 17, 25, 26, 27, 28, 29, 33, 34, 35, 36, 37, 38, 39, 42, 43, 44, 45, -2, 32], 'permissionStatus': None, 'pluginClickList': [], 'pluginLimitDetail': {'dashAllVisiableLimit': 4, 'dashAllVisiableNum': 0}, 'publicAccessAuthVO': {'beingAttachmentQuestion': False, 'beingPublicLink': False}, 'remark': '767676554@qq.com', 'showContact': True, 'trial': True, 'trialDays': '0', 'trialNotice': True, 'type': 'normal', 'useScheduledSync': False, 'watermarkConfig': {'showDate': False, 'showDeparts': False, 'showExUserId': False, 'showName': True, 'showPhoneNumber': False, 'showWsName': False}, 'wsDomain': None, 'wsFunction': 'platform', 'wsId': 417120, 'wsLimitDetail': {'canDashNum': -1, 'canFormNum': -1, 'canPackageNum': -1, 'currentDashNum': -1, 'currentFormNum': -1, 'currentPackageNum': -1}, 'wsName': '767676554@qq.comÁöÑÂ∑•‰ΩúÂå∫'}, 'mobile': '767676554', 'nickName': '767676554@qq.com', 'npsCollect': False, 'promoCode': '931a4257e', 'randomEmail': False, 'recordedNewGuidePop': [], 'showProcessPersonal': False, 'signatureUrl': None, 'source': 'home_home', 'status': None, 'uid': 1826867}, 'userSecurityVO': {'authMethod': 0, 'beingUninitialized': False}}
{'beingInvited': False, 'corpName': None, 'loginToken': None, 'openId': None, 'token': '2d201c66-1746-4ed1-8c11-66d538183703', 'userInfo': {'beingBlackEmail': False, 'beingExpand': None, 'beingInvited': False, 'beingLangFollowBrowser': True, 'beingOldVersion': None, 'beingPrivacyPolicy': True, 'beingSandBoxSuperAdmin': False, 'collectUserInfo': None, 'createTime': None, 'csShow': True, 'desktopRemind': True, 'email': '767676554@qq.com', 'firstLogin': None, 'grayLimit': 67, 'graySpecify': False, 'grayType': 1, 'havePassword': True, 'headImg': None, 'lang': None, 'lastWsInfo': {'accepted': None, 'accountLevel': 40, 'auth': 2, 'beingCustomizedAppSync': None, 'beingHideHelpDocument': False, 'beingSandbox': False, 'beingWatermark': False, 'biAuth': 'SUPER', 'canWorkWx': False, 'contactEnableNum': 1, 'contactNum': 1, 'departs': [], 'dynamic': None, 'exId': 'tAeLHd46LCKMXE2UhTU4Gw==', 'exUserId': '1826867', 'expireDate': 1689784209000, 'hideCopyright': False, 'logoutConfig': {'logOutToSso': False, 'serverName': None, 'ssoType': None}, 'memberId': 1665070, 'openConnectorList': [], 'openPluginList': [2, 3, 6, 7, 8, 9, 13, 14, 15, 16, 17, 25, 26, 27, 28, 29, 33, 34, 35, 36, 37, 38, 39, 42, 43, 44, 45, -2, 32], 'permissionStatus': None, 'pluginClickList': [], 'pluginLimitDetail': {'dashAllVisiableLimit': 4, 'dashAllVisiableNum': 0}, 'publicAccessAuthVO': {'beingAttachmentQuestion': False, 'beingPublicLink': False}, 'remark': '767676554@qq.com', 'showContact': True, 'trial': True, 'trialDays': '0', 'trialNotice': True, 'type': 'normal', 'useScheduledSync': False, 'watermarkConfig': {'showDate': False, 'showDeparts': False, 'showExUserId': False, 'showName': True, 'showPhoneNumber': False, 'showWsName': False}, 'wsDomain': None, 'wsFunction': 'platform', 'wsId': 417120, 'wsLimitDetail': {'canDashNum': -1, 'canFormNum': -1, 'canPackageNum': -1, 'currentDashNum': -1, 'currentFormNum': -1, 'currentPackageNum': -1}, 'wsName': '767676554@qq.comÁöÑÂ∑•‰ΩúÂå∫'}, 'mobile': '767676554', 'nickName': '767676554@qq.com', 'npsCollect': False, 'promoCode': '931a4257e', 'randomEmail': False, 'recordedNewGuidePop': [], 'showProcessPersonal': False, 'signatureUrl': None, 'source': 'home_home', 'status': None, 'uid': 1826867}, 'userSecurityVO': {'authMethod': 0, 'beingUninitialized': False}}
118.25.243.250 - - [05/Jul/2023 00:30:09] "POST /mointor HTTP/1.1" 200 -
89.248.163.212 - - [05/Jul/2023 00:50:42] code 400, message Bad HTTP/0.9 request type ('\x03\x00\x00/*√†\x00\x00\x00\x00\x00Cookie:')
89.248.163.212 - - [05/Jul/2023 00:50:42] "[35m[1m  /*√†     Cookie: mstshash=Administr[0m" HTTPStatus.BAD_REQUEST -
89.248.163.212 - - [05/Jul/2023 02:34:46] code 400, message Bad HTTP/0.9 request type ('\x03\x00\x00/*√†\x00\x00\x00\x00\x00Cookie:')
89.248.163.212 - - [05/Jul/2023 02:34:46] "[35m[1m  /*√†     Cookie: mstshash=Administr[0m" HTTPStatus.BAD_REQUEST -
123.160.221.21 - - [05/Jul/2023 04:22:34] code 400, message Bad request version ('√Ä\x13√Ä')
123.160.221.21 - - [05/Jul/2023 04:22:34] "[35m[1m √Æ  √™I¬≤√π¬º¬ôi√ÄY√ª√∏¬∫e-¬ÉUd]¬ç¬∑b8¬¥g√Ü√ù9dZ8f g√Å¬Åi¬≥√∂√≤√ã¬∞¬©N√ñ¬Ω¬ïg|p√º√©<Z¬°¬êT¬∑√©¬•8'O; &√Ä+√Ä/√Ä,√Ä0√å¬©√å¬®√Ä	√Ä√Ä[0m" HTTPStatus.BAD_REQUEST -
435
[2023-07-05 04:22:45,163] ERROR in app: Exception on / [GET]
Traceback (most recent call last):
  File "/usr/local/lib64/python3.6/site-packages/flask/app.py", line 2073, in wsgi_app
    response = self.full_dispatch_request()
  File "/usr/local/lib64/python3.6/site-packages/flask/app.py", line 1519, in full_dispatch_request
    return self.finalize_request(rv)
  File "/usr/local/lib64/python3.6/site-packages/flask/app.py", line 1538, in finalize_request
    response = self.make_response(rv)
  File "/usr/local/lib64/python3.6/site-packages/flask/app.py", line 1702, in make_response
    f"The view function for {request.endpoint!r} did not"
TypeError: The view function for 'result' did not return a valid response. The function either returned None or ended without a return statement.
123.160.221.21 - - [05/Jul/2023 04:22:45] "[35m[1mGET / HTTP/1.1[0m" 500 -
435
[2023-07-05 05:25:59,460] ERROR in app: Exception on / [GET]
Traceback (most recent call last):
  File "/usr/local/lib64/python3.6/site-packages/flask/app.py", line 2073, in wsgi_app
    response = self.full_dispatch_request()
  File "/usr/local/lib64/python3.6/site-packages/flask/app.py", line 1519, in full_dispatch_request
    return self.finalize_request(rv)
  File "/usr/local/lib64/python3.6/site-packages/flask/app.py", line 1538, in finalize_request
    response = self.make_response(rv)
  File "/usr/local/lib64/python3.6/site-packages/flask/app.py", line 1702, in make_response
    f"The view function for {request.endpoint!r} did not"
TypeError: The view function for 'result' did not return a valid response. The function either returned None or ended without a return statement.
36.99.136.137 - - [05/Jul/2023 05:25:59] "[35m[1mGET / HTTP/1.1[0m" 500 -
435
[2023-07-05 05:26:03,770] ERROR in app: Exception on / [GET]
Traceback (most recent call last):
  File "/usr/local/lib64/python3.6/site-packages/flask/app.py", line 2073, in wsgi_app
    response = self.full_dispatch_request()
  File "/usr/local/lib64/python3.6/site-packages/flask/app.py", line 1519, in full_dispatch_request
    return self.finalize_request(rv)
  File "/usr/local/lib64/python3.6/site-packages/flask/app.py", line 1538, in finalize_request
    response = self.make_response(rv)
  File "/usr/local/lib64/python3.6/site-packages/flask/app.py", line 1702, in make_response
    f"The view function for {request.endpoint!r} did not"
TypeError: The view function for 'result' did not return a valid response. The function either returned None or ended without a return statement.
36.99.136.128 - - [05/Jul/2023 05:26:03] "[35m[1mGET / HTTP/1.1[0m" 500 -
435
[2023-07-05 05:26:06,984] ERROR in app: Exception on / [GET]
Traceback (most recent call last):
  File "/usr/local/lib64/python3.6/site-packages/flask/app.py", line 2073, in wsgi_app
    response = self.full_dispatch_request()
  File "/usr/local/lib64/python3.6/site-packages/flask/app.py", line 1519, in full_dispatch_request
    return self.finalize_request(rv)
  File "/usr/local/lib64/python3.6/site-packages/flask/app.py", line 1538, in finalize_request
    response = self.make_response(rv)
  File "/usr/local/lib64/python3.6/site-packages/flask/app.py", line 1702, in make_response
    f"The view function for {request.endpoint!r} did not"
TypeError: The view function for 'result' did not return a valid response. The function either returned None or ended without a return statement.
36.99.136.137 - - [05/Jul/2023 05:26:06] "[35m[1mGET / HTTP/1.1[0m" 500 -
141.98.11.58 - - [05/Jul/2023 06:20:01] code 400, message Bad HTTP/0.9 request type ('\x03\x00\x00/*√†\x00\x00\x00\x00\x00Cookie:')
141.98.11.58 - - [05/Jul/2023 06:20:01] "[35m[1m  /*√†     Cookie: mstshash=Administr[0m" HTTPStatus.BAD_REQUEST -
435
[2023-07-05 09:27:31,950] ERROR in app: Exception on / [GET]
Traceback (most recent call last):
  File "/usr/local/lib64/python3.6/site-packages/flask/app.py", line 2073, in wsgi_app
    response = self.full_dispatch_request()
  File "/usr/local/lib64/python3.6/site-packages/flask/app.py", line 1519, in full_dispatch_request
    return self.finalize_request(rv)
  File "/usr/local/lib64/python3.6/site-packages/flask/app.py", line 1538, in finalize_request
    response = self.make_response(rv)
  File "/usr/local/lib64/python3.6/site-packages/flask/app.py", line 1702, in make_response
    f"The view function for {request.endpoint!r} did not"
TypeError: The view function for 'result' did not return a valid response. The function either returned None or ended without a return statement.
162.142.125.14 - - [05/Jul/2023 09:27:31] "[35m[1mGET / HTTP/1.1[0m" 500 -
162.142.125.14 - - [05/Jul/2023 09:27:32] code 505, message Invalid HTTP version (2.0)
162.142.125.14 - - [05/Jul/2023 09:27:32] "[35m[1mPRI * HTTP/2.0[0m" HTTPStatus.HTTP_VERSION_NOT_SUPPORTED -
89.248.163.212 - - [05/Jul/2023 09:37:59] code 400, message Bad HTTP/0.9 request type ('\x03\x00\x00/*√†\x00\x00\x00\x00\x00Cookie:')
89.248.163.212 - - [05/Jul/2023 09:37:59] "[35m[1m  /*√†     Cookie: mstshash=Administr[0m" HTTPStatus.BAD_REQUEST -
435
124.221.203.147 - - [05/Jul/2023 10:00:56] "GET /?password=wsj HTTP/1.1" 200 -
89.248.163.212 - - [05/Jul/2023 17:32:03] code 400, message Bad HTTP/0.9 request type ('\x03\x00\x00/*√†\x00\x00\x00\x00\x00Cookie:')
89.248.163.212 - - [05/Jul/2023 17:32:03] "[35m[1m  /*√†     Cookie: mstshash=Administr[0m" HTTPStatus.BAD_REQUEST -
89.248.163.212 - - [05/Jul/2023 18:39:46] code 400, message Bad HTTP/0.9 request type ('\x03\x00\x00/*√†\x00\x00\x00\x00\x00Cookie:')
89.248.163.212 - - [05/Jul/2023 18:39:46] "[35m[1m  /*√†     Cookie: mstshash=Administr[0m" HTTPStatus.BAD_REQUEST -
((435, datetime.datetime(2023, 7, 5, 0, 30, 9), 1, 120),)
555
yibukaishi
767676555@qq.com
767676555
{'beingInvited': False, 'corpName': None, 'loginToken': None, 'openId': None, 'token': '147a6981-ebef-4b64-a81f-a476fa89cc54', 'userInfo': {'beingBlackEmail': False, 'beingExpand': None, 'beingInvited': False, 'beingLangFollowBrowser': True, 'beingOldVersion': None, 'beingPrivacyPolicy': True, 'beingSandBoxSuperAdmin': False, 'collectUserInfo': None, 'createTime': None, 'csShow': True, 'desktopRemind': True, 'email': '767676555@qq.com', 'firstLogin': None, 'grayLimit': 24, 'graySpecify': False, 'grayType': 1, 'havePassword': True, 'headImg': None, 'lang': None, 'lastWsInfo': {'accepted': None, 'accountLevel': 40, 'auth': 2, 'beingCustomizedAppSync': None, 'beingHideHelpDocument': False, 'beingSandbox': False, 'beingWatermark': False, 'biAuth': 'SUPER', 'canWorkWx': False, 'contactEnableNum': 1, 'contactNum': 1, 'departs': [], 'dynamic': None, 'exId': 'tAeLHd46LCL/Ddn4FwH6qA==', 'exUserId': '1827932', 'expireDate': 1689861632000, 'hideCopyright': False, 'logoutConfig': {'logOutToSso': False, 'serverName': None, 'ssoType': None}, 'memberId': 1666012, 'openConnectorList': [], 'openPluginList': [2, 3, 6, 7, 8, 9, 13, 14, 15, 16, 17, 25, 26, 27, 28, 29, 33, 34, 35, 36, 37, 38, 39, 42, 43, 44, 45, -2, 32], 'permissionStatus': None, 'pluginClickList': [], 'pluginLimitDetail': {'dashAllVisiableLimit': 4, 'dashAllVisiableNum': 0}, 'publicAccessAuthVO': {'beingAttachmentQuestion': False, 'beingPublicLink': False}, 'remark': '767676555@qq.com', 'showContact': True, 'trial': True, 'trialDays': '0', 'trialNotice': True, 'type': 'normal', 'useScheduledSync': False, 'watermarkConfig': {'showDate': False, 'showDeparts': False, 'showExUserId': False, 'showName': True, 'showPhoneNumber': False, 'showWsName': False}, 'wsDomain': None, 'wsFunction': 'platform', 'wsId': 417547, 'wsLimitDetail': {'canDashNum': -1, 'canFormNum': -1, 'canPackageNum': -1, 'currentDashNum': -1, 'currentFormNum': -1, 'currentPackageNum': -1}, 'wsName': '767676555@qq.comÁöÑÂ∑•‰ΩúÂå∫'}, 'mobile': '767676555', 'nickName': '767676555@qq.com', 'npsCollect': False, 'promoCode': 'b4bfa869d', 'randomEmail': False, 'recordedNewGuidePop': [], 'showProcessPersonal': False, 'signatureUrl': None, 'source': 'home_home', 'status': None, 'uid': 1827932}, 'userSecurityVO': {'authMethod': 0, 'beingUninitialized': False}}
{'beingInvited': False, 'corpName': None, 'loginToken': None, 'openId': None, 'token': '147a6981-ebef-4b64-a81f-a476fa89cc54', 'userInfo': {'beingBlackEmail': False, 'beingExpand': None, 'beingInvited': False, 'beingLangFollowBrowser': True, 'beingOldVersion': None, 'beingPrivacyPolicy': True, 'beingSandBoxSuperAdmin': False, 'collectUserInfo': None, 'createTime': None, 'csShow': True, 'desktopRemind': True, 'email': '767676555@qq.com', 'firstLogin': None, 'grayLimit': 24, 'graySpecify': False, 'grayType': 1, 'havePassword': True, 'headImg': None, 'lang': None, 'lastWsInfo': {'accepted': None, 'accountLevel': 40, 'auth': 2, 'beingCustomizedAppSync': None, 'beingHideHelpDocument': False, 'beingSandbox': False, 'beingWatermark': False, 'biAuth': 'SUPER', 'canWorkWx': False, 'contactEnableNum': 1, 'contactNum': 1, 'departs': [], 'dynamic': None, 'exId': 'tAeLHd46LCL/Ddn4FwH6qA==', 'exUserId': '1827932', 'expireDate': 1689861632000, 'hideCopyright': False, 'logoutConfig': {'logOutToSso': False, 'serverName': None, 'ssoType': None}, 'memberId': 1666012, 'openConnectorList': [], 'openPluginList': [2, 3, 6, 7, 8, 9, 13, 14, 15, 16, 17, 25, 26, 27, 28, 29, 33, 34, 35, 36, 37, 38, 39, 42, 43, 44, 45, -2, 32], 'permissionStatus': None, 'pluginClickList': [], 'pluginLimitDetail': {'dashAllVisiableLimit': 4, 'dashAllVisiableNum': 0}, 'publicAccessAuthVO': {'beingAttachmentQuestion': False, 'beingPublicLink': False}, 'remark': '767676555@qq.com', 'showContact': True, 'trial': True, 'trialDays': '0', 'trialNotice': True, 'type': 'normal', 'useScheduledSync': False, 'watermarkConfig': {'showDate': False, 'showDeparts': False, 'showExUserId': False, 'showName': True, 'showPhoneNumber': False, 'showWsName': False}, 'wsDomain': None, 'wsFunction': 'platform', 'wsId': 417547, 'wsLimitDetail': {'canDashNum': -1, 'canFormNum': -1, 'canPackageNum': -1, 'currentDashNum': -1, 'currentFormNum': -1, 'currentPackageNum': -1}, 'wsName': '767676555@qq.comÁöÑÂ∑•‰ΩúÂå∫'}, 'mobile': '767676555', 'nickName': '767676555@qq.com', 'npsCollect': False, 'promoCode': 'b4bfa869d', 'randomEmail': False, 'recordedNewGuidePop': [], 'showProcessPersonal': False, 'signatureUrl': None, 'source': 'home_home', 'status': None, 'uid': 1827932}, 'userSecurityVO': {'authMethod': 0, 'beingUninitialized': False}}
118.25.243.250 - - [05/Jul/2023 22:00:32] "POST /mointor HTTP/1.1" 200 -
((436, datetime.datetime(2023, 7, 5, 22, 0, 32), 1, 120),)
556
yibukaishi
767676556@qq.com
767676556
{'beingInvited': False, 'corpName': None, 'loginToken': None, 'openId': None, 'token': 'cff87e57-1d56-4d9c-bda7-1d52cea37f47', 'userInfo': {'beingBlackEmail': False, 'beingExpand': None, 'beingInvited': False, 'beingLangFollowBrowser': True, 'beingOldVersion': None, 'beingPrivacyPolicy': True, 'beingSandBoxSuperAdmin': False, 'collectUserInfo': None, 'createTime': None, 'csShow': True, 'desktopRemind': True, 'email': '767676556@qq.com', 'firstLogin': None, 'grayLimit': 53, 'graySpecify': False, 'grayType': 1, 'havePassword': True, 'headImg': None, 'lang': None, 'lastWsInfo': {'accepted': None, 'accountLevel': 40, 'auth': 2, 'beingCustomizedAppSync': None, 'beingHideHelpDocument': False, 'beingSandbox': False, 'beingWatermark': False, 'biAuth': 'SUPER', 'canWorkWx': False, 'contactEnableNum': 1, 'contactNum': 1, 'departs': [], 'dynamic': None, 'exId': 'tAeLHd46LCKgk7Ktu4LyGA==', 'exUserId': '1827964', 'expireDate': 1689865241000, 'hideCopyright': False, 'logoutConfig': {'logOutToSso': False, 'serverName': None, 'ssoType': None}, 'memberId': 1666034, 'openConnectorList': [], 'openPluginList': [2, 3, 6, 7, 8, 9, 13, 14, 15, 16, 17, 25, 26, 27, 28, 29, 33, 34, 35, 36, 37, 38, 39, 42, 43, 44, 45, -2, 32], 'permissionStatus': None, 'pluginClickList': [], 'pluginLimitDetail': {'dashAllVisiableLimit': 4, 'dashAllVisiableNum': 0}, 'publicAccessAuthVO': {'beingAttachmentQuestion': False, 'beingPublicLink': False}, 'remark': '767676556@qq.com', 'showContact': True, 'trial': True, 'trialDays': '0', 'trialNotice': True, 'type': 'normal', 'useScheduledSync': False, 'watermarkConfig': {'showDate': False, 'showDeparts': False, 'showExUserId': False, 'showName': True, 'showPhoneNumber': False, 'showWsName': False}, 'wsDomain': None, 'wsFunction': 'platform', 'wsId': 417564, 'wsLimitDetail': {'canDashNum': -1, 'canFormNum': -1, 'canPackageNum': -1, 'currentDashNum': -1, 'currentFormNum': -1, 'currentPackageNum': -1}, 'wsName': '767676556@qq.comÁöÑÂ∑•‰ΩúÂå∫'}, 'mobile': '767676556', 'nickName': '767676556@qq.com', 'npsCollect': False, 'promoCode': '2626a58db', 'randomEmail': False, 'recordedNewGuidePop': [], 'showProcessPersonal': False, 'signatureUrl': None, 'source': 'home_home', 'status': None, 'uid': 1827964}, 'userSecurityVO': {'authMethod': 0, 'beingUninitialized': False}}
{'beingInvited': False, 'corpName': None, 'loginToken': None, 'openId': None, 'token': 'cff87e57-1d56-4d9c-bda7-1d52cea37f47', 'userInfo': {'beingBlackEmail': False, 'beingExpand': None, 'beingInvited': False, 'beingLangFollowBrowser': True, 'beingOldVersion': None, 'beingPrivacyPolicy': True, 'beingSandBoxSuperAdmin': False, 'collectUserInfo': None, 'createTime': None, 'csShow': True, 'desktopRemind': True, 'email': '767676556@qq.com', 'firstLogin': None, 'grayLimit': 53, 'graySpecify': False, 'grayType': 1, 'havePassword': True, 'headImg': None, 'lang': None, 'lastWsInfo': {'accepted': None, 'accountLevel': 40, 'auth': 2, 'beingCustomizedAppSync': None, 'beingHideHelpDocument': False, 'beingSandbox': False, 'beingWatermark': False, 'biAuth': 'SUPER', 'canWorkWx': False, 'contactEnableNum': 1, 'contactNum': 1, 'departs': [], 'dynamic': None, 'exId': 'tAeLHd46LCKgk7Ktu4LyGA==', 'exUserId': '1827964', 'expireDate': 1689865241000, 'hideCopyright': False, 'logoutConfig': {'logOutToSso': False, 'serverName': None, 'ssoType': None}, 'memberId': 1666034, 'openConnectorList': [], 'openPluginList': [2, 3, 6, 7, 8, 9, 13, 14, 15, 16, 17, 25, 26, 27, 28, 29, 33, 34, 35, 36, 37, 38, 39, 42, 43, 44, 45, -2, 32], 'permissionStatus': None, 'pluginClickList': [], 'pluginLimitDetail': {'dashAllVisiableLimit': 4, 'dashAllVisiableNum': 0}, 'publicAccessAuthVO': {'beingAttachmentQuestion': False, 'beingPublicLink': False}, 'remark': '767676556@qq.com', 'showContact': True, 'trial': True, 'trialDays': '0', 'trialNotice': True, 'type': 'normal', 'useScheduledSync': False, 'watermarkConfig': {'showDate': False, 'showDeparts': False, 'showExUserId': False, 'showName': True, 'showPhoneNumber': False, 'showWsName': False}, 'wsDomain': None, 'wsFunction': 'platform', 'wsId': 417564, 'wsLimitDetail': {'canDashNum': -1, 'canFormNum': -1, 'canPackageNum': -1, 'currentDashNum': -1, 'currentFormNum': -1, 'currentPackageNum': -1}, 'wsName': '767676556@qq.comÁöÑÂ∑•‰ΩúÂå∫'}, 'mobile': '767676556', 'nickName': '767676556@qq.com', 'npsCollect': False, 'promoCode': '2626a58db', 'randomEmail': False, 'recordedNewGuidePop': [], 'showProcessPersonal': False, 'signatureUrl': None, 'source': 'home_home', 'status': None, 'uid': 1827964}, 'userSecurityVO': {'authMethod': 0, 'beingUninitialized': False}}
118.25.243.250 - - [05/Jul/2023 23:00:41] "POST /mointor HTTP/1.1" 200 -
((437, datetime.datetime(2023, 7, 5, 23, 0, 41), 1, 120),)
557
yibukaishi
767676557@qq.com
767676557
{'beingInvited': False, 'corpName': None, 'loginToken': None, 'openId': None, 'token': '8d0cb1ac-6698-4f68-b7c4-836520dc123d', 'userInfo': {'beingBlackEmail': False, 'beingExpand': None, 'beingInvited': False, 'beingLangFollowBrowser': True, 'beingOldVersion': None, 'beingPrivacyPolicy': True, 'beingSandBoxSuperAdmin': False, 'collectUserInfo': None, 'createTime': None, 'csShow': True, 'desktopRemind': True, 'email': '767676557@qq.com', 'firstLogin': None, 'grayLimit': 33, 'graySpecify': False, 'grayType': 1, 'havePassword': True, 'headImg': None, 'lang': None, 'lastWsInfo': {'accepted': None, 'accountLevel': 40, 'auth': 2, 'beingCustomizedAppSync': None, 'beingHideHelpDocument': False, 'beingSandbox': False, 'beingWatermark': False, 'biAuth': 'SUPER', 'canWorkWx': False, 'contactEnableNum': 1, 'contactNum': 1, 'departs': [], 'dynamic': None, 'exId': 'tAeLHd46LCKhZrZcioHXnw==', 'exUserId': '1827981', 'expireDate': 1689868829000, 'hideCopyright': False, 'logoutConfig': {'logOutToSso': False, 'serverName': None, 'ssoType': None}, 'memberId': 1666052, 'openConnectorList': [], 'openPluginList': [2, 3, 6, 7, 8, 9, 13, 14, 15, 16, 17, 25, 26, 27, 28, 29, 33, 34, 35, 36, 37, 38, 39, 42, 43, 44, 45, -2, 32], 'permissionStatus': None, 'pluginClickList': [], 'pluginLimitDetail': {'dashAllVisiableLimit': 4, 'dashAllVisiableNum': 0}, 'publicAccessAuthVO': {'beingAttachmentQuestion': False, 'beingPublicLink': False}, 'remark': '767676557@qq.com', 'showContact': True, 'trial': True, 'trialDays': '0', 'trialNotice': True, 'type': 'normal', 'useScheduledSync': False, 'watermarkConfig': {'showDate': False, 'showDeparts': False, 'showExUserId': False, 'showName': True, 'showPhoneNumber': False, 'showWsName': False}, 'wsDomain': None, 'wsFunction': 'platform', 'wsId': 417578, 'wsLimitDetail': {'canDashNum': -1, 'canFormNum': -1, 'canPackageNum': -1, 'currentDashNum': -1, 'currentFormNum': -1, 'currentPackageNum': -1}, 'wsName': '767676557@qq.comÁöÑÂ∑•‰ΩúÂå∫'}, 'mobile': '767676557', 'nickName': '767676557@qq.com', 'npsCollect': False, 'promoCode': '433b53176', 'randomEmail': False, 'recordedNewGuidePop': [], 'showProcessPersonal': False, 'signatureUrl': None, 'source': 'home_home', 'status': None, 'uid': 1827981}, 'userSecurityVO': {'authMethod': 0, 'beingUninitialized': False}}
{'beingInvited': False, 'corpName': None, 'loginToken': None, 'openId': None, 'token': '8d0cb1ac-6698-4f68-b7c4-836520dc123d', 'userInfo': {'beingBlackEmail': False, 'beingExpand': None, 'beingInvited': False, 'beingLangFollowBrowser': True, 'beingOldVersion': None, 'beingPrivacyPolicy': True, 'beingSandBoxSuperAdmin': False, 'collectUserInfo': None, 'createTime': None, 'csShow': True, 'desktopRemind': True, 'email': '767676557@qq.com', 'firstLogin': None, 'grayLimit': 33, 'graySpecify': False, 'grayType': 1, 'havePassword': True, 'headImg': None, 'lang': None, 'lastWsInfo': {'accepted': None, 'accountLevel': 40, 'auth': 2, 'beingCustomizedAppSync': None, 'beingHideHelpDocument': False, 'beingSandbox': False, 'beingWatermark': False, 'biAuth': 'SUPER', 'canWorkWx': False, 'contactEnableNum': 1, 'contactNum': 1, 'departs': [], 'dynamic': None, 'exId': 'tAeLHd46LCKhZrZcioHXnw==', 'exUserId': '1827981', 'expireDate': 1689868829000, 'hideCopyright': False, 'logoutConfig': {'logOutToSso': False, 'serverName': None, 'ssoType': None}, 'memberId': 1666052, 'openConnectorList': [], 'openPluginList': [2, 3, 6, 7, 8, 9, 13, 14, 15, 16, 17, 25, 26, 27, 28, 29, 33, 34, 35, 36, 37, 38, 39, 42, 43, 44, 45, -2, 32], 'permissionStatus': None, 'pluginClickList': [], 'pluginLimitDetail': {'dashAllVisiableLimit': 4, 'dashAllVisiableNum': 0}, 'publicAccessAuthVO': {'beingAttachmentQuestion': False, 'beingPublicLink': False}, 'remark': '767676557@qq.com', 'showContact': True, 'trial': True, 'trialDays': '0', 'trialNotice': True, 'type': 'normal', 'useScheduledSync': False, 'watermarkConfig': {'showDate': False, 'showDeparts': False, 'showExUserId': False, 'showName': True, 'showPhoneNumber': False, 'showWsName': False}, 'wsDomain': None, 'wsFunction': 'platform', 'wsId': 417578, 'wsLimitDetail': {'canDashNum': -1, 'canFormNum': -1, 'canPackageNum': -1, 'currentDashNum': -1, 'currentFormNum': -1, 'currentPackageNum': -1}, 'wsName': '767676557@qq.comÁöÑÂ∑•‰ΩúÂå∫'}, 'mobile': '767676557', 'nickName': '767676557@qq.com', 'npsCollect': False, 'promoCode': '433b53176', 'randomEmail': False, 'recordedNewGuidePop': [], 'showProcessPersonal': False, 'signatureUrl': None, 'source': 'home_home', 'status': None, 'uid': 1827981}, 'userSecurityVO': {'authMethod': 0, 'beingUninitialized': False}}
118.25.243.250 - - [06/Jul/2023 00:00:29] "POST /mointor HTTP/1.1" 200 -
((438, datetime.datetime(2023, 7, 6, 0, 0, 29), 1, 120),)
558
yibukaishi
767676558@qq.com
767676558
{'beingInvited': False, 'corpName': None, 'loginToken': None, 'openId': None, 'token': '223a6719-c9b3-4113-ae22-e0c731c3666e', 'userInfo': {'beingBlackEmail': False, 'beingExpand': None, 'beingInvited': False, 'beingLangFollowBrowser': True, 'beingOldVersion': None, 'beingPrivacyPolicy': True, 'beingSandBoxSuperAdmin': False, 'collectUserInfo': None, 'createTime': None, 'csShow': True, 'desktopRemind': True, 'email': '767676558@qq.com', 'firstLogin': None, 'grayLimit': 30, 'graySpecify': False, 'grayType': 1, 'havePassword': True, 'headImg': None, 'lang': None, 'lastWsInfo': {'accepted': None, 'accountLevel': 40, 'auth': 2, 'beingCustomizedAppSync': None, 'beingHideHelpDocument': False, 'beingSandbox': False, 'beingWatermark': False, 'biAuth': 'SUPER', 'canWorkWx': False, 'contactEnableNum': 1, 'contactNum': 1, 'departs': [], 'dynamic': None, 'exId': 'tAeLHd46LCJowYd4TIJgpw==', 'exUserId': '1827985', 'expireDate': 1689870609000, 'hideCopyright': False, 'logoutConfig': {'logOutToSso': False, 'serverName': None, 'ssoType': None}, 'memberId': 1666056, 'openConnectorList': [], 'openPluginList': [2, 3, 6, 7, 8, 9, 13, 14, 15, 16, 17, 25, 26, 27, 28, 29, 33, 34, 35, 36, 37, 38, 39, 42, 43, 44, 45, -2, 32], 'permissionStatus': None, 'pluginClickList': [], 'pluginLimitDetail': {'dashAllVisiableLimit': 4, 'dashAllVisiableNum': 0}, 'publicAccessAuthVO': {'beingAttachmentQuestion': False, 'beingPublicLink': False}, 'remark': '767676558@qq.com', 'showContact': True, 'trial': True, 'trialDays': '0', 'trialNotice': True, 'type': 'normal', 'useScheduledSync': False, 'watermarkConfig': {'showDate': False, 'showDeparts': False, 'showExUserId': False, 'showName': True, 'showPhoneNumber': False, 'showWsName': False}, 'wsDomain': None, 'wsFunction': 'platform', 'wsId': 417581, 'wsLimitDetail': {'canDashNum': -1, 'canFormNum': -1, 'canPackageNum': -1, 'currentDashNum': -1, 'currentFormNum': -1, 'currentPackageNum': -1}, 'wsName': '767676558@qq.comÁöÑÂ∑•‰ΩúÂå∫'}, 'mobile': '767676558', 'nickName': '767676558@qq.com', 'npsCollect': False, 'promoCode': '48490cd5f', 'randomEmail': False, 'recordedNewGuidePop': [], 'showProcessPersonal': False, 'signatureUrl': None, 'source': 'home_home', 'status': None, 'uid': 1827985}, 'userSecurityVO': {'authMethod': 0, 'beingUninitialized': False}}
{'beingInvited': False, 'corpName': None, 'loginToken': None, 'openId': None, 'token': '223a6719-c9b3-4113-ae22-e0c731c3666e', 'userInfo': {'beingBlackEmail': False, 'beingExpand': None, 'beingInvited': False, 'beingLangFollowBrowser': True, 'beingOldVersion': None, 'beingPrivacyPolicy': True, 'beingSandBoxSuperAdmin': False, 'collectUserInfo': None, 'createTime': None, 'csShow': True, 'desktopRemind': True, 'email': '767676558@qq.com', 'firstLogin': None, 'grayLimit': 30, 'graySpecify': False, 'grayType': 1, 'havePassword': True, 'headImg': None, 'lang': None, 'lastWsInfo': {'accepted': None, 'accountLevel': 40, 'auth': 2, 'beingCustomizedAppSync': None, 'beingHideHelpDocument': False, 'beingSandbox': False, 'beingWatermark': False, 'biAuth': 'SUPER', 'canWorkWx': False, 'contactEnableNum': 1, 'contactNum': 1, 'departs': [], 'dynamic': None, 'exId': 'tAeLHd46LCJowYd4TIJgpw==', 'exUserId': '1827985', 'expireDate': 1689870609000, 'hideCopyright': False, 'logoutConfig': {'logOutToSso': False, 'serverName': None, 'ssoType': None}, 'memberId': 1666056, 'openConnectorList': [], 'openPluginList': [2, 3, 6, 7, 8, 9, 13, 14, 15, 16, 17, 25, 26, 27, 28, 29, 33, 34, 35, 36, 37, 38, 39, 42, 43, 44, 45, -2, 32], 'permissionStatus': None, 'pluginClickList': [], 'pluginLimitDetail': {'dashAllVisiableLimit': 4, 'dashAllVisiableNum': 0}, 'publicAccessAuthVO': {'beingAttachmentQuestion': False, 'beingPublicLink': False}, 'remark': '767676558@qq.com', 'showContact': True, 'trial': True, 'trialDays': '0', 'trialNotice': True, 'type': 'normal', 'useScheduledSync': False, 'watermarkConfig': {'showDate': False, 'showDeparts': False, 'showExUserId': False, 'showName': True, 'showPhoneNumber': False, 'showWsName': False}, 'wsDomain': None, 'wsFunction': 'platform', 'wsId': 417581, 'wsLimitDetail': {'canDashNum': -1, 'canFormNum': -1, 'canPackageNum': -1, 'currentDashNum': -1, 'currentFormNum': -1, 'currentPackageNum': -1}, 'wsName': '767676558@qq.comÁöÑÂ∑•‰ΩúÂå∫'}, 'mobile': '767676558', 'nickName': '767676558@qq.com', 'npsCollect': False, 'promoCode': '48490cd5f', 'randomEmail': False, 'recordedNewGuidePop': [], 'showProcessPersonal': False, 'signatureUrl': None, 'source': 'home_home', 'status': None, 'uid': 1827985}, 'userSecurityVO': {'authMethod': 0, 'beingUninitialized': False}}
118.25.243.250 - - [06/Jul/2023 00:30:09] "POST /mointor HTTP/1.1" 200 -
89.248.163.212 - - [06/Jul/2023 00:46:36] code 400, message Bad HTTP/0.9 request type ('\x03\x00\x00/*√†\x00\x00\x00\x00\x00Cookie:')
89.248.163.212 - - [06/Jul/2023 00:46:36] "[35m[1m  /*√†     Cookie: mstshash=Administr[0m" HTTPStatus.BAD_REQUEST -
439
[2023-07-06 07:31:47,335] ERROR in app: Exception on / [GET]
Traceback (most recent call last):
  File "/usr/local/lib64/python3.6/site-packages/flask/app.py", line 2073, in wsgi_app
    response = self.full_dispatch_request()
  File "/usr/local/lib64/python3.6/site-packages/flask/app.py", line 1519, in full_dispatch_request
    return self.finalize_request(rv)
  File "/usr/local/lib64/python3.6/site-packages/flask/app.py", line 1538, in finalize_request
    response = self.make_response(rv)
  File "/usr/local/lib64/python3.6/site-packages/flask/app.py", line 1702, in make_response
    f"The view function for {request.endpoint!r} did not"
TypeError: The view function for 'result' did not return a valid response. The function either returned None or ended without a return statement.
35.203.210.58 - - [06/Jul/2023 07:31:47] "[35m[1mGET / HTTP/1.1[0m" 500 -
439
112.64.186.108 - - [06/Jul/2023 09:27:12] "GET /?password=wsj HTTP/1.1" 200 -
439
124.221.203.147 - - [06/Jul/2023 10:00:59] "GET /?password=wsj HTTP/1.1" 200 -
89.248.163.212 - - [06/Jul/2023 11:11:16] code 400, message Bad HTTP/0.9 request type ('\x03\x00\x00/*√†\x00\x00\x00\x00\x00Cookie:')
89.248.163.212 - - [06/Jul/2023 11:11:16] "[35m[1m  /*√†     Cookie: mstshash=Administr[0m" HTTPStatus.BAD_REQUEST -
439
[2023-07-06 16:07:40,837] ERROR in app: Exception on / [GET]
Traceback (most recent call last):
  File "/usr/local/lib64/python3.6/site-packages/flask/app.py", line 2073, in wsgi_app
    response = self.full_dispatch_request()
  File "/usr/local/lib64/python3.6/site-packages/flask/app.py", line 1519, in full_dispatch_request
    return self.finalize_request(rv)
  File "/usr/local/lib64/python3.6/site-packages/flask/app.py", line 1538, in finalize_request
    response = self.make_response(rv)
  File "/usr/local/lib64/python3.6/site-packages/flask/app.py", line 1702, in make_response
    f"The view function for {request.endpoint!r} did not"
TypeError: The view function for 'result' did not return a valid response. The function either returned None or ended without a return statement.
47.101.154.149 - - [06/Jul/2023 16:07:40] "[35m[1mGET / HTTP/1.0[0m" 500 -
47.101.154.149 - - [06/Jul/2023 16:07:50] "[33mGET /Kc8v HTTP/1.1[0m" 404 -
47.101.154.149 - - [06/Jul/2023 16:07:50] "[33mGET /.git/HEAD HTTP/1.1[0m" 404 -
47.101.154.149 - - [06/Jul/2023 16:07:50] "[33mGET /base.asp HTTP/1.1[0m" 404 -
47.101.154.149 - - [06/Jul/2023 16:07:51] "[33mGET /robots.txt HTTP/1.1[0m" 404 -
439
[2023-07-06 16:07:51,140] ERROR in app: Exception on / [HEAD]
Traceback (most recent call last):
  File "/usr/local/lib64/python3.6/site-packages/flask/app.py", line 2073, in wsgi_app
    response = self.full_dispatch_request()
  File "/usr/local/lib64/python3.6/site-packages/flask/app.py", line 1519, in full_dispatch_request
    return self.finalize_request(rv)
  File "/usr/local/lib64/python3.6/site-packages/flask/app.py", line 1538, in finalize_request
    response = self.make_response(rv)
  File "/usr/local/lib64/python3.6/site-packages/flask/app.py", line 1702, in make_response
    f"The view function for {request.endpoint!r} did not"
TypeError: The view function for 'result' did not return a valid response. The function either returned None or ended without a return statement.
47.101.154.149 - - [06/Jul/2023 16:07:51] "[35m[1mHEAD / HTTP/1.1[0m" 500 -
47.101.154.149 - - [06/Jul/2023 16:07:51] "[33mGET /start.php HTTP/1.1[0m" 404 -
47.101.154.149 - - [06/Jul/2023 16:07:51] "[33mGET /nmaplowercheck1688630870 HTTP/1.1[0m" 404 -
47.101.154.149 - - [06/Jul/2023 16:07:51] "[33mGET /inicio.aspx HTTP/1.1[0m" 404 -
47.101.154.149 - - [06/Jul/2023 16:07:51] "[33mGET /pools/default/buckets HTTP/1.1[0m" 404 -
47.101.154.149 - - [06/Jul/2023 16:07:51] "[33mGET /menu.shtml HTTP/1.1[0m" 404 -
439
[2023-07-06 16:07:51,557] ERROR in app: Exception on / [GET]
Traceback (most recent call last):
  File "/usr/local/lib64/python3.6/site-packages/flask/app.py", line 2073, in wsgi_app
    response = self.full_dispatch_request()
  File "/usr/local/lib64/python3.6/site-packages/flask/app.py", line 1519, in full_dispatch_request
    return self.finalize_request(rv)
  File "/usr/local/lib64/python3.6/site-packages/flask/app.py", line 1538, in finalize_request
    response = self.make_response(rv)
  File "/usr/local/lib64/python3.6/site-packages/flask/app.py", line 1702, in make_response
    f"The view function for {request.endpoint!r} did not"
TypeError: The view function for 'result' did not return a valid response. The function either returned None or ended without a return statement.
47.101.154.149 - - [06/Jul/2023 16:07:51] "[35m[1mGET / HTTP/1.1[0m" 500 -
47.101.154.149 - - [06/Jul/2023 16:07:51] "[33mGET /pools HTTP/1.1[0m" 404 -
47.101.154.149 - - [06/Jul/2023 16:07:51] "[33mGET /home.jsp HTTP/1.1[0m" 404 -
47.101.154.149 - - [06/Jul/2023 16:07:51] "[33mGET /default.html HTTP/1.1[0m" 404 -
47.101.154.149 - - [06/Jul/2023 16:07:51] "[33mGET /HNAP1 HTTP/1.1[0m" 404 -
47.101.154.149 - - [06/Jul/2023 16:07:51] "[33mGET /inicio.jsp HTTP/1.1[0m" 404 -
47.101.154.149 - - [06/Jul/2023 16:07:52] "[33mGET /index.jhtml HTTP/1.1[0m" 404 -
47.101.154.149 - - [06/Jul/2023 16:07:52] "[33mGET /readme.txt HTTP/1.1[0m" 404 -
47.101.154.149 - - [06/Jul/2023 16:07:52] "[33mGET /menu.cfm HTTP/1.1[0m" 404 -
47.101.154.149 - - [06/Jul/2023 16:07:52] "[33mGET /admin.php HTTP/1.1[0m" 404 -
47.101.154.149 - - [06/Jul/2023 16:07:52] "[33mGET /index.php HTTP/1.1[0m" 404 -
47.101.154.149 - - [06/Jul/2023 16:07:52] "[33mGET /indice.shtml HTTP/1.1[0m" 404 -
47.101.154.149 - - [06/Jul/2023 16:07:53] "[33mGET /admin.shtml HTTP/1.1[0m" 404 -
47.101.154.149 - - [06/Jul/2023 16:07:53] "[33mGET /menu.asp HTTP/1.1[0m" 404 -
47.101.154.149 - - [06/Jul/2023 16:07:53] "[33mGET /home.shtml HTTP/1.1[0m" 404 -
47.101.154.149 - - [06/Jul/2023 16:07:53] "[33mGET /main.html HTTP/1.1[0m" 404 -
47.101.154.149 - - [06/Jul/2023 16:07:53] "[33mGET /start.aspx HTTP/1.1[0m" 404 -
47.101.154.149 - - [06/Jul/2023 16:07:53] "[33mGET /home.php HTTP/1.1[0m" 404 -
47.101.154.149 - - [06/Jul/2023 16:07:53] "[33mGET /admin.jsa HTTP/1.1[0m" 404 -
47.101.154.149 - - [06/Jul/2023 16:07:54] "[33mGET /Portal/Portal.mwsl HTTP/1.1[0m" 404 -
47.101.154.149 - - [06/Jul/2023 16:07:54] "[33mGET /indice.aspx HTTP/1.1[0m" 404 -
47.101.154.149 - - [06/Jul/2023 16:07:54] "[33mGET /docs/cplugError.html/ HTTP/1.1[0m" 404 -
47.101.154.149 - - [06/Jul/2023 16:07:54] "[33mGET /admin.jhtml HTTP/1.1[0m" 404 -
47.101.154.149 - - [06/Jul/2023 16:07:54] "[33mGET /localstart.asp HTTP/1.1[0m" 404 -
47.101.154.149 - - [06/Jul/2023 16:07:54] "[33mGET /main.pl HTTP/1.1[0m" 404 -
47.101.154.149 - - [06/Jul/2023 16:07:54] "[33mGET /home.cgi HTTP/1.1[0m" 404 -
439
[2023-07-06 16:07:54,814] ERROR in app: Exception on / [GET]
Traceback (most recent call last):
  File "/usr/local/lib64/python3.6/site-packages/flask/app.py", line 2073, in wsgi_app
    response = self.full_dispatch_request()
  File "/usr/local/lib64/python3.6/site-packages/flask/app.py", line 1519, in full_dispatch_request
    return self.finalize_request(rv)
  File "/usr/local/lib64/python3.6/site-packages/flask/app.py", line 1538, in finalize_request
    response = self.make_response(rv)
  File "/usr/local/lib64/python3.6/site-packages/flask/app.py", line 1702, in make_response
    f"The view function for {request.endpoint!r} did not"
TypeError: The view function for 'result' did not return a valid response. The function either returned None or ended without a return statement.
47.101.154.149 - - [06/Jul/2023 16:07:54] "[35m[1mGET / HTTP/1.1[0m" 500 -
47.101.154.149 - - [06/Jul/2023 16:07:54] "[33mGET /start.jhtml HTTP/1.1[0m" 404 -
47.101.154.149 - - [06/Jul/2023 16:07:55] "[33mGET /start.asp HTTP/1.1[0m" 404 -
47.101.154.149 - - [06/Jul/2023 16:07:55] "[33mGET default.asp HTTP/1.1[0m" 404 -
47.101.154.149 - - [06/Jul/2023 16:07:55] "[33mGET /base.php HTTP/1.1[0m" 404 -
47.101.154.149 - - [06/Jul/2023 16:07:55] "[33mGET /admin.cgi HTTP/1.1[0m" 404 -
47.101.154.149 - - [06/Jul/2023 16:07:55] "[33mGET /indice.jsp HTTP/1.1[0m" 404 -
47.101.154.149 - - [06/Jul/2023 16:07:55] "[33mGET /base.jhtml HTTP/1.1[0m" 404 -
47.101.154.149 - - [06/Jul/2023 16:07:55] "[33mGET /home.jhtml HTTP/1.1[0m" 404 -
47.101.154.149 - - [06/Jul/2023 16:07:56] "[33mGET /menu.aspx HTTP/1.1[0m" 404 -
47.101.154.149 - - [06/Jul/2023 16:07:56] "[33mGET /index.html HTTP/1.1[0m" 404 -
47.101.154.149 - - [06/Jul/2023 16:07:56] "[33mGET /localstart.aspx HTTP/1.1[0m" 404 -
47.101.154.149 - - [06/Jul/2023 16:07:56] "[33mPOST /sdk HTTP/1.1[0m" 404 -
47.101.154.149 - - [06/Jul/2023 16:07:56] "[33mGET /menu.jhtml HTTP/1.1[0m" 404 -
47.101.154.149 - - [06/Jul/2023 16:07:56] "[33mGET /home.aspx HTTP/1.1[0m" 404 -
47.101.154.149 - - [06/Jul/2023 16:07:56] "[33mGET /home.cfm HTTP/1.1[0m" 404 -
47.101.154.149 - - [06/Jul/2023 16:07:57] "[33mGET /base.jsa HTTP/1.1[0m" 404 -
47.101.154.149 - - [06/Jul/2023 16:07:57] "[33mGET /base.inc HTTP/1.1[0m" 404 -
47.101.154.149 - - [06/Jul/2023 16:07:57] "[33mGET /indice.jsa HTTP/1.1[0m" 404 -
47.101.154.149 - - [06/Jul/2023 16:07:57] "[33mGET /base.pl HTTP/1.1[0m" 404 -
47.101.154.149 - - [06/Jul/2023 16:07:57] "[33mGET /default.shtml HTTP/1.1[0m" 404 -
47.101.154.149 - - [06/Jul/2023 16:07:57] "[33mGET /base.jsp HTTP/1.1[0m" 404 -
47.101.154.149 - - [06/Jul/2023 16:07:57] "[33mGET /admin.aspx HTTP/1.1[0m" 404 -
47.101.154.149 - - [06/Jul/2023 16:07:58] "[33mGET /menu.cgi HTTP/1.1[0m" 404 -
47.101.154.149 - - [06/Jul/2023 16:07:58] "[33mGET /index.asp HTTP/1.1[0m" 404 -
47.101.154.149 - - [06/Jul/2023 16:07:58] "[33mGET /inicio.cgi HTTP/1.1[0m" 404 -
47.101.154.149 - - [06/Jul/2023 16:07:58] "[33mGET /default.cgi HTTP/1.1[0m" 404 -
47.101.154.149 - - [06/Jul/2023 16:07:58] "[33mGET /localstart.jsp HTTP/1.1[0m" 404 -
47.101.154.149 - - [06/Jul/2023 16:07:58] "[33mGET /index.aspx HTTP/1.1[0m" 404 -
47.101.154.149 - - [06/Jul/2023 16:07:59] "[33mGET /admin.asp HTTP/1.1[0m" 404 -
47.101.154.149 - - [06/Jul/2023 16:07:59] "[33mGET /base.html HTTP/1.1[0m" 404 -
47.101.154.149 - - [06/Jul/2023 16:07:59] "[33mGET /indice.jhtml HTTP/1.1[0m" 404 -
47.101.154.149 - - [06/Jul/2023 16:07:59] "[33mGET /base.cgi HTTP/1.1[0m" 404 -
47.101.154.149 - - [06/Jul/2023 16:07:59] "[33mGET /home.pl HTTP/1.1[0m" 404 -
47.101.154.149 - - [06/Jul/2023 16:07:59] "[33mGET /base.cfm HTTP/1.1[0m" 404 -
47.101.154.149 - - [06/Jul/2023 16:07:59] "[33mGET /inicio.asp HTTP/1.1[0m" 404 -
47.101.154.149 - - [06/Jul/2023 16:08:00] "[33mGET /default.jsa HTTP/1.1[0m" 404 -
47.101.154.149 - - [06/Jul/2023 16:08:00] "[33mGET /default.aspx HTTP/1.1[0m" 404 -
47.101.154.149 - - [06/Jul/2023 16:08:00] "[33mGET /localstart.php HTTP/1.1[0m" 404 -
47.101.154.149 - - [06/Jul/2023 16:08:00] "[33mGET /default.jsp HTTP/1.1[0m" 404 -
47.101.154.149 - - [06/Jul/2023 16:08:00] "[33mGET /start.cgi HTTP/1.1[0m" 404 -
47.101.154.149 - - [06/Jul/2023 16:08:00] "[33mGET /indice.html HTTP/1.1[0m" 404 -
47.101.154.149 - - [06/Jul/2023 16:08:00] "[33mGET /Portal0000.htm HTTP/1.1[0m" 404 -
47.101.154.149 - - [06/Jul/2023 16:08:01] "[33mGET /start.jsp HTTP/1.1[0m" 404 -
47.101.154.149 - - [06/Jul/2023 16:08:01] "[33mGET /__Additional HTTP/1.1[0m" 404 -
47.101.154.149 - - [06/Jul/2023 16:08:01] "[33mGET /menu.jsp HTTP/1.1[0m" 404 -
47.101.154.149 - - [06/Jul/2023 16:08:01] "[33mGET /indice.cgi HTTP/1.1[0m" 404 -
47.101.154.149 - - [06/Jul/2023 16:08:01] "[33mGET /indice.cfm HTTP/1.1[0m" 404 -
47.101.154.149 - - [06/Jul/2023 16:08:01] "[33mGET /localstart.cfm HTTP/1.1[0m" 404 -
47.101.154.149 - - [06/Jul/2023 16:08:01] "[33mGET /localstart.cgi HTTP/1.1[0m" 404 -
47.101.154.149 - - [06/Jul/2023 16:08:01] "[33mGET /indice.asp HTTP/1.1[0m" 404 -
47.101.154.149 - - [06/Jul/2023 16:08:02] "[33mGET /inicio.jhtml HTTP/1.1[0m" 404 -
47.101.154.149 - - [06/Jul/2023 16:08:02] "[33mGET /inicio.shtml HTTP/1.1[0m" 404 -
47.101.154.149 - - [06/Jul/2023 16:08:02] "[33mGET /inicio.pl HTTP/1.1[0m" 404 -
47.101.154.149 - - [06/Jul/2023 16:08:02] "[33mGET /inicio.php HTTP/1.1[0m" 404 -
47.101.154.149 - - [06/Jul/2023 16:08:02] "[33mGET /inicio.jsa HTTP/1.1[0m" 404 -
47.101.154.149 - - [06/Jul/2023 16:08:02] "[33mGET /menu.jsa HTTP/1.1[0m" 404 -
47.101.154.149 - - [06/Jul/2023 16:08:03] "[33mGET /index.cfm HTTP/1.1[0m" 404 -
47.101.154.149 - - [06/Jul/2023 16:08:03] "[33mGET /base.shtml HTTP/1.1[0m" 404 -
47.101.154.149 - - [06/Jul/2023 16:08:03] "[33mGET /start.shtml HTTP/1.1[0m" 404 -
47.101.154.149 - - [06/Jul/2023 16:08:03] "[33mGET /localstart.shtml HTTP/1.1[0m" 404 -
47.101.154.149 - - [06/Jul/2023 16:08:03] "[33mGET /default.asp HTTP/1.1[0m" 404 -
47.101.154.149 - - [06/Jul/2023 16:08:03] "[33mGET /localstart.pl HTTP/1.1[0m" 404 -
47.101.154.149 - - [06/Jul/2023 16:08:03] "[33mGET /localstart.html HTTP/1.1[0m" 404 -
47.101.154.149 - - [06/Jul/2023 16:08:04] "[33mGET /indice.pl HTTP/1.1[0m" 404 -
47.101.154.149 - - [06/Jul/2023 16:08:04] "[33mGET /main.jsp HTTP/1.1[0m" 404 -
47.101.154.149 - - [06/Jul/2023 16:08:04] "[33mGET /menu.php HTTP/1.1[0m" 404 -
47.101.154.149 - - [06/Jul/2023 16:08:04] "[33mGET /localstart.jsa HTTP/1.1[0m" 404 -
47.101.154.149 - - [06/Jul/2023 16:08:04] "[33mGET /index.jsp HTTP/1.1[0m" 404 -
47.101.154.149 - - [06/Jul/2023 16:08:04] "[33mGET /default.cfm HTTP/1.1[0m" 404 -
47.101.154.149 - - [06/Jul/2023 16:08:05] "[33mGET /localstart.jhtml HTTP/1.1[0m" 404 -
47.101.154.149 - - [06/Jul/2023 16:08:05] "[33mGET /admin.cfm HTTP/1.1[0m" 404 -
47.101.154.149 - - [06/Jul/2023 16:08:05] "[33mGET /inicio.cfm HTTP/1.1[0m" 404 -
47.101.154.149 - - [06/Jul/2023 16:08:05] "[33mGET /start.pl HTTP/1.1[0m" 404 -
47.101.154.149 - - [06/Jul/2023 16:08:05] "[33mGET /index.pl HTTP/1.1[0m" 404 -
47.101.154.149 - - [06/Jul/2023 16:08:05] "[33mGET /start.html HTTP/1.1[0m" 404 -
47.101.154.149 - - [06/Jul/2023 16:08:05] "[33mGET /menu.html HTTP/1.1[0m" 404 -
47.101.154.149 - - [06/Jul/2023 16:08:06] "[33mGET /inicio.html HTTP/1.1[0m" 404 -
47.101.154.149 - - [06/Jul/2023 16:08:06] "[33mGET /home.html HTTP/1.1[0m" 404 -
47.101.154.149 - - [06/Jul/2023 16:08:06] "[33mGET /main.asp HTTP/1.1[0m" 404 -
47.101.154.149 - - [06/Jul/2023 16:08:06] "[33mGET /start.jsa HTTP/1.1[0m" 404 -
47.101.154.149 - - [06/Jul/2023 16:08:06] "[33mGET /indice.php HTTP/1.1[0m" 404 -
47.101.154.149 - - [06/Jul/2023 16:08:06] "[33mGET /main.jhtml HTTP/1.1[0m" 404 -
47.101.154.149 - - [06/Jul/2023 16:08:07] "[33mGET /start.cfm HTTP/1.1[0m" 404 -
47.101.154.149 - - [06/Jul/2023 16:08:07] "[33mGET /menu.pl HTTP/1.1[0m" 404 -
47.101.154.149 - - [06/Jul/2023 16:08:07] "[33mGET /admin.html HTTP/1.1[0m" 404 -
47.101.154.149 - - [06/Jul/2023 16:08:07] "[33mGET /index.shtml HTTP/1.1[0m" 404 -
47.101.154.149 - - [06/Jul/2023 16:08:07] "[33mGET /main.jsa HTTP/1.1[0m" 404 -
47.101.154.149 - - [06/Jul/2023 16:08:07] "[33mGET /default.jhtml HTTP/1.1[0m" 404 -
47.101.154.149 - - [06/Jul/2023 16:08:07] "[33mGET /main.shtml HTTP/1.1[0m" 404 -
47.101.154.149 - - [06/Jul/2023 16:08:08] "[33mGET /default.php HTTP/1.1[0m" 404 -
47.101.154.149 - - [06/Jul/2023 16:08:08] "[33mGET /home.jsa HTTP/1.1[0m" 404 -
47.101.154.149 - - [06/Jul/2023 16:08:08] "[33mGET /main.php HTTP/1.1[0m" 404 -
47.101.154.149 - - [06/Jul/2023 16:08:08] "[33mGET /index.jsa HTTP/1.1[0m" 404 -
47.101.154.149 - - [06/Jul/2023 16:08:08] "[33mGET /base.aspx HTTP/1.1[0m" 404 -
47.101.154.149 - - [06/Jul/2023 16:08:08] "[33mGET /main.cgi HTTP/1.1[0m" 404 -
47.101.154.149 - - [06/Jul/2023 16:08:09] "[33mGET /main.cfm HTTP/1.1[0m" 404 -
47.101.154.149 - - [06/Jul/2023 16:08:09] "[33mGET /index.cgi HTTP/1.1[0m" 404 -
47.101.154.149 - - [06/Jul/2023 16:08:09] "[33mGET /home.asp HTTP/1.1[0m" 404 -
47.101.154.149 - - [06/Jul/2023 16:08:09] "[33mGET /main.aspx HTTP/1.1[0m" 404 -
47.101.154.149 - - [06/Jul/2023 16:08:09] "[33mGET /admin.pl HTTP/1.1[0m" 404 -
47.101.154.149 - - [06/Jul/2023 16:08:09] "[33mGET /admin.jsp HTTP/1.1[0m" 404 -
47.101.154.149 - - [06/Jul/2023 16:08:09] "[33mGET /default.pl HTTP/1.1[0m" 404 -
439
[2023-07-06 16:08:12,309] ERROR in app: Exception on / [GET]
Traceback (most recent call last):
  File "/usr/local/lib64/python3.6/site-packages/flask/app.py", line 2073, in wsgi_app
    response = self.full_dispatch_request()
  File "/usr/local/lib64/python3.6/site-packages/flask/app.py", line 1519, in full_dispatch_request
    return self.finalize_request(rv)
  File "/usr/local/lib64/python3.6/site-packages/flask/app.py", line 1538, in finalize_request
    response = self.make_response(rv)
  File "/usr/local/lib64/python3.6/site-packages/flask/app.py", line 1702, in make_response
    f"The view function for {request.endpoint!r} did not"
TypeError: The view function for 'result' did not return a valid response. The function either returned None or ended without a return statement.
47.101.154.149 - - [06/Jul/2023 16:08:12] "[35m[1mGET / HTTP/1.0[0m" 500 -
439
[2023-07-06 16:08:12,604] ERROR in app: Exception on / [GET]
Traceback (most recent call last):
  File "/usr/local/lib64/python3.6/site-packages/flask/app.py", line 2073, in wsgi_app
    response = self.full_dispatch_request()
  File "/usr/local/lib64/python3.6/site-packages/flask/app.py", line 1519, in full_dispatch_request
    return self.finalize_request(rv)
  File "/usr/local/lib64/python3.6/site-packages/flask/app.py", line 1538, in finalize_request
    response = self.make_response(rv)
  File "/usr/local/lib64/python3.6/site-packages/flask/app.py", line 1702, in make_response
    f"The view function for {request.endpoint!r} did not"
TypeError: The view function for 'result' did not return a valid response. The function either returned None or ended without a return statement.
47.101.154.149 - - [06/Jul/2023 16:08:12] "[35m[1mGET / HTTP/1.1[0m" 500 -
47.101.154.149 - - [06/Jul/2023 16:08:13] code 400, message Bad request syntax ('\x0e\x00\x00\x00\x00\x00\x00\x00\x00\x00\x00\x00\x00\x00\x00\x00bbbb0100000001')
47.101.154.149 - - [06/Jul/2023 16:08:13] "[35m[1m               bbbb0100000001[0m" HTTPStatus.BAD_REQUEST -
89.248.163.212 - - [06/Jul/2023 16:51:29] code 400, message Bad HTTP/0.9 request type ('\x03\x00\x00/*√†\x00\x00\x00\x00\x00Cookie:')
89.248.163.212 - - [06/Jul/2023 16:51:29] "[35m[1m  /*√†     Cookie: mstshash=Administr[0m" HTTPStatus.BAD_REQUEST -
((439, datetime.datetime(2023, 7, 6, 0, 30, 9), 1, 120),)
559
yibukaishi
767676559@qq.com
767676559
{'beingInvited': False, 'corpName': None, 'loginToken': None, 'openId': None, 'token': '3de6f767-fd67-441c-bf96-e63e46c6c2e6', 'userInfo': {'beingBlackEmail': False, 'beingExpand': None, 'beingInvited': False, 'beingLangFollowBrowser': True, 'beingOldVersion': None, 'beingPrivacyPolicy': True, 'beingSandBoxSuperAdmin': False, 'collectUserInfo': None, 'createTime': None, 'csShow': True, 'desktopRemind': True, 'email': '767676559@qq.com', 'firstLogin': None, 'grayLimit': 80, 'graySpecify': False, 'grayType': 1, 'havePassword': True, 'headImg': None, 'lang': None, 'lastWsInfo': {'accepted': None, 'accountLevel': 40, 'auth': 2, 'beingCustomizedAppSync': None, 'beingHideHelpDocument': False, 'beingSandbox': False, 'beingWatermark': False, 'biAuth': 'SUPER', 'canWorkWx': False, 'contactEnableNum': 1, 'contactNum': 1, 'departs': [], 'dynamic': None, 'exId': 'tAeLHd46LCLrgJ7A784X+A==', 'exUserId': '1829239', 'expireDate': 1689948031000, 'hideCopyright': False, 'logoutConfig': {'logOutToSso': False, 'serverName': None, 'ssoType': None}, 'memberId': 1667001, 'openConnectorList': [], 'openPluginList': [2, 3, 6, 7, 8, 9, 13, 14, 15, 16, 17, 25, 26, 27, 28, 29, 33, 34, 35, 36, 37, 38, 39, 42, 43, 44, 45, -2, 32], 'permissionStatus': None, 'pluginClickList': [], 'pluginLimitDetail': {'dashAllVisiableLimit': 4, 'dashAllVisiableNum': 0}, 'publicAccessAuthVO': {'beingAttachmentQuestion': False, 'beingPublicLink': False}, 'remark': '767676559@qq.com', 'showContact': True, 'trial': True, 'trialDays': '0', 'trialNotice': True, 'type': 'normal', 'useScheduledSync': False, 'watermarkConfig': {'showDate': False, 'showDeparts': False, 'showExUserId': False, 'showName': True, 'showPhoneNumber': False, 'showWsName': False}, 'wsDomain': None, 'wsFunction': 'platform', 'wsId': 418101, 'wsLimitDetail': {'canDashNum': -1, 'canFormNum': -1, 'canPackageNum': -1, 'currentDashNum': -1, 'currentFormNum': -1, 'currentPackageNum': -1}, 'wsName': '767676559@qq.comÁöÑÂ∑•‰ΩúÂå∫'}, 'mobile': '767676559', 'nickName': '767676559@qq.com', 'npsCollect': False, 'promoCode': '6049fe303', 'randomEmail': False, 'recordedNewGuidePop': [], 'showProcessPersonal': False, 'signatureUrl': None, 'source': 'home_home', 'status': None, 'uid': 1829239}, 'userSecurityVO': {'authMethod': 0, 'beingUninitialized': False}}
{'beingInvited': False, 'corpName': None, 'loginToken': None, 'openId': None, 'token': '3de6f767-fd67-441c-bf96-e63e46c6c2e6', 'userInfo': {'beingBlackEmail': False, 'beingExpand': None, 'beingInvited': False, 'beingLangFollowBrowser': True, 'beingOldVersion': None, 'beingPrivacyPolicy': True, 'beingSandBoxSuperAdmin': False, 'collectUserInfo': None, 'createTime': None, 'csShow': True, 'desktopRemind': True, 'email': '767676559@qq.com', 'firstLogin': None, 'grayLimit': 80, 'graySpecify': False, 'grayType': 1, 'havePassword': True, 'headImg': None, 'lang': None, 'lastWsInfo': {'accepted': None, 'accountLevel': 40, 'auth': 2, 'beingCustomizedAppSync': None, 'beingHideHelpDocument': False, 'beingSandbox': False, 'beingWatermark': False, 'biAuth': 'SUPER', 'canWorkWx': False, 'contactEnableNum': 1, 'contactNum': 1, 'departs': [], 'dynamic': None, 'exId': 'tAeLHd46LCLrgJ7A784X+A==', 'exUserId': '1829239', 'expireDate': 1689948031000, 'hideCopyright': False, 'logoutConfig': {'logOutToSso': False, 'serverName': None, 'ssoType': None}, 'memberId': 1667001, 'openConnectorList': [], 'openPluginList': [2, 3, 6, 7, 8, 9, 13, 14, 15, 16, 17, 25, 26, 27, 28, 29, 33, 34, 35, 36, 37, 38, 39, 42, 43, 44, 45, -2, 32], 'permissionStatus': None, 'pluginClickList': [], 'pluginLimitDetail': {'dashAllVisiableLimit': 4, 'dashAllVisiableNum': 0}, 'publicAccessAuthVO': {'beingAttachmentQuestion': False, 'beingPublicLink': False}, 'remark': '767676559@qq.com', 'showContact': True, 'trial': True, 'trialDays': '0', 'trialNotice': True, 'type': 'normal', 'useScheduledSync': False, 'watermarkConfig': {'showDate': False, 'showDeparts': False, 'showExUserId': False, 'showName': True, 'showPhoneNumber': False, 'showWsName': False}, 'wsDomain': None, 'wsFunction': 'platform', 'wsId': 418101, 'wsLimitDetail': {'canDashNum': -1, 'canFormNum': -1, 'canPackageNum': -1, 'currentDashNum': -1, 'currentFormNum': -1, 'currentPackageNum': -1}, 'wsName': '767676559@qq.comÁöÑÂ∑•‰ΩúÂå∫'}, 'mobile': '767676559', 'nickName': '767676559@qq.com', 'npsCollect': False, 'promoCode': '6049fe303', 'randomEmail': False, 'recordedNewGuidePop': [], 'showProcessPersonal': False, 'signatureUrl': None, 'source': 'home_home', 'status': None, 'uid': 1829239}, 'userSecurityVO': {'authMethod': 0, 'beingUninitialized': False}}
118.25.243.250 - - [06/Jul/2023 22:00:31] "POST /mointor HTTP/1.1" 200 -
((440, datetime.datetime(2023, 7, 6, 22, 0, 31), 1, 120),)
560
yibukaishi
767676560@qq.com
767676560
{'beingInvited': False, 'corpName': None, 'loginToken': None, 'openId': None, 'token': 'c1df2e38-b49e-4b68-a4dc-95c71b1afb31', 'userInfo': {'beingBlackEmail': False, 'beingExpand': None, 'beingInvited': False, 'beingLangFollowBrowser': True, 'beingOldVersion': None, 'beingPrivacyPolicy': True, 'beingSandBoxSuperAdmin': False, 'collectUserInfo': None, 'createTime': None, 'csShow': True, 'desktopRemind': True, 'email': '767676560@qq.com', 'firstLogin': None, 'grayLimit': 48, 'graySpecify': False, 'grayType': 1, 'havePassword': True, 'headImg': None, 'lang': None, 'lastWsInfo': {'accepted': None, 'accountLevel': 40, 'auth': 2, 'beingCustomizedAppSync': None, 'beingHideHelpDocument': False, 'beingSandbox': False, 'beingWatermark': False, 'biAuth': 'SUPER', 'canWorkWx': False, 'contactEnableNum': 1, 'contactNum': 1, 'departs': [], 'dynamic': None, 'exId': 'tAeLHd46LCLr7Y0bj/9yIw==', 'exUserId': '1829267', 'expireDate': 1689951641000, 'hideCopyright': False, 'logoutConfig': {'logOutToSso': False, 'serverName': None, 'ssoType': None}, 'memberId': 1667021, 'openConnectorList': [], 'openPluginList': [2, 3, 6, 7, 8, 9, 13, 14, 15, 16, 17, 25, 26, 27, 28, 29, 33, 34, 35, 36, 37, 38, 39, 42, 43, 44, 45, -2, 32], 'permissionStatus': None, 'pluginClickList': [], 'pluginLimitDetail': {'dashAllVisiableLimit': 4, 'dashAllVisiableNum': 0}, 'publicAccessAuthVO': {'beingAttachmentQuestion': False, 'beingPublicLink': False}, 'remark': '767676560@qq.com', 'showContact': True, 'trial': True, 'trialDays': '0', 'trialNotice': True, 'type': 'normal', 'useScheduledSync': False, 'watermarkConfig': {'showDate': False, 'showDeparts': False, 'showExUserId': False, 'showName': True, 'showPhoneNumber': False, 'showWsName': False}, 'wsDomain': None, 'wsFunction': 'platform', 'wsId': 418119, 'wsLimitDetail': {'canDashNum': -1, 'canFormNum': -1, 'canPackageNum': -1, 'currentDashNum': -1, 'currentFormNum': -1, 'currentPackageNum': -1}, 'wsName': '767676560@qq.comÁöÑÂ∑•‰ΩúÂå∫'}, 'mobile': '767676560', 'nickName': '767676560@qq.com', 'npsCollect': False, 'promoCode': 'dab897d39', 'randomEmail': False, 'recordedNewGuidePop': [], 'showProcessPersonal': False, 'signatureUrl': None, 'source': 'home_home', 'status': None, 'uid': 1829267}, 'userSecurityVO': {'authMethod': 0, 'beingUninitialized': False}}
{'beingInvited': False, 'corpName': None, 'loginToken': None, 'openId': None, 'token': 'c1df2e38-b49e-4b68-a4dc-95c71b1afb31', 'userInfo': {'beingBlackEmail': False, 'beingExpand': None, 'beingInvited': False, 'beingLangFollowBrowser': True, 'beingOldVersion': None, 'beingPrivacyPolicy': True, 'beingSandBoxSuperAdmin': False, 'collectUserInfo': None, 'createTime': None, 'csShow': True, 'desktopRemind': True, 'email': '767676560@qq.com', 'firstLogin': None, 'grayLimit': 48, 'graySpecify': False, 'grayType': 1, 'havePassword': True, 'headImg': None, 'lang': None, 'lastWsInfo': {'accepted': None, 'accountLevel': 40, 'auth': 2, 'beingCustomizedAppSync': None, 'beingHideHelpDocument': False, 'beingSandbox': False, 'beingWatermark': False, 'biAuth': 'SUPER', 'canWorkWx': False, 'contactEnableNum': 1, 'contactNum': 1, 'departs': [], 'dynamic': None, 'exId': 'tAeLHd46LCLr7Y0bj/9yIw==', 'exUserId': '1829267', 'expireDate': 1689951641000, 'hideCopyright': False, 'logoutConfig': {'logOutToSso': False, 'serverName': None, 'ssoType': None}, 'memberId': 1667021, 'openConnectorList': [], 'openPluginList': [2, 3, 6, 7, 8, 9, 13, 14, 15, 16, 17, 25, 26, 27, 28, 29, 33, 34, 35, 36, 37, 38, 39, 42, 43, 44, 45, -2, 32], 'permissionStatus': None, 'pluginClickList': [], 'pluginLimitDetail': {'dashAllVisiableLimit': 4, 'dashAllVisiableNum': 0}, 'publicAccessAuthVO': {'beingAttachmentQuestion': False, 'beingPublicLink': False}, 'remark': '767676560@qq.com', 'showContact': True, 'trial': True, 'trialDays': '0', 'trialNotice': True, 'type': 'normal', 'useScheduledSync': False, 'watermarkConfig': {'showDate': False, 'showDeparts': False, 'showExUserId': False, 'showName': True, 'showPhoneNumber': False, 'showWsName': False}, 'wsDomain': None, 'wsFunction': 'platform', 'wsId': 418119, 'wsLimitDetail': {'canDashNum': -1, 'canFormNum': -1, 'canPackageNum': -1, 'currentDashNum': -1, 'currentFormNum': -1, 'currentPackageNum': -1}, 'wsName': '767676560@qq.comÁöÑÂ∑•‰ΩúÂå∫'}, 'mobile': '767676560', 'nickName': '767676560@qq.com', 'npsCollect': False, 'promoCode': 'dab897d39', 'randomEmail': False, 'recordedNewGuidePop': [], 'showProcessPersonal': False, 'signatureUrl': None, 'source': 'home_home', 'status': None, 'uid': 1829267}, 'userSecurityVO': {'authMethod': 0, 'beingUninitialized': False}}
118.25.243.250 - - [06/Jul/2023 23:00:41] "POST /mointor HTTP/1.1" 200 -
((441, datetime.datetime(2023, 7, 6, 23, 0, 41), 1, 120),)
561
yibukaishi
767676561@qq.com
767676561
{'beingInvited': False, 'corpName': None, 'loginToken': None, 'openId': None, 'token': '7ef6fe58-df06-41f7-b5e2-9847409fff5c', 'userInfo': {'beingBlackEmail': False, 'beingExpand': None, 'beingInvited': False, 'beingLangFollowBrowser': True, 'beingOldVersion': None, 'beingPrivacyPolicy': True, 'beingSandBoxSuperAdmin': False, 'collectUserInfo': None, 'createTime': None, 'csShow': True, 'desktopRemind': True, 'email': '767676561@qq.com', 'firstLogin': None, 'grayLimit': 18, 'graySpecify': False, 'grayType': 1, 'havePassword': True, 'headImg': None, 'lang': None, 'lastWsInfo': {'accepted': None, 'accountLevel': 40, 'auth': 2, 'beingCustomizedAppSync': None, 'beingHideHelpDocument': False, 'beingSandbox': False, 'beingWatermark': False, 'biAuth': 'SUPER', 'canWorkWx': False, 'contactEnableNum': 1, 'contactNum': 1, 'departs': [], 'dynamic': None, 'exId': 'tAeLHd46LCI8dbf1ZS1yUQ==', 'exUserId': '1829302', 'expireDate': 1689955241000, 'hideCopyright': False, 'logoutConfig': {'logOutToSso': False, 'serverName': None, 'ssoType': None}, 'memberId': 1667054, 'openConnectorList': [], 'openPluginList': [2, 3, 6, 7, 8, 9, 13, 14, 15, 16, 17, 25, 26, 27, 28, 29, 33, 34, 35, 36, 37, 38, 39, 42, 43, 44, 45, -2, 32], 'permissionStatus': None, 'pluginClickList': [], 'pluginLimitDetail': {'dashAllVisiableLimit': 4, 'dashAllVisiableNum': 0}, 'publicAccessAuthVO': {'beingAttachmentQuestion': False, 'beingPublicLink': False}, 'remark': '767676561@qq.com', 'showContact': True, 'trial': True, 'trialDays': '0', 'trialNotice': True, 'type': 'normal', 'useScheduledSync': False, 'watermarkConfig': {'showDate': False, 'showDeparts': False, 'showExUserId': False, 'showName': True, 'showPhoneNumber': False, 'showWsName': False}, 'wsDomain': None, 'wsFunction': 'platform', 'wsId': 418150, 'wsLimitDetail': {'canDashNum': -1, 'canFormNum': -1, 'canPackageNum': -1, 'currentDashNum': -1, 'currentFormNum': -1, 'currentPackageNum': -1}, 'wsName': '767676561@qq.comÁöÑÂ∑•‰ΩúÂå∫'}, 'mobile': '767676561', 'nickName': '767676561@qq.com', 'npsCollect': False, 'promoCode': '0e13003d2', 'randomEmail': False, 'recordedNewGuidePop': [], 'showProcessPersonal': False, 'signatureUrl': None, 'source': 'home_home', 'status': None, 'uid': 1829302}, 'userSecurityVO': {'authMethod': 0, 'beingUninitialized': False}}
{'beingInvited': False, 'corpName': None, 'loginToken': None, 'openId': None, 'token': '7ef6fe58-df06-41f7-b5e2-9847409fff5c', 'userInfo': {'beingBlackEmail': False, 'beingExpand': None, 'beingInvited': False, 'beingLangFollowBrowser': True, 'beingOldVersion': None, 'beingPrivacyPolicy': True, 'beingSandBoxSuperAdmin': False, 'collectUserInfo': None, 'createTime': None, 'csShow': True, 'desktopRemind': True, 'email': '767676561@qq.com', 'firstLogin': None, 'grayLimit': 18, 'graySpecify': False, 'grayType': 1, 'havePassword': True, 'headImg': None, 'lang': None, 'lastWsInfo': {'accepted': None, 'accountLevel': 40, 'auth': 2, 'beingCustomizedAppSync': None, 'beingHideHelpDocument': False, 'beingSandbox': False, 'beingWatermark': False, 'biAuth': 'SUPER', 'canWorkWx': False, 'contactEnableNum': 1, 'contactNum': 1, 'departs': [], 'dynamic': None, 'exId': 'tAeLHd46LCI8dbf1ZS1yUQ==', 'exUserId': '1829302', 'expireDate': 1689955241000, 'hideCopyright': False, 'logoutConfig': {'logOutToSso': False, 'serverName': None, 'ssoType': None}, 'memberId': 1667054, 'openConnectorList': [], 'openPluginList': [2, 3, 6, 7, 8, 9, 13, 14, 15, 16, 17, 25, 26, 27, 28, 29, 33, 34, 35, 36, 37, 38, 39, 42, 43, 44, 45, -2, 32], 'permissionStatus': None, 'pluginClickList': [], 'pluginLimitDetail': {'dashAllVisiableLimit': 4, 'dashAllVisiableNum': 0}, 'publicAccessAuthVO': {'beingAttachmentQuestion': False, 'beingPublicLink': False}, 'remark': '767676561@qq.com', 'showContact': True, 'trial': True, 'trialDays': '0', 'trialNotice': True, 'type': 'normal', 'useScheduledSync': False, 'watermarkConfig': {'showDate': False, 'showDeparts': False, 'showExUserId': False, 'showName': True, 'showPhoneNumber': False, 'showWsName': False}, 'wsDomain': None, 'wsFunction': 'platform', 'wsId': 418150, 'wsLimitDetail': {'canDashNum': -1, 'canFormNum': -1, 'canPackageNum': -1, 'currentDashNum': -1, 'currentFormNum': -1, 'currentPackageNum': -1}, 'wsName': '767676561@qq.comÁöÑÂ∑•‰ΩúÂå∫'}, 'mobile': '767676561', 'nickName': '767676561@qq.com', 'npsCollect': False, 'promoCode': '0e13003d2', 'randomEmail': False, 'recordedNewGuidePop': [], 'showProcessPersonal': False, 'signatureUrl': None, 'source': 'home_home', 'status': None, 'uid': 1829302}, 'userSecurityVO': {'authMethod': 0, 'beingUninitialized': False}}
118.25.243.250 - - [07/Jul/2023 00:00:40] "POST /mointor HTTP/1.1" 200 -
((442, datetime.datetime(2023, 7, 7, 0, 0, 40), 1, 120),)
562
yibukaishi
767676562@qq.com
767676562
{'beingInvited': False, 'corpName': None, 'loginToken': None, 'openId': None, 'token': 'df70a33c-00b7-453d-8b09-d05e1bd94d0b', 'userInfo': {'beingBlackEmail': False, 'beingExpand': None, 'beingInvited': False, 'beingLangFollowBrowser': True, 'beingOldVersion': None, 'beingPrivacyPolicy': True, 'beingSandBoxSuperAdmin': False, 'collectUserInfo': None, 'createTime': None, 'csShow': True, 'desktopRemind': True, 'email': '767676562@qq.com', 'firstLogin': None, 'grayLimit': 73, 'graySpecify': False, 'grayType': 1, 'havePassword': True, 'headImg': None, 'lang': None, 'lastWsInfo': {'accepted': None, 'accountLevel': 40, 'auth': 2, 'beingCustomizedAppSync': None, 'beingHideHelpDocument': False, 'beingSandbox': False, 'beingWatermark': False, 'biAuth': 'SUPER', 'canWorkWx': False, 'contactEnableNum': 1, 'contactNum': 1, 'departs': [], 'dynamic': None, 'exId': 'tAeLHd46LCIrda5sYWadQA==', 'exUserId': '1829308', 'expireDate': 1689957009000, 'hideCopyright': False, 'logoutConfig': {'logOutToSso': False, 'serverName': None, 'ssoType': None}, 'memberId': 1667058, 'openConnectorList': [], 'openPluginList': [2, 3, 6, 7, 8, 9, 13, 14, 15, 16, 17, 25, 26, 27, 28, 29, 33, 34, 35, 36, 37, 38, 39, 42, 43, 44, 45, -2, 32], 'permissionStatus': None, 'pluginClickList': [], 'pluginLimitDetail': {'dashAllVisiableLimit': 4, 'dashAllVisiableNum': 0}, 'publicAccessAuthVO': {'beingAttachmentQuestion': False, 'beingPublicLink': False}, 'remark': '767676562@qq.com', 'showContact': True, 'trial': True, 'trialDays': '0', 'trialNotice': True, 'type': 'normal', 'useScheduledSync': False, 'watermarkConfig': {'showDate': False, 'showDeparts': False, 'showExUserId': False, 'showName': True, 'showPhoneNumber': False, 'showWsName': False}, 'wsDomain': None, 'wsFunction': 'platform', 'wsId': 418154, 'wsLimitDetail': {'canDashNum': -1, 'canFormNum': -1, 'canPackageNum': -1, 'currentDashNum': -1, 'currentFormNum': -1, 'currentPackageNum': -1}, 'wsName': '767676562@qq.comÁöÑÂ∑•‰ΩúÂå∫'}, 'mobile': '767676562', 'nickName': '767676562@qq.com', 'npsCollect': False, 'promoCode': '96489338f', 'randomEmail': False, 'recordedNewGuidePop': [], 'showProcessPersonal': False, 'signatureUrl': None, 'source': 'home_home', 'status': None, 'uid': 1829308}, 'userSecurityVO': {'authMethod': 0, 'beingUninitialized': False}}
{'beingInvited': False, 'corpName': None, 'loginToken': None, 'openId': None, 'token': 'df70a33c-00b7-453d-8b09-d05e1bd94d0b', 'userInfo': {'beingBlackEmail': False, 'beingExpand': None, 'beingInvited': False, 'beingLangFollowBrowser': True, 'beingOldVersion': None, 'beingPrivacyPolicy': True, 'beingSandBoxSuperAdmin': False, 'collectUserInfo': None, 'createTime': None, 'csShow': True, 'desktopRemind': True, 'email': '767676562@qq.com', 'firstLogin': None, 'grayLimit': 73, 'graySpecify': False, 'grayType': 1, 'havePassword': True, 'headImg': None, 'lang': None, 'lastWsInfo': {'accepted': None, 'accountLevel': 40, 'auth': 2, 'beingCustomizedAppSync': None, 'beingHideHelpDocument': False, 'beingSandbox': False, 'beingWatermark': False, 'biAuth': 'SUPER', 'canWorkWx': False, 'contactEnableNum': 1, 'contactNum': 1, 'departs': [], 'dynamic': None, 'exId': 'tAeLHd46LCIrda5sYWadQA==', 'exUserId': '1829308', 'expireDate': 1689957009000, 'hideCopyright': False, 'logoutConfig': {'logOutToSso': False, 'serverName': None, 'ssoType': None}, 'memberId': 1667058, 'openConnectorList': [], 'openPluginList': [2, 3, 6, 7, 8, 9, 13, 14, 15, 16, 17, 25, 26, 27, 28, 29, 33, 34, 35, 36, 37, 38, 39, 42, 43, 44, 45, -2, 32], 'permissionStatus': None, 'pluginClickList': [], 'pluginLimitDetail': {'dashAllVisiableLimit': 4, 'dashAllVisiableNum': 0}, 'publicAccessAuthVO': {'beingAttachmentQuestion': False, 'beingPublicLink': False}, 'remark': '767676562@qq.com', 'showContact': True, 'trial': True, 'trialDays': '0', 'trialNotice': True, 'type': 'normal', 'useScheduledSync': False, 'watermarkConfig': {'showDate': False, 'showDeparts': False, 'showExUserId': False, 'showName': True, 'showPhoneNumber': False, 'showWsName': False}, 'wsDomain': None, 'wsFunction': 'platform', 'wsId': 418154, 'wsLimitDetail': {'canDashNum': -1, 'canFormNum': -1, 'canPackageNum': -1, 'currentDashNum': -1, 'currentFormNum': -1, 'currentPackageNum': -1}, 'wsName': '767676562@qq.comÁöÑÂ∑•‰ΩúÂå∫'}, 'mobile': '767676562', 'nickName': '767676562@qq.com', 'npsCollect': False, 'promoCode': '96489338f', 'randomEmail': False, 'recordedNewGuidePop': [], 'showProcessPersonal': False, 'signatureUrl': None, 'source': 'home_home', 'status': None, 'uid': 1829308}, 'userSecurityVO': {'authMethod': 0, 'beingUninitialized': False}}
118.25.243.250 - - [07/Jul/2023 00:30:09] "POST /mointor HTTP/1.1" 200 -
89.248.165.249 - - [07/Jul/2023 01:41:24] code 400, message Bad HTTP/0.9 request type ('\x03\x00\x00/*√†\x00\x00\x00\x00\x00Cookie:')
89.248.165.249 - - [07/Jul/2023 01:41:24] "[35m[1m  /*√†     Cookie: mstshash=Administr[0m" HTTPStatus.BAD_REQUEST -
89.248.163.212 - - [07/Jul/2023 01:59:15] code 400, message Bad HTTP/0.9 request type ('\x03\x00\x00/*√†\x00\x00\x00\x00\x00Cookie:')
89.248.163.212 - - [07/Jul/2023 01:59:15] "[35m[1m  /*√†     Cookie: mstshash=Administr[0m" HTTPStatus.BAD_REQUEST -
443
[2023-07-07 03:49:01,854] ERROR in app: Exception on / [GET]
Traceback (most recent call last):
  File "/usr/local/lib64/python3.6/site-packages/flask/app.py", line 2073, in wsgi_app
    response = self.full_dispatch_request()
  File "/usr/local/lib64/python3.6/site-packages/flask/app.py", line 1519, in full_dispatch_request
    return self.finalize_request(rv)
  File "/usr/local/lib64/python3.6/site-packages/flask/app.py", line 1538, in finalize_request
    response = self.make_response(rv)
  File "/usr/local/lib64/python3.6/site-packages/flask/app.py", line 1702, in make_response
    f"The view function for {request.endpoint!r} did not"
TypeError: The view function for 'result' did not return a valid response. The function either returned None or ended without a return statement.
162.142.125.12 - - [07/Jul/2023 03:49:01] "[35m[1mGET / HTTP/1.1[0m" 500 -
162.142.125.12 - - [07/Jul/2023 03:49:02] code 505, message Invalid HTTP version (2.0)
162.142.125.12 - - [07/Jul/2023 03:49:02] "[35m[1mPRI * HTTP/2.0[0m" HTTPStatus.HTTP_VERSION_NOT_SUPPORTED -
443
112.64.186.108 - - [07/Jul/2023 09:28:22] "GET /?password=wsj HTTP/1.1" 200 -
443
124.221.203.147 - - [07/Jul/2023 10:00:56] "GET /?password=wsj HTTP/1.1" 200 -
443
[2023-07-07 10:52:08,862] ERROR in app: Exception on / [GET]
Traceback (most recent call last):
  File "/usr/local/lib64/python3.6/site-packages/flask/app.py", line 2073, in wsgi_app
    response = self.full_dispatch_request()
  File "/usr/local/lib64/python3.6/site-packages/flask/app.py", line 1519, in full_dispatch_request
    return self.finalize_request(rv)
  File "/usr/local/lib64/python3.6/site-packages/flask/app.py", line 1538, in finalize_request
    response = self.make_response(rv)
  File "/usr/local/lib64/python3.6/site-packages/flask/app.py", line 1702, in make_response
    f"The view function for {request.endpoint!r} did not"
TypeError: The view function for 'result' did not return a valid response. The function either returned None or ended without a return statement.
94.102.61.5 - - [07/Jul/2023 10:52:08] "[35m[1mGET / HTTP/1.1[0m" 500 -
89.248.163.212 - - [07/Jul/2023 19:09:59] code 400, message Bad HTTP/0.9 request type ('\x03\x00\x00/*√†\x00\x00\x00\x00\x00Cookie:')
89.248.163.212 - - [07/Jul/2023 19:09:59] "[35m[1m  /*√†     Cookie: mstshash=Administr[0m" HTTPStatus.BAD_REQUEST -
((443, datetime.datetime(2023, 7, 7, 0, 30, 9), 1, 120),)
563
yibukaishi
767676563@qq.com
767676563
{'beingInvited': False, 'corpName': None, 'loginToken': None, 'openId': None, 'token': '1f672531-29fa-4f66-b058-3e9cc05c16a9', 'userInfo': {'beingBlackEmail': False, 'beingExpand': None, 'beingInvited': False, 'beingLangFollowBrowser': True, 'beingOldVersion': None, 'beingPrivacyPolicy': True, 'beingSandBoxSuperAdmin': False, 'collectUserInfo': None, 'createTime': None, 'csShow': True, 'desktopRemind': True, 'email': '767676563@qq.com', 'firstLogin': None, 'grayLimit': 54, 'graySpecify': False, 'grayType': 1, 'havePassword': True, 'headImg': None, 'lang': None, 'lastWsInfo': {'accepted': None, 'accountLevel': 40, 'auth': 2, 'beingCustomizedAppSync': None, 'beingHideHelpDocument': False, 'beingSandbox': False, 'beingWatermark': False, 'biAuth': 'SUPER', 'canWorkWx': False, 'contactEnableNum': 1, 'contactNum': 1, 'departs': [], 'dynamic': None, 'exId': 'tAeLHd46LCJj6659o54pkA==', 'exUserId': '1830231', 'expireDate': 1690034432000, 'hideCopyright': False, 'logoutConfig': {'logOutToSso': False, 'serverName': None, 'ssoType': None}, 'memberId': 1667713, 'openConnectorList': [], 'openPluginList': [2, 3, 6, 7, 8, 9, 13, 14, 15, 16, 17, 25, 26, 27, 28, 29, 33, 34, 35, 36, 37, 38, 39, 42, 43, 44, 45, -2, 32], 'permissionStatus': None, 'pluginClickList': [], 'pluginLimitDetail': {'dashAllVisiableLimit': 4, 'dashAllVisiableNum': 0}, 'publicAccessAuthVO': {'beingAttachmentQuestion': False, 'beingPublicLink': False}, 'remark': '767676563@qq.com', 'showContact': True, 'trial': True, 'trialDays': '0', 'trialNotice': True, 'type': 'normal', 'useScheduledSync': False, 'watermarkConfig': {'showDate': False, 'showDeparts': False, 'showExUserId': False, 'showName': True, 'showPhoneNumber': False, 'showWsName': False}, 'wsDomain': None, 'wsFunction': 'platform', 'wsId': 418545, 'wsLimitDetail': {'canDashNum': -1, 'canFormNum': -1, 'canPackageNum': -1, 'currentDashNum': -1, 'currentFormNum': -1, 'currentPackageNum': -1}, 'wsName': '767676563@qq.comÁöÑÂ∑•‰ΩúÂå∫'}, 'mobile': '767676563', 'nickName': '767676563@qq.com', 'npsCollect': False, 'promoCode': 'b896705c4', 'randomEmail': False, 'recordedNewGuidePop': [], 'showProcessPersonal': False, 'signatureUrl': None, 'source': 'home_home', 'status': None, 'uid': 1830231}, 'userSecurityVO': {'authMethod': 0, 'beingUninitialized': False}}
{'beingInvited': False, 'corpName': None, 'loginToken': None, 'openId': None, 'token': '1f672531-29fa-4f66-b058-3e9cc05c16a9', 'userInfo': {'beingBlackEmail': False, 'beingExpand': None, 'beingInvited': False, 'beingLangFollowBrowser': True, 'beingOldVersion': None, 'beingPrivacyPolicy': True, 'beingSandBoxSuperAdmin': False, 'collectUserInfo': None, 'createTime': None, 'csShow': True, 'desktopRemind': True, 'email': '767676563@qq.com', 'firstLogin': None, 'grayLimit': 54, 'graySpecify': False, 'grayType': 1, 'havePassword': True, 'headImg': None, 'lang': None, 'lastWsInfo': {'accepted': None, 'accountLevel': 40, 'auth': 2, 'beingCustomizedAppSync': None, 'beingHideHelpDocument': False, 'beingSandbox': False, 'beingWatermark': False, 'biAuth': 'SUPER', 'canWorkWx': False, 'contactEnableNum': 1, 'contactNum': 1, 'departs': [], 'dynamic': None, 'exId': 'tAeLHd46LCJj6659o54pkA==', 'exUserId': '1830231', 'expireDate': 1690034432000, 'hideCopyright': False, 'logoutConfig': {'logOutToSso': False, 'serverName': None, 'ssoType': None}, 'memberId': 1667713, 'openConnectorList': [], 'openPluginList': [2, 3, 6, 7, 8, 9, 13, 14, 15, 16, 17, 25, 26, 27, 28, 29, 33, 34, 35, 36, 37, 38, 39, 42, 43, 44, 45, -2, 32], 'permissionStatus': None, 'pluginClickList': [], 'pluginLimitDetail': {'dashAllVisiableLimit': 4, 'dashAllVisiableNum': 0}, 'publicAccessAuthVO': {'beingAttachmentQuestion': False, 'beingPublicLink': False}, 'remark': '767676563@qq.com', 'showContact': True, 'trial': True, 'trialDays': '0', 'trialNotice': True, 'type': 'normal', 'useScheduledSync': False, 'watermarkConfig': {'showDate': False, 'showDeparts': False, 'showExUserId': False, 'showName': True, 'showPhoneNumber': False, 'showWsName': False}, 'wsDomain': None, 'wsFunction': 'platform', 'wsId': 418545, 'wsLimitDetail': {'canDashNum': -1, 'canFormNum': -1, 'canPackageNum': -1, 'currentDashNum': -1, 'currentFormNum': -1, 'currentPackageNum': -1}, 'wsName': '767676563@qq.comÁöÑÂ∑•‰ΩúÂå∫'}, 'mobile': '767676563', 'nickName': '767676563@qq.com', 'npsCollect': False, 'promoCode': 'b896705c4', 'randomEmail': False, 'recordedNewGuidePop': [], 'showProcessPersonal': False, 'signatureUrl': None, 'source': 'home_home', 'status': None, 'uid': 1830231}, 'userSecurityVO': {'authMethod': 0, 'beingUninitialized': False}}
118.25.243.250 - - [07/Jul/2023 22:00:32] "POST /mointor HTTP/1.1" 200 -
((444, datetime.datetime(2023, 7, 7, 22, 0, 32), 1, 120),)
564
yibukaishi
767676564@qq.com
767676564
{'beingInvited': False, 'corpName': None, 'loginToken': None, 'openId': None, 'token': '0876fd06-769e-4828-a208-0b90973741f7', 'userInfo': {'beingBlackEmail': False, 'beingExpand': None, 'beingInvited': False, 'beingLangFollowBrowser': True, 'beingOldVersion': None, 'beingPrivacyPolicy': True, 'beingSandBoxSuperAdmin': False, 'collectUserInfo': None, 'createTime': None, 'csShow': True, 'desktopRemind': True, 'email': '767676564@qq.com', 'firstLogin': None, 'grayLimit': 56, 'graySpecify': False, 'grayType': 1, 'havePassword': True, 'headImg': None, 'lang': None, 'lastWsInfo': {'accepted': None, 'accountLevel': 40, 'auth': 2, 'beingCustomizedAppSync': None, 'beingHideHelpDocument': False, 'beingSandbox': False, 'beingWatermark': False, 'biAuth': 'SUPER', 'canWorkWx': False, 'contactEnableNum': 1, 'contactNum': 1, 'departs': [], 'dynamic': None, 'exId': 'tAeLHd46LCInrLAcrSgooQ==', 'exUserId': '1830259', 'expireDate': 1690038042000, 'hideCopyright': False, 'logoutConfig': {'logOutToSso': False, 'serverName': None, 'ssoType': None}, 'memberId': 1667727, 'openConnectorList': [], 'openPluginList': [2, 3, 6, 7, 8, 9, 13, 14, 15, 16, 17, 25, 26, 27, 28, 29, 33, 34, 35, 36, 37, 38, 39, 42, 43, 44, 45, -2, 32], 'permissionStatus': None, 'pluginClickList': [], 'pluginLimitDetail': {'dashAllVisiableLimit': 4, 'dashAllVisiableNum': 0}, 'publicAccessAuthVO': {'beingAttachmentQuestion': False, 'beingPublicLink': False}, 'remark': '767676564@qq.com', 'showContact': True, 'trial': True, 'trialDays': '0', 'trialNotice': True, 'type': 'normal', 'useScheduledSync': False, 'watermarkConfig': {'showDate': False, 'showDeparts': False, 'showExUserId': False, 'showName': True, 'showPhoneNumber': False, 'showWsName': False}, 'wsDomain': None, 'wsFunction': 'platform', 'wsId': 418556, 'wsLimitDetail': {'canDashNum': -1, 'canFormNum': -1, 'canPackageNum': -1, 'currentDashNum': -1, 'currentFormNum': -1, 'currentPackageNum': -1}, 'wsName': '767676564@qq.comÁöÑÂ∑•‰ΩúÂå∫'}, 'mobile': '767676564', 'nickName': '767676564@qq.com', 'npsCollect': False, 'promoCode': '559ed7f0e', 'randomEmail': False, 'recordedNewGuidePop': [], 'showProcessPersonal': False, 'signatureUrl': None, 'source': 'home_home', 'status': None, 'uid': 1830259}, 'userSecurityVO': {'authMethod': 0, 'beingUninitialized': False}}
{'beingInvited': False, 'corpName': None, 'loginToken': None, 'openId': None, 'token': '0876fd06-769e-4828-a208-0b90973741f7', 'userInfo': {'beingBlackEmail': False, 'beingExpand': None, 'beingInvited': False, 'beingLangFollowBrowser': True, 'beingOldVersion': None, 'beingPrivacyPolicy': True, 'beingSandBoxSuperAdmin': False, 'collectUserInfo': None, 'createTime': None, 'csShow': True, 'desktopRemind': True, 'email': '767676564@qq.com', 'firstLogin': None, 'grayLimit': 56, 'graySpecify': False, 'grayType': 1, 'havePassword': True, 'headImg': None, 'lang': None, 'lastWsInfo': {'accepted': None, 'accountLevel': 40, 'auth': 2, 'beingCustomizedAppSync': None, 'beingHideHelpDocument': False, 'beingSandbox': False, 'beingWatermark': False, 'biAuth': 'SUPER', 'canWorkWx': False, 'contactEnableNum': 1, 'contactNum': 1, 'departs': [], 'dynamic': None, 'exId': 'tAeLHd46LCInrLAcrSgooQ==', 'exUserId': '1830259', 'expireDate': 1690038042000, 'hideCopyright': False, 'logoutConfig': {'logOutToSso': False, 'serverName': None, 'ssoType': None}, 'memberId': 1667727, 'openConnectorList': [], 'openPluginList': [2, 3, 6, 7, 8, 9, 13, 14, 15, 16, 17, 25, 26, 27, 28, 29, 33, 34, 35, 36, 37, 38, 39, 42, 43, 44, 45, -2, 32], 'permissionStatus': None, 'pluginClickList': [], 'pluginLimitDetail': {'dashAllVisiableLimit': 4, 'dashAllVisiableNum': 0}, 'publicAccessAuthVO': {'beingAttachmentQuestion': False, 'beingPublicLink': False}, 'remark': '767676564@qq.com', 'showContact': True, 'trial': True, 'trialDays': '0', 'trialNotice': True, 'type': 'normal', 'useScheduledSync': False, 'watermarkConfig': {'showDate': False, 'showDeparts': False, 'showExUserId': False, 'showName': True, 'showPhoneNumber': False, 'showWsName': False}, 'wsDomain': None, 'wsFunction': 'platform', 'wsId': 418556, 'wsLimitDetail': {'canDashNum': -1, 'canFormNum': -1, 'canPackageNum': -1, 'currentDashNum': -1, 'currentFormNum': -1, 'currentPackageNum': -1}, 'wsName': '767676564@qq.comÁöÑÂ∑•‰ΩúÂå∫'}, 'mobile': '767676564', 'nickName': '767676564@qq.com', 'npsCollect': False, 'promoCode': '559ed7f0e', 'randomEmail': False, 'recordedNewGuidePop': [], 'showProcessPersonal': False, 'signatureUrl': None, 'source': 'home_home', 'status': None, 'uid': 1830259}, 'userSecurityVO': {'authMethod': 0, 'beingUninitialized': False}}
118.25.243.250 - - [07/Jul/2023 23:00:42] "POST /mointor HTTP/1.1" 200 -
((445, datetime.datetime(2023, 7, 7, 23, 0, 42), 1, 120),)
565
yibukaishi
767676565@qq.com
767676565
{'beingInvited': False, 'corpName': None, 'loginToken': None, 'openId': None, 'token': 'fff8dc97-a165-49cf-bec2-e2fb74bf7fb2', 'userInfo': {'beingBlackEmail': False, 'beingExpand': None, 'beingInvited': False, 'beingLangFollowBrowser': True, 'beingOldVersion': None, 'beingPrivacyPolicy': True, 'beingSandBoxSuperAdmin': False, 'collectUserInfo': None, 'createTime': None, 'csShow': True, 'desktopRemind': True, 'email': '767676565@qq.com', 'firstLogin': None, 'grayLimit': 47, 'graySpecify': False, 'grayType': 1, 'havePassword': True, 'headImg': None, 'lang': None, 'lastWsInfo': {'accepted': None, 'accountLevel': 40, 'auth': 2, 'beingCustomizedAppSync': None, 'beingHideHelpDocument': False, 'beingSandbox': False, 'beingWatermark': False, 'biAuth': 'SUPER', 'canWorkWx': False, 'contactEnableNum': 1, 'contactNum': 1, 'departs': [], 'dynamic': None, 'exId': 'tAeLHd46LCJxL2qAwqtNdw==', 'exUserId': '1830284', 'expireDate': 1690041636000, 'hideCopyright': False, 'logoutConfig': {'logOutToSso': False, 'serverName': None, 'ssoType': None}, 'memberId': 1667743, 'openConnectorList': [], 'openPluginList': [2, 3, 6, 7, 8, 9, 13, 14, 15, 16, 17, 25, 26, 27, 28, 29, 33, 34, 35, 36, 37, 38, 39, 42, 43, 44, 45, -2, 32], 'permissionStatus': None, 'pluginClickList': [], 'pluginLimitDetail': {'dashAllVisiableLimit': 4, 'dashAllVisiableNum': 0}, 'publicAccessAuthVO': {'beingAttachmentQuestion': False, 'beingPublicLink': False}, 'remark': '767676565@qq.com', 'showContact': True, 'trial': True, 'trialDays': '0', 'trialNotice': True, 'type': 'normal', 'useScheduledSync': False, 'watermarkConfig': {'showDate': False, 'showDeparts': False, 'showExUserId': False, 'showName': True, 'showPhoneNumber': False, 'showWsName': False}, 'wsDomain': None, 'wsFunction': 'platform', 'wsId': 418569, 'wsLimitDetail': {'canDashNum': -1, 'canFormNum': -1, 'canPackageNum': -1, 'currentDashNum': -1, 'currentFormNum': -1, 'currentPackageNum': -1}, 'wsName': '767676565@qq.comÁöÑÂ∑•‰ΩúÂå∫'}, 'mobile': '767676565', 'nickName': '767676565@qq.com', 'npsCollect': False, 'promoCode': 'd23c2ffaa', 'randomEmail': False, 'recordedNewGuidePop': [], 'showProcessPersonal': False, 'signatureUrl': None, 'source': 'home_home', 'status': None, 'uid': 1830284}, 'userSecurityVO': {'authMethod': 0, 'beingUninitialized': False}}
{'beingInvited': False, 'corpName': None, 'loginToken': None, 'openId': None, 'token': 'fff8dc97-a165-49cf-bec2-e2fb74bf7fb2', 'userInfo': {'beingBlackEmail': False, 'beingExpand': None, 'beingInvited': False, 'beingLangFollowBrowser': True, 'beingOldVersion': None, 'beingPrivacyPolicy': True, 'beingSandBoxSuperAdmin': False, 'collectUserInfo': None, 'createTime': None, 'csShow': True, 'desktopRemind': True, 'email': '767676565@qq.com', 'firstLogin': None, 'grayLimit': 47, 'graySpecify': False, 'grayType': 1, 'havePassword': True, 'headImg': None, 'lang': None, 'lastWsInfo': {'accepted': None, 'accountLevel': 40, 'auth': 2, 'beingCustomizedAppSync': None, 'beingHideHelpDocument': False, 'beingSandbox': False, 'beingWatermark': False, 'biAuth': 'SUPER', 'canWorkWx': False, 'contactEnableNum': 1, 'contactNum': 1, 'departs': [], 'dynamic': None, 'exId': 'tAeLHd46LCJxL2qAwqtNdw==', 'exUserId': '1830284', 'expireDate': 1690041636000, 'hideCopyright': False, 'logoutConfig': {'logOutToSso': False, 'serverName': None, 'ssoType': None}, 'memberId': 1667743, 'openConnectorList': [], 'openPluginList': [2, 3, 6, 7, 8, 9, 13, 14, 15, 16, 17, 25, 26, 27, 28, 29, 33, 34, 35, 36, 37, 38, 39, 42, 43, 44, 45, -2, 32], 'permissionStatus': None, 'pluginClickList': [], 'pluginLimitDetail': {'dashAllVisiableLimit': 4, 'dashAllVisiableNum': 0}, 'publicAccessAuthVO': {'beingAttachmentQuestion': False, 'beingPublicLink': False}, 'remark': '767676565@qq.com', 'showContact': True, 'trial': True, 'trialDays': '0', 'trialNotice': True, 'type': 'normal', 'useScheduledSync': False, 'watermarkConfig': {'showDate': False, 'showDeparts': False, 'showExUserId': False, 'showName': True, 'showPhoneNumber': False, 'showWsName': False}, 'wsDomain': None, 'wsFunction': 'platform', 'wsId': 418569, 'wsLimitDetail': {'canDashNum': -1, 'canFormNum': -1, 'canPackageNum': -1, 'currentDashNum': -1, 'currentFormNum': -1, 'currentPackageNum': -1}, 'wsName': '767676565@qq.comÁöÑÂ∑•‰ΩúÂå∫'}, 'mobile': '767676565', 'nickName': '767676565@qq.com', 'npsCollect': False, 'promoCode': 'd23c2ffaa', 'randomEmail': False, 'recordedNewGuidePop': [], 'showProcessPersonal': False, 'signatureUrl': None, 'source': 'home_home', 'status': None, 'uid': 1830284}, 'userSecurityVO': {'authMethod': 0, 'beingUninitialized': False}}
118.25.243.250 - - [08/Jul/2023 00:00:35] "POST /mointor HTTP/1.1" 200 -
((446, datetime.datetime(2023, 7, 8, 0, 0, 35), 1, 120),)
566
yibukaishi
767676566@qq.com
767676566
{'beingInvited': False, 'corpName': None, 'loginToken': None, 'openId': None, 'token': '793e55bf-93cf-4604-8cd8-4147dd74d072', 'userInfo': {'beingBlackEmail': False, 'beingExpand': None, 'beingInvited': False, 'beingLangFollowBrowser': True, 'beingOldVersion': None, 'beingPrivacyPolicy': True, 'beingSandBoxSuperAdmin': False, 'collectUserInfo': None, 'createTime': None, 'csShow': True, 'desktopRemind': True, 'email': '767676566@qq.com', 'firstLogin': None, 'grayLimit': 18, 'graySpecify': False, 'grayType': 1, 'havePassword': True, 'headImg': None, 'lang': None, 'lastWsInfo': {'accepted': None, 'accountLevel': 40, 'auth': 2, 'beingCustomizedAppSync': None, 'beingHideHelpDocument': False, 'beingSandbox': False, 'beingWatermark': False, 'biAuth': 'SUPER', 'canWorkWx': False, 'contactEnableNum': 1, 'contactNum': 1, 'departs': [], 'dynamic': None, 'exId': 'tAeLHd46LCI6s/FXrYoL1g==', 'exUserId': '1830287', 'expireDate': 1690043409000, 'hideCopyright': False, 'logoutConfig': {'logOutToSso': False, 'serverName': None, 'ssoType': None}, 'memberId': 1667744, 'openConnectorList': [], 'openPluginList': [2, 3, 6, 7, 8, 9, 13, 14, 15, 16, 17, 25, 26, 27, 28, 29, 33, 34, 35, 36, 37, 38, 39, 42, 43, 44, 45, -2, 32], 'permissionStatus': None, 'pluginClickList': [], 'pluginLimitDetail': {'dashAllVisiableLimit': 4, 'dashAllVisiableNum': 0}, 'publicAccessAuthVO': {'beingAttachmentQuestion': False, 'beingPublicLink': False}, 'remark': '767676566@qq.com', 'showContact': True, 'trial': True, 'trialDays': '0', 'trialNotice': True, 'type': 'normal', 'useScheduledSync': False, 'watermarkConfig': {'showDate': False, 'showDeparts': False, 'showExUserId': False, 'showName': True, 'showPhoneNumber': False, 'showWsName': False}, 'wsDomain': None, 'wsFunction': 'platform', 'wsId': 418570, 'wsLimitDetail': {'canDashNum': -1, 'canFormNum': -1, 'canPackageNum': -1, 'currentDashNum': -1, 'currentFormNum': -1, 'currentPackageNum': -1}, 'wsName': '767676566@qq.comÁöÑÂ∑•‰ΩúÂå∫'}, 'mobile': '767676566', 'nickName': '767676566@qq.com', 'npsCollect': False, 'promoCode': 'ff23063d6', 'randomEmail': False, 'recordedNewGuidePop': [], 'showProcessPersonal': False, 'signatureUrl': None, 'source': 'home_home', 'status': None, 'uid': 1830287}, 'userSecurityVO': {'authMethod': 0, 'beingUninitialized': False}}
{'beingInvited': False, 'corpName': None, 'loginToken': None, 'openId': None, 'token': '793e55bf-93cf-4604-8cd8-4147dd74d072', 'userInfo': {'beingBlackEmail': False, 'beingExpand': None, 'beingInvited': False, 'beingLangFollowBrowser': True, 'beingOldVersion': None, 'beingPrivacyPolicy': True, 'beingSandBoxSuperAdmin': False, 'collectUserInfo': None, 'createTime': None, 'csShow': True, 'desktopRemind': True, 'email': '767676566@qq.com', 'firstLogin': None, 'grayLimit': 18, 'graySpecify': False, 'grayType': 1, 'havePassword': True, 'headImg': None, 'lang': None, 'lastWsInfo': {'accepted': None, 'accountLevel': 40, 'auth': 2, 'beingCustomizedAppSync': None, 'beingHideHelpDocument': False, 'beingSandbox': False, 'beingWatermark': False, 'biAuth': 'SUPER', 'canWorkWx': False, 'contactEnableNum': 1, 'contactNum': 1, 'departs': [], 'dynamic': None, 'exId': 'tAeLHd46LCI6s/FXrYoL1g==', 'exUserId': '1830287', 'expireDate': 1690043409000, 'hideCopyright': False, 'logoutConfig': {'logOutToSso': False, 'serverName': None, 'ssoType': None}, 'memberId': 1667744, 'openConnectorList': [], 'openPluginList': [2, 3, 6, 7, 8, 9, 13, 14, 15, 16, 17, 25, 26, 27, 28, 29, 33, 34, 35, 36, 37, 38, 39, 42, 43, 44, 45, -2, 32], 'permissionStatus': None, 'pluginClickList': [], 'pluginLimitDetail': {'dashAllVisiableLimit': 4, 'dashAllVisiableNum': 0}, 'publicAccessAuthVO': {'beingAttachmentQuestion': False, 'beingPublicLink': False}, 'remark': '767676566@qq.com', 'showContact': True, 'trial': True, 'trialDays': '0', 'trialNotice': True, 'type': 'normal', 'useScheduledSync': False, 'watermarkConfig': {'showDate': False, 'showDeparts': False, 'showExUserId': False, 'showName': True, 'showPhoneNumber': False, 'showWsName': False}, 'wsDomain': None, 'wsFunction': 'platform', 'wsId': 418570, 'wsLimitDetail': {'canDashNum': -1, 'canFormNum': -1, 'canPackageNum': -1, 'currentDashNum': -1, 'currentFormNum': -1, 'currentPackageNum': -1}, 'wsName': '767676566@qq.comÁöÑÂ∑•‰ΩúÂå∫'}, 'mobile': '767676566', 'nickName': '767676566@qq.com', 'npsCollect': False, 'promoCode': 'ff23063d6', 'randomEmail': False, 'recordedNewGuidePop': [], 'showProcessPersonal': False, 'signatureUrl': None, 'source': 'home_home', 'status': None, 'uid': 1830287}, 'userSecurityVO': {'authMethod': 0, 'beingUninitialized': False}}
118.25.243.250 - - [08/Jul/2023 00:30:09] "POST /mointor HTTP/1.1" 200 -
89.248.165.249 - - [08/Jul/2023 00:36:55] code 400, message Bad HTTP/0.9 request type ('\x03\x00\x00/*√†\x00\x00\x00\x00\x00Cookie:')
89.248.165.249 - - [08/Jul/2023 00:36:55] "[35m[1m  /*√†     Cookie: mstshash=Administr[0m" HTTPStatus.BAD_REQUEST -
447
124.221.203.147 - - [08/Jul/2023 10:00:56] "GET /?password=wsj HTTP/1.1" 200 -
89.248.163.212 - - [08/Jul/2023 20:12:03] code 400, message Bad HTTP/0.9 request type ('\x03\x00\x00/*√†\x00\x00\x00\x00\x00Cookie:')
89.248.163.212 - - [08/Jul/2023 20:12:03] "[35m[1m  /*√†     Cookie: mstshash=Administr[0m" HTTPStatus.BAD_REQUEST -
89.248.163.212 - - [08/Jul/2023 22:52:29] code 400, message Bad HTTP/0.9 request type ('\x03\x00\x00/*√†\x00\x00\x00\x00\x00Cookie:')
89.248.163.212 - - [08/Jul/2023 22:52:29] "[35m[1m  /*√†     Cookie: mstshash=Administr[0m" HTTPStatus.BAD_REQUEST -
((447, datetime.datetime(2023, 7, 8, 0, 30, 9), 1, 120),)
567
yibukaishi
767676567@qq.com
767676567
{'beingInvited': False, 'corpName': None, 'loginToken': None, 'openId': None, 'token': '55aa3a9c-38f5-4523-a3a8-6bb58cbe12a0', 'userInfo': {'beingBlackEmail': False, 'beingExpand': None, 'beingInvited': False, 'beingLangFollowBrowser': True, 'beingOldVersion': None, 'beingPrivacyPolicy': True, 'beingSandBoxSuperAdmin': False, 'collectUserInfo': None, 'createTime': None, 'csShow': True, 'desktopRemind': True, 'email': '767676567@qq.com', 'firstLogin': None, 'grayLimit': 6, 'graySpecify': False, 'grayType': 1, 'havePassword': True, 'headImg': None, 'lang': None, 'lastWsInfo': {'accepted': None, 'accountLevel': 40, 'auth': 2, 'beingCustomizedAppSync': None, 'beingHideHelpDocument': False, 'beingSandbox': False, 'beingWatermark': False, 'biAuth': 'SUPER', 'canWorkWx': False, 'contactEnableNum': 1, 'contactNum': 1, 'departs': [], 'dynamic': None, 'exId': 'tAeLHd46LCK6bfo/QyRneg==', 'exUserId': '1831061', 'expireDate': 1690128037000, 'hideCopyright': False, 'logoutConfig': {'logOutToSso': False, 'serverName': None, 'ssoType': None}, 'memberId': 1668018, 'openConnectorList': [], 'openPluginList': [2, 3, 6, 7, 8, 9, 13, 14, 15, 16, 17, 25, 26, 27, 28, 29, 33, 34, 35, 36, 37, 38, 39, 42, 43, 44, 45, -2, 32], 'permissionStatus': None, 'pluginClickList': [], 'pluginLimitDetail': {'dashAllVisiableLimit': 4, 'dashAllVisiableNum': 0}, 'publicAccessAuthVO': {'beingAttachmentQuestion': False, 'beingPublicLink': False}, 'remark': '767676567@qq.com', 'showContact': True, 'trial': True, 'trialDays': '0', 'trialNotice': True, 'type': 'normal', 'useScheduledSync': False, 'watermarkConfig': {'showDate': False, 'showDeparts': False, 'showExUserId': False, 'showName': True, 'showPhoneNumber': False, 'showWsName': False}, 'wsDomain': None, 'wsFunction': 'platform', 'wsId': 418767, 'wsLimitDetail': {'canDashNum': -1, 'canFormNum': -1, 'canPackageNum': -1, 'currentDashNum': -1, 'currentFormNum': -1, 'currentPackageNum': -1}, 'wsName': '767676567@qq.comÁöÑÂ∑•‰ΩúÂå∫'}, 'mobile': '767676567', 'nickName': '767676567@qq.com', 'npsCollect': False, 'promoCode': 'cda30ca8f', 'randomEmail': False, 'recordedNewGuidePop': [], 'showProcessPersonal': False, 'signatureUrl': None, 'source': 'home_home', 'status': None, 'uid': 1831061}, 'userSecurityVO': {'authMethod': 0, 'beingUninitialized': False}}
{'beingInvited': False, 'corpName': None, 'loginToken': None, 'openId': None, 'token': '55aa3a9c-38f5-4523-a3a8-6bb58cbe12a0', 'userInfo': {'beingBlackEmail': False, 'beingExpand': None, 'beingInvited': False, 'beingLangFollowBrowser': True, 'beingOldVersion': None, 'beingPrivacyPolicy': True, 'beingSandBoxSuperAdmin': False, 'collectUserInfo': None, 'createTime': None, 'csShow': True, 'desktopRemind': True, 'email': '767676567@qq.com', 'firstLogin': None, 'grayLimit': 6, 'graySpecify': False, 'grayType': 1, 'havePassword': True, 'headImg': None, 'lang': None, 'lastWsInfo': {'accepted': None, 'accountLevel': 40, 'auth': 2, 'beingCustomizedAppSync': None, 'beingHideHelpDocument': False, 'beingSandbox': False, 'beingWatermark': False, 'biAuth': 'SUPER', 'canWorkWx': False, 'contactEnableNum': 1, 'contactNum': 1, 'departs': [], 'dynamic': None, 'exId': 'tAeLHd46LCK6bfo/QyRneg==', 'exUserId': '1831061', 'expireDate': 1690128037000, 'hideCopyright': False, 'logoutConfig': {'logOutToSso': False, 'serverName': None, 'ssoType': None}, 'memberId': 1668018, 'openConnectorList': [], 'openPluginList': [2, 3, 6, 7, 8, 9, 13, 14, 15, 16, 17, 25, 26, 27, 28, 29, 33, 34, 35, 36, 37, 38, 39, 42, 43, 44, 45, -2, 32], 'permissionStatus': None, 'pluginClickList': [], 'pluginLimitDetail': {'dashAllVisiableLimit': 4, 'dashAllVisiableNum': 0}, 'publicAccessAuthVO': {'beingAttachmentQuestion': False, 'beingPublicLink': False}, 'remark': '767676567@qq.com', 'showContact': True, 'trial': True, 'trialDays': '0', 'trialNotice': True, 'type': 'normal', 'useScheduledSync': False, 'watermarkConfig': {'showDate': False, 'showDeparts': False, 'showExUserId': False, 'showName': True, 'showPhoneNumber': False, 'showWsName': False}, 'wsDomain': None, 'wsFunction': 'platform', 'wsId': 418767, 'wsLimitDetail': {'canDashNum': -1, 'canFormNum': -1, 'canPackageNum': -1, 'currentDashNum': -1, 'currentFormNum': -1, 'currentPackageNum': -1}, 'wsName': '767676567@qq.comÁöÑÂ∑•‰ΩúÂå∫'}, 'mobile': '767676567', 'nickName': '767676567@qq.com', 'npsCollect': False, 'promoCode': 'cda30ca8f', 'randomEmail': False, 'recordedNewGuidePop': [], 'showProcessPersonal': False, 'signatureUrl': None, 'source': 'home_home', 'status': None, 'uid': 1831061}, 'userSecurityVO': {'authMethod': 0, 'beingUninitialized': False}}
118.25.243.250 - - [09/Jul/2023 00:00:37] "POST /mointor HTTP/1.1" 200 -
((448, datetime.datetime(2023, 7, 9, 0, 0, 37), 1, 120),)
568
yibukaishi
767676568@qq.com
767676568
{'beingInvited': False, 'corpName': None, 'loginToken': None, 'openId': None, 'token': 'b55a7b52-700b-424b-8942-69ee001bebe2', 'userInfo': {'beingBlackEmail': False, 'beingExpand': None, 'beingInvited': False, 'beingLangFollowBrowser': True, 'beingOldVersion': None, 'beingPrivacyPolicy': True, 'beingSandBoxSuperAdmin': False, 'collectUserInfo': None, 'createTime': None, 'csShow': True, 'desktopRemind': True, 'email': '767676568@qq.com', 'firstLogin': None, 'grayLimit': 50, 'graySpecify': False, 'grayType': 1, 'havePassword': True, 'headImg': None, 'lang': None, 'lastWsInfo': {'accepted': None, 'accountLevel': 40, 'auth': 2, 'beingCustomizedAppSync': None, 'beingHideHelpDocument': False, 'beingSandbox': False, 'beingWatermark': False, 'biAuth': 'SUPER', 'canWorkWx': False, 'contactEnableNum': 1, 'contactNum': 1, 'departs': [], 'dynamic': None, 'exId': 'tAeLHd46LCImqkfGNEZvhA==', 'exUserId': '1831065', 'expireDate': 1690129809000, 'hideCopyright': False, 'logoutConfig': {'logOutToSso': False, 'serverName': None, 'ssoType': None}, 'memberId': 1668022, 'openConnectorList': [], 'openPluginList': [2, 3, 6, 7, 8, 9, 13, 14, 15, 16, 17, 25, 26, 27, 28, 29, 33, 34, 35, 36, 37, 38, 39, 42, 43, 44, 45, -2, 32], 'permissionStatus': None, 'pluginClickList': [], 'pluginLimitDetail': {'dashAllVisiableLimit': 4, 'dashAllVisiableNum': 0}, 'publicAccessAuthVO': {'beingAttachmentQuestion': False, 'beingPublicLink': False}, 'remark': '767676568@qq.com', 'showContact': True, 'trial': True, 'trialDays': '0', 'trialNotice': True, 'type': 'normal', 'useScheduledSync': False, 'watermarkConfig': {'showDate': False, 'showDeparts': False, 'showExUserId': False, 'showName': True, 'showPhoneNumber': False, 'showWsName': False}, 'wsDomain': None, 'wsFunction': 'platform', 'wsId': 418771, 'wsLimitDetail': {'canDashNum': -1, 'canFormNum': -1, 'canPackageNum': -1, 'currentDashNum': -1, 'currentFormNum': -1, 'currentPackageNum': -1}, 'wsName': '767676568@qq.comÁöÑÂ∑•‰ΩúÂå∫'}, 'mobile': '767676568', 'nickName': '767676568@qq.com', 'npsCollect': False, 'promoCode': '989858eed', 'randomEmail': False, 'recordedNewGuidePop': [], 'showProcessPersonal': False, 'signatureUrl': None, 'source': 'home_home', 'status': None, 'uid': 1831065}, 'userSecurityVO': {'authMethod': 0, 'beingUninitialized': False}}
{'beingInvited': False, 'corpName': None, 'loginToken': None, 'openId': None, 'token': 'b55a7b52-700b-424b-8942-69ee001bebe2', 'userInfo': {'beingBlackEmail': False, 'beingExpand': None, 'beingInvited': False, 'beingLangFollowBrowser': True, 'beingOldVersion': None, 'beingPrivacyPolicy': True, 'beingSandBoxSuperAdmin': False, 'collectUserInfo': None, 'createTime': None, 'csShow': True, 'desktopRemind': True, 'email': '767676568@qq.com', 'firstLogin': None, 'grayLimit': 50, 'graySpecify': False, 'grayType': 1, 'havePassword': True, 'headImg': None, 'lang': None, 'lastWsInfo': {'accepted': None, 'accountLevel': 40, 'auth': 2, 'beingCustomizedAppSync': None, 'beingHideHelpDocument': False, 'beingSandbox': False, 'beingWatermark': False, 'biAuth': 'SUPER', 'canWorkWx': False, 'contactEnableNum': 1, 'contactNum': 1, 'departs': [], 'dynamic': None, 'exId': 'tAeLHd46LCImqkfGNEZvhA==', 'exUserId': '1831065', 'expireDate': 1690129809000, 'hideCopyright': False, 'logoutConfig': {'logOutToSso': False, 'serverName': None, 'ssoType': None}, 'memberId': 1668022, 'openConnectorList': [], 'openPluginList': [2, 3, 6, 7, 8, 9, 13, 14, 15, 16, 17, 25, 26, 27, 28, 29, 33, 34, 35, 36, 37, 38, 39, 42, 43, 44, 45, -2, 32], 'permissionStatus': None, 'pluginClickList': [], 'pluginLimitDetail': {'dashAllVisiableLimit': 4, 'dashAllVisiableNum': 0}, 'publicAccessAuthVO': {'beingAttachmentQuestion': False, 'beingPublicLink': False}, 'remark': '767676568@qq.com', 'showContact': True, 'trial': True, 'trialDays': '0', 'trialNotice': True, 'type': 'normal', 'useScheduledSync': False, 'watermarkConfig': {'showDate': False, 'showDeparts': False, 'showExUserId': False, 'showName': True, 'showPhoneNumber': False, 'showWsName': False}, 'wsDomain': None, 'wsFunction': 'platform', 'wsId': 418771, 'wsLimitDetail': {'canDashNum': -1, 'canFormNum': -1, 'canPackageNum': -1, 'currentDashNum': -1, 'currentFormNum': -1, 'currentPackageNum': -1}, 'wsName': '767676568@qq.comÁöÑÂ∑•‰ΩúÂå∫'}, 'mobile': '767676568', 'nickName': '767676568@qq.com', 'npsCollect': False, 'promoCode': '989858eed', 'randomEmail': False, 'recordedNewGuidePop': [], 'showProcessPersonal': False, 'signatureUrl': None, 'source': 'home_home', 'status': None, 'uid': 1831065}, 'userSecurityVO': {'authMethod': 0, 'beingUninitialized': False}}
118.25.243.250 - - [09/Jul/2023 00:30:09] "POST /mointor HTTP/1.1" 200 -
91.191.209.202 - - [09/Jul/2023 04:07:28] code 400, message Bad HTTP/0.9 request type ('\x03\x00\x00/*√†\x00\x00\x00\x00\x00Cookie:')
91.191.209.202 - - [09/Jul/2023 04:07:28] "[35m[1m  /*√†     Cookie: mstshash=Administr[0m" HTTPStatus.BAD_REQUEST -
449
124.221.203.147 - - [09/Jul/2023 10:00:56] "GET /?password=wsj HTTP/1.1" 200 -
449
[2023-07-09 10:22:00,312] ERROR in app: Exception on / [GET]
Traceback (most recent call last):
  File "/usr/local/lib64/python3.6/site-packages/flask/app.py", line 2073, in wsgi_app
    response = self.full_dispatch_request()
  File "/usr/local/lib64/python3.6/site-packages/flask/app.py", line 1519, in full_dispatch_request
    return self.finalize_request(rv)
  File "/usr/local/lib64/python3.6/site-packages/flask/app.py", line 1538, in finalize_request
    response = self.make_response(rv)
  File "/usr/local/lib64/python3.6/site-packages/flask/app.py", line 1702, in make_response
    f"The view function for {request.endpoint!r} did not"
TypeError: The view function for 'result' did not return a valid response. The function either returned None or ended without a return statement.
167.248.133.35 - - [09/Jul/2023 10:22:00] "[35m[1mGET / HTTP/1.1[0m" 500 -
167.248.133.35 - - [09/Jul/2023 10:22:00] code 505, message Invalid HTTP version (2.0)
167.248.133.35 - - [09/Jul/2023 10:22:00] "[35m[1mPRI * HTTP/2.0[0m" HTTPStatus.HTTP_VERSION_NOT_SUPPORTED -
((449, datetime.datetime(2023, 7, 9, 0, 30, 9), 1, 120),)
569
yibukaishi
767676569@qq.com
767676569
{'beingInvited': False, 'corpName': None, 'loginToken': None, 'openId': None, 'token': '82f6c958-5847-4530-a5c6-d960491c9bb5', 'userInfo': {'beingBlackEmail': False, 'beingExpand': None, 'beingInvited': False, 'beingLangFollowBrowser': True, 'beingOldVersion': None, 'beingPrivacyPolicy': True, 'beingSandBoxSuperAdmin': False, 'collectUserInfo': None, 'createTime': None, 'csShow': True, 'desktopRemind': True, 'email': '767676569@qq.com', 'firstLogin': None, 'grayLimit': 59, 'graySpecify': False, 'grayType': 1, 'havePassword': True, 'headImg': None, 'lang': None, 'lastWsInfo': {'accepted': None, 'accountLevel': 40, 'auth': 2, 'beingCustomizedAppSync': None, 'beingHideHelpDocument': False, 'beingSandbox': False, 'beingWatermark': False, 'biAuth': 'SUPER', 'canWorkWx': False, 'contactEnableNum': 1, 'contactNum': 1, 'departs': [], 'dynamic': None, 'exId': 'tAeLHd46LCJfAWCT8oXLXA==', 'exUserId': '1831672', 'expireDate': 1690214456000, 'hideCopyright': False, 'logoutConfig': {'logOutToSso': False, 'serverName': None, 'ssoType': None}, 'memberId': 1668274, 'openConnectorList': [], 'openPluginList': [2, 3, 6, 7, 8, 9, 13, 14, 15, 16, 17, 25, 26, 27, 28, 29, 33, 34, 35, 36, 37, 38, 39, 42, 43, 44, 45, -2, 32], 'permissionStatus': None, 'pluginClickList': [], 'pluginLimitDetail': {'dashAllVisiableLimit': 4, 'dashAllVisiableNum': 0}, 'publicAccessAuthVO': {'beingAttachmentQuestion': False, 'beingPublicLink': False}, 'remark': '767676569@qq.com', 'showContact': True, 'trial': True, 'trialDays': '0', 'trialNotice': True, 'type': 'normal', 'useScheduledSync': False, 'watermarkConfig': {'showDate': False, 'showDeparts': False, 'showExUserId': False, 'showName': True, 'showPhoneNumber': False, 'showWsName': False}, 'wsDomain': None, 'wsFunction': 'platform', 'wsId': 418961, 'wsLimitDetail': {'canDashNum': -1, 'canFormNum': -1, 'canPackageNum': -1, 'currentDashNum': -1, 'currentFormNum': -1, 'currentPackageNum': -1}, 'wsName': '767676569@qq.comÁöÑÂ∑•‰ΩúÂå∫'}, 'mobile': '767676569', 'nickName': '767676569@qq.com', 'npsCollect': False, 'promoCode': '0b2a131a4', 'randomEmail': False, 'recordedNewGuidePop': [], 'showProcessPersonal': False, 'signatureUrl': None, 'source': 'home_home', 'status': None, 'uid': 1831672}, 'userSecurityVO': {'authMethod': 0, 'beingUninitialized': False}}
{'beingInvited': False, 'corpName': None, 'loginToken': None, 'openId': None, 'token': '82f6c958-5847-4530-a5c6-d960491c9bb5', 'userInfo': {'beingBlackEmail': False, 'beingExpand': None, 'beingInvited': False, 'beingLangFollowBrowser': True, 'beingOldVersion': None, 'beingPrivacyPolicy': True, 'beingSandBoxSuperAdmin': False, 'collectUserInfo': None, 'createTime': None, 'csShow': True, 'desktopRemind': True, 'email': '767676569@qq.com', 'firstLogin': None, 'grayLimit': 59, 'graySpecify': False, 'grayType': 1, 'havePassword': True, 'headImg': None, 'lang': None, 'lastWsInfo': {'accepted': None, 'accountLevel': 40, 'auth': 2, 'beingCustomizedAppSync': None, 'beingHideHelpDocument': False, 'beingSandbox': False, 'beingWatermark': False, 'biAuth': 'SUPER', 'canWorkWx': False, 'contactEnableNum': 1, 'contactNum': 1, 'departs': [], 'dynamic': None, 'exId': 'tAeLHd46LCJfAWCT8oXLXA==', 'exUserId': '1831672', 'expireDate': 1690214456000, 'hideCopyright': False, 'logoutConfig': {'logOutToSso': False, 'serverName': None, 'ssoType': None}, 'memberId': 1668274, 'openConnectorList': [], 'openPluginList': [2, 3, 6, 7, 8, 9, 13, 14, 15, 16, 17, 25, 26, 27, 28, 29, 33, 34, 35, 36, 37, 38, 39, 42, 43, 44, 45, -2, 32], 'permissionStatus': None, 'pluginClickList': [], 'pluginLimitDetail': {'dashAllVisiableLimit': 4, 'dashAllVisiableNum': 0}, 'publicAccessAuthVO': {'beingAttachmentQuestion': False, 'beingPublicLink': False}, 'remark': '767676569@qq.com', 'showContact': True, 'trial': True, 'trialDays': '0', 'trialNotice': True, 'type': 'normal', 'useScheduledSync': False, 'watermarkConfig': {'showDate': False, 'showDeparts': False, 'showExUserId': False, 'showName': True, 'showPhoneNumber': False, 'showWsName': False}, 'wsDomain': None, 'wsFunction': 'platform', 'wsId': 418961, 'wsLimitDetail': {'canDashNum': -1, 'canFormNum': -1, 'canPackageNum': -1, 'currentDashNum': -1, 'currentFormNum': -1, 'currentPackageNum': -1}, 'wsName': '767676569@qq.comÁöÑÂ∑•‰ΩúÂå∫'}, 'mobile': '767676569', 'nickName': '767676569@qq.com', 'npsCollect': False, 'promoCode': '0b2a131a4', 'randomEmail': False, 'recordedNewGuidePop': [], 'showProcessPersonal': False, 'signatureUrl': None, 'source': 'home_home', 'status': None, 'uid': 1831672}, 'userSecurityVO': {'authMethod': 0, 'beingUninitialized': False}}
118.25.243.250 - - [10/Jul/2023 00:00:56] "POST /mointor HTTP/1.1" 200 -
((450, datetime.datetime(2023, 7, 10, 0, 0, 56), 1, 120),)
570
yibukaishi
767676570@qq.com
767676570
{'beingInvited': False, 'corpName': None, 'loginToken': None, 'openId': None, 'token': 'e10ac6ea-e00a-4e6c-ae6e-51ed1f7df42a', 'userInfo': {'beingBlackEmail': False, 'beingExpand': None, 'beingInvited': False, 'beingLangFollowBrowser': True, 'beingOldVersion': None, 'beingPrivacyPolicy': True, 'beingSandBoxSuperAdmin': False, 'collectUserInfo': None, 'createTime': None, 'csShow': True, 'desktopRemind': True, 'email': '767676570@qq.com', 'firstLogin': None, 'grayLimit': 1, 'graySpecify': False, 'grayType': 1, 'havePassword': True, 'headImg': None, 'lang': None, 'lastWsInfo': {'accepted': None, 'accountLevel': 40, 'auth': 2, 'beingCustomizedAppSync': None, 'beingHideHelpDocument': False, 'beingSandbox': False, 'beingWatermark': False, 'biAuth': 'SUPER', 'canWorkWx': False, 'contactEnableNum': 1, 'contactNum': 1, 'departs': [], 'dynamic': None, 'exId': 'tAeLHd46LCIq5bGxv5jG+Q==', 'exUserId': '1831679', 'expireDate': 1690216210000, 'hideCopyright': False, 'logoutConfig': {'logOutToSso': False, 'serverName': None, 'ssoType': None}, 'memberId': 1668279, 'openConnectorList': [], 'openPluginList': [2, 3, 6, 7, 8, 9, 13, 14, 15, 16, 17, 25, 26, 27, 28, 29, 33, 34, 35, 36, 37, 38, 39, 42, 43, 44, 45, -2, 32], 'permissionStatus': None, 'pluginClickList': [], 'pluginLimitDetail': {'dashAllVisiableLimit': 4, 'dashAllVisiableNum': 0}, 'publicAccessAuthVO': {'beingAttachmentQuestion': False, 'beingPublicLink': False}, 'remark': '767676570@qq.com', 'showContact': True, 'trial': True, 'trialDays': '0', 'trialNotice': True, 'type': 'normal', 'useScheduledSync': False, 'watermarkConfig': {'showDate': False, 'showDeparts': False, 'showExUserId': False, 'showName': True, 'showPhoneNumber': False, 'showWsName': False}, 'wsDomain': None, 'wsFunction': 'platform', 'wsId': 418966, 'wsLimitDetail': {'canDashNum': -1, 'canFormNum': -1, 'canPackageNum': -1, 'currentDashNum': -1, 'currentFormNum': -1, 'currentPackageNum': -1}, 'wsName': '767676570@qq.comÁöÑÂ∑•‰ΩúÂå∫'}, 'mobile': '767676570', 'nickName': '767676570@qq.com', 'npsCollect': False, 'promoCode': 'a184d2cdd', 'randomEmail': False, 'recordedNewGuidePop': [], 'showProcessPersonal': False, 'signatureUrl': None, 'source': 'home_home', 'status': None, 'uid': 1831679}, 'userSecurityVO': {'authMethod': 0, 'beingUninitialized': False}}
{'beingInvited': False, 'corpName': None, 'loginToken': None, 'openId': None, 'token': 'e10ac6ea-e00a-4e6c-ae6e-51ed1f7df42a', 'userInfo': {'beingBlackEmail': False, 'beingExpand': None, 'beingInvited': False, 'beingLangFollowBrowser': True, 'beingOldVersion': None, 'beingPrivacyPolicy': True, 'beingSandBoxSuperAdmin': False, 'collectUserInfo': None, 'createTime': None, 'csShow': True, 'desktopRemind': True, 'email': '767676570@qq.com', 'firstLogin': None, 'grayLimit': 1, 'graySpecify': False, 'grayType': 1, 'havePassword': True, 'headImg': None, 'lang': None, 'lastWsInfo': {'accepted': None, 'accountLevel': 40, 'auth': 2, 'beingCustomizedAppSync': None, 'beingHideHelpDocument': False, 'beingSandbox': False, 'beingWatermark': False, 'biAuth': 'SUPER', 'canWorkWx': False, 'contactEnableNum': 1, 'contactNum': 1, 'departs': [], 'dynamic': None, 'exId': 'tAeLHd46LCIq5bGxv5jG+Q==', 'exUserId': '1831679', 'expireDate': 1690216210000, 'hideCopyright': False, 'logoutConfig': {'logOutToSso': False, 'serverName': None, 'ssoType': None}, 'memberId': 1668279, 'openConnectorList': [], 'openPluginList': [2, 3, 6, 7, 8, 9, 13, 14, 15, 16, 17, 25, 26, 27, 28, 29, 33, 34, 35, 36, 37, 38, 39, 42, 43, 44, 45, -2, 32], 'permissionStatus': None, 'pluginClickList': [], 'pluginLimitDetail': {'dashAllVisiableLimit': 4, 'dashAllVisiableNum': 0}, 'publicAccessAuthVO': {'beingAttachmentQuestion': False, 'beingPublicLink': False}, 'remark': '767676570@qq.com', 'showContact': True, 'trial': True, 'trialDays': '0', 'trialNotice': True, 'type': 'normal', 'useScheduledSync': False, 'watermarkConfig': {'showDate': False, 'showDeparts': False, 'showExUserId': False, 'showName': True, 'showPhoneNumber': False, 'showWsName': False}, 'wsDomain': None, 'wsFunction': 'platform', 'wsId': 418966, 'wsLimitDetail': {'canDashNum': -1, 'canFormNum': -1, 'canPackageNum': -1, 'currentDashNum': -1, 'currentFormNum': -1, 'currentPackageNum': -1}, 'wsName': '767676570@qq.comÁöÑÂ∑•‰ΩúÂå∫'}, 'mobile': '767676570', 'nickName': '767676570@qq.com', 'npsCollect': False, 'promoCode': 'a184d2cdd', 'randomEmail': False, 'recordedNewGuidePop': [], 'showProcessPersonal': False, 'signatureUrl': None, 'source': 'home_home', 'status': None, 'uid': 1831679}, 'userSecurityVO': {'authMethod': 0, 'beingUninitialized': False}}
118.25.243.250 - - [10/Jul/2023 00:30:10] "POST /mointor HTTP/1.1" 200 -
89.248.163.212 - - [10/Jul/2023 00:48:23] code 400, message Bad HTTP/0.9 request type ('\x03\x00\x00/*√†\x00\x00\x00\x00\x00Cookie:')
89.248.163.212 - - [10/Jul/2023 00:48:23] "[35m[1m  /*√†     Cookie: mstshash=Administr[0m" HTTPStatus.BAD_REQUEST -
89.248.163.212 - - [10/Jul/2023 03:39:26] code 400, message Bad HTTP/0.9 request type ('\x03\x00\x00/*√†\x00\x00\x00\x00\x00Cookie:')
89.248.163.212 - - [10/Jul/2023 03:39:26] "[35m[1m  /*√†     Cookie: mstshash=Administr[0m" HTTPStatus.BAD_REQUEST -
52.83.91.65 - - [10/Jul/2023 07:14:08] code 400, message Bad request syntax ('333766643833656338616434363333643963363962386536653538383937393235613033653338636434')
52.83.91.65 - - [10/Jul/2023 07:14:08] "[35m[1m333766643833656338616434363333643963363962386536653538383937393235613033653338636434[0m" HTTPStatus.BAD_REQUEST -
451
112.64.186.108 - - [10/Jul/2023 09:26:32] "GET /?password=wsj HTTP/1.1" 200 -
451
124.221.203.147 - - [10/Jul/2023 10:00:57] "GET /?password=wsj HTTP/1.1" 200 -
((451, datetime.datetime(2023, 7, 10, 0, 30, 10), 1, 120),)
571
yibukaishi
767676571@qq.com
767676571
{'beingInvited': False, 'corpName': None, 'loginToken': None, 'openId': None, 'token': '83034052-00bd-44c6-9403-bb4ec68ec50b', 'userInfo': {'beingBlackEmail': False, 'beingExpand': None, 'beingInvited': False, 'beingLangFollowBrowser': True, 'beingOldVersion': None, 'beingPrivacyPolicy': True, 'beingSandBoxSuperAdmin': False, 'collectUserInfo': None, 'createTime': None, 'csShow': True, 'desktopRemind': True, 'email': '767676571@qq.com', 'firstLogin': None, 'grayLimit': 59, 'graySpecify': False, 'grayType': 1, 'havePassword': True, 'headImg': None, 'lang': None, 'lastWsInfo': {'accepted': None, 'accountLevel': 40, 'auth': 2, 'beingCustomizedAppSync': None, 'beingHideHelpDocument': False, 'beingSandbox': False, 'beingWatermark': False, 'biAuth': 'SUPER', 'canWorkWx': False, 'contactEnableNum': 1, 'contactNum': 1, 'departs': [], 'dynamic': None, 'exId': 'tAeLHd46LCKWy+VW9zuGOw==', 'exUserId': '1833174', 'expireDate': 1690293631000, 'hideCopyright': False, 'logoutConfig': {'logOutToSso': False, 'serverName': None, 'ssoType': None}, 'memberId': 1669657, 'openConnectorList': [], 'openPluginList': [2, 3, 6, 7, 8, 9, 13, 14, 15, 16, 17, 25, 26, 27, 28, 29, 33, 34, 35, 36, 37, 38, 39, 42, 43, 44, 45, -2, 32], 'permissionStatus': None, 'pluginClickList': [], 'pluginLimitDetail': {'dashAllVisiableLimit': 4, 'dashAllVisiableNum': 0}, 'publicAccessAuthVO': {'beingAttachmentQuestion': False, 'beingPublicLink': False}, 'remark': '767676571@qq.com', 'showContact': True, 'trial': True, 'trialDays': '0', 'trialNotice': True, 'type': 'normal', 'useScheduledSync': False, 'watermarkConfig': {'showDate': False, 'showDeparts': False, 'showExUserId': False, 'showName': True, 'showPhoneNumber': False, 'showWsName': False}, 'wsDomain': None, 'wsFunction': 'platform', 'wsId': 419412, 'wsLimitDetail': {'canDashNum': -1, 'canFormNum': -1, 'canPackageNum': -1, 'currentDashNum': -1, 'currentFormNum': -1, 'currentPackageNum': -1}, 'wsName': '767676571@qq.comÁöÑÂ∑•‰ΩúÂå∫'}, 'mobile': '767676571', 'nickName': '767676571@qq.com', 'npsCollect': False, 'promoCode': '27bd9f596', 'randomEmail': False, 'recordedNewGuidePop': [], 'showProcessPersonal': False, 'signatureUrl': None, 'source': 'home_home', 'status': None, 'uid': 1833174}, 'userSecurityVO': {'authMethod': 0, 'beingUninitialized': False}}
{'beingInvited': False, 'corpName': None, 'loginToken': None, 'openId': None, 'token': '83034052-00bd-44c6-9403-bb4ec68ec50b', 'userInfo': {'beingBlackEmail': False, 'beingExpand': None, 'beingInvited': False, 'beingLangFollowBrowser': True, 'beingOldVersion': None, 'beingPrivacyPolicy': True, 'beingSandBoxSuperAdmin': False, 'collectUserInfo': None, 'createTime': None, 'csShow': True, 'desktopRemind': True, 'email': '767676571@qq.com', 'firstLogin': None, 'grayLimit': 59, 'graySpecify': False, 'grayType': 1, 'havePassword': True, 'headImg': None, 'lang': None, 'lastWsInfo': {'accepted': None, 'accountLevel': 40, 'auth': 2, 'beingCustomizedAppSync': None, 'beingHideHelpDocument': False, 'beingSandbox': False, 'beingWatermark': False, 'biAuth': 'SUPER', 'canWorkWx': False, 'contactEnableNum': 1, 'contactNum': 1, 'departs': [], 'dynamic': None, 'exId': 'tAeLHd46LCKWy+VW9zuGOw==', 'exUserId': '1833174', 'expireDate': 1690293631000, 'hideCopyright': False, 'logoutConfig': {'logOutToSso': False, 'serverName': None, 'ssoType': None}, 'memberId': 1669657, 'openConnectorList': [], 'openPluginList': [2, 3, 6, 7, 8, 9, 13, 14, 15, 16, 17, 25, 26, 27, 28, 29, 33, 34, 35, 36, 37, 38, 39, 42, 43, 44, 45, -2, 32], 'permissionStatus': None, 'pluginClickList': [], 'pluginLimitDetail': {'dashAllVisiableLimit': 4, 'dashAllVisiableNum': 0}, 'publicAccessAuthVO': {'beingAttachmentQuestion': False, 'beingPublicLink': False}, 'remark': '767676571@qq.com', 'showContact': True, 'trial': True, 'trialDays': '0', 'trialNotice': True, 'type': 'normal', 'useScheduledSync': False, 'watermarkConfig': {'showDate': False, 'showDeparts': False, 'showExUserId': False, 'showName': True, 'showPhoneNumber': False, 'showWsName': False}, 'wsDomain': None, 'wsFunction': 'platform', 'wsId': 419412, 'wsLimitDetail': {'canDashNum': -1, 'canFormNum': -1, 'canPackageNum': -1, 'currentDashNum': -1, 'currentFormNum': -1, 'currentPackageNum': -1}, 'wsName': '767676571@qq.comÁöÑÂ∑•‰ΩúÂå∫'}, 'mobile': '767676571', 'nickName': '767676571@qq.com', 'npsCollect': False, 'promoCode': '27bd9f596', 'randomEmail': False, 'recordedNewGuidePop': [], 'showProcessPersonal': False, 'signatureUrl': None, 'source': 'home_home', 'status': None, 'uid': 1833174}, 'userSecurityVO': {'authMethod': 0, 'beingUninitialized': False}}
118.25.243.250 - - [10/Jul/2023 22:00:31] "POST /mointor HTTP/1.1" 200 -
((452, datetime.datetime(2023, 7, 10, 22, 0, 31), 1, 120),)
572
yibukaishi
767676572@qq.com
767676572
{'beingInvited': False, 'corpName': None, 'loginToken': None, 'openId': None, 'token': '8aa47389-9626-479b-8c65-a086d9e9e523', 'userInfo': {'beingBlackEmail': False, 'beingExpand': None, 'beingInvited': False, 'beingLangFollowBrowser': True, 'beingOldVersion': None, 'beingPrivacyPolicy': True, 'beingSandBoxSuperAdmin': False, 'collectUserInfo': None, 'createTime': None, 'csShow': True, 'desktopRemind': True, 'email': '767676572@qq.com', 'firstLogin': None, 'grayLimit': 86, 'graySpecify': False, 'grayType': 1, 'havePassword': True, 'headImg': None, 'lang': None, 'lastWsInfo': {'accepted': None, 'accountLevel': 40, 'auth': 2, 'beingCustomizedAppSync': None, 'beingHideHelpDocument': False, 'beingSandbox': False, 'beingWatermark': False, 'biAuth': 'SUPER', 'canWorkWx': False, 'contactEnableNum': 1, 'contactNum': 1, 'departs': [], 'dynamic': None, 'exId': 'tAeLHd46LCJNsZ5zVEvRLw==', 'exUserId': '1833202', 'expireDate': 1690297241000, 'hideCopyright': False, 'logoutConfig': {'logOutToSso': False, 'serverName': None, 'ssoType': None}, 'memberId': 1669680, 'openConnectorList': [], 'openPluginList': [2, 3, 6, 7, 8, 9, 13, 14, 15, 16, 17, 25, 26, 27, 28, 29, 33, 34, 35, 36, 37, 38, 39, 42, 43, 44, 45, -2, 32], 'permissionStatus': None, 'pluginClickList': [], 'pluginLimitDetail': {'dashAllVisiableLimit': 4, 'dashAllVisiableNum': 0}, 'publicAccessAuthVO': {'beingAttachmentQuestion': False, 'beingPublicLink': False}, 'remark': '767676572@qq.com', 'showContact': True, 'trial': True, 'trialDays': '0', 'trialNotice': True, 'type': 'normal', 'useScheduledSync': False, 'watermarkConfig': {'showDate': False, 'showDeparts': False, 'showExUserId': False, 'showName': True, 'showPhoneNumber': False, 'showWsName': False}, 'wsDomain': None, 'wsFunction': 'platform', 'wsId': 419426, 'wsLimitDetail': {'canDashNum': -1, 'canFormNum': -1, 'canPackageNum': -1, 'currentDashNum': -1, 'currentFormNum': -1, 'currentPackageNum': -1}, 'wsName': '767676572@qq.comÁöÑÂ∑•‰ΩúÂå∫'}, 'mobile': '767676572', 'nickName': '767676572@qq.com', 'npsCollect': False, 'promoCode': '4a2e2272e', 'randomEmail': False, 'recordedNewGuidePop': [], 'showProcessPersonal': False, 'signatureUrl': None, 'source': 'home_home', 'status': None, 'uid': 1833202}, 'userSecurityVO': {'authMethod': 0, 'beingUninitialized': False}}
{'beingInvited': False, 'corpName': None, 'loginToken': None, 'openId': None, 'token': '8aa47389-9626-479b-8c65-a086d9e9e523', 'userInfo': {'beingBlackEmail': False, 'beingExpand': None, 'beingInvited': False, 'beingLangFollowBrowser': True, 'beingOldVersion': None, 'beingPrivacyPolicy': True, 'beingSandBoxSuperAdmin': False, 'collectUserInfo': None, 'createTime': None, 'csShow': True, 'desktopRemind': True, 'email': '767676572@qq.com', 'firstLogin': None, 'grayLimit': 86, 'graySpecify': False, 'grayType': 1, 'havePassword': True, 'headImg': None, 'lang': None, 'lastWsInfo': {'accepted': None, 'accountLevel': 40, 'auth': 2, 'beingCustomizedAppSync': None, 'beingHideHelpDocument': False, 'beingSandbox': False, 'beingWatermark': False, 'biAuth': 'SUPER', 'canWorkWx': False, 'contactEnableNum': 1, 'contactNum': 1, 'departs': [], 'dynamic': None, 'exId': 'tAeLHd46LCJNsZ5zVEvRLw==', 'exUserId': '1833202', 'expireDate': 1690297241000, 'hideCopyright': False, 'logoutConfig': {'logOutToSso': False, 'serverName': None, 'ssoType': None}, 'memberId': 1669680, 'openConnectorList': [], 'openPluginList': [2, 3, 6, 7, 8, 9, 13, 14, 15, 16, 17, 25, 26, 27, 28, 29, 33, 34, 35, 36, 37, 38, 39, 42, 43, 44, 45, -2, 32], 'permissionStatus': None, 'pluginClickList': [], 'pluginLimitDetail': {'dashAllVisiableLimit': 4, 'dashAllVisiableNum': 0}, 'publicAccessAuthVO': {'beingAttachmentQuestion': False, 'beingPublicLink': False}, 'remark': '767676572@qq.com', 'showContact': True, 'trial': True, 'trialDays': '0', 'trialNotice': True, 'type': 'normal', 'useScheduledSync': False, 'watermarkConfig': {'showDate': False, 'showDeparts': False, 'showExUserId': False, 'showName': True, 'showPhoneNumber': False, 'showWsName': False}, 'wsDomain': None, 'wsFunction': 'platform', 'wsId': 419426, 'wsLimitDetail': {'canDashNum': -1, 'canFormNum': -1, 'canPackageNum': -1, 'currentDashNum': -1, 'currentFormNum': -1, 'currentPackageNum': -1}, 'wsName': '767676572@qq.comÁöÑÂ∑•‰ΩúÂå∫'}, 'mobile': '767676572', 'nickName': '767676572@qq.com', 'npsCollect': False, 'promoCode': '4a2e2272e', 'randomEmail': False, 'recordedNewGuidePop': [], 'showProcessPersonal': False, 'signatureUrl': None, 'source': 'home_home', 'status': None, 'uid': 1833202}, 'userSecurityVO': {'authMethod': 0, 'beingUninitialized': False}}
118.25.243.250 - - [10/Jul/2023 23:00:41] "POST /mointor HTTP/1.1" 200 -
((453, datetime.datetime(2023, 7, 10, 23, 0, 41), 1, 120),)
573
yibukaishi
767676573@qq.com
767676573
{'beingInvited': False, 'corpName': None, 'loginToken': None, 'openId': None, 'token': '50a57c31-d17a-4a43-93d4-98e43bcd1440', 'userInfo': {'beingBlackEmail': False, 'beingExpand': None, 'beingInvited': False, 'beingLangFollowBrowser': True, 'beingOldVersion': None, 'beingPrivacyPolicy': True, 'beingSandBoxSuperAdmin': False, 'collectUserInfo': None, 'createTime': None, 'csShow': True, 'desktopRemind': True, 'email': '767676573@qq.com', 'firstLogin': None, 'grayLimit': 19, 'graySpecify': False, 'grayType': 1, 'havePassword': True, 'headImg': None, 'lang': None, 'lastWsInfo': {'accepted': None, 'accountLevel': 40, 'auth': 2, 'beingCustomizedAppSync': None, 'beingHideHelpDocument': False, 'beingSandbox': False, 'beingWatermark': False, 'biAuth': 'SUPER', 'canWorkWx': False, 'contactEnableNum': 1, 'contactNum': 1, 'departs': [], 'dynamic': None, 'exId': 'tAeLHd46LCIhUK2u1Hn5hA==', 'exUserId': '1833217', 'expireDate': 1690300844000, 'hideCopyright': False, 'logoutConfig': {'logOutToSso': False, 'serverName': None, 'ssoType': None}, 'memberId': 1669695, 'openConnectorList': [], 'openPluginList': [2, 3, 6, 7, 8, 9, 13, 14, 15, 16, 17, 25, 26, 27, 28, 29, 33, 34, 35, 36, 37, 38, 39, 42, 43, 44, 45, -2, 32], 'permissionStatus': None, 'pluginClickList': [], 'pluginLimitDetail': {'dashAllVisiableLimit': 4, 'dashAllVisiableNum': 0}, 'publicAccessAuthVO': {'beingAttachmentQuestion': False, 'beingPublicLink': False}, 'remark': '767676573@qq.com', 'showContact': True, 'trial': True, 'trialDays': '0', 'trialNotice': True, 'type': 'normal', 'useScheduledSync': False, 'watermarkConfig': {'showDate': False, 'showDeparts': False, 'showExUserId': False, 'showName': True, 'showPhoneNumber': False, 'showWsName': False}, 'wsDomain': None, 'wsFunction': 'platform', 'wsId': 419437, 'wsLimitDetail': {'canDashNum': -1, 'canFormNum': -1, 'canPackageNum': -1, 'currentDashNum': -1, 'currentFormNum': -1, 'currentPackageNum': -1}, 'wsName': '767676573@qq.comÁöÑÂ∑•‰ΩúÂå∫'}, 'mobile': '767676573', 'nickName': '767676573@qq.com', 'npsCollect': False, 'promoCode': '14d4612f8', 'randomEmail': False, 'recordedNewGuidePop': [], 'showProcessPersonal': False, 'signatureUrl': None, 'source': 'home_home', 'status': None, 'uid': 1833217}, 'userSecurityVO': {'authMethod': 0, 'beingUninitialized': False}}
{'beingInvited': False, 'corpName': None, 'loginToken': None, 'openId': None, 'token': '50a57c31-d17a-4a43-93d4-98e43bcd1440', 'userInfo': {'beingBlackEmail': False, 'beingExpand': None, 'beingInvited': False, 'beingLangFollowBrowser': True, 'beingOldVersion': None, 'beingPrivacyPolicy': True, 'beingSandBoxSuperAdmin': False, 'collectUserInfo': None, 'createTime': None, 'csShow': True, 'desktopRemind': True, 'email': '767676573@qq.com', 'firstLogin': None, 'grayLimit': 19, 'graySpecify': False, 'grayType': 1, 'havePassword': True, 'headImg': None, 'lang': None, 'lastWsInfo': {'accepted': None, 'accountLevel': 40, 'auth': 2, 'beingCustomizedAppSync': None, 'beingHideHelpDocument': False, 'beingSandbox': False, 'beingWatermark': False, 'biAuth': 'SUPER', 'canWorkWx': False, 'contactEnableNum': 1, 'contactNum': 1, 'departs': [], 'dynamic': None, 'exId': 'tAeLHd46LCIhUK2u1Hn5hA==', 'exUserId': '1833217', 'expireDate': 1690300844000, 'hideCopyright': False, 'logoutConfig': {'logOutToSso': False, 'serverName': None, 'ssoType': None}, 'memberId': 1669695, 'openConnectorList': [], 'openPluginList': [2, 3, 6, 7, 8, 9, 13, 14, 15, 16, 17, 25, 26, 27, 28, 29, 33, 34, 35, 36, 37, 38, 39, 42, 43, 44, 45, -2, 32], 'permissionStatus': None, 'pluginClickList': [], 'pluginLimitDetail': {'dashAllVisiableLimit': 4, 'dashAllVisiableNum': 0}, 'publicAccessAuthVO': {'beingAttachmentQuestion': False, 'beingPublicLink': False}, 'remark': '767676573@qq.com', 'showContact': True, 'trial': True, 'trialDays': '0', 'trialNotice': True, 'type': 'normal', 'useScheduledSync': False, 'watermarkConfig': {'showDate': False, 'showDeparts': False, 'showExUserId': False, 'showName': True, 'showPhoneNumber': False, 'showWsName': False}, 'wsDomain': None, 'wsFunction': 'platform', 'wsId': 419437, 'wsLimitDetail': {'canDashNum': -1, 'canFormNum': -1, 'canPackageNum': -1, 'currentDashNum': -1, 'currentFormNum': -1, 'currentPackageNum': -1}, 'wsName': '767676573@qq.comÁöÑÂ∑•‰ΩúÂå∫'}, 'mobile': '767676573', 'nickName': '767676573@qq.com', 'npsCollect': False, 'promoCode': '14d4612f8', 'randomEmail': False, 'recordedNewGuidePop': [], 'showProcessPersonal': False, 'signatureUrl': None, 'source': 'home_home', 'status': None, 'uid': 1833217}, 'userSecurityVO': {'authMethod': 0, 'beingUninitialized': False}}
118.25.243.250 - - [11/Jul/2023 00:00:44] "POST /mointor HTTP/1.1" 200 -
((454, datetime.datetime(2023, 7, 11, 0, 0, 44), 1, 120),)
574
yibukaishi
767676574@qq.com
767676574
{'beingInvited': False, 'corpName': None, 'loginToken': None, 'openId': None, 'token': 'bdc32dba-c26a-4c74-8a96-759e6bb6fadf', 'userInfo': {'beingBlackEmail': False, 'beingExpand': None, 'beingInvited': False, 'beingLangFollowBrowser': True, 'beingOldVersion': None, 'beingPrivacyPolicy': True, 'beingSandBoxSuperAdmin': False, 'collectUserInfo': None, 'createTime': None, 'csShow': True, 'desktopRemind': True, 'email': '767676574@qq.com', 'firstLogin': None, 'grayLimit': 18, 'graySpecify': False, 'grayType': 1, 'havePassword': True, 'headImg': None, 'lang': None, 'lastWsInfo': {'accepted': None, 'accountLevel': 40, 'auth': 2, 'beingCustomizedAppSync': None, 'beingHideHelpDocument': False, 'beingSandbox': False, 'beingWatermark': False, 'biAuth': 'SUPER', 'canWorkWx': False, 'contactEnableNum': 1, 'contactNum': 1, 'departs': [], 'dynamic': None, 'exId': 'tAeLHd46LCIZhLYfIYiVEw==', 'exUserId': '1833225', 'expireDate': 1690302609000, 'hideCopyright': False, 'logoutConfig': {'logOutToSso': False, 'serverName': None, 'ssoType': None}, 'memberId': 1669701, 'openConnectorList': [], 'openPluginList': [2, 3, 6, 7, 8, 9, 13, 14, 15, 16, 17, 25, 26, 27, 28, 29, 33, 34, 35, 36, 37, 38, 39, 42, 43, 44, 45, -2, 32], 'permissionStatus': None, 'pluginClickList': [], 'pluginLimitDetail': {'dashAllVisiableLimit': 4, 'dashAllVisiableNum': 0}, 'publicAccessAuthVO': {'beingAttachmentQuestion': False, 'beingPublicLink': False}, 'remark': '767676574@qq.com', 'showContact': True, 'trial': True, 'trialDays': '0', 'trialNotice': True, 'type': 'normal', 'useScheduledSync': False, 'watermarkConfig': {'showDate': False, 'showDeparts': False, 'showExUserId': False, 'showName': True, 'showPhoneNumber': False, 'showWsName': False}, 'wsDomain': None, 'wsFunction': 'platform', 'wsId': 419443, 'wsLimitDetail': {'canDashNum': -1, 'canFormNum': -1, 'canPackageNum': -1, 'currentDashNum': -1, 'currentFormNum': -1, 'currentPackageNum': -1}, 'wsName': '767676574@qq.comÁöÑÂ∑•‰ΩúÂå∫'}, 'mobile': '767676574', 'nickName': '767676574@qq.com', 'npsCollect': False, 'promoCode': 'bd4d3b2f3', 'randomEmail': False, 'recordedNewGuidePop': [], 'showProcessPersonal': False, 'signatureUrl': None, 'source': 'home_home', 'status': None, 'uid': 1833225}, 'userSecurityVO': {'authMethod': 0, 'beingUninitialized': False}}
{'beingInvited': False, 'corpName': None, 'loginToken': None, 'openId': None, 'token': 'bdc32dba-c26a-4c74-8a96-759e6bb6fadf', 'userInfo': {'beingBlackEmail': False, 'beingExpand': None, 'beingInvited': False, 'beingLangFollowBrowser': True, 'beingOldVersion': None, 'beingPrivacyPolicy': True, 'beingSandBoxSuperAdmin': False, 'collectUserInfo': None, 'createTime': None, 'csShow': True, 'desktopRemind': True, 'email': '767676574@qq.com', 'firstLogin': None, 'grayLimit': 18, 'graySpecify': False, 'grayType': 1, 'havePassword': True, 'headImg': None, 'lang': None, 'lastWsInfo': {'accepted': None, 'accountLevel': 40, 'auth': 2, 'beingCustomizedAppSync': None, 'beingHideHelpDocument': False, 'beingSandbox': False, 'beingWatermark': False, 'biAuth': 'SUPER', 'canWorkWx': False, 'contactEnableNum': 1, 'contactNum': 1, 'departs': [], 'dynamic': None, 'exId': 'tAeLHd46LCIZhLYfIYiVEw==', 'exUserId': '1833225', 'expireDate': 1690302609000, 'hideCopyright': False, 'logoutConfig': {'logOutToSso': False, 'serverName': None, 'ssoType': None}, 'memberId': 1669701, 'openConnectorList': [], 'openPluginList': [2, 3, 6, 7, 8, 9, 13, 14, 15, 16, 17, 25, 26, 27, 28, 29, 33, 34, 35, 36, 37, 38, 39, 42, 43, 44, 45, -2, 32], 'permissionStatus': None, 'pluginClickList': [], 'pluginLimitDetail': {'dashAllVisiableLimit': 4, 'dashAllVisiableNum': 0}, 'publicAccessAuthVO': {'beingAttachmentQuestion': False, 'beingPublicLink': False}, 'remark': '767676574@qq.com', 'showContact': True, 'trial': True, 'trialDays': '0', 'trialNotice': True, 'type': 'normal', 'useScheduledSync': False, 'watermarkConfig': {'showDate': False, 'showDeparts': False, 'showExUserId': False, 'showName': True, 'showPhoneNumber': False, 'showWsName': False}, 'wsDomain': None, 'wsFunction': 'platform', 'wsId': 419443, 'wsLimitDetail': {'canDashNum': -1, 'canFormNum': -1, 'canPackageNum': -1, 'currentDashNum': -1, 'currentFormNum': -1, 'currentPackageNum': -1}, 'wsName': '767676574@qq.comÁöÑÂ∑•‰ΩúÂå∫'}, 'mobile': '767676574', 'nickName': '767676574@qq.com', 'npsCollect': False, 'promoCode': 'bd4d3b2f3', 'randomEmail': False, 'recordedNewGuidePop': [], 'showProcessPersonal': False, 'signatureUrl': None, 'source': 'home_home', 'status': None, 'uid': 1833225}, 'userSecurityVO': {'authMethod': 0, 'beingUninitialized': False}}
118.25.243.250 - - [11/Jul/2023 00:30:09] "POST /mointor HTTP/1.1" 200 -
455
[2023-07-11 02:28:33,372] ERROR in app: Exception on / [GET]
Traceback (most recent call last):
  File "/usr/local/lib64/python3.6/site-packages/flask/app.py", line 2073, in wsgi_app
    response = self.full_dispatch_request()
  File "/usr/local/lib64/python3.6/site-packages/flask/app.py", line 1519, in full_dispatch_request
    return self.finalize_request(rv)
  File "/usr/local/lib64/python3.6/site-packages/flask/app.py", line 1538, in finalize_request
    response = self.make_response(rv)
  File "/usr/local/lib64/python3.6/site-packages/flask/app.py", line 1702, in make_response
    f"The view function for {request.endpoint!r} did not"
TypeError: The view function for 'result' did not return a valid response. The function either returned None or ended without a return statement.
167.248.133.126 - - [11/Jul/2023 02:28:33] "[35m[1mGET / HTTP/1.1[0m" 500 -
167.248.133.126 - - [11/Jul/2023 02:28:33] code 505, message Invalid HTTP version (2.0)
167.248.133.126 - - [11/Jul/2023 02:28:33] "[35m[1mPRI * HTTP/2.0[0m" HTTPStatus.HTTP_VERSION_NOT_SUPPORTED -
123.160.221.17 - - [11/Jul/2023 02:43:24] code 400, message Bad request version ('√Ä\x13√Ä')
123.160.221.17 - - [11/Jul/2023 02:43:24] "[35m[1m √Æ  √™I¬≤√π¬º¬ôi√ÄY√ª√∏¬∫e-¬ÉUd]¬ç¬∑b8¬¥g√Ü√ù9dZ8f g√Å¬Åi¬≥√∂√≤√ã¬∞¬©N√ñ¬Ω¬ïg|p√º√©<Z¬°¬êT¬∑√©¬•8'O; &√Ä+√Ä/√Ä,√Ä0√å¬©√å¬®√Ä	√Ä√Ä[0m" HTTPStatus.BAD_REQUEST -
455
[2023-07-11 02:43:35,101] ERROR in app: Exception on / [GET]
Traceback (most recent call last):
  File "/usr/local/lib64/python3.6/site-packages/flask/app.py", line 2073, in wsgi_app
    response = self.full_dispatch_request()
  File "/usr/local/lib64/python3.6/site-packages/flask/app.py", line 1519, in full_dispatch_request
    return self.finalize_request(rv)
  File "/usr/local/lib64/python3.6/site-packages/flask/app.py", line 1538, in finalize_request
    response = self.make_response(rv)
  File "/usr/local/lib64/python3.6/site-packages/flask/app.py", line 1702, in make_response
    f"The view function for {request.endpoint!r} did not"
TypeError: The view function for 'result' did not return a valid response. The function either returned None or ended without a return statement.
123.160.221.17 - - [11/Jul/2023 02:43:35] "[35m[1mGET / HTTP/1.1[0m" 500 -
455
124.221.203.147 - - [11/Jul/2023 10:00:57] "GET /?password=wsj HTTP/1.1" 200 -
455
[2023-07-11 10:27:06,841] ERROR in app: Exception on / [GET]
Traceback (most recent call last):
  File "/usr/local/lib64/python3.6/site-packages/flask/app.py", line 2073, in wsgi_app
    response = self.full_dispatch_request()
  File "/usr/local/lib64/python3.6/site-packages/flask/app.py", line 1519, in full_dispatch_request
    return self.finalize_request(rv)
  File "/usr/local/lib64/python3.6/site-packages/flask/app.py", line 1538, in finalize_request
    response = self.make_response(rv)
  File "/usr/local/lib64/python3.6/site-packages/flask/app.py", line 1702, in make_response
    f"The view function for {request.endpoint!r} did not"
TypeError: The view function for 'result' did not return a valid response. The function either returned None or ended without a return statement.
36.99.136.128 - - [11/Jul/2023 10:27:06] "[35m[1mGET / HTTP/1.1[0m" 500 -
455
[2023-07-11 10:27:06,846] ERROR in app: Exception on / [GET]
Traceback (most recent call last):
  File "/usr/local/lib64/python3.6/site-packages/flask/app.py", line 2073, in wsgi_app
    response = self.full_dispatch_request()
  File "/usr/local/lib64/python3.6/site-packages/flask/app.py", line 1519, in full_dispatch_request
    return self.finalize_request(rv)
  File "/usr/local/lib64/python3.6/site-packages/flask/app.py", line 1538, in finalize_request
    response = self.make_response(rv)
  File "/usr/local/lib64/python3.6/site-packages/flask/app.py", line 1702, in make_response
    f"The view function for {request.endpoint!r} did not"
TypeError: The view function for 'result' did not return a valid response. The function either returned None or ended without a return statement.
36.99.136.129 - - [11/Jul/2023 10:27:06] "[35m[1mGET / HTTP/1.1[0m" 500 -
455
[2023-07-11 10:27:06,867] ERROR in app: Exception on / [GET]
Traceback (most recent call last):
  File "/usr/local/lib64/python3.6/site-packages/flask/app.py", line 2073, in wsgi_app
    response = self.full_dispatch_request()
  File "/usr/local/lib64/python3.6/site-packages/flask/app.py", line 1519, in full_dispatch_request
    return self.finalize_request(rv)
  File "/usr/local/lib64/python3.6/site-packages/flask/app.py", line 1538, in finalize_request
    response = self.make_response(rv)
  File "/usr/local/lib64/python3.6/site-packages/flask/app.py", line 1702, in make_response
    f"The view function for {request.endpoint!r} did not"
TypeError: The view function for 'result' did not return a valid response. The function either returned None or ended without a return statement.
111.7.96.155 - - [11/Jul/2023 10:27:06] "[35m[1mGET / HTTP/1.1[0m" 500 -
((455, datetime.datetime(2023, 7, 11, 0, 30, 9), 1, 120),)
575
yibukaishi
767676575@qq.com
767676575
{'beingInvited': False, 'corpName': None, 'loginToken': None, 'openId': None, 'token': '23ede799-777c-42a3-a2b7-5f6a940f08b8', 'userInfo': {'beingBlackEmail': False, 'beingExpand': None, 'beingInvited': False, 'beingLangFollowBrowser': True, 'beingOldVersion': None, 'beingPrivacyPolicy': True, 'beingSandBoxSuperAdmin': False, 'collectUserInfo': None, 'createTime': None, 'csShow': True, 'desktopRemind': True, 'email': '767676575@qq.com', 'firstLogin': None, 'grayLimit': 27, 'graySpecify': False, 'grayType': 1, 'havePassword': True, 'headImg': None, 'lang': None, 'lastWsInfo': {'accepted': None, 'accountLevel': 40, 'auth': 2, 'beingCustomizedAppSync': None, 'beingHideHelpDocument': False, 'beingSandbox': False, 'beingWatermark': False, 'biAuth': 'SUPER', 'canWorkWx': False, 'contactEnableNum': 1, 'contactNum': 1, 'departs': [], 'dynamic': None, 'exId': 'tAeLHd46LCJt1XmK0R3Tmg==', 'exUserId': '1834201', 'expireDate': 1690380031000, 'hideCopyright': False, 'logoutConfig': {'logOutToSso': False, 'serverName': None, 'ssoType': None}, 'memberId': 1670408, 'openConnectorList': [], 'openPluginList': [2, 3, 6, 7, 8, 9, 13, 14, 15, 16, 17, 25, 26, 27, 28, 29, 33, 34, 35, 36, 37, 38, 39, 42, 43, 44, 45, -2, 32], 'permissionStatus': None, 'pluginClickList': [], 'pluginLimitDetail': {'dashAllVisiableLimit': 4, 'dashAllVisiableNum': 0}, 'publicAccessAuthVO': {'beingAttachmentQuestion': False, 'beingPublicLink': False}, 'remark': '767676575@qq.com', 'showContact': True, 'trial': True, 'trialDays': '0', 'trialNotice': True, 'type': 'normal', 'useScheduledSync': False, 'watermarkConfig': {'showDate': False, 'showDeparts': False, 'showExUserId': False, 'showName': True, 'showPhoneNumber': False, 'showWsName': False}, 'wsDomain': None, 'wsFunction': 'platform', 'wsId': 419863, 'wsLimitDetail': {'canDashNum': -1, 'canFormNum': -1, 'canPackageNum': -1, 'currentDashNum': -1, 'currentFormNum': -1, 'currentPackageNum': -1}, 'wsName': '767676575@qq.comÁöÑÂ∑•‰ΩúÂå∫'}, 'mobile': '767676575', 'nickName': '767676575@qq.com', 'npsCollect': False, 'promoCode': '469f3292d', 'randomEmail': False, 'recordedNewGuidePop': [], 'showProcessPersonal': False, 'signatureUrl': None, 'source': 'home_home', 'status': None, 'uid': 1834201}, 'userSecurityVO': {'authMethod': 0, 'beingUninitialized': False}}
{'beingInvited': False, 'corpName': None, 'loginToken': None, 'openId': None, 'token': '23ede799-777c-42a3-a2b7-5f6a940f08b8', 'userInfo': {'beingBlackEmail': False, 'beingExpand': None, 'beingInvited': False, 'beingLangFollowBrowser': True, 'beingOldVersion': None, 'beingPrivacyPolicy': True, 'beingSandBoxSuperAdmin': False, 'collectUserInfo': None, 'createTime': None, 'csShow': True, 'desktopRemind': True, 'email': '767676575@qq.com', 'firstLogin': None, 'grayLimit': 27, 'graySpecify': False, 'grayType': 1, 'havePassword': True, 'headImg': None, 'lang': None, 'lastWsInfo': {'accepted': None, 'accountLevel': 40, 'auth': 2, 'beingCustomizedAppSync': None, 'beingHideHelpDocument': False, 'beingSandbox': False, 'beingWatermark': False, 'biAuth': 'SUPER', 'canWorkWx': False, 'contactEnableNum': 1, 'contactNum': 1, 'departs': [], 'dynamic': None, 'exId': 'tAeLHd46LCJt1XmK0R3Tmg==', 'exUserId': '1834201', 'expireDate': 1690380031000, 'hideCopyright': False, 'logoutConfig': {'logOutToSso': False, 'serverName': None, 'ssoType': None}, 'memberId': 1670408, 'openConnectorList': [], 'openPluginList': [2, 3, 6, 7, 8, 9, 13, 14, 15, 16, 17, 25, 26, 27, 28, 29, 33, 34, 35, 36, 37, 38, 39, 42, 43, 44, 45, -2, 32], 'permissionStatus': None, 'pluginClickList': [], 'pluginLimitDetail': {'dashAllVisiableLimit': 4, 'dashAllVisiableNum': 0}, 'publicAccessAuthVO': {'beingAttachmentQuestion': False, 'beingPublicLink': False}, 'remark': '767676575@qq.com', 'showContact': True, 'trial': True, 'trialDays': '0', 'trialNotice': True, 'type': 'normal', 'useScheduledSync': False, 'watermarkConfig': {'showDate': False, 'showDeparts': False, 'showExUserId': False, 'showName': True, 'showPhoneNumber': False, 'showWsName': False}, 'wsDomain': None, 'wsFunction': 'platform', 'wsId': 419863, 'wsLimitDetail': {'canDashNum': -1, 'canFormNum': -1, 'canPackageNum': -1, 'currentDashNum': -1, 'currentFormNum': -1, 'currentPackageNum': -1}, 'wsName': '767676575@qq.comÁöÑÂ∑•‰ΩúÂå∫'}, 'mobile': '767676575', 'nickName': '767676575@qq.com', 'npsCollect': False, 'promoCode': '469f3292d', 'randomEmail': False, 'recordedNewGuidePop': [], 'showProcessPersonal': False, 'signatureUrl': None, 'source': 'home_home', 'status': None, 'uid': 1834201}, 'userSecurityVO': {'authMethod': 0, 'beingUninitialized': False}}
118.25.243.250 - - [11/Jul/2023 22:00:31] "POST /mointor HTTP/1.1" 200 -
((456, datetime.datetime(2023, 7, 11, 22, 0, 31), 1, 120),)
576
yibukaishi
767676576@qq.com
767676576
{'beingInvited': False, 'corpName': None, 'loginToken': None, 'openId': None, 'token': '54368a22-8ff9-4510-955b-e8ebd94ff210', 'userInfo': {'beingBlackEmail': False, 'beingExpand': None, 'beingInvited': False, 'beingLangFollowBrowser': True, 'beingOldVersion': None, 'beingPrivacyPolicy': True, 'beingSandBoxSuperAdmin': False, 'collectUserInfo': None, 'createTime': None, 'csShow': True, 'desktopRemind': True, 'email': '767676576@qq.com', 'firstLogin': None, 'grayLimit': 32, 'graySpecify': False, 'grayType': 1, 'havePassword': True, 'headImg': None, 'lang': None, 'lastWsInfo': {'accepted': None, 'accountLevel': 40, 'auth': 2, 'beingCustomizedAppSync': None, 'beingHideHelpDocument': False, 'beingSandbox': False, 'beingWatermark': False, 'biAuth': 'SUPER', 'canWorkWx': False, 'contactEnableNum': 1, 'contactNum': 1, 'departs': [], 'dynamic': None, 'exId': 'tAeLHd46LCJdxPn2K+FmoA==', 'exUserId': '1834227', 'expireDate': 1690383641000, 'hideCopyright': False, 'logoutConfig': {'logOutToSso': False, 'serverName': None, 'ssoType': None}, 'memberId': 1670430, 'openConnectorList': [], 'openPluginList': [2, 3, 6, 7, 8, 9, 13, 14, 15, 16, 17, 25, 26, 27, 28, 29, 33, 34, 35, 36, 37, 38, 39, 42, 43, 44, 45, -2, 32], 'permissionStatus': None, 'pluginClickList': [], 'pluginLimitDetail': {'dashAllVisiableLimit': 4, 'dashAllVisiableNum': 0}, 'publicAccessAuthVO': {'beingAttachmentQuestion': False, 'beingPublicLink': False}, 'remark': '767676576@qq.com', 'showContact': True, 'trial': True, 'trialDays': '0', 'trialNotice': True, 'type': 'normal', 'useScheduledSync': False, 'watermarkConfig': {'showDate': False, 'showDeparts': False, 'showExUserId': False, 'showName': True, 'showPhoneNumber': False, 'showWsName': False}, 'wsDomain': None, 'wsFunction': 'platform', 'wsId': 419882, 'wsLimitDetail': {'canDashNum': -1, 'canFormNum': -1, 'canPackageNum': -1, 'currentDashNum': -1, 'currentFormNum': -1, 'currentPackageNum': -1}, 'wsName': '767676576@qq.comÁöÑÂ∑•‰ΩúÂå∫'}, 'mobile': '767676576', 'nickName': '767676576@qq.com', 'npsCollect': False, 'promoCode': 'aca588269', 'randomEmail': False, 'recordedNewGuidePop': [], 'showProcessPersonal': False, 'signatureUrl': None, 'source': 'home_home', 'status': None, 'uid': 1834227}, 'userSecurityVO': {'authMethod': 0, 'beingUninitialized': False}}
{'beingInvited': False, 'corpName': None, 'loginToken': None, 'openId': None, 'token': '54368a22-8ff9-4510-955b-e8ebd94ff210', 'userInfo': {'beingBlackEmail': False, 'beingExpand': None, 'beingInvited': False, 'beingLangFollowBrowser': True, 'beingOldVersion': None, 'beingPrivacyPolicy': True, 'beingSandBoxSuperAdmin': False, 'collectUserInfo': None, 'createTime': None, 'csShow': True, 'desktopRemind': True, 'email': '767676576@qq.com', 'firstLogin': None, 'grayLimit': 32, 'graySpecify': False, 'grayType': 1, 'havePassword': True, 'headImg': None, 'lang': None, 'lastWsInfo': {'accepted': None, 'accountLevel': 40, 'auth': 2, 'beingCustomizedAppSync': None, 'beingHideHelpDocument': False, 'beingSandbox': False, 'beingWatermark': False, 'biAuth': 'SUPER', 'canWorkWx': False, 'contactEnableNum': 1, 'contactNum': 1, 'departs': [], 'dynamic': None, 'exId': 'tAeLHd46LCJdxPn2K+FmoA==', 'exUserId': '1834227', 'expireDate': 1690383641000, 'hideCopyright': False, 'logoutConfig': {'logOutToSso': False, 'serverName': None, 'ssoType': None}, 'memberId': 1670430, 'openConnectorList': [], 'openPluginList': [2, 3, 6, 7, 8, 9, 13, 14, 15, 16, 17, 25, 26, 27, 28, 29, 33, 34, 35, 36, 37, 38, 39, 42, 43, 44, 45, -2, 32], 'permissionStatus': None, 'pluginClickList': [], 'pluginLimitDetail': {'dashAllVisiableLimit': 4, 'dashAllVisiableNum': 0}, 'publicAccessAuthVO': {'beingAttachmentQuestion': False, 'beingPublicLink': False}, 'remark': '767676576@qq.com', 'showContact': True, 'trial': True, 'trialDays': '0', 'trialNotice': True, 'type': 'normal', 'useScheduledSync': False, 'watermarkConfig': {'showDate': False, 'showDeparts': False, 'showExUserId': False, 'showName': True, 'showPhoneNumber': False, 'showWsName': False}, 'wsDomain': None, 'wsFunction': 'platform', 'wsId': 419882, 'wsLimitDetail': {'canDashNum': -1, 'canFormNum': -1, 'canPackageNum': -1, 'currentDashNum': -1, 'currentFormNum': -1, 'currentPackageNum': -1}, 'wsName': '767676576@qq.comÁöÑÂ∑•‰ΩúÂå∫'}, 'mobile': '767676576', 'nickName': '767676576@qq.com', 'npsCollect': False, 'promoCode': 'aca588269', 'randomEmail': False, 'recordedNewGuidePop': [], 'showProcessPersonal': False, 'signatureUrl': None, 'source': 'home_home', 'status': None, 'uid': 1834227}, 'userSecurityVO': {'authMethod': 0, 'beingUninitialized': False}}
118.25.243.250 - - [11/Jul/2023 23:00:41] "POST /mointor HTTP/1.1" 200 -
((457, datetime.datetime(2023, 7, 11, 23, 0, 41), 1, 120),)
577
yibukaishi
767676577@qq.com
767676577
{'beingInvited': False, 'corpName': None, 'loginToken': None, 'openId': None, 'token': 'd721dbe0-9557-4e07-96b6-8e00b97d2849', 'userInfo': {'beingBlackEmail': False, 'beingExpand': None, 'beingInvited': False, 'beingLangFollowBrowser': True, 'beingOldVersion': None, 'beingPrivacyPolicy': True, 'beingSandBoxSuperAdmin': False, 'collectUserInfo': None, 'createTime': None, 'csShow': True, 'desktopRemind': True, 'email': '767676577@qq.com', 'firstLogin': None, 'grayLimit': 47, 'graySpecify': False, 'grayType': 1, 'havePassword': True, 'headImg': None, 'lang': None, 'lastWsInfo': {'accepted': None, 'accountLevel': 40, 'auth': 2, 'beingCustomizedAppSync': None, 'beingHideHelpDocument': False, 'beingSandbox': False, 'beingWatermark': False, 'biAuth': 'SUPER', 'canWorkWx': False, 'contactEnableNum': 1, 'contactNum': 1, 'departs': [], 'dynamic': None, 'exId': 'tAeLHd46LCJMklOeYTQOjw==', 'exUserId': '1834252', 'expireDate': 1690387246000, 'hideCopyright': False, 'logoutConfig': {'logOutToSso': False, 'serverName': None, 'ssoType': None}, 'memberId': 1670448, 'openConnectorList': [], 'openPluginList': [2, 3, 6, 7, 8, 9, 13, 14, 15, 16, 17, 25, 26, 27, 28, 29, 33, 34, 35, 36, 37, 38, 39, 42, 43, 44, 45, -2, 32], 'permissionStatus': None, 'pluginClickList': [], 'pluginLimitDetail': {'dashAllVisiableLimit': 4, 'dashAllVisiableNum': 0}, 'publicAccessAuthVO': {'beingAttachmentQuestion': False, 'beingPublicLink': False}, 'remark': '767676577@qq.com', 'showContact': True, 'trial': True, 'trialDays': '0', 'trialNotice': True, 'type': 'normal', 'useScheduledSync': False, 'watermarkConfig': {'showDate': False, 'showDeparts': False, 'showExUserId': False, 'showName': True, 'showPhoneNumber': False, 'showWsName': False}, 'wsDomain': None, 'wsFunction': 'platform', 'wsId': 419899, 'wsLimitDetail': {'canDashNum': -1, 'canFormNum': -1, 'canPackageNum': -1, 'currentDashNum': -1, 'currentFormNum': -1, 'currentPackageNum': -1}, 'wsName': '767676577@qq.comÁöÑÂ∑•‰ΩúÂå∫'}, 'mobile': '767676577', 'nickName': '767676577@qq.com', 'npsCollect': False, 'promoCode': 'a98ddcdf8', 'randomEmail': False, 'recordedNewGuidePop': [], 'showProcessPersonal': False, 'signatureUrl': None, 'source': 'home_home', 'status': None, 'uid': 1834252}, 'userSecurityVO': {'authMethod': 0, 'beingUninitialized': False}}
{'beingInvited': False, 'corpName': None, 'loginToken': None, 'openId': None, 'token': 'd721dbe0-9557-4e07-96b6-8e00b97d2849', 'userInfo': {'beingBlackEmail': False, 'beingExpand': None, 'beingInvited': False, 'beingLangFollowBrowser': True, 'beingOldVersion': None, 'beingPrivacyPolicy': True, 'beingSandBoxSuperAdmin': False, 'collectUserInfo': None, 'createTime': None, 'csShow': True, 'desktopRemind': True, 'email': '767676577@qq.com', 'firstLogin': None, 'grayLimit': 47, 'graySpecify': False, 'grayType': 1, 'havePassword': True, 'headImg': None, 'lang': None, 'lastWsInfo': {'accepted': None, 'accountLevel': 40, 'auth': 2, 'beingCustomizedAppSync': None, 'beingHideHelpDocument': False, 'beingSandbox': False, 'beingWatermark': False, 'biAuth': 'SUPER', 'canWorkWx': False, 'contactEnableNum': 1, 'contactNum': 1, 'departs': [], 'dynamic': None, 'exId': 'tAeLHd46LCJMklOeYTQOjw==', 'exUserId': '1834252', 'expireDate': 1690387246000, 'hideCopyright': False, 'logoutConfig': {'logOutToSso': False, 'serverName': None, 'ssoType': None}, 'memberId': 1670448, 'openConnectorList': [], 'openPluginList': [2, 3, 6, 7, 8, 9, 13, 14, 15, 16, 17, 25, 26, 27, 28, 29, 33, 34, 35, 36, 37, 38, 39, 42, 43, 44, 45, -2, 32], 'permissionStatus': None, 'pluginClickList': [], 'pluginLimitDetail': {'dashAllVisiableLimit': 4, 'dashAllVisiableNum': 0}, 'publicAccessAuthVO': {'beingAttachmentQuestion': False, 'beingPublicLink': False}, 'remark': '767676577@qq.com', 'showContact': True, 'trial': True, 'trialDays': '0', 'trialNotice': True, 'type': 'normal', 'useScheduledSync': False, 'watermarkConfig': {'showDate': False, 'showDeparts': False, 'showExUserId': False, 'showName': True, 'showPhoneNumber': False, 'showWsName': False}, 'wsDomain': None, 'wsFunction': 'platform', 'wsId': 419899, 'wsLimitDetail': {'canDashNum': -1, 'canFormNum': -1, 'canPackageNum': -1, 'currentDashNum': -1, 'currentFormNum': -1, 'currentPackageNum': -1}, 'wsName': '767676577@qq.comÁöÑÂ∑•‰ΩúÂå∫'}, 'mobile': '767676577', 'nickName': '767676577@qq.com', 'npsCollect': False, 'promoCode': 'a98ddcdf8', 'randomEmail': False, 'recordedNewGuidePop': [], 'showProcessPersonal': False, 'signatureUrl': None, 'source': 'home_home', 'status': None, 'uid': 1834252}, 'userSecurityVO': {'authMethod': 0, 'beingUninitialized': False}}
118.25.243.250 - - [12/Jul/2023 00:00:46] "POST /mointor HTTP/1.1" 200 -
((458, datetime.datetime(2023, 7, 12, 0, 0, 46), 1, 120),)
578
yibukaishi
767676578@qq.com
767676578
{'beingInvited': False, 'corpName': None, 'loginToken': None, 'openId': None, 'token': '1b390ec0-e745-4f32-a4a7-3ff2b409a2ef', 'userInfo': {'beingBlackEmail': False, 'beingExpand': None, 'beingInvited': False, 'beingLangFollowBrowser': True, 'beingOldVersion': None, 'beingPrivacyPolicy': True, 'beingSandBoxSuperAdmin': False, 'collectUserInfo': None, 'createTime': None, 'csShow': True, 'desktopRemind': True, 'email': '767676578@qq.com', 'firstLogin': None, 'grayLimit': 61, 'graySpecify': False, 'grayType': 1, 'havePassword': True, 'headImg': None, 'lang': None, 'lastWsInfo': {'accepted': None, 'accountLevel': 40, 'auth': 2, 'beingCustomizedAppSync': None, 'beingHideHelpDocument': False, 'beingSandbox': False, 'beingWatermark': False, 'biAuth': 'SUPER', 'canWorkWx': False, 'contactEnableNum': 1, 'contactNum': 1, 'departs': [], 'dynamic': None, 'exId': 'tAeLHd46LCKxJAQG0NZXUQ==', 'exUserId': '1834254', 'expireDate': 1690389009000, 'hideCopyright': False, 'logoutConfig': {'logOutToSso': False, 'serverName': None, 'ssoType': None}, 'memberId': 1670450, 'openConnectorList': [], 'openPluginList': [2, 3, 6, 7, 8, 9, 13, 14, 15, 16, 17, 25, 26, 27, 28, 29, 33, 34, 35, 36, 37, 38, 39, 42, 43, 44, 45, -2, 32], 'permissionStatus': None, 'pluginClickList': [], 'pluginLimitDetail': {'dashAllVisiableLimit': 4, 'dashAllVisiableNum': 0}, 'publicAccessAuthVO': {'beingAttachmentQuestion': False, 'beingPublicLink': False}, 'remark': '767676578@qq.com', 'showContact': True, 'trial': True, 'trialDays': '0', 'trialNotice': True, 'type': 'normal', 'useScheduledSync': False, 'watermarkConfig': {'showDate': False, 'showDeparts': False, 'showExUserId': False, 'showName': True, 'showPhoneNumber': False, 'showWsName': False}, 'wsDomain': None, 'wsFunction': 'platform', 'wsId': 419901, 'wsLimitDetail': {'canDashNum': -1, 'canFormNum': -1, 'canPackageNum': -1, 'currentDashNum': -1, 'currentFormNum': -1, 'currentPackageNum': -1}, 'wsName': '767676578@qq.comÁöÑÂ∑•‰ΩúÂå∫'}, 'mobile': '767676578', 'nickName': '767676578@qq.com', 'npsCollect': False, 'promoCode': '5396cc48e', 'randomEmail': False, 'recordedNewGuidePop': [], 'showProcessPersonal': False, 'signatureUrl': None, 'source': 'home_home', 'status': None, 'uid': 1834254}, 'userSecurityVO': {'authMethod': 0, 'beingUninitialized': False}}
{'beingInvited': False, 'corpName': None, 'loginToken': None, 'openId': None, 'token': '1b390ec0-e745-4f32-a4a7-3ff2b409a2ef', 'userInfo': {'beingBlackEmail': False, 'beingExpand': None, 'beingInvited': False, 'beingLangFollowBrowser': True, 'beingOldVersion': None, 'beingPrivacyPolicy': True, 'beingSandBoxSuperAdmin': False, 'collectUserInfo': None, 'createTime': None, 'csShow': True, 'desktopRemind': True, 'email': '767676578@qq.com', 'firstLogin': None, 'grayLimit': 61, 'graySpecify': False, 'grayType': 1, 'havePassword': True, 'headImg': None, 'lang': None, 'lastWsInfo': {'accepted': None, 'accountLevel': 40, 'auth': 2, 'beingCustomizedAppSync': None, 'beingHideHelpDocument': False, 'beingSandbox': False, 'beingWatermark': False, 'biAuth': 'SUPER', 'canWorkWx': False, 'contactEnableNum': 1, 'contactNum': 1, 'departs': [], 'dynamic': None, 'exId': 'tAeLHd46LCKxJAQG0NZXUQ==', 'exUserId': '1834254', 'expireDate': 1690389009000, 'hideCopyright': False, 'logoutConfig': {'logOutToSso': False, 'serverName': None, 'ssoType': None}, 'memberId': 1670450, 'openConnectorList': [], 'openPluginList': [2, 3, 6, 7, 8, 9, 13, 14, 15, 16, 17, 25, 26, 27, 28, 29, 33, 34, 35, 36, 37, 38, 39, 42, 43, 44, 45, -2, 32], 'permissionStatus': None, 'pluginClickList': [], 'pluginLimitDetail': {'dashAllVisiableLimit': 4, 'dashAllVisiableNum': 0}, 'publicAccessAuthVO': {'beingAttachmentQuestion': False, 'beingPublicLink': False}, 'remark': '767676578@qq.com', 'showContact': True, 'trial': True, 'trialDays': '0', 'trialNotice': True, 'type': 'normal', 'useScheduledSync': False, 'watermarkConfig': {'showDate': False, 'showDeparts': False, 'showExUserId': False, 'showName': True, 'showPhoneNumber': False, 'showWsName': False}, 'wsDomain': None, 'wsFunction': 'platform', 'wsId': 419901, 'wsLimitDetail': {'canDashNum': -1, 'canFormNum': -1, 'canPackageNum': -1, 'currentDashNum': -1, 'currentFormNum': -1, 'currentPackageNum': -1}, 'wsName': '767676578@qq.comÁöÑÂ∑•‰ΩúÂå∫'}, 'mobile': '767676578', 'nickName': '767676578@qq.com', 'npsCollect': False, 'promoCode': '5396cc48e', 'randomEmail': False, 'recordedNewGuidePop': [], 'showProcessPersonal': False, 'signatureUrl': None, 'source': 'home_home', 'status': None, 'uid': 1834254}, 'userSecurityVO': {'authMethod': 0, 'beingUninitialized': False}}
118.25.243.250 - - [12/Jul/2023 00:30:09] "POST /mointor HTTP/1.1" 200 -
89.248.163.212 - - [12/Jul/2023 00:54:02] code 400, message Bad HTTP/0.9 request type ('\x03\x00\x00/*√†\x00\x00\x00\x00\x00Cookie:')
89.248.163.212 - - [12/Jul/2023 00:54:02] "[35m[1m  /*√†     Cookie: mstshash=Administr[0m" HTTPStatus.BAD_REQUEST -
459
[2023-07-12 08:00:13,076] ERROR in app: Exception on / [GET]
Traceback (most recent call last):
  File "/usr/local/lib64/python3.6/site-packages/flask/app.py", line 2073, in wsgi_app
    response = self.full_dispatch_request()
  File "/usr/local/lib64/python3.6/site-packages/flask/app.py", line 1519, in full_dispatch_request
    return self.finalize_request(rv)
  File "/usr/local/lib64/python3.6/site-packages/flask/app.py", line 1538, in finalize_request
    response = self.make_response(rv)
  File "/usr/local/lib64/python3.6/site-packages/flask/app.py", line 1702, in make_response
    f"The view function for {request.endpoint!r} did not"
TypeError: The view function for 'result' did not return a valid response. The function either returned None or ended without a return statement.
95.214.53.99 - - [12/Jul/2023 08:00:13] "[35m[1mGET / HTTP/1.1[0m" 500 -
459
112.64.186.108 - - [12/Jul/2023 10:00:38] "GET /?password=wsj HTTP/1.1" 200 -
459
124.221.203.147 - - [12/Jul/2023 10:00:56] "GET /?password=wsj HTTP/1.1" 200 -
((459, datetime.datetime(2023, 7, 12, 0, 30, 9), 1, 120),)
579
yibukaishi
767676579@qq.com
767676579
{'beingInvited': False, 'corpName': None, 'loginToken': None, 'openId': None, 'token': 'dfa44fd1-c4f6-4749-a01d-30e1f507e9a6', 'userInfo': {'beingBlackEmail': False, 'beingExpand': None, 'beingInvited': False, 'beingLangFollowBrowser': True, 'beingOldVersion': None, 'beingPrivacyPolicy': True, 'beingSandBoxSuperAdmin': False, 'collectUserInfo': None, 'createTime': None, 'csShow': True, 'desktopRemind': True, 'email': '767676579@qq.com', 'firstLogin': None, 'grayLimit': 84, 'graySpecify': False, 'grayType': 1, 'havePassword': True, 'headImg': None, 'lang': None, 'lastWsInfo': {'accepted': None, 'accountLevel': 40, 'auth': 2, 'beingCustomizedAppSync': None, 'beingHideHelpDocument': False, 'beingSandbox': False, 'beingWatermark': False, 'biAuth': 'SUPER', 'canWorkWx': False, 'contactEnableNum': 1, 'contactNum': 1, 'departs': [], 'dynamic': None, 'exId': 'tAeLHd46LCLvsKYRwO92kg==', 'exUserId': '1835355', 'expireDate': 1690466431000, 'hideCopyright': False, 'logoutConfig': {'logOutToSso': False, 'serverName': None, 'ssoType': None}, 'memberId': 1671324, 'openConnectorList': [], 'openPluginList': [2, 3, 6, 7, 8, 9, 13, 14, 15, 16, 17, 25, 26, 27, 28, 29, 33, 34, 35, 36, 37, 38, 39, 42, 43, 44, 45, -2, 32], 'permissionStatus': None, 'pluginClickList': [], 'pluginLimitDetail': {'dashAllVisiableLimit': 4, 'dashAllVisiableNum': 0}, 'publicAccessAuthVO': {'beingAttachmentQuestion': False, 'beingPublicLink': False}, 'remark': '767676579@qq.com', 'showContact': True, 'trial': True, 'trialDays': '0', 'trialNotice': True, 'type': 'normal', 'useScheduledSync': False, 'watermarkConfig': {'showDate': False, 'showDeparts': False, 'showExUserId': False, 'showName': True, 'showPhoneNumber': False, 'showWsName': False}, 'wsDomain': None, 'wsFunction': 'platform', 'wsId': 420373, 'wsLimitDetail': {'canDashNum': -1, 'canFormNum': -1, 'canPackageNum': -1, 'currentDashNum': -1, 'currentFormNum': -1, 'currentPackageNum': -1}, 'wsName': '767676579@qq.comÁöÑÂ∑•‰ΩúÂå∫'}, 'mobile': '767676579', 'nickName': '767676579@qq.com', 'npsCollect': False, 'promoCode': '9c7841f5e', 'randomEmail': False, 'recordedNewGuidePop': [], 'showProcessPersonal': False, 'signatureUrl': None, 'source': 'home_home', 'status': None, 'uid': 1835355}, 'userSecurityVO': {'authMethod': 0, 'beingUninitialized': False}}
{'beingInvited': False, 'corpName': None, 'loginToken': None, 'openId': None, 'token': 'dfa44fd1-c4f6-4749-a01d-30e1f507e9a6', 'userInfo': {'beingBlackEmail': False, 'beingExpand': None, 'beingInvited': False, 'beingLangFollowBrowser': True, 'beingOldVersion': None, 'beingPrivacyPolicy': True, 'beingSandBoxSuperAdmin': False, 'collectUserInfo': None, 'createTime': None, 'csShow': True, 'desktopRemind': True, 'email': '767676579@qq.com', 'firstLogin': None, 'grayLimit': 84, 'graySpecify': False, 'grayType': 1, 'havePassword': True, 'headImg': None, 'lang': None, 'lastWsInfo': {'accepted': None, 'accountLevel': 40, 'auth': 2, 'beingCustomizedAppSync': None, 'beingHideHelpDocument': False, 'beingSandbox': False, 'beingWatermark': False, 'biAuth': 'SUPER', 'canWorkWx': False, 'contactEnableNum': 1, 'contactNum': 1, 'departs': [], 'dynamic': None, 'exId': 'tAeLHd46LCLvsKYRwO92kg==', 'exUserId': '1835355', 'expireDate': 1690466431000, 'hideCopyright': False, 'logoutConfig': {'logOutToSso': False, 'serverName': None, 'ssoType': None}, 'memberId': 1671324, 'openConnectorList': [], 'openPluginList': [2, 3, 6, 7, 8, 9, 13, 14, 15, 16, 17, 25, 26, 27, 28, 29, 33, 34, 35, 36, 37, 38, 39, 42, 43, 44, 45, -2, 32], 'permissionStatus': None, 'pluginClickList': [], 'pluginLimitDetail': {'dashAllVisiableLimit': 4, 'dashAllVisiableNum': 0}, 'publicAccessAuthVO': {'beingAttachmentQuestion': False, 'beingPublicLink': False}, 'remark': '767676579@qq.com', 'showContact': True, 'trial': True, 'trialDays': '0', 'trialNotice': True, 'type': 'normal', 'useScheduledSync': False, 'watermarkConfig': {'showDate': False, 'showDeparts': False, 'showExUserId': False, 'showName': True, 'showPhoneNumber': False, 'showWsName': False}, 'wsDomain': None, 'wsFunction': 'platform', 'wsId': 420373, 'wsLimitDetail': {'canDashNum': -1, 'canFormNum': -1, 'canPackageNum': -1, 'currentDashNum': -1, 'currentFormNum': -1, 'currentPackageNum': -1}, 'wsName': '767676579@qq.comÁöÑÂ∑•‰ΩúÂå∫'}, 'mobile': '767676579', 'nickName': '767676579@qq.com', 'npsCollect': False, 'promoCode': '9c7841f5e', 'randomEmail': False, 'recordedNewGuidePop': [], 'showProcessPersonal': False, 'signatureUrl': None, 'source': 'home_home', 'status': None, 'uid': 1835355}, 'userSecurityVO': {'authMethod': 0, 'beingUninitialized': False}}
118.25.243.250 - - [12/Jul/2023 22:00:31] "POST /mointor HTTP/1.1" 200 -
((460, datetime.datetime(2023, 7, 12, 22, 0, 31), 1, 120),)
580
yibukaishi
767676580@qq.com
767676580
{'beingInvited': False, 'corpName': None, 'loginToken': None, 'openId': None, 'token': '5f2f684e-ac82-4a8a-9866-8ca951c76b92', 'userInfo': {'beingBlackEmail': False, 'beingExpand': None, 'beingInvited': False, 'beingLangFollowBrowser': True, 'beingOldVersion': None, 'beingPrivacyPolicy': True, 'beingSandBoxSuperAdmin': False, 'collectUserInfo': None, 'createTime': None, 'csShow': True, 'desktopRemind': True, 'email': '767676580@qq.com', 'firstLogin': None, 'grayLimit': 40, 'graySpecify': False, 'grayType': 1, 'havePassword': True, 'headImg': None, 'lang': None, 'lastWsInfo': {'accepted': None, 'accountLevel': 40, 'auth': 2, 'beingCustomizedAppSync': None, 'beingHideHelpDocument': False, 'beingSandbox': False, 'beingWatermark': False, 'biAuth': 'SUPER', 'canWorkWx': False, 'contactEnableNum': 1, 'contactNum': 1, 'departs': [], 'dynamic': None, 'exId': 'tAeLHd46LCJL7lcl+EABFg==', 'exUserId': '1835382', 'expireDate': 1690470041000, 'hideCopyright': False, 'logoutConfig': {'logOutToSso': False, 'serverName': None, 'ssoType': None}, 'memberId': 1671344, 'openConnectorList': [], 'openPluginList': [2, 3, 6, 7, 8, 9, 13, 14, 15, 16, 17, 25, 26, 27, 28, 29, 33, 34, 35, 36, 37, 38, 39, 42, 43, 44, 45, -2, 32], 'permissionStatus': None, 'pluginClickList': [], 'pluginLimitDetail': {'dashAllVisiableLimit': 4, 'dashAllVisiableNum': 0}, 'publicAccessAuthVO': {'beingAttachmentQuestion': False, 'beingPublicLink': False}, 'remark': '767676580@qq.com', 'showContact': True, 'trial': True, 'trialDays': '0', 'trialNotice': True, 'type': 'normal', 'useScheduledSync': False, 'watermarkConfig': {'showDate': False, 'showDeparts': False, 'showExUserId': False, 'showName': True, 'showPhoneNumber': False, 'showWsName': False}, 'wsDomain': None, 'wsFunction': 'platform', 'wsId': 420388, 'wsLimitDetail': {'canDashNum': -1, 'canFormNum': -1, 'canPackageNum': -1, 'currentDashNum': -1, 'currentFormNum': -1, 'currentPackageNum': -1}, 'wsName': '767676580@qq.comÁöÑÂ∑•‰ΩúÂå∫'}, 'mobile': '767676580', 'nickName': '767676580@qq.com', 'npsCollect': False, 'promoCode': 'aa8bd21b2', 'randomEmail': False, 'recordedNewGuidePop': [], 'showProcessPersonal': False, 'signatureUrl': None, 'source': 'home_home', 'status': None, 'uid': 1835382}, 'userSecurityVO': {'authMethod': 0, 'beingUninitialized': False}}
{'beingInvited': False, 'corpName': None, 'loginToken': None, 'openId': None, 'token': '5f2f684e-ac82-4a8a-9866-8ca951c76b92', 'userInfo': {'beingBlackEmail': False, 'beingExpand': None, 'beingInvited': False, 'beingLangFollowBrowser': True, 'beingOldVersion': None, 'beingPrivacyPolicy': True, 'beingSandBoxSuperAdmin': False, 'collectUserInfo': None, 'createTime': None, 'csShow': True, 'desktopRemind': True, 'email': '767676580@qq.com', 'firstLogin': None, 'grayLimit': 40, 'graySpecify': False, 'grayType': 1, 'havePassword': True, 'headImg': None, 'lang': None, 'lastWsInfo': {'accepted': None, 'accountLevel': 40, 'auth': 2, 'beingCustomizedAppSync': None, 'beingHideHelpDocument': False, 'beingSandbox': False, 'beingWatermark': False, 'biAuth': 'SUPER', 'canWorkWx': False, 'contactEnableNum': 1, 'contactNum': 1, 'departs': [], 'dynamic': None, 'exId': 'tAeLHd46LCJL7lcl+EABFg==', 'exUserId': '1835382', 'expireDate': 1690470041000, 'hideCopyright': False, 'logoutConfig': {'logOutToSso': False, 'serverName': None, 'ssoType': None}, 'memberId': 1671344, 'openConnectorList': [], 'openPluginList': [2, 3, 6, 7, 8, 9, 13, 14, 15, 16, 17, 25, 26, 27, 28, 29, 33, 34, 35, 36, 37, 38, 39, 42, 43, 44, 45, -2, 32], 'permissionStatus': None, 'pluginClickList': [], 'pluginLimitDetail': {'dashAllVisiableLimit': 4, 'dashAllVisiableNum': 0}, 'publicAccessAuthVO': {'beingAttachmentQuestion': False, 'beingPublicLink': False}, 'remark': '767676580@qq.com', 'showContact': True, 'trial': True, 'trialDays': '0', 'trialNotice': True, 'type': 'normal', 'useScheduledSync': False, 'watermarkConfig': {'showDate': False, 'showDeparts': False, 'showExUserId': False, 'showName': True, 'showPhoneNumber': False, 'showWsName': False}, 'wsDomain': None, 'wsFunction': 'platform', 'wsId': 420388, 'wsLimitDetail': {'canDashNum': -1, 'canFormNum': -1, 'canPackageNum': -1, 'currentDashNum': -1, 'currentFormNum': -1, 'currentPackageNum': -1}, 'wsName': '767676580@qq.comÁöÑÂ∑•‰ΩúÂå∫'}, 'mobile': '767676580', 'nickName': '767676580@qq.com', 'npsCollect': False, 'promoCode': 'aa8bd21b2', 'randomEmail': False, 'recordedNewGuidePop': [], 'showProcessPersonal': False, 'signatureUrl': None, 'source': 'home_home', 'status': None, 'uid': 1835382}, 'userSecurityVO': {'authMethod': 0, 'beingUninitialized': False}}
118.25.243.250 - - [12/Jul/2023 23:00:41] "POST /mointor HTTP/1.1" 200 -
((461, datetime.datetime(2023, 7, 12, 23, 0, 41), 1, 120),)
581
yibukaishi
767676581@qq.com
767676581
{'beingInvited': False, 'corpName': None, 'loginToken': None, 'openId': None, 'token': 'b23f7304-d335-43fa-923f-4fa7f60bf800', 'userInfo': {'beingBlackEmail': False, 'beingExpand': None, 'beingInvited': False, 'beingLangFollowBrowser': True, 'beingOldVersion': None, 'beingPrivacyPolicy': True, 'beingSandBoxSuperAdmin': False, 'collectUserInfo': None, 'createTime': None, 'csShow': True, 'desktopRemind': True, 'email': '767676581@qq.com', 'firstLogin': None, 'grayLimit': 10, 'graySpecify': False, 'grayType': 1, 'havePassword': True, 'headImg': None, 'lang': None, 'lastWsInfo': {'accepted': None, 'accountLevel': 40, 'auth': 2, 'beingCustomizedAppSync': None, 'beingHideHelpDocument': False, 'beingSandbox': False, 'beingWatermark': False, 'biAuth': 'SUPER', 'canWorkWx': False, 'contactEnableNum': 1, 'contactNum': 1, 'departs': [], 'dynamic': None, 'exId': 'tAeLHd46LCIAnnSw8kz+VA==', 'exUserId': '1835426', 'expireDate': 1690473641000, 'hideCopyright': False, 'logoutConfig': {'logOutToSso': False, 'serverName': None, 'ssoType': None}, 'memberId': 1671382, 'openConnectorList': [], 'openPluginList': [2, 3, 6, 7, 8, 9, 13, 14, 15, 16, 17, 25, 26, 27, 28, 29, 33, 34, 35, 36, 37, 38, 39, 42, 43, 44, 45, -2, 32], 'permissionStatus': None, 'pluginClickList': [], 'pluginLimitDetail': {'dashAllVisiableLimit': 4, 'dashAllVisiableNum': 0}, 'publicAccessAuthVO': {'beingAttachmentQuestion': False, 'beingPublicLink': False}, 'remark': '767676581@qq.com', 'showContact': True, 'trial': True, 'trialDays': '0', 'trialNotice': True, 'type': 'normal', 'useScheduledSync': False, 'watermarkConfig': {'showDate': False, 'showDeparts': False, 'showExUserId': False, 'showName': True, 'showPhoneNumber': False, 'showWsName': False}, 'wsDomain': None, 'wsFunction': 'platform', 'wsId': 420423, 'wsLimitDetail': {'canDashNum': -1, 'canFormNum': -1, 'canPackageNum': -1, 'currentDashNum': -1, 'currentFormNum': -1, 'currentPackageNum': -1}, 'wsName': '767676581@qq.comÁöÑÂ∑•‰ΩúÂå∫'}, 'mobile': '767676581', 'nickName': '767676581@qq.com', 'npsCollect': False, 'promoCode': 'cfb911556', 'randomEmail': False, 'recordedNewGuidePop': [], 'showProcessPersonal': False, 'signatureUrl': None, 'source': 'home_home', 'status': None, 'uid': 1835426}, 'userSecurityVO': {'authMethod': 0, 'beingUninitialized': False}}
{'beingInvited': False, 'corpName': None, 'loginToken': None, 'openId': None, 'token': 'b23f7304-d335-43fa-923f-4fa7f60bf800', 'userInfo': {'beingBlackEmail': False, 'beingExpand': None, 'beingInvited': False, 'beingLangFollowBrowser': True, 'beingOldVersion': None, 'beingPrivacyPolicy': True, 'beingSandBoxSuperAdmin': False, 'collectUserInfo': None, 'createTime': None, 'csShow': True, 'desktopRemind': True, 'email': '767676581@qq.com', 'firstLogin': None, 'grayLimit': 10, 'graySpecify': False, 'grayType': 1, 'havePassword': True, 'headImg': None, 'lang': None, 'lastWsInfo': {'accepted': None, 'accountLevel': 40, 'auth': 2, 'beingCustomizedAppSync': None, 'beingHideHelpDocument': False, 'beingSandbox': False, 'beingWatermark': False, 'biAuth': 'SUPER', 'canWorkWx': False, 'contactEnableNum': 1, 'contactNum': 1, 'departs': [], 'dynamic': None, 'exId': 'tAeLHd46LCIAnnSw8kz+VA==', 'exUserId': '1835426', 'expireDate': 1690473641000, 'hideCopyright': False, 'logoutConfig': {'logOutToSso': False, 'serverName': None, 'ssoType': None}, 'memberId': 1671382, 'openConnectorList': [], 'openPluginList': [2, 3, 6, 7, 8, 9, 13, 14, 15, 16, 17, 25, 26, 27, 28, 29, 33, 34, 35, 36, 37, 38, 39, 42, 43, 44, 45, -2, 32], 'permissionStatus': None, 'pluginClickList': [], 'pluginLimitDetail': {'dashAllVisiableLimit': 4, 'dashAllVisiableNum': 0}, 'publicAccessAuthVO': {'beingAttachmentQuestion': False, 'beingPublicLink': False}, 'remark': '767676581@qq.com', 'showContact': True, 'trial': True, 'trialDays': '0', 'trialNotice': True, 'type': 'normal', 'useScheduledSync': False, 'watermarkConfig': {'showDate': False, 'showDeparts': False, 'showExUserId': False, 'showName': True, 'showPhoneNumber': False, 'showWsName': False}, 'wsDomain': None, 'wsFunction': 'platform', 'wsId': 420423, 'wsLimitDetail': {'canDashNum': -1, 'canFormNum': -1, 'canPackageNum': -1, 'currentDashNum': -1, 'currentFormNum': -1, 'currentPackageNum': -1}, 'wsName': '767676581@qq.comÁöÑÂ∑•‰ΩúÂå∫'}, 'mobile': '767676581', 'nickName': '767676581@qq.com', 'npsCollect': False, 'promoCode': 'cfb911556', 'randomEmail': False, 'recordedNewGuidePop': [], 'showProcessPersonal': False, 'signatureUrl': None, 'source': 'home_home', 'status': None, 'uid': 1835426}, 'userSecurityVO': {'authMethod': 0, 'beingUninitialized': False}}
118.25.243.250 - - [13/Jul/2023 00:00:41] "POST /mointor HTTP/1.1" 200 -
((462, datetime.datetime(2023, 7, 13, 0, 0, 41), 1, 120),)
582
yibukaishi
767676582@qq.com
767676582
{'beingInvited': False, 'corpName': None, 'loginToken': None, 'openId': None, 'token': 'e8a41e70-42c9-4cac-ad96-c8e0083e18c5', 'userInfo': {'beingBlackEmail': False, 'beingExpand': None, 'beingInvited': False, 'beingLangFollowBrowser': True, 'beingOldVersion': None, 'beingPrivacyPolicy': True, 'beingSandBoxSuperAdmin': False, 'collectUserInfo': None, 'createTime': None, 'csShow': True, 'desktopRemind': True, 'email': '767676582@qq.com', 'firstLogin': None, 'grayLimit': 65, 'graySpecify': False, 'grayType': 1, 'havePassword': True, 'headImg': None, 'lang': None, 'lastWsInfo': {'accepted': None, 'accountLevel': 40, 'auth': 2, 'beingCustomizedAppSync': None, 'beingHideHelpDocument': False, 'beingSandbox': False, 'beingWatermark': False, 'biAuth': 'SUPER', 'canWorkWx': False, 'contactEnableNum': 1, 'contactNum': 1, 'departs': [], 'dynamic': None, 'exId': 'tAeLHd46LCK393yPg8XBHA==', 'exUserId': '1835434', 'expireDate': 1690475409000, 'hideCopyright': False, 'logoutConfig': {'logOutToSso': False, 'serverName': None, 'ssoType': None}, 'memberId': 1671386, 'openConnectorList': [], 'openPluginList': [2, 3, 6, 7, 8, 9, 13, 14, 15, 16, 17, 25, 26, 27, 28, 29, 33, 34, 35, 36, 37, 38, 39, 42, 43, 44, 45, -2, 32], 'permissionStatus': None, 'pluginClickList': [], 'pluginLimitDetail': {'dashAllVisiableLimit': 4, 'dashAllVisiableNum': 0}, 'publicAccessAuthVO': {'beingAttachmentQuestion': False, 'beingPublicLink': False}, 'remark': '767676582@qq.com', 'showContact': True, 'trial': True, 'trialDays': '0', 'trialNotice': True, 'type': 'normal', 'useScheduledSync': False, 'watermarkConfig': {'showDate': False, 'showDeparts': False, 'showExUserId': False, 'showName': True, 'showPhoneNumber': False, 'showWsName': False}, 'wsDomain': None, 'wsFunction': 'platform', 'wsId': 420427, 'wsLimitDetail': {'canDashNum': -1, 'canFormNum': -1, 'canPackageNum': -1, 'currentDashNum': -1, 'currentFormNum': -1, 'currentPackageNum': -1}, 'wsName': '767676582@qq.comÁöÑÂ∑•‰ΩúÂå∫'}, 'mobile': '767676582', 'nickName': '767676582@qq.com', 'npsCollect': False, 'promoCode': 'bb5a8fb98', 'randomEmail': False, 'recordedNewGuidePop': [], 'showProcessPersonal': False, 'signatureUrl': None, 'source': 'home_home', 'status': None, 'uid': 1835434}, 'userSecurityVO': {'authMethod': 0, 'beingUninitialized': False}}
{'beingInvited': False, 'corpName': None, 'loginToken': None, 'openId': None, 'token': 'e8a41e70-42c9-4cac-ad96-c8e0083e18c5', 'userInfo': {'beingBlackEmail': False, 'beingExpand': None, 'beingInvited': False, 'beingLangFollowBrowser': True, 'beingOldVersion': None, 'beingPrivacyPolicy': True, 'beingSandBoxSuperAdmin': False, 'collectUserInfo': None, 'createTime': None, 'csShow': True, 'desktopRemind': True, 'email': '767676582@qq.com', 'firstLogin': None, 'grayLimit': 65, 'graySpecify': False, 'grayType': 1, 'havePassword': True, 'headImg': None, 'lang': None, 'lastWsInfo': {'accepted': None, 'accountLevel': 40, 'auth': 2, 'beingCustomizedAppSync': None, 'beingHideHelpDocument': False, 'beingSandbox': False, 'beingWatermark': False, 'biAuth': 'SUPER', 'canWorkWx': False, 'contactEnableNum': 1, 'contactNum': 1, 'departs': [], 'dynamic': None, 'exId': 'tAeLHd46LCK393yPg8XBHA==', 'exUserId': '1835434', 'expireDate': 1690475409000, 'hideCopyright': False, 'logoutConfig': {'logOutToSso': False, 'serverName': None, 'ssoType': None}, 'memberId': 1671386, 'openConnectorList': [], 'openPluginList': [2, 3, 6, 7, 8, 9, 13, 14, 15, 16, 17, 25, 26, 27, 28, 29, 33, 34, 35, 36, 37, 38, 39, 42, 43, 44, 45, -2, 32], 'permissionStatus': None, 'pluginClickList': [], 'pluginLimitDetail': {'dashAllVisiableLimit': 4, 'dashAllVisiableNum': 0}, 'publicAccessAuthVO': {'beingAttachmentQuestion': False, 'beingPublicLink': False}, 'remark': '767676582@qq.com', 'showContact': True, 'trial': True, 'trialDays': '0', 'trialNotice': True, 'type': 'normal', 'useScheduledSync': False, 'watermarkConfig': {'showDate': False, 'showDeparts': False, 'showExUserId': False, 'showName': True, 'showPhoneNumber': False, 'showWsName': False}, 'wsDomain': None, 'wsFunction': 'platform', 'wsId': 420427, 'wsLimitDetail': {'canDashNum': -1, 'canFormNum': -1, 'canPackageNum': -1, 'currentDashNum': -1, 'currentFormNum': -1, 'currentPackageNum': -1}, 'wsName': '767676582@qq.comÁöÑÂ∑•‰ΩúÂå∫'}, 'mobile': '767676582', 'nickName': '767676582@qq.com', 'npsCollect': False, 'promoCode': 'bb5a8fb98', 'randomEmail': False, 'recordedNewGuidePop': [], 'showProcessPersonal': False, 'signatureUrl': None, 'source': 'home_home', 'status': None, 'uid': 1835434}, 'userSecurityVO': {'authMethod': 0, 'beingUninitialized': False}}
118.25.243.250 - - [13/Jul/2023 00:30:09] "POST /mointor HTTP/1.1" 200 -
111.7.96.149 - - [13/Jul/2023 04:19:40] code 400, message Bad request version ('√Ä\x13√Ä')
111.7.96.149 - - [13/Jul/2023 04:19:40] "[35m[1m √Æ  √™I¬≤√π¬º¬ôi√ÄY√ª√∏¬∫e-¬ÉUd]¬ç¬∑b8¬¥g√Ü√ù9dZ8f g√Å¬Åi¬≥√∂√≤√ã¬∞¬©N√ñ¬Ω¬ïg|p√º√©<Z¬°¬êT¬∑√©¬•8'O; &√Ä+√Ä/√Ä,√Ä0√å¬©√å¬®√Ä	√Ä√Ä[0m" HTTPStatus.BAD_REQUEST -
463
[2023-07-13 04:19:50,899] ERROR in app: Exception on / [GET]
Traceback (most recent call last):
  File "/usr/local/lib64/python3.6/site-packages/flask/app.py", line 2073, in wsgi_app
    response = self.full_dispatch_request()
  File "/usr/local/lib64/python3.6/site-packages/flask/app.py", line 1519, in full_dispatch_request
    return self.finalize_request(rv)
  File "/usr/local/lib64/python3.6/site-packages/flask/app.py", line 1538, in finalize_request
    response = self.make_response(rv)
  File "/usr/local/lib64/python3.6/site-packages/flask/app.py", line 1702, in make_response
    f"The view function for {request.endpoint!r} did not"
TypeError: The view function for 'result' did not return a valid response. The function either returned None or ended without a return statement.
111.7.96.149 - - [13/Jul/2023 04:19:50] "[35m[1mGET / HTTP/1.1[0m" 500 -
463
[2023-07-13 07:09:01,389] ERROR in app: Exception on / [GET]
Traceback (most recent call last):
  File "/usr/local/lib64/python3.6/site-packages/flask/app.py", line 2073, in wsgi_app
    response = self.full_dispatch_request()
  File "/usr/local/lib64/python3.6/site-packages/flask/app.py", line 1519, in full_dispatch_request
    return self.finalize_request(rv)
  File "/usr/local/lib64/python3.6/site-packages/flask/app.py", line 1538, in finalize_request
    response = self.make_response(rv)
  File "/usr/local/lib64/python3.6/site-packages/flask/app.py", line 1702, in make_response
    f"The view function for {request.endpoint!r} did not"
TypeError: The view function for 'result' did not return a valid response. The function either returned None or ended without a return statement.
36.99.136.136 - - [13/Jul/2023 07:09:01] "[35m[1mGET / HTTP/1.1[0m" 500 -
463
[2023-07-13 07:10:10,763] ERROR in app: Exception on / [GET]
Traceback (most recent call last):
  File "/usr/local/lib64/python3.6/site-packages/flask/app.py", line 2073, in wsgi_app
    response = self.full_dispatch_request()
  File "/usr/local/lib64/python3.6/site-packages/flask/app.py", line 1519, in full_dispatch_request
    return self.finalize_request(rv)
  File "/usr/local/lib64/python3.6/site-packages/flask/app.py", line 1538, in finalize_request
    response = self.make_response(rv)
  File "/usr/local/lib64/python3.6/site-packages/flask/app.py", line 1702, in make_response
    f"The view function for {request.endpoint!r} did not"
TypeError: The view function for 'result' did not return a valid response. The function either returned None or ended without a return statement.
36.46.143.170 - - [13/Jul/2023 07:10:10] "[35m[1mGET / HTTP/1.1[0m" 500 -
463
[2023-07-13 07:12:51,316] ERROR in app: Exception on / [GET]
Traceback (most recent call last):
  File "/usr/local/lib64/python3.6/site-packages/flask/app.py", line 2073, in wsgi_app
    response = self.full_dispatch_request()
  File "/usr/local/lib64/python3.6/site-packages/flask/app.py", line 1519, in full_dispatch_request
    return self.finalize_request(rv)
  File "/usr/local/lib64/python3.6/site-packages/flask/app.py", line 1538, in finalize_request
    response = self.make_response(rv)
  File "/usr/local/lib64/python3.6/site-packages/flask/app.py", line 1702, in make_response
    f"The view function for {request.endpoint!r} did not"
TypeError: The view function for 'result' did not return a valid response. The function either returned None or ended without a return statement.
36.46.135.26 - - [13/Jul/2023 07:12:51] "[35m[1mGET / HTTP/1.1[0m" 500 -
463
[2023-07-13 09:24:57,668] ERROR in app: Exception on / [GET]
Traceback (most recent call last):
  File "/usr/local/lib64/python3.6/site-packages/flask/app.py", line 2073, in wsgi_app
    response = self.full_dispatch_request()
  File "/usr/local/lib64/python3.6/site-packages/flask/app.py", line 1519, in full_dispatch_request
    return self.finalize_request(rv)
  File "/usr/local/lib64/python3.6/site-packages/flask/app.py", line 1538, in finalize_request
    response = self.make_response(rv)
  File "/usr/local/lib64/python3.6/site-packages/flask/app.py", line 1702, in make_response
    f"The view function for {request.endpoint!r} did not"
TypeError: The view function for 'result' did not return a valid response. The function either returned None or ended without a return statement.
167.248.133.189 - - [13/Jul/2023 09:24:57] "[35m[1mGET / HTTP/1.1[0m" 500 -
167.248.133.189 - - [13/Jul/2023 09:24:58] code 505, message Invalid HTTP version (2.0)
167.248.133.189 - - [13/Jul/2023 09:24:58] "[35m[1mPRI * HTTP/2.0[0m" HTTPStatus.HTTP_VERSION_NOT_SUPPORTED -
463
139.227.252.78 - - [13/Jul/2023 09:34:25] "GET /?password=wsj HTTP/1.1" 200 -
463
124.221.203.147 - - [13/Jul/2023 10:00:57] "GET /?password=wsj HTTP/1.1" 200 -
141.98.11.119 - - [13/Jul/2023 12:42:37] code 400, message Bad HTTP/0.9 request type ('\x03\x00\x00/*√†\x00\x00\x00\x00\x00Cookie:')
141.98.11.119 - - [13/Jul/2023 12:42:37] "[35m[1m  /*√†     Cookie: mstshash=Administr[0m" HTTPStatus.BAD_REQUEST -
89.248.163.212 - - [13/Jul/2023 16:42:06] code 400, message Bad HTTP/0.9 request type ('\x03\x00\x00/*√†\x00\x00\x00\x00\x00Cookie:')
89.248.163.212 - - [13/Jul/2023 16:42:06] "[35m[1m  /*√†     Cookie: mstshash=Administr[0m" HTTPStatus.BAD_REQUEST -
463
[2023-07-13 18:09:36,196] ERROR in app: Exception on / [GET]
Traceback (most recent call last):
  File "/usr/local/lib64/python3.6/site-packages/flask/app.py", line 2073, in wsgi_app
    response = self.full_dispatch_request()
  File "/usr/local/lib64/python3.6/site-packages/flask/app.py", line 1519, in full_dispatch_request
    return self.finalize_request(rv)
  File "/usr/local/lib64/python3.6/site-packages/flask/app.py", line 1538, in finalize_request
    response = self.make_response(rv)
  File "/usr/local/lib64/python3.6/site-packages/flask/app.py", line 1702, in make_response
    f"The view function for {request.endpoint!r} did not"
TypeError: The view function for 'result' did not return a valid response. The function either returned None or ended without a return statement.
162.216.150.33 - - [13/Jul/2023 18:09:36] "[35m[1mGET / HTTP/1.1[0m" 500 -
((463, datetime.datetime(2023, 7, 13, 0, 30, 9), 1, 120),)
583
yibukaishi
767676583@qq.com
767676583
{'beingInvited': False, 'corpName': None, 'loginToken': None, 'openId': None, 'token': 'c9e62b51-af6a-47f0-a5b2-ea154daad58b', 'userInfo': {'beingBlackEmail': False, 'beingDisableExpiryRemind': False, 'beingExpand': None, 'beingInvited': False, 'beingLangFollowBrowser': True, 'beingOldVersion': None, 'beingPrivacyPolicy': True, 'beingSandBoxSuperAdmin': False, 'collectUserInfo': None, 'createTime': None, 'csShow': True, 'desktopRemind': True, 'email': '767676583@qq.com', 'firstLogin': None, 'grayLimit': 53, 'graySpecify': False, 'grayType': 1, 'hasPwdLoggedIn': False, 'havePassword': True, 'headImg': None, 'lang': None, 'lastWsInfo': {'accepted': None, 'accountLevel': 40, 'auth': 2, 'beingCustomizedAppSync': None, 'beingHideHelpDocument': False, 'beingSandbox': False, 'beingWatermark': False, 'biAuth': 'SUPER', 'canWorkWx': False, 'contactEnableNum': 1, 'contactNum': 1, 'departs': [], 'dynamic': None, 'exId': 'tAeLHd46LCKubWglku9pWA==', 'exUserId': '1836493', 'expireDate': 1690552831000, 'hideCopyright': False, 'logoutConfig': {'logOutToSso': False, 'serverName': None, 'ssoType': None}, 'memberId': 1672764, 'openConnectorList': [], 'openPluginList': [2, 3, 6, 7, 8, 9, 13, 14, 15, 16, 17, 25, 26, 27, 28, 29, 33, 34, 35, 36, 37, 38, 39, 42, 43, 44, 45, -2, 32], 'permissionStatus': None, 'pluginClickList': [], 'pluginLimitDetail': {'dashAllVisiableLimit': 4, 'dashAllVisiableNum': 0}, 'publicAccessAuthVO': {'beingAttachmentQuestion': False, 'beingPublicLink': False}, 'remark': '767676583@qq.com', 'showContact': True, 'trial': True, 'trialDays': '0', 'trialNotice': True, 'type': 'normal', 'useScheduledSync': False, 'watermarkConfig': {'showDate': False, 'showDeparts': False, 'showExUserId': False, 'showName': True, 'showPhoneNumber': False, 'showWsName': False}, 'wsDomain': None, 'wsFunction': 'platform', 'wsId': 420835, 'wsLimitDetail': {'canDashNum': -1, 'canFormNum': -1, 'canPackageNum': -1, 'currentDashNum': -1, 'currentFormNum': -1, 'currentPackageNum': -1}, 'wsName': '767676583@qq.comÁöÑÂ∑•‰ΩúÂå∫'}, 'mobile': '767676583', 'nickName': '767676583@qq.com', 'npsCollect': False, 'promoCode': '289036f1a', 'randomEmail': False, 'recordedNewGuidePop': [], 'showProcessPersonal': False, 'signatureUrl': None, 'source': 'home_home', 'status': None, 'uid': 1836493}, 'userSecurityVO': {'authMethod': 0, 'beingUninitialized': False}}
{'beingInvited': False, 'corpName': None, 'loginToken': None, 'openId': None, 'token': 'c9e62b51-af6a-47f0-a5b2-ea154daad58b', 'userInfo': {'beingBlackEmail': False, 'beingDisableExpiryRemind': False, 'beingExpand': None, 'beingInvited': False, 'beingLangFollowBrowser': True, 'beingOldVersion': None, 'beingPrivacyPolicy': True, 'beingSandBoxSuperAdmin': False, 'collectUserInfo': None, 'createTime': None, 'csShow': True, 'desktopRemind': True, 'email': '767676583@qq.com', 'firstLogin': None, 'grayLimit': 53, 'graySpecify': False, 'grayType': 1, 'hasPwdLoggedIn': False, 'havePassword': True, 'headImg': None, 'lang': None, 'lastWsInfo': {'accepted': None, 'accountLevel': 40, 'auth': 2, 'beingCustomizedAppSync': None, 'beingHideHelpDocument': False, 'beingSandbox': False, 'beingWatermark': False, 'biAuth': 'SUPER', 'canWorkWx': False, 'contactEnableNum': 1, 'contactNum': 1, 'departs': [], 'dynamic': None, 'exId': 'tAeLHd46LCKubWglku9pWA==', 'exUserId': '1836493', 'expireDate': 1690552831000, 'hideCopyright': False, 'logoutConfig': {'logOutToSso': False, 'serverName': None, 'ssoType': None}, 'memberId': 1672764, 'openConnectorList': [], 'openPluginList': [2, 3, 6, 7, 8, 9, 13, 14, 15, 16, 17, 25, 26, 27, 28, 29, 33, 34, 35, 36, 37, 38, 39, 42, 43, 44, 45, -2, 32], 'permissionStatus': None, 'pluginClickList': [], 'pluginLimitDetail': {'dashAllVisiableLimit': 4, 'dashAllVisiableNum': 0}, 'publicAccessAuthVO': {'beingAttachmentQuestion': False, 'beingPublicLink': False}, 'remark': '767676583@qq.com', 'showContact': True, 'trial': True, 'trialDays': '0', 'trialNotice': True, 'type': 'normal', 'useScheduledSync': False, 'watermarkConfig': {'showDate': False, 'showDeparts': False, 'showExUserId': False, 'showName': True, 'showPhoneNumber': False, 'showWsName': False}, 'wsDomain': None, 'wsFunction': 'platform', 'wsId': 420835, 'wsLimitDetail': {'canDashNum': -1, 'canFormNum': -1, 'canPackageNum': -1, 'currentDashNum': -1, 'currentFormNum': -1, 'currentPackageNum': -1}, 'wsName': '767676583@qq.comÁöÑÂ∑•‰ΩúÂå∫'}, 'mobile': '767676583', 'nickName': '767676583@qq.com', 'npsCollect': False, 'promoCode': '289036f1a', 'randomEmail': False, 'recordedNewGuidePop': [], 'showProcessPersonal': False, 'signatureUrl': None, 'source': 'home_home', 'status': None, 'uid': 1836493}, 'userSecurityVO': {'authMethod': 0, 'beingUninitialized': False}}
118.25.243.250 - - [13/Jul/2023 22:00:31] "POST /mointor HTTP/1.1" 200 -
((464, datetime.datetime(2023, 7, 13, 22, 0, 31), 1, 120),)
584
yibukaishi
767676584@qq.com
767676584
{'beingInvited': False, 'corpName': None, 'loginToken': None, 'openId': None, 'token': '7f9b6d9d-ab40-413c-9a77-b878fe96cb57', 'userInfo': {'beingBlackEmail': False, 'beingDisableExpiryRemind': False, 'beingExpand': None, 'beingInvited': False, 'beingLangFollowBrowser': True, 'beingOldVersion': None, 'beingPrivacyPolicy': True, 'beingSandBoxSuperAdmin': False, 'collectUserInfo': None, 'createTime': None, 'csShow': True, 'desktopRemind': True, 'email': '767676584@qq.com', 'firstLogin': None, 'grayLimit': 68, 'graySpecify': False, 'grayType': 1, 'hasPwdLoggedIn': False, 'havePassword': True, 'headImg': None, 'lang': None, 'lastWsInfo': {'accepted': None, 'accountLevel': 40, 'auth': 2, 'beingCustomizedAppSync': None, 'beingHideHelpDocument': False, 'beingSandbox': False, 'beingWatermark': False, 'biAuth': 'SUPER', 'canWorkWx': False, 'contactEnableNum': 1, 'contactNum': 1, 'departs': [], 'dynamic': None, 'exId': 'tAeLHd46LCI0pMIs+xL2xQ==', 'exUserId': '1836532', 'expireDate': 1690556447000, 'hideCopyright': False, 'logoutConfig': {'logOutToSso': False, 'serverName': None, 'ssoType': None}, 'memberId': 1672789, 'openConnectorList': [], 'openPluginList': [2, 3, 6, 7, 8, 9, 13, 14, 15, 16, 17, 25, 26, 27, 28, 29, 33, 34, 35, 36, 37, 38, 39, 42, 43, 44, 45, -2, 32], 'permissionStatus': None, 'pluginClickList': [], 'pluginLimitDetail': {'dashAllVisiableLimit': 4, 'dashAllVisiableNum': 0}, 'publicAccessAuthVO': {'beingAttachmentQuestion': False, 'beingPublicLink': False}, 'remark': '767676584@qq.com', 'showContact': True, 'trial': True, 'trialDays': '0', 'trialNotice': True, 'type': 'normal', 'useScheduledSync': False, 'watermarkConfig': {'showDate': False, 'showDeparts': False, 'showExUserId': False, 'showName': True, 'showPhoneNumber': False, 'showWsName': False}, 'wsDomain': None, 'wsFunction': 'platform', 'wsId': 420857, 'wsLimitDetail': {'canDashNum': -1, 'canFormNum': -1, 'canPackageNum': -1, 'currentDashNum': -1, 'currentFormNum': -1, 'currentPackageNum': -1}, 'wsName': '767676584@qq.comÁöÑÂ∑•‰ΩúÂå∫'}, 'mobile': '767676584', 'nickName': '767676584@qq.com', 'npsCollect': False, 'promoCode': 'e96c490b9', 'randomEmail': False, 'recordedNewGuidePop': [], 'showProcessPersonal': False, 'signatureUrl': None, 'source': 'home_home', 'status': None, 'uid': 1836532}, 'userSecurityVO': {'authMethod': 0, 'beingUninitialized': False}}
{'beingInvited': False, 'corpName': None, 'loginToken': None, 'openId': None, 'token': '7f9b6d9d-ab40-413c-9a77-b878fe96cb57', 'userInfo': {'beingBlackEmail': False, 'beingDisableExpiryRemind': False, 'beingExpand': None, 'beingInvited': False, 'beingLangFollowBrowser': True, 'beingOldVersion': None, 'beingPrivacyPolicy': True, 'beingSandBoxSuperAdmin': False, 'collectUserInfo': None, 'createTime': None, 'csShow': True, 'desktopRemind': True, 'email': '767676584@qq.com', 'firstLogin': None, 'grayLimit': 68, 'graySpecify': False, 'grayType': 1, 'hasPwdLoggedIn': False, 'havePassword': True, 'headImg': None, 'lang': None, 'lastWsInfo': {'accepted': None, 'accountLevel': 40, 'auth': 2, 'beingCustomizedAppSync': None, 'beingHideHelpDocument': False, 'beingSandbox': False, 'beingWatermark': False, 'biAuth': 'SUPER', 'canWorkWx': False, 'contactEnableNum': 1, 'contactNum': 1, 'departs': [], 'dynamic': None, 'exId': 'tAeLHd46LCI0pMIs+xL2xQ==', 'exUserId': '1836532', 'expireDate': 1690556447000, 'hideCopyright': False, 'logoutConfig': {'logOutToSso': False, 'serverName': None, 'ssoType': None}, 'memberId': 1672789, 'openConnectorList': [], 'openPluginList': [2, 3, 6, 7, 8, 9, 13, 14, 15, 16, 17, 25, 26, 27, 28, 29, 33, 34, 35, 36, 37, 38, 39, 42, 43, 44, 45, -2, 32], 'permissionStatus': None, 'pluginClickList': [], 'pluginLimitDetail': {'dashAllVisiableLimit': 4, 'dashAllVisiableNum': 0}, 'publicAccessAuthVO': {'beingAttachmentQuestion': False, 'beingPublicLink': False}, 'remark': '767676584@qq.com', 'showContact': True, 'trial': True, 'trialDays': '0', 'trialNotice': True, 'type': 'normal', 'useScheduledSync': False, 'watermarkConfig': {'showDate': False, 'showDeparts': False, 'showExUserId': False, 'showName': True, 'showPhoneNumber': False, 'showWsName': False}, 'wsDomain': None, 'wsFunction': 'platform', 'wsId': 420857, 'wsLimitDetail': {'canDashNum': -1, 'canFormNum': -1, 'canPackageNum': -1, 'currentDashNum': -1, 'currentFormNum': -1, 'currentPackageNum': -1}, 'wsName': '767676584@qq.comÁöÑÂ∑•‰ΩúÂå∫'}, 'mobile': '767676584', 'nickName': '767676584@qq.com', 'npsCollect': False, 'promoCode': 'e96c490b9', 'randomEmail': False, 'recordedNewGuidePop': [], 'showProcessPersonal': False, 'signatureUrl': None, 'source': 'home_home', 'status': None, 'uid': 1836532}, 'userSecurityVO': {'authMethod': 0, 'beingUninitialized': False}}
118.25.243.250 - - [13/Jul/2023 23:00:47] "POST /mointor HTTP/1.1" 200 -
((465, datetime.datetime(2023, 7, 13, 23, 0, 47), 1, 120),)
585
yibukaishi
767676585@qq.com
767676585
{'beingInvited': False, 'corpName': None, 'loginToken': None, 'openId': None, 'token': '345fbff4-73be-4190-90ca-a14867ef4ff9', 'userInfo': {'beingBlackEmail': False, 'beingDisableExpiryRemind': False, 'beingExpand': None, 'beingInvited': False, 'beingLangFollowBrowser': True, 'beingOldVersion': None, 'beingPrivacyPolicy': True, 'beingSandBoxSuperAdmin': False, 'collectUserInfo': None, 'createTime': None, 'csShow': True, 'desktopRemind': True, 'email': '767676585@qq.com', 'firstLogin': None, 'grayLimit': 43, 'graySpecify': False, 'grayType': 1, 'hasPwdLoggedIn': False, 'havePassword': True, 'headImg': None, 'lang': None, 'lastWsInfo': {'accepted': None, 'accountLevel': 40, 'auth': 2, 'beingCustomizedAppSync': None, 'beingHideHelpDocument': False, 'beingSandbox': False, 'beingWatermark': False, 'biAuth': 'SUPER', 'canWorkWx': False, 'contactEnableNum': 1, 'contactNum': 1, 'departs': [], 'dynamic': None, 'exId': 'tAeLHd46LCJ+IHiUk5pmww==', 'exUserId': '1836554', 'expireDate': 1690560046000, 'hideCopyright': False, 'logoutConfig': {'logOutToSso': False, 'serverName': None, 'ssoType': None}, 'memberId': 1672806, 'openConnectorList': [], 'openPluginList': [2, 3, 6, 7, 8, 9, 13, 14, 15, 16, 17, 25, 26, 27, 28, 29, 33, 34, 35, 36, 37, 38, 39, 42, 43, 44, 45, -2, 32], 'permissionStatus': None, 'pluginClickList': [], 'pluginLimitDetail': {'dashAllVisiableLimit': 4, 'dashAllVisiableNum': 0}, 'publicAccessAuthVO': {'beingAttachmentQuestion': False, 'beingPublicLink': False}, 'remark': '767676585@qq.com', 'showContact': True, 'trial': True, 'trialDays': '0', 'trialNotice': True, 'type': 'normal', 'useScheduledSync': False, 'watermarkConfig': {'showDate': False, 'showDeparts': False, 'showExUserId': False, 'showName': True, 'showPhoneNumber': False, 'showWsName': False}, 'wsDomain': None, 'wsFunction': 'platform', 'wsId': 420870, 'wsLimitDetail': {'canDashNum': -1, 'canFormNum': -1, 'canPackageNum': -1, 'currentDashNum': -1, 'currentFormNum': -1, 'currentPackageNum': -1}, 'wsName': '767676585@qq.comÁöÑÂ∑•‰ΩúÂå∫'}, 'mobile': '767676585', 'nickName': '767676585@qq.com', 'npsCollect': False, 'promoCode': '7eebf8b0d', 'randomEmail': False, 'recordedNewGuidePop': [], 'showProcessPersonal': False, 'signatureUrl': None, 'source': 'home_home', 'status': None, 'uid': 1836554}, 'userSecurityVO': {'authMethod': 0, 'beingUninitialized': False}}
{'beingInvited': False, 'corpName': None, 'loginToken': None, 'openId': None, 'token': '345fbff4-73be-4190-90ca-a14867ef4ff9', 'userInfo': {'beingBlackEmail': False, 'beingDisableExpiryRemind': False, 'beingExpand': None, 'beingInvited': False, 'beingLangFollowBrowser': True, 'beingOldVersion': None, 'beingPrivacyPolicy': True, 'beingSandBoxSuperAdmin': False, 'collectUserInfo': None, 'createTime': None, 'csShow': True, 'desktopRemind': True, 'email': '767676585@qq.com', 'firstLogin': None, 'grayLimit': 43, 'graySpecify': False, 'grayType': 1, 'hasPwdLoggedIn': False, 'havePassword': True, 'headImg': None, 'lang': None, 'lastWsInfo': {'accepted': None, 'accountLevel': 40, 'auth': 2, 'beingCustomizedAppSync': None, 'beingHideHelpDocument': False, 'beingSandbox': False, 'beingWatermark': False, 'biAuth': 'SUPER', 'canWorkWx': False, 'contactEnableNum': 1, 'contactNum': 1, 'departs': [], 'dynamic': None, 'exId': 'tAeLHd46LCJ+IHiUk5pmww==', 'exUserId': '1836554', 'expireDate': 1690560046000, 'hideCopyright': False, 'logoutConfig': {'logOutToSso': False, 'serverName': None, 'ssoType': None}, 'memberId': 1672806, 'openConnectorList': [], 'openPluginList': [2, 3, 6, 7, 8, 9, 13, 14, 15, 16, 17, 25, 26, 27, 28, 29, 33, 34, 35, 36, 37, 38, 39, 42, 43, 44, 45, -2, 32], 'permissionStatus': None, 'pluginClickList': [], 'pluginLimitDetail': {'dashAllVisiableLimit': 4, 'dashAllVisiableNum': 0}, 'publicAccessAuthVO': {'beingAttachmentQuestion': False, 'beingPublicLink': False}, 'remark': '767676585@qq.com', 'showContact': True, 'trial': True, 'trialDays': '0', 'trialNotice': True, 'type': 'normal', 'useScheduledSync': False, 'watermarkConfig': {'showDate': False, 'showDeparts': False, 'showExUserId': False, 'showName': True, 'showPhoneNumber': False, 'showWsName': False}, 'wsDomain': None, 'wsFunction': 'platform', 'wsId': 420870, 'wsLimitDetail': {'canDashNum': -1, 'canFormNum': -1, 'canPackageNum': -1, 'currentDashNum': -1, 'currentFormNum': -1, 'currentPackageNum': -1}, 'wsName': '767676585@qq.comÁöÑÂ∑•‰ΩúÂå∫'}, 'mobile': '767676585', 'nickName': '767676585@qq.com', 'npsCollect': False, 'promoCode': '7eebf8b0d', 'randomEmail': False, 'recordedNewGuidePop': [], 'showProcessPersonal': False, 'signatureUrl': None, 'source': 'home_home', 'status': None, 'uid': 1836554}, 'userSecurityVO': {'authMethod': 0, 'beingUninitialized': False}}
118.25.243.250 - - [14/Jul/2023 00:00:46] "POST /mointor HTTP/1.1" 200 -
((466, datetime.datetime(2023, 7, 14, 0, 0, 46), 1, 120),)
586
yibukaishi
767676586@qq.com
767676586
{'beingInvited': False, 'corpName': None, 'loginToken': None, 'openId': None, 'token': '3103ccf3-b01d-4439-b10b-42c76f2f127b', 'userInfo': {'beingBlackEmail': False, 'beingDisableExpiryRemind': False, 'beingExpand': None, 'beingInvited': False, 'beingLangFollowBrowser': True, 'beingOldVersion': None, 'beingPrivacyPolicy': True, 'beingSandBoxSuperAdmin': False, 'collectUserInfo': None, 'createTime': None, 'csShow': True, 'desktopRemind': True, 'email': '767676586@qq.com', 'firstLogin': None, 'grayLimit': 20, 'graySpecify': False, 'grayType': 1, 'hasPwdLoggedIn': False, 'havePassword': True, 'headImg': None, 'lang': None, 'lastWsInfo': {'accepted': None, 'accountLevel': 40, 'auth': 2, 'beingCustomizedAppSync': None, 'beingHideHelpDocument': False, 'beingSandbox': False, 'beingWatermark': False, 'biAuth': 'SUPER', 'canWorkWx': False, 'contactEnableNum': 1, 'contactNum': 1, 'departs': [], 'dynamic': None, 'exId': 'tAeLHd46LCIO3cWXXmXh8w==', 'exUserId': '1836564', 'expireDate': 1690561809000, 'hideCopyright': False, 'logoutConfig': {'logOutToSso': False, 'serverName': None, 'ssoType': None}, 'memberId': 1672814, 'openConnectorList': [], 'openPluginList': [2, 3, 6, 7, 8, 9, 13, 14, 15, 16, 17, 25, 26, 27, 28, 29, 33, 34, 35, 36, 37, 38, 39, 42, 43, 44, 45, -2, 32], 'permissionStatus': None, 'pluginClickList': [], 'pluginLimitDetail': {'dashAllVisiableLimit': 4, 'dashAllVisiableNum': 0}, 'publicAccessAuthVO': {'beingAttachmentQuestion': False, 'beingPublicLink': False}, 'remark': '767676586@qq.com', 'showContact': True, 'trial': True, 'trialDays': '0', 'trialNotice': True, 'type': 'normal', 'useScheduledSync': False, 'watermarkConfig': {'showDate': False, 'showDeparts': False, 'showExUserId': False, 'showName': True, 'showPhoneNumber': False, 'showWsName': False}, 'wsDomain': None, 'wsFunction': 'platform', 'wsId': 420875, 'wsLimitDetail': {'canDashNum': -1, 'canFormNum': -1, 'canPackageNum': -1, 'currentDashNum': -1, 'currentFormNum': -1, 'currentPackageNum': -1}, 'wsName': '767676586@qq.comÁöÑÂ∑•‰ΩúÂå∫'}, 'mobile': '767676586', 'nickName': '767676586@qq.com', 'npsCollect': False, 'promoCode': 'db9b4f0d8', 'randomEmail': False, 'recordedNewGuidePop': [], 'showProcessPersonal': False, 'signatureUrl': None, 'source': 'home_home', 'status': None, 'uid': 1836564}, 'userSecurityVO': {'authMethod': 0, 'beingUninitialized': False}}
{'beingInvited': False, 'corpName': None, 'loginToken': None, 'openId': None, 'token': '3103ccf3-b01d-4439-b10b-42c76f2f127b', 'userInfo': {'beingBlackEmail': False, 'beingDisableExpiryRemind': False, 'beingExpand': None, 'beingInvited': False, 'beingLangFollowBrowser': True, 'beingOldVersion': None, 'beingPrivacyPolicy': True, 'beingSandBoxSuperAdmin': False, 'collectUserInfo': None, 'createTime': None, 'csShow': True, 'desktopRemind': True, 'email': '767676586@qq.com', 'firstLogin': None, 'grayLimit': 20, 'graySpecify': False, 'grayType': 1, 'hasPwdLoggedIn': False, 'havePassword': True, 'headImg': None, 'lang': None, 'lastWsInfo': {'accepted': None, 'accountLevel': 40, 'auth': 2, 'beingCustomizedAppSync': None, 'beingHideHelpDocument': False, 'beingSandbox': False, 'beingWatermark': False, 'biAuth': 'SUPER', 'canWorkWx': False, 'contactEnableNum': 1, 'contactNum': 1, 'departs': [], 'dynamic': None, 'exId': 'tAeLHd46LCIO3cWXXmXh8w==', 'exUserId': '1836564', 'expireDate': 1690561809000, 'hideCopyright': False, 'logoutConfig': {'logOutToSso': False, 'serverName': None, 'ssoType': None}, 'memberId': 1672814, 'openConnectorList': [], 'openPluginList': [2, 3, 6, 7, 8, 9, 13, 14, 15, 16, 17, 25, 26, 27, 28, 29, 33, 34, 35, 36, 37, 38, 39, 42, 43, 44, 45, -2, 32], 'permissionStatus': None, 'pluginClickList': [], 'pluginLimitDetail': {'dashAllVisiableLimit': 4, 'dashAllVisiableNum': 0}, 'publicAccessAuthVO': {'beingAttachmentQuestion': False, 'beingPublicLink': False}, 'remark': '767676586@qq.com', 'showContact': True, 'trial': True, 'trialDays': '0', 'trialNotice': True, 'type': 'normal', 'useScheduledSync': False, 'watermarkConfig': {'showDate': False, 'showDeparts': False, 'showExUserId': False, 'showName': True, 'showPhoneNumber': False, 'showWsName': False}, 'wsDomain': None, 'wsFunction': 'platform', 'wsId': 420875, 'wsLimitDetail': {'canDashNum': -1, 'canFormNum': -1, 'canPackageNum': -1, 'currentDashNum': -1, 'currentFormNum': -1, 'currentPackageNum': -1}, 'wsName': '767676586@qq.comÁöÑÂ∑•‰ΩúÂå∫'}, 'mobile': '767676586', 'nickName': '767676586@qq.com', 'npsCollect': False, 'promoCode': 'db9b4f0d8', 'randomEmail': False, 'recordedNewGuidePop': [], 'showProcessPersonal': False, 'signatureUrl': None, 'source': 'home_home', 'status': None, 'uid': 1836564}, 'userSecurityVO': {'authMethod': 0, 'beingUninitialized': False}}
118.25.243.250 - - [14/Jul/2023 00:30:09] "POST /mointor HTTP/1.1" 200 -
89.248.163.212 - - [14/Jul/2023 01:24:48] code 400, message Bad HTTP/0.9 request type ('\x03\x00\x00/*√†\x00\x00\x00\x00\x00Cookie:')
89.248.163.212 - - [14/Jul/2023 01:24:48] "[35m[1m  /*√†     Cookie: mstshash=Administr[0m" HTTPStatus.BAD_REQUEST -
467
[2023-07-14 04:44:48,612] ERROR in app: Exception on / [GET]
Traceback (most recent call last):
  File "/usr/local/lib64/python3.6/site-packages/flask/app.py", line 2073, in wsgi_app
    response = self.full_dispatch_request()
  File "/usr/local/lib64/python3.6/site-packages/flask/app.py", line 1519, in full_dispatch_request
    return self.finalize_request(rv)
  File "/usr/local/lib64/python3.6/site-packages/flask/app.py", line 1538, in finalize_request
    response = self.make_response(rv)
  File "/usr/local/lib64/python3.6/site-packages/flask/app.py", line 1702, in make_response
    f"The view function for {request.endpoint!r} did not"
TypeError: The view function for 'result' did not return a valid response. The function either returned None or ended without a return statement.
94.102.61.5 - - [14/Jul/2023 04:44:48] "[35m[1mGET / HTTP/1.1[0m" 500 -
467
[2023-07-14 04:48:54,597] ERROR in app: Exception on / [GET]
Traceback (most recent call last):
  File "/usr/local/lib64/python3.6/site-packages/flask/app.py", line 2073, in wsgi_app
    response = self.full_dispatch_request()
  File "/usr/local/lib64/python3.6/site-packages/flask/app.py", line 1519, in full_dispatch_request
    return self.finalize_request(rv)
  File "/usr/local/lib64/python3.6/site-packages/flask/app.py", line 1538, in finalize_request
    response = self.make_response(rv)
  File "/usr/local/lib64/python3.6/site-packages/flask/app.py", line 1702, in make_response
    f"The view function for {request.endpoint!r} did not"
TypeError: The view function for 'result' did not return a valid response. The function either returned None or ended without a return statement.
95.214.53.99 - - [14/Jul/2023 04:48:54] "[35m[1mGET / HTTP/1.1[0m" 500 -
89.248.163.212 - - [14/Jul/2023 09:03:07] code 400, message Bad HTTP/0.9 request type ('\x03\x00\x00/*√†\x00\x00\x00\x00\x00Cookie:')
89.248.163.212 - - [14/Jul/2023 09:03:07] "[35m[1m  /*√†     Cookie: mstshash=Administr[0m" HTTPStatus.BAD_REQUEST -
467
124.221.203.147 - - [14/Jul/2023 10:00:57] "GET /?password=wsj HTTP/1.1" 200 -
((467, datetime.datetime(2023, 7, 14, 0, 30, 9), 1, 120),)
587
yibukaishi
767676587@qq.com
767676587
{'beingInvited': False, 'corpName': None, 'loginToken': None, 'openId': None, 'token': 'fed47361-ecde-4be1-abe3-ea221de621c9', 'userInfo': {'beingBlackEmail': False, 'beingDisableExpiryRemind': False, 'beingExpand': None, 'beingInvited': False, 'beingLangFollowBrowser': True, 'beingOldVersion': None, 'beingPrivacyPolicy': True, 'beingSandBoxSuperAdmin': False, 'collectUserInfo': None, 'createTime': None, 'csShow': True, 'desktopRemind': True, 'email': '767676587@qq.com', 'firstLogin': None, 'grayLimit': 68, 'graySpecify': False, 'grayType': 1, 'hasPwdLoggedIn': False, 'havePassword': True, 'headImg': None, 'lang': None, 'lastWsInfo': {'accepted': None, 'accountLevel': 40, 'auth': 2, 'beingCustomizedAppSync': None, 'beingHideHelpDocument': False, 'beingSandbox': False, 'beingWatermark': False, 'biAuth': 'SUPER', 'canWorkWx': False, 'contactEnableNum': 1, 'contactNum': 1, 'departs': [], 'dynamic': None, 'exId': 'tAeLHd46LCKpBRxBy4QvFw==', 'exUserId': '1837730', 'expireDate': 1690639231000, 'hideCopyright': False, 'logoutConfig': {'logOutToSso': False, 'serverName': None, 'ssoType': None}, 'memberId': 1673702, 'openConnectorList': [], 'openPluginList': [2, 3, 6, 7, 8, 9, 13, 14, 15, 16, 17, 25, 26, 27, 28, 29, 33, 34, 35, 36, 37, 38, 39, 42, 43, 44, 45, -2, 32], 'permissionStatus': None, 'pluginClickList': [], 'pluginLimitDetail': {'dashAllVisiableLimit': 4, 'dashAllVisiableNum': 0}, 'publicAccessAuthVO': {'beingAttachmentQuestion': False, 'beingPublicLink': False}, 'remark': '767676587@qq.com', 'showContact': True, 'trial': True, 'trialDays': '0', 'trialNotice': True, 'type': 'normal', 'useScheduledSync': False, 'watermarkConfig': {'showDate': False, 'showDeparts': False, 'showExUserId': False, 'showName': True, 'showPhoneNumber': False, 'showWsName': False}, 'wsDomain': None, 'wsFunction': 'platform', 'wsId': 421284, 'wsLimitDetail': {'canDashNum': -1, 'canFormNum': -1, 'canPackageNum': -1, 'currentDashNum': -1, 'currentFormNum': -1, 'currentPackageNum': -1}, 'wsName': '767676587@qq.comÁöÑÂ∑•‰ΩúÂå∫'}, 'mobile': '767676587', 'nickName': '767676587@qq.com', 'npsCollect': False, 'promoCode': '536d5f03b', 'randomEmail': False, 'recordedNewGuidePop': [], 'showProcessPersonal': False, 'signatureUrl': None, 'source': 'home_home', 'status': None, 'uid': 1837730}, 'userSecurityVO': {'authMethod': 0, 'beingUninitialized': False}}
{'beingInvited': False, 'corpName': None, 'loginToken': None, 'openId': None, 'token': 'fed47361-ecde-4be1-abe3-ea221de621c9', 'userInfo': {'beingBlackEmail': False, 'beingDisableExpiryRemind': False, 'beingExpand': None, 'beingInvited': False, 'beingLangFollowBrowser': True, 'beingOldVersion': None, 'beingPrivacyPolicy': True, 'beingSandBoxSuperAdmin': False, 'collectUserInfo': None, 'createTime': None, 'csShow': True, 'desktopRemind': True, 'email': '767676587@qq.com', 'firstLogin': None, 'grayLimit': 68, 'graySpecify': False, 'grayType': 1, 'hasPwdLoggedIn': False, 'havePassword': True, 'headImg': None, 'lang': None, 'lastWsInfo': {'accepted': None, 'accountLevel': 40, 'auth': 2, 'beingCustomizedAppSync': None, 'beingHideHelpDocument': False, 'beingSandbox': False, 'beingWatermark': False, 'biAuth': 'SUPER', 'canWorkWx': False, 'contactEnableNum': 1, 'contactNum': 1, 'departs': [], 'dynamic': None, 'exId': 'tAeLHd46LCKpBRxBy4QvFw==', 'exUserId': '1837730', 'expireDate': 1690639231000, 'hideCopyright': False, 'logoutConfig': {'logOutToSso': False, 'serverName': None, 'ssoType': None}, 'memberId': 1673702, 'openConnectorList': [], 'openPluginList': [2, 3, 6, 7, 8, 9, 13, 14, 15, 16, 17, 25, 26, 27, 28, 29, 33, 34, 35, 36, 37, 38, 39, 42, 43, 44, 45, -2, 32], 'permissionStatus': None, 'pluginClickList': [], 'pluginLimitDetail': {'dashAllVisiableLimit': 4, 'dashAllVisiableNum': 0}, 'publicAccessAuthVO': {'beingAttachmentQuestion': False, 'beingPublicLink': False}, 'remark': '767676587@qq.com', 'showContact': True, 'trial': True, 'trialDays': '0', 'trialNotice': True, 'type': 'normal', 'useScheduledSync': False, 'watermarkConfig': {'showDate': False, 'showDeparts': False, 'showExUserId': False, 'showName': True, 'showPhoneNumber': False, 'showWsName': False}, 'wsDomain': None, 'wsFunction': 'platform', 'wsId': 421284, 'wsLimitDetail': {'canDashNum': -1, 'canFormNum': -1, 'canPackageNum': -1, 'currentDashNum': -1, 'currentFormNum': -1, 'currentPackageNum': -1}, 'wsName': '767676587@qq.comÁöÑÂ∑•‰ΩúÂå∫'}, 'mobile': '767676587', 'nickName': '767676587@qq.com', 'npsCollect': False, 'promoCode': '536d5f03b', 'randomEmail': False, 'recordedNewGuidePop': [], 'showProcessPersonal': False, 'signatureUrl': None, 'source': 'home_home', 'status': None, 'uid': 1837730}, 'userSecurityVO': {'authMethod': 0, 'beingUninitialized': False}}
118.25.243.250 - - [14/Jul/2023 22:00:31] "POST /mointor HTTP/1.1" 200 -
((468, datetime.datetime(2023, 7, 14, 22, 0, 31), 1, 120),)
588
yibukaishi
767676588@qq.com
767676588
{'beingInvited': False, 'corpName': None, 'loginToken': None, 'openId': None, 'token': 'e1f226b9-5976-4aec-8234-71860ec6a328', 'userInfo': {'beingBlackEmail': False, 'beingDisableExpiryRemind': False, 'beingExpand': None, 'beingInvited': False, 'beingLangFollowBrowser': True, 'beingOldVersion': None, 'beingPrivacyPolicy': True, 'beingSandBoxSuperAdmin': False, 'collectUserInfo': None, 'createTime': None, 'csShow': True, 'desktopRemind': True, 'email': '767676588@qq.com', 'firstLogin': None, 'grayLimit': 72, 'graySpecify': False, 'grayType': 1, 'hasPwdLoggedIn': False, 'havePassword': True, 'headImg': None, 'lang': None, 'lastWsInfo': {'accepted': None, 'accountLevel': 40, 'auth': 2, 'beingCustomizedAppSync': None, 'beingHideHelpDocument': False, 'beingSandbox': False, 'beingWatermark': False, 'biAuth': 'SUPER', 'canWorkWx': False, 'contactEnableNum': 1, 'contactNum': 1, 'departs': [], 'dynamic': None, 'exId': 'tAeLHd46LCLf1IfTtvEEwA==', 'exUserId': '1837766', 'expireDate': 1690642841000, 'hideCopyright': False, 'logoutConfig': {'logOutToSso': False, 'serverName': None, 'ssoType': None}, 'memberId': 1673723, 'openConnectorList': [], 'openPluginList': [2, 3, 6, 7, 8, 9, 13, 14, 15, 16, 17, 25, 26, 27, 28, 29, 33, 34, 35, 36, 37, 38, 39, 42, 43, 44, 45, -2, 32], 'permissionStatus': None, 'pluginClickList': [], 'pluginLimitDetail': {'dashAllVisiableLimit': 4, 'dashAllVisiableNum': 0}, 'publicAccessAuthVO': {'beingAttachmentQuestion': False, 'beingPublicLink': False}, 'remark': '767676588@qq.com', 'showContact': True, 'trial': True, 'trialDays': '0', 'trialNotice': True, 'type': 'normal', 'useScheduledSync': False, 'watermarkConfig': {'showDate': False, 'showDeparts': False, 'showExUserId': False, 'showName': True, 'showPhoneNumber': False, 'showWsName': False}, 'wsDomain': None, 'wsFunction': 'platform', 'wsId': 421296, 'wsLimitDetail': {'canDashNum': -1, 'canFormNum': -1, 'canPackageNum': -1, 'currentDashNum': -1, 'currentFormNum': -1, 'currentPackageNum': -1}, 'wsName': '767676588@qq.comÁöÑÂ∑•‰ΩúÂå∫'}, 'mobile': '767676588', 'nickName': '767676588@qq.com', 'npsCollect': False, 'promoCode': '4540d4414', 'randomEmail': False, 'recordedNewGuidePop': [], 'showProcessPersonal': False, 'signatureUrl': None, 'source': 'home_home', 'status': None, 'uid': 1837766}, 'userSecurityVO': {'authMethod': 0, 'beingUninitialized': False}}
{'beingInvited': False, 'corpName': None, 'loginToken': None, 'openId': None, 'token': 'e1f226b9-5976-4aec-8234-71860ec6a328', 'userInfo': {'beingBlackEmail': False, 'beingDisableExpiryRemind': False, 'beingExpand': None, 'beingInvited': False, 'beingLangFollowBrowser': True, 'beingOldVersion': None, 'beingPrivacyPolicy': True, 'beingSandBoxSuperAdmin': False, 'collectUserInfo': None, 'createTime': None, 'csShow': True, 'desktopRemind': True, 'email': '767676588@qq.com', 'firstLogin': None, 'grayLimit': 72, 'graySpecify': False, 'grayType': 1, 'hasPwdLoggedIn': False, 'havePassword': True, 'headImg': None, 'lang': None, 'lastWsInfo': {'accepted': None, 'accountLevel': 40, 'auth': 2, 'beingCustomizedAppSync': None, 'beingHideHelpDocument': False, 'beingSandbox': False, 'beingWatermark': False, 'biAuth': 'SUPER', 'canWorkWx': False, 'contactEnableNum': 1, 'contactNum': 1, 'departs': [], 'dynamic': None, 'exId': 'tAeLHd46LCLf1IfTtvEEwA==', 'exUserId': '1837766', 'expireDate': 1690642841000, 'hideCopyright': False, 'logoutConfig': {'logOutToSso': False, 'serverName': None, 'ssoType': None}, 'memberId': 1673723, 'openConnectorList': [], 'openPluginList': [2, 3, 6, 7, 8, 9, 13, 14, 15, 16, 17, 25, 26, 27, 28, 29, 33, 34, 35, 36, 37, 38, 39, 42, 43, 44, 45, -2, 32], 'permissionStatus': None, 'pluginClickList': [], 'pluginLimitDetail': {'dashAllVisiableLimit': 4, 'dashAllVisiableNum': 0}, 'publicAccessAuthVO': {'beingAttachmentQuestion': False, 'beingPublicLink': False}, 'remark': '767676588@qq.com', 'showContact': True, 'trial': True, 'trialDays': '0', 'trialNotice': True, 'type': 'normal', 'useScheduledSync': False, 'watermarkConfig': {'showDate': False, 'showDeparts': False, 'showExUserId': False, 'showName': True, 'showPhoneNumber': False, 'showWsName': False}, 'wsDomain': None, 'wsFunction': 'platform', 'wsId': 421296, 'wsLimitDetail': {'canDashNum': -1, 'canFormNum': -1, 'canPackageNum': -1, 'currentDashNum': -1, 'currentFormNum': -1, 'currentPackageNum': -1}, 'wsName': '767676588@qq.comÁöÑÂ∑•‰ΩúÂå∫'}, 'mobile': '767676588', 'nickName': '767676588@qq.com', 'npsCollect': False, 'promoCode': '4540d4414', 'randomEmail': False, 'recordedNewGuidePop': [], 'showProcessPersonal': False, 'signatureUrl': None, 'source': 'home_home', 'status': None, 'uid': 1837766}, 'userSecurityVO': {'authMethod': 0, 'beingUninitialized': False}}
118.25.243.250 - - [14/Jul/2023 23:00:41] "POST /mointor HTTP/1.1" 200 -
89.248.163.212 - - [14/Jul/2023 23:59:22] code 400, message Bad HTTP/0.9 request type ('\x03\x00\x00/*√†\x00\x00\x00\x00\x00Cookie:')
89.248.163.212 - - [14/Jul/2023 23:59:22] "[35m[1m  /*√†     Cookie: mstshash=Administr[0m" HTTPStatus.BAD_REQUEST -
((469, datetime.datetime(2023, 7, 14, 23, 0, 41), 1, 120),)
589
yibukaishi
767676589@qq.com
767676589
{'beingInvited': False, 'corpName': None, 'loginToken': None, 'openId': None, 'token': '0a8ee334-edb2-4a17-b319-6a70dc7bc963', 'userInfo': {'beingBlackEmail': False, 'beingDisableExpiryRemind': False, 'beingExpand': None, 'beingInvited': False, 'beingLangFollowBrowser': True, 'beingOldVersion': None, 'beingPrivacyPolicy': True, 'beingSandBoxSuperAdmin': False, 'collectUserInfo': None, 'createTime': None, 'csShow': True, 'desktopRemind': True, 'email': '767676589@qq.com', 'firstLogin': None, 'grayLimit': 81, 'graySpecify': False, 'grayType': 1, 'hasPwdLoggedIn': False, 'havePassword': True, 'headImg': None, 'lang': None, 'lastWsInfo': {'accepted': None, 'accountLevel': 40, 'auth': 2, 'beingCustomizedAppSync': None, 'beingHideHelpDocument': False, 'beingSandbox': False, 'beingWatermark': False, 'biAuth': 'SUPER', 'canWorkWx': False, 'contactEnableNum': 1, 'contactNum': 1, 'departs': [], 'dynamic': None, 'exId': 'tAeLHd46LCLheXrI/fb9jw==', 'exUserId': '1837794', 'expireDate': 1690646450000, 'hideCopyright': False, 'logoutConfig': {'logOutToSso': False, 'serverName': None, 'ssoType': None}, 'memberId': 1673742, 'openConnectorList': [], 'openPluginList': [2, 3, 6, 7, 8, 9, 13, 14, 15, 16, 17, 25, 26, 27, 28, 29, 33, 34, 35, 36, 37, 38, 39, 42, 43, 44, 45, -2, 32], 'permissionStatus': None, 'pluginClickList': [], 'pluginLimitDetail': {'dashAllVisiableLimit': 4, 'dashAllVisiableNum': 0}, 'publicAccessAuthVO': {'beingAttachmentQuestion': False, 'beingPublicLink': False}, 'remark': '767676589@qq.com', 'showContact': True, 'trial': True, 'trialDays': '0', 'trialNotice': True, 'type': 'normal', 'useScheduledSync': False, 'watermarkConfig': {'showDate': False, 'showDeparts': False, 'showExUserId': False, 'showName': True, 'showPhoneNumber': False, 'showWsName': False}, 'wsDomain': None, 'wsFunction': 'platform', 'wsId': 421314, 'wsLimitDetail': {'canDashNum': -1, 'canFormNum': -1, 'canPackageNum': -1, 'currentDashNum': -1, 'currentFormNum': -1, 'currentPackageNum': -1}, 'wsName': '767676589@qq.comÁöÑÂ∑•‰ΩúÂå∫'}, 'mobile': '767676589', 'nickName': '767676589@qq.com', 'npsCollect': False, 'promoCode': 'f206b0114', 'randomEmail': False, 'recordedNewGuidePop': [], 'showProcessPersonal': False, 'signatureUrl': None, 'source': 'home_home', 'status': None, 'uid': 1837794}, 'userSecurityVO': {'authMethod': 0, 'beingUninitialized': False}}
{'beingInvited': False, 'corpName': None, 'loginToken': None, 'openId': None, 'token': '0a8ee334-edb2-4a17-b319-6a70dc7bc963', 'userInfo': {'beingBlackEmail': False, 'beingDisableExpiryRemind': False, 'beingExpand': None, 'beingInvited': False, 'beingLangFollowBrowser': True, 'beingOldVersion': None, 'beingPrivacyPolicy': True, 'beingSandBoxSuperAdmin': False, 'collectUserInfo': None, 'createTime': None, 'csShow': True, 'desktopRemind': True, 'email': '767676589@qq.com', 'firstLogin': None, 'grayLimit': 81, 'graySpecify': False, 'grayType': 1, 'hasPwdLoggedIn': False, 'havePassword': True, 'headImg': None, 'lang': None, 'lastWsInfo': {'accepted': None, 'accountLevel': 40, 'auth': 2, 'beingCustomizedAppSync': None, 'beingHideHelpDocument': False, 'beingSandbox': False, 'beingWatermark': False, 'biAuth': 'SUPER', 'canWorkWx': False, 'contactEnableNum': 1, 'contactNum': 1, 'departs': [], 'dynamic': None, 'exId': 'tAeLHd46LCLheXrI/fb9jw==', 'exUserId': '1837794', 'expireDate': 1690646450000, 'hideCopyright': False, 'logoutConfig': {'logOutToSso': False, 'serverName': None, 'ssoType': None}, 'memberId': 1673742, 'openConnectorList': [], 'openPluginList': [2, 3, 6, 7, 8, 9, 13, 14, 15, 16, 17, 25, 26, 27, 28, 29, 33, 34, 35, 36, 37, 38, 39, 42, 43, 44, 45, -2, 32], 'permissionStatus': None, 'pluginClickList': [], 'pluginLimitDetail': {'dashAllVisiableLimit': 4, 'dashAllVisiableNum': 0}, 'publicAccessAuthVO': {'beingAttachmentQuestion': False, 'beingPublicLink': False}, 'remark': '767676589@qq.com', 'showContact': True, 'trial': True, 'trialDays': '0', 'trialNotice': True, 'type': 'normal', 'useScheduledSync': False, 'watermarkConfig': {'showDate': False, 'showDeparts': False, 'showExUserId': False, 'showName': True, 'showPhoneNumber': False, 'showWsName': False}, 'wsDomain': None, 'wsFunction': 'platform', 'wsId': 421314, 'wsLimitDetail': {'canDashNum': -1, 'canFormNum': -1, 'canPackageNum': -1, 'currentDashNum': -1, 'currentFormNum': -1, 'currentPackageNum': -1}, 'wsName': '767676589@qq.comÁöÑÂ∑•‰ΩúÂå∫'}, 'mobile': '767676589', 'nickName': '767676589@qq.com', 'npsCollect': False, 'promoCode': 'f206b0114', 'randomEmail': False, 'recordedNewGuidePop': [], 'showProcessPersonal': False, 'signatureUrl': None, 'source': 'home_home', 'status': None, 'uid': 1837794}, 'userSecurityVO': {'authMethod': 0, 'beingUninitialized': False}}
118.25.243.250 - - [15/Jul/2023 00:00:50] "POST /mointor HTTP/1.1" 200 -
((470, datetime.datetime(2023, 7, 15, 0, 0, 50), 1, 120),)
590
yibukaishi
767676590@qq.com
767676590
{'beingInvited': False, 'corpName': None, 'loginToken': None, 'openId': None, 'token': '3737cabc-921f-4382-8beb-45114593a9be', 'userInfo': {'beingBlackEmail': False, 'beingDisableExpiryRemind': False, 'beingExpand': None, 'beingInvited': False, 'beingLangFollowBrowser': True, 'beingOldVersion': None, 'beingPrivacyPolicy': True, 'beingSandBoxSuperAdmin': False, 'collectUserInfo': None, 'createTime': None, 'csShow': True, 'desktopRemind': True, 'email': '767676590@qq.com', 'firstLogin': None, 'grayLimit': 54, 'graySpecify': False, 'grayType': 1, 'hasPwdLoggedIn': False, 'havePassword': True, 'headImg': None, 'lang': None, 'lastWsInfo': {'accepted': None, 'accountLevel': 40, 'auth': 2, 'beingCustomizedAppSync': None, 'beingHideHelpDocument': False, 'beingSandbox': False, 'beingWatermark': False, 'biAuth': 'SUPER', 'canWorkWx': False, 'contactEnableNum': 1, 'contactNum': 1, 'departs': [], 'dynamic': None, 'exId': 'tAeLHd46LCKuroM33Ncwcg==', 'exUserId': '1837801', 'expireDate': 1690648209000, 'hideCopyright': False, 'logoutConfig': {'logOutToSso': False, 'serverName': None, 'ssoType': None}, 'memberId': 1673747, 'openConnectorList': [], 'openPluginList': [2, 3, 6, 7, 8, 9, 13, 14, 15, 16, 17, 25, 26, 27, 28, 29, 33, 34, 35, 36, 37, 38, 39, 42, 43, 44, 45, -2, 32], 'permissionStatus': None, 'pluginClickList': [], 'pluginLimitDetail': {'dashAllVisiableLimit': 4, 'dashAllVisiableNum': 0}, 'publicAccessAuthVO': {'beingAttachmentQuestion': False, 'beingPublicLink': False}, 'remark': '767676590@qq.com', 'showContact': True, 'trial': True, 'trialDays': '0', 'trialNotice': True, 'type': 'normal', 'useScheduledSync': False, 'watermarkConfig': {'showDate': False, 'showDeparts': False, 'showExUserId': False, 'showName': True, 'showPhoneNumber': False, 'showWsName': False}, 'wsDomain': None, 'wsFunction': 'platform', 'wsId': 421318, 'wsLimitDetail': {'canDashNum': -1, 'canFormNum': -1, 'canPackageNum': -1, 'currentDashNum': -1, 'currentFormNum': -1, 'currentPackageNum': -1}, 'wsName': '767676590@qq.comÁöÑÂ∑•‰ΩúÂå∫'}, 'mobile': '767676590', 'nickName': '767676590@qq.com', 'npsCollect': False, 'promoCode': '7023a4b88', 'randomEmail': False, 'recordedNewGuidePop': [], 'showProcessPersonal': False, 'signatureUrl': None, 'source': 'home_home', 'status': None, 'uid': 1837801}, 'userSecurityVO': {'authMethod': 0, 'beingUninitialized': False}}
{'beingInvited': False, 'corpName': None, 'loginToken': None, 'openId': None, 'token': '3737cabc-921f-4382-8beb-45114593a9be', 'userInfo': {'beingBlackEmail': False, 'beingDisableExpiryRemind': False, 'beingExpand': None, 'beingInvited': False, 'beingLangFollowBrowser': True, 'beingOldVersion': None, 'beingPrivacyPolicy': True, 'beingSandBoxSuperAdmin': False, 'collectUserInfo': None, 'createTime': None, 'csShow': True, 'desktopRemind': True, 'email': '767676590@qq.com', 'firstLogin': None, 'grayLimit': 54, 'graySpecify': False, 'grayType': 1, 'hasPwdLoggedIn': False, 'havePassword': True, 'headImg': None, 'lang': None, 'lastWsInfo': {'accepted': None, 'accountLevel': 40, 'auth': 2, 'beingCustomizedAppSync': None, 'beingHideHelpDocument': False, 'beingSandbox': False, 'beingWatermark': False, 'biAuth': 'SUPER', 'canWorkWx': False, 'contactEnableNum': 1, 'contactNum': 1, 'departs': [], 'dynamic': None, 'exId': 'tAeLHd46LCKuroM33Ncwcg==', 'exUserId': '1837801', 'expireDate': 1690648209000, 'hideCopyright': False, 'logoutConfig': {'logOutToSso': False, 'serverName': None, 'ssoType': None}, 'memberId': 1673747, 'openConnectorList': [], 'openPluginList': [2, 3, 6, 7, 8, 9, 13, 14, 15, 16, 17, 25, 26, 27, 28, 29, 33, 34, 35, 36, 37, 38, 39, 42, 43, 44, 45, -2, 32], 'permissionStatus': None, 'pluginClickList': [], 'pluginLimitDetail': {'dashAllVisiableLimit': 4, 'dashAllVisiableNum': 0}, 'publicAccessAuthVO': {'beingAttachmentQuestion': False, 'beingPublicLink': False}, 'remark': '767676590@qq.com', 'showContact': True, 'trial': True, 'trialDays': '0', 'trialNotice': True, 'type': 'normal', 'useScheduledSync': False, 'watermarkConfig': {'showDate': False, 'showDeparts': False, 'showExUserId': False, 'showName': True, 'showPhoneNumber': False, 'showWsName': False}, 'wsDomain': None, 'wsFunction': 'platform', 'wsId': 421318, 'wsLimitDetail': {'canDashNum': -1, 'canFormNum': -1, 'canPackageNum': -1, 'currentDashNum': -1, 'currentFormNum': -1, 'currentPackageNum': -1}, 'wsName': '767676590@qq.comÁöÑÂ∑•‰ΩúÂå∫'}, 'mobile': '767676590', 'nickName': '767676590@qq.com', 'npsCollect': False, 'promoCode': '7023a4b88', 'randomEmail': False, 'recordedNewGuidePop': [], 'showProcessPersonal': False, 'signatureUrl': None, 'source': 'home_home', 'status': None, 'uid': 1837801}, 'userSecurityVO': {'authMethod': 0, 'beingUninitialized': False}}
118.25.243.250 - - [15/Jul/2023 00:30:09] "POST /mointor HTTP/1.1" 200 -
89.248.163.212 - - [15/Jul/2023 08:15:30] code 400, message Bad HTTP/0.9 request type ('\x03\x00\x00/*√†\x00\x00\x00\x00\x00Cookie:')
89.248.163.212 - - [15/Jul/2023 08:15:30] "[35m[1m  /*√†     Cookie: mstshash=Administr[0m" HTTPStatus.BAD_REQUEST -
471
[2023-07-15 09:03:02,525] ERROR in app: Exception on / [GET]
Traceback (most recent call last):
  File "/usr/local/lib64/python3.6/site-packages/flask/app.py", line 2073, in wsgi_app
    response = self.full_dispatch_request()
  File "/usr/local/lib64/python3.6/site-packages/flask/app.py", line 1519, in full_dispatch_request
    return self.finalize_request(rv)
  File "/usr/local/lib64/python3.6/site-packages/flask/app.py", line 1538, in finalize_request
    response = self.make_response(rv)
  File "/usr/local/lib64/python3.6/site-packages/flask/app.py", line 1702, in make_response
    f"The view function for {request.endpoint!r} did not"
TypeError: The view function for 'result' did not return a valid response. The function either returned None or ended without a return statement.
162.142.125.226 - - [15/Jul/2023 09:03:02] "[35m[1mGET / HTTP/1.1[0m" 500 -
162.142.125.226 - - [15/Jul/2023 09:03:03] code 505, message Invalid HTTP version (2.0)
162.142.125.226 - - [15/Jul/2023 09:03:03] "[35m[1mPRI * HTTP/2.0[0m" HTTPStatus.HTTP_VERSION_NOT_SUPPORTED -
471
124.221.203.147 - - [15/Jul/2023 10:00:57] "GET /?password=wsj HTTP/1.1" 200 -
89.248.163.212 - - [15/Jul/2023 23:24:44] code 400, message Bad HTTP/0.9 request type ('\x03\x00\x00/*√†\x00\x00\x00\x00\x00Cookie:')
89.248.163.212 - - [15/Jul/2023 23:24:44] "[35m[1m  /*√†     Cookie: mstshash=Administr[0m" HTTPStatus.BAD_REQUEST -
((471, datetime.datetime(2023, 7, 15, 0, 30, 9), 1, 120),)
591
yibukaishi
767676591@qq.com
767676591
{'beingInvited': False, 'corpName': None, 'loginToken': None, 'openId': None, 'token': 'e6ac56dc-34b7-4e3c-886c-442715989d25', 'userInfo': {'beingBlackEmail': False, 'beingDisableExpiryRemind': False, 'beingExpand': None, 'beingInvited': False, 'beingLangFollowBrowser': True, 'beingOldVersion': None, 'beingPrivacyPolicy': True, 'beingSandBoxSuperAdmin': False, 'collectUserInfo': None, 'createTime': None, 'csShow': True, 'desktopRemind': True, 'email': '767676591@qq.com', 'firstLogin': None, 'grayLimit': 45, 'graySpecify': False, 'grayType': 1, 'hasPwdLoggedIn': False, 'havePassword': True, 'headImg': None, 'lang': None, 'lastWsInfo': {'accepted': None, 'accountLevel': 40, 'auth': 2, 'beingCustomizedAppSync': None, 'beingHideHelpDocument': False, 'beingSandbox': False, 'beingWatermark': False, 'biAuth': 'SUPER', 'canWorkWx': False, 'contactEnableNum': 1, 'contactNum': 1, 'departs': [], 'dynamic': None, 'exId': 'tAeLHd46LCKM6riJFYnNyA==', 'exUserId': '1838498', 'expireDate': 1690732857000, 'hideCopyright': False, 'logoutConfig': {'logOutToSso': False, 'serverName': None, 'ssoType': None}, 'memberId': 1674185, 'openConnectorList': [], 'openPluginList': [2, 3, 6, 7, 8, 9, 13, 14, 15, 16, 17, 25, 26, 27, 28, 29, 33, 34, 35, 36, 37, 38, 39, 42, 43, 44, 45, -2, 32], 'permissionStatus': None, 'pluginClickList': [], 'pluginLimitDetail': {'dashAllVisiableLimit': 4, 'dashAllVisiableNum': 0}, 'publicAccessAuthVO': {'beingAttachmentQuestion': False, 'beingPublicLink': False}, 'remark': '767676591@qq.com', 'showContact': True, 'trial': True, 'trialDays': '0', 'trialNotice': True, 'type': 'normal', 'useScheduledSync': False, 'watermarkConfig': {'showDate': False, 'showDeparts': False, 'showExUserId': False, 'showName': True, 'showPhoneNumber': False, 'showWsName': False}, 'wsDomain': None, 'wsFunction': 'platform', 'wsId': 421560, 'wsLimitDetail': {'canDashNum': -1, 'canFormNum': -1, 'canPackageNum': -1, 'currentDashNum': -1, 'currentFormNum': -1, 'currentPackageNum': -1}, 'wsName': '767676591@qq.comÁöÑÂ∑•‰ΩúÂå∫'}, 'mobile': '767676591', 'nickName': '767676591@qq.com', 'npsCollect': False, 'promoCode': '3b295b99a', 'randomEmail': False, 'recordedNewGuidePop': [], 'showProcessPersonal': False, 'signatureUrl': None, 'source': 'home_home', 'status': None, 'uid': 1838498}, 'userSecurityVO': {'authMethod': 0, 'beingUninitialized': False}}
{'beingInvited': False, 'corpName': None, 'loginToken': None, 'openId': None, 'token': 'e6ac56dc-34b7-4e3c-886c-442715989d25', 'userInfo': {'beingBlackEmail': False, 'beingDisableExpiryRemind': False, 'beingExpand': None, 'beingInvited': False, 'beingLangFollowBrowser': True, 'beingOldVersion': None, 'beingPrivacyPolicy': True, 'beingSandBoxSuperAdmin': False, 'collectUserInfo': None, 'createTime': None, 'csShow': True, 'desktopRemind': True, 'email': '767676591@qq.com', 'firstLogin': None, 'grayLimit': 45, 'graySpecify': False, 'grayType': 1, 'hasPwdLoggedIn': False, 'havePassword': True, 'headImg': None, 'lang': None, 'lastWsInfo': {'accepted': None, 'accountLevel': 40, 'auth': 2, 'beingCustomizedAppSync': None, 'beingHideHelpDocument': False, 'beingSandbox': False, 'beingWatermark': False, 'biAuth': 'SUPER', 'canWorkWx': False, 'contactEnableNum': 1, 'contactNum': 1, 'departs': [], 'dynamic': None, 'exId': 'tAeLHd46LCKM6riJFYnNyA==', 'exUserId': '1838498', 'expireDate': 1690732857000, 'hideCopyright': False, 'logoutConfig': {'logOutToSso': False, 'serverName': None, 'ssoType': None}, 'memberId': 1674185, 'openConnectorList': [], 'openPluginList': [2, 3, 6, 7, 8, 9, 13, 14, 15, 16, 17, 25, 26, 27, 28, 29, 33, 34, 35, 36, 37, 38, 39, 42, 43, 44, 45, -2, 32], 'permissionStatus': None, 'pluginClickList': [], 'pluginLimitDetail': {'dashAllVisiableLimit': 4, 'dashAllVisiableNum': 0}, 'publicAccessAuthVO': {'beingAttachmentQuestion': False, 'beingPublicLink': False}, 'remark': '767676591@qq.com', 'showContact': True, 'trial': True, 'trialDays': '0', 'trialNotice': True, 'type': 'normal', 'useScheduledSync': False, 'watermarkConfig': {'showDate': False, 'showDeparts': False, 'showExUserId': False, 'showName': True, 'showPhoneNumber': False, 'showWsName': False}, 'wsDomain': None, 'wsFunction': 'platform', 'wsId': 421560, 'wsLimitDetail': {'canDashNum': -1, 'canFormNum': -1, 'canPackageNum': -1, 'currentDashNum': -1, 'currentFormNum': -1, 'currentPackageNum': -1}, 'wsName': '767676591@qq.comÁöÑÂ∑•‰ΩúÂå∫'}, 'mobile': '767676591', 'nickName': '767676591@qq.com', 'npsCollect': False, 'promoCode': '3b295b99a', 'randomEmail': False, 'recordedNewGuidePop': [], 'showProcessPersonal': False, 'signatureUrl': None, 'source': 'home_home', 'status': None, 'uid': 1838498}, 'userSecurityVO': {'authMethod': 0, 'beingUninitialized': False}}
118.25.243.250 - - [16/Jul/2023 00:00:56] "POST /mointor HTTP/1.1" 200 -
((472, datetime.datetime(2023, 7, 16, 0, 0, 56), 1, 120),)
592
yibukaishi
767676592@qq.com
767676592
{'beingInvited': False, 'corpName': None, 'loginToken': None, 'openId': None, 'token': '97267751-9ac5-4a8e-927c-464594bdfc7b', 'userInfo': {'beingBlackEmail': False, 'beingDisableExpiryRemind': False, 'beingExpand': None, 'beingInvited': False, 'beingLangFollowBrowser': True, 'beingOldVersion': None, 'beingPrivacyPolicy': True, 'beingSandBoxSuperAdmin': False, 'collectUserInfo': None, 'createTime': None, 'csShow': True, 'desktopRemind': True, 'email': '767676592@qq.com', 'firstLogin': None, 'grayLimit': 27, 'graySpecify': False, 'grayType': 1, 'hasPwdLoggedIn': False, 'havePassword': True, 'headImg': None, 'lang': None, 'lastWsInfo': {'accepted': None, 'accountLevel': 40, 'auth': 2, 'beingCustomizedAppSync': None, 'beingHideHelpDocument': False, 'beingSandbox': False, 'beingWatermark': False, 'biAuth': 'SUPER', 'canWorkWx': False, 'contactEnableNum': 1, 'contactNum': 1, 'departs': [], 'dynamic': None, 'exId': 'tAeLHd46LCIzmhFQ0gexwQ==', 'exUserId': '1838502', 'expireDate': 1690734609000, 'hideCopyright': False, 'logoutConfig': {'logOutToSso': False, 'serverName': None, 'ssoType': None}, 'memberId': 1674188, 'openConnectorList': [], 'openPluginList': [2, 3, 6, 7, 8, 9, 13, 14, 15, 16, 17, 25, 26, 27, 28, 29, 33, 34, 35, 36, 37, 38, 39, 42, 43, 44, 45, -2, 32], 'permissionStatus': None, 'pluginClickList': [], 'pluginLimitDetail': {'dashAllVisiableLimit': 4, 'dashAllVisiableNum': 0}, 'publicAccessAuthVO': {'beingAttachmentQuestion': False, 'beingPublicLink': False}, 'remark': '767676592@qq.com', 'showContact': True, 'trial': True, 'trialDays': '0', 'trialNotice': True, 'type': 'normal', 'useScheduledSync': False, 'watermarkConfig': {'showDate': False, 'showDeparts': False, 'showExUserId': False, 'showName': True, 'showPhoneNumber': False, 'showWsName': False}, 'wsDomain': None, 'wsFunction': 'platform', 'wsId': 421563, 'wsLimitDetail': {'canDashNum': -1, 'canFormNum': -1, 'canPackageNum': -1, 'currentDashNum': -1, 'currentFormNum': -1, 'currentPackageNum': -1}, 'wsName': '767676592@qq.comÁöÑÂ∑•‰ΩúÂå∫'}, 'mobile': '767676592', 'nickName': '767676592@qq.com', 'npsCollect': False, 'promoCode': 'b44c082b7', 'randomEmail': False, 'recordedNewGuidePop': [], 'showProcessPersonal': False, 'signatureUrl': None, 'source': 'home_home', 'status': None, 'uid': 1838502}, 'userSecurityVO': {'authMethod': 0, 'beingUninitialized': False}}
{'beingInvited': False, 'corpName': None, 'loginToken': None, 'openId': None, 'token': '97267751-9ac5-4a8e-927c-464594bdfc7b', 'userInfo': {'beingBlackEmail': False, 'beingDisableExpiryRemind': False, 'beingExpand': None, 'beingInvited': False, 'beingLangFollowBrowser': True, 'beingOldVersion': None, 'beingPrivacyPolicy': True, 'beingSandBoxSuperAdmin': False, 'collectUserInfo': None, 'createTime': None, 'csShow': True, 'desktopRemind': True, 'email': '767676592@qq.com', 'firstLogin': None, 'grayLimit': 27, 'graySpecify': False, 'grayType': 1, 'hasPwdLoggedIn': False, 'havePassword': True, 'headImg': None, 'lang': None, 'lastWsInfo': {'accepted': None, 'accountLevel': 40, 'auth': 2, 'beingCustomizedAppSync': None, 'beingHideHelpDocument': False, 'beingSandbox': False, 'beingWatermark': False, 'biAuth': 'SUPER', 'canWorkWx': False, 'contactEnableNum': 1, 'contactNum': 1, 'departs': [], 'dynamic': None, 'exId': 'tAeLHd46LCIzmhFQ0gexwQ==', 'exUserId': '1838502', 'expireDate': 1690734609000, 'hideCopyright': False, 'logoutConfig': {'logOutToSso': False, 'serverName': None, 'ssoType': None}, 'memberId': 1674188, 'openConnectorList': [], 'openPluginList': [2, 3, 6, 7, 8, 9, 13, 14, 15, 16, 17, 25, 26, 27, 28, 29, 33, 34, 35, 36, 37, 38, 39, 42, 43, 44, 45, -2, 32], 'permissionStatus': None, 'pluginClickList': [], 'pluginLimitDetail': {'dashAllVisiableLimit': 4, 'dashAllVisiableNum': 0}, 'publicAccessAuthVO': {'beingAttachmentQuestion': False, 'beingPublicLink': False}, 'remark': '767676592@qq.com', 'showContact': True, 'trial': True, 'trialDays': '0', 'trialNotice': True, 'type': 'normal', 'useScheduledSync': False, 'watermarkConfig': {'showDate': False, 'showDeparts': False, 'showExUserId': False, 'showName': True, 'showPhoneNumber': False, 'showWsName': False}, 'wsDomain': None, 'wsFunction': 'platform', 'wsId': 421563, 'wsLimitDetail': {'canDashNum': -1, 'canFormNum': -1, 'canPackageNum': -1, 'currentDashNum': -1, 'currentFormNum': -1, 'currentPackageNum': -1}, 'wsName': '767676592@qq.comÁöÑÂ∑•‰ΩúÂå∫'}, 'mobile': '767676592', 'nickName': '767676592@qq.com', 'npsCollect': False, 'promoCode': 'b44c082b7', 'randomEmail': False, 'recordedNewGuidePop': [], 'showProcessPersonal': False, 'signatureUrl': None, 'source': 'home_home', 'status': None, 'uid': 1838502}, 'userSecurityVO': {'authMethod': 0, 'beingUninitialized': False}}
118.25.243.250 - - [16/Jul/2023 00:30:09] "POST /mointor HTTP/1.1" 200 -
89.248.163.212 - - [16/Jul/2023 09:33:34] code 400, message Bad HTTP/0.9 request type ('\x03\x00\x00/*√†\x00\x00\x00\x00\x00Cookie:')
89.248.163.212 - - [16/Jul/2023 09:33:34] "[35m[1m  /*√†     Cookie: mstshash=Administr[0m" HTTPStatus.BAD_REQUEST -
473
124.221.203.147 - - [16/Jul/2023 10:00:56] "GET /?password=wsj HTTP/1.1" 200 -
473
[2023-07-16 17:57:42,846] ERROR in app: Exception on / [GET]
Traceback (most recent call last):
  File "/usr/local/lib64/python3.6/site-packages/flask/app.py", line 2073, in wsgi_app
    response = self.full_dispatch_request()
  File "/usr/local/lib64/python3.6/site-packages/flask/app.py", line 1519, in full_dispatch_request
    return self.finalize_request(rv)
  File "/usr/local/lib64/python3.6/site-packages/flask/app.py", line 1538, in finalize_request
    response = self.make_response(rv)
  File "/usr/local/lib64/python3.6/site-packages/flask/app.py", line 1702, in make_response
    f"The view function for {request.endpoint!r} did not"
TypeError: The view function for 'result' did not return a valid response. The function either returned None or ended without a return statement.
95.214.53.99 - - [16/Jul/2023 17:57:42] "[35m[1mGET / HTTP/1.1[0m" 500 -
((473, datetime.datetime(2023, 7, 16, 0, 30, 9), 1, 120),)
593
yibukaishi
767676593@qq.com
767676593
{'beingInvited': False, 'corpName': None, 'loginToken': None, 'openId': None, 'token': '7a204ef1-7b8b-4e59-a538-8e1fac4114ad', 'userInfo': {'beingBlackEmail': False, 'beingDisableExpiryRemind': False, 'beingExpand': None, 'beingInvited': False, 'beingLangFollowBrowser': True, 'beingOldVersion': None, 'beingPrivacyPolicy': True, 'beingSandBoxSuperAdmin': False, 'collectUserInfo': None, 'createTime': None, 'csShow': True, 'desktopRemind': True, 'email': '767676593@qq.com', 'firstLogin': None, 'grayLimit': 54, 'graySpecify': False, 'grayType': 1, 'hasPwdLoggedIn': False, 'havePassword': True, 'headImg': None, 'lang': None, 'lastWsInfo': {'accepted': None, 'accountLevel': 40, 'auth': 2, 'beingCustomizedAppSync': None, 'beingHideHelpDocument': False, 'beingSandbox': False, 'beingWatermark': False, 'biAuth': 'SUPER', 'canWorkWx': False, 'contactEnableNum': 1, 'contactNum': 1, 'departs': [], 'dynamic': None, 'exId': 'tAeLHd46LCK+RNIe9jJCfg==', 'exUserId': '1838972', 'expireDate': 1690819238000, 'hideCopyright': False, 'logoutConfig': {'logOutToSso': False, 'serverName': None, 'ssoType': None}, 'memberId': 1674434, 'openConnectorList': [], 'openPluginList': [2, 3, 6, 7, 8, 9, 13, 14, 15, 16, 17, 25, 26, 27, 28, 29, 33, 34, 35, 36, 37, 38, 39, 42, 43, 44, 45, -2, 32], 'permissionStatus': None, 'pluginClickList': [], 'pluginLimitDetail': {'dashAllVisiableLimit': 4, 'dashAllVisiableNum': 0}, 'publicAccessAuthVO': {'beingAttachmentQuestion': False, 'beingPublicLink': False}, 'remark': '767676593@qq.com', 'showContact': True, 'trial': True, 'trialDays': '0', 'trialNotice': True, 'type': 'normal', 'useScheduledSync': False, 'watermarkConfig': {'showDate': False, 'showDeparts': False, 'showExUserId': False, 'showName': True, 'showPhoneNumber': False, 'showWsName': False}, 'wsDomain': None, 'wsFunction': 'platform', 'wsId': 421767, 'wsLimitDetail': {'canDashNum': -1, 'canFormNum': -1, 'canPackageNum': -1, 'currentDashNum': -1, 'currentFormNum': -1, 'currentPackageNum': -1}, 'wsName': '767676593@qq.comÁöÑÂ∑•‰ΩúÂå∫'}, 'mobile': '767676593', 'nickName': '767676593@qq.com', 'npsCollect': False, 'promoCode': 'b47f87d9c', 'randomEmail': False, 'recordedNewGuidePop': [], 'showProcessPersonal': False, 'signatureUrl': None, 'source': 'home_home', 'status': None, 'uid': 1838972}, 'userSecurityVO': {'authMethod': 0, 'beingUninitialized': False}}
{'beingInvited': False, 'corpName': None, 'loginToken': None, 'openId': None, 'token': '7a204ef1-7b8b-4e59-a538-8e1fac4114ad', 'userInfo': {'beingBlackEmail': False, 'beingDisableExpiryRemind': False, 'beingExpand': None, 'beingInvited': False, 'beingLangFollowBrowser': True, 'beingOldVersion': None, 'beingPrivacyPolicy': True, 'beingSandBoxSuperAdmin': False, 'collectUserInfo': None, 'createTime': None, 'csShow': True, 'desktopRemind': True, 'email': '767676593@qq.com', 'firstLogin': None, 'grayLimit': 54, 'graySpecify': False, 'grayType': 1, 'hasPwdLoggedIn': False, 'havePassword': True, 'headImg': None, 'lang': None, 'lastWsInfo': {'accepted': None, 'accountLevel': 40, 'auth': 2, 'beingCustomizedAppSync': None, 'beingHideHelpDocument': False, 'beingSandbox': False, 'beingWatermark': False, 'biAuth': 'SUPER', 'canWorkWx': False, 'contactEnableNum': 1, 'contactNum': 1, 'departs': [], 'dynamic': None, 'exId': 'tAeLHd46LCK+RNIe9jJCfg==', 'exUserId': '1838972', 'expireDate': 1690819238000, 'hideCopyright': False, 'logoutConfig': {'logOutToSso': False, 'serverName': None, 'ssoType': None}, 'memberId': 1674434, 'openConnectorList': [], 'openPluginList': [2, 3, 6, 7, 8, 9, 13, 14, 15, 16, 17, 25, 26, 27, 28, 29, 33, 34, 35, 36, 37, 38, 39, 42, 43, 44, 45, -2, 32], 'permissionStatus': None, 'pluginClickList': [], 'pluginLimitDetail': {'dashAllVisiableLimit': 4, 'dashAllVisiableNum': 0}, 'publicAccessAuthVO': {'beingAttachmentQuestion': False, 'beingPublicLink': False}, 'remark': '767676593@qq.com', 'showContact': True, 'trial': True, 'trialDays': '0', 'trialNotice': True, 'type': 'normal', 'useScheduledSync': False, 'watermarkConfig': {'showDate': False, 'showDeparts': False, 'showExUserId': False, 'showName': True, 'showPhoneNumber': False, 'showWsName': False}, 'wsDomain': None, 'wsFunction': 'platform', 'wsId': 421767, 'wsLimitDetail': {'canDashNum': -1, 'canFormNum': -1, 'canPackageNum': -1, 'currentDashNum': -1, 'currentFormNum': -1, 'currentPackageNum': -1}, 'wsName': '767676593@qq.comÁöÑÂ∑•‰ΩúÂå∫'}, 'mobile': '767676593', 'nickName': '767676593@qq.com', 'npsCollect': False, 'promoCode': 'b47f87d9c', 'randomEmail': False, 'recordedNewGuidePop': [], 'showProcessPersonal': False, 'signatureUrl': None, 'source': 'home_home', 'status': None, 'uid': 1838972}, 'userSecurityVO': {'authMethod': 0, 'beingUninitialized': False}}
118.25.243.250 - - [17/Jul/2023 00:00:38] "POST /mointor HTTP/1.1" 200 -
89.248.163.212 - - [17/Jul/2023 00:11:30] code 400, message Bad HTTP/0.9 request type ('\x03\x00\x00/*√†\x00\x00\x00\x00\x00Cookie:')
89.248.163.212 - - [17/Jul/2023 00:11:30] "[35m[1m  /*√†     Cookie: mstshash=Administr[0m" HTTPStatus.BAD_REQUEST -
((474, datetime.datetime(2023, 7, 17, 0, 0, 38), 1, 120),)
594
yibukaishi
767676594@qq.com
767676594
{'beingInvited': False, 'corpName': None, 'loginToken': None, 'openId': None, 'token': '69065e02-6e99-43be-b8e0-697409232fa2', 'userInfo': {'beingBlackEmail': False, 'beingDisableExpiryRemind': False, 'beingExpand': None, 'beingInvited': False, 'beingLangFollowBrowser': True, 'beingOldVersion': None, 'beingPrivacyPolicy': True, 'beingSandBoxSuperAdmin': False, 'collectUserInfo': None, 'createTime': None, 'csShow': True, 'desktopRemind': True, 'email': '767676594@qq.com', 'firstLogin': None, 'grayLimit': 13, 'graySpecify': False, 'grayType': 1, 'hasPwdLoggedIn': False, 'havePassword': True, 'headImg': None, 'lang': None, 'lastWsInfo': {'accepted': None, 'accountLevel': 40, 'auth': 2, 'beingCustomizedAppSync': None, 'beingHideHelpDocument': False, 'beingSandbox': False, 'beingWatermark': False, 'biAuth': 'SUPER', 'canWorkWx': False, 'contactEnableNum': 1, 'contactNum': 1, 'departs': [], 'dynamic': None, 'exId': 'tAeLHd46LCLv8oXkupZJVw==', 'exUserId': '1838977', 'expireDate': 1690821009000, 'hideCopyright': False, 'logoutConfig': {'logOutToSso': False, 'serverName': None, 'ssoType': None}, 'memberId': 1674437, 'openConnectorList': [], 'openPluginList': [2, 3, 6, 7, 8, 9, 13, 14, 15, 16, 17, 25, 26, 27, 28, 29, 33, 34, 35, 36, 37, 38, 39, 42, 43, 44, 45, -2, 32], 'permissionStatus': None, 'pluginClickList': [], 'pluginLimitDetail': {'dashAllVisiableLimit': 4, 'dashAllVisiableNum': 0}, 'publicAccessAuthVO': {'beingAttachmentQuestion': False, 'beingPublicLink': False}, 'remark': '767676594@qq.com', 'showContact': True, 'trial': True, 'trialDays': '0', 'trialNotice': True, 'type': 'normal', 'useScheduledSync': False, 'watermarkConfig': {'showDate': False, 'showDeparts': False, 'showExUserId': False, 'showName': True, 'showPhoneNumber': False, 'showWsName': False}, 'wsDomain': None, 'wsFunction': 'platform', 'wsId': 421770, 'wsLimitDetail': {'canDashNum': -1, 'canFormNum': -1, 'canPackageNum': -1, 'currentDashNum': -1, 'currentFormNum': -1, 'currentPackageNum': -1}, 'wsName': '767676594@qq.comÁöÑÂ∑•‰ΩúÂå∫'}, 'mobile': '767676594', 'nickName': '767676594@qq.com', 'npsCollect': False, 'promoCode': '6561e4fe4', 'randomEmail': False, 'recordedNewGuidePop': [], 'showProcessPersonal': False, 'signatureUrl': None, 'source': 'home_home', 'status': None, 'uid': 1838977}, 'userSecurityVO': {'authMethod': 0, 'beingUninitialized': False}}
{'beingInvited': False, 'corpName': None, 'loginToken': None, 'openId': None, 'token': '69065e02-6e99-43be-b8e0-697409232fa2', 'userInfo': {'beingBlackEmail': False, 'beingDisableExpiryRemind': False, 'beingExpand': None, 'beingInvited': False, 'beingLangFollowBrowser': True, 'beingOldVersion': None, 'beingPrivacyPolicy': True, 'beingSandBoxSuperAdmin': False, 'collectUserInfo': None, 'createTime': None, 'csShow': True, 'desktopRemind': True, 'email': '767676594@qq.com', 'firstLogin': None, 'grayLimit': 13, 'graySpecify': False, 'grayType': 1, 'hasPwdLoggedIn': False, 'havePassword': True, 'headImg': None, 'lang': None, 'lastWsInfo': {'accepted': None, 'accountLevel': 40, 'auth': 2, 'beingCustomizedAppSync': None, 'beingHideHelpDocument': False, 'beingSandbox': False, 'beingWatermark': False, 'biAuth': 'SUPER', 'canWorkWx': False, 'contactEnableNum': 1, 'contactNum': 1, 'departs': [], 'dynamic': None, 'exId': 'tAeLHd46LCLv8oXkupZJVw==', 'exUserId': '1838977', 'expireDate': 1690821009000, 'hideCopyright': False, 'logoutConfig': {'logOutToSso': False, 'serverName': None, 'ssoType': None}, 'memberId': 1674437, 'openConnectorList': [], 'openPluginList': [2, 3, 6, 7, 8, 9, 13, 14, 15, 16, 17, 25, 26, 27, 28, 29, 33, 34, 35, 36, 37, 38, 39, 42, 43, 44, 45, -2, 32], 'permissionStatus': None, 'pluginClickList': [], 'pluginLimitDetail': {'dashAllVisiableLimit': 4, 'dashAllVisiableNum': 0}, 'publicAccessAuthVO': {'beingAttachmentQuestion': False, 'beingPublicLink': False}, 'remark': '767676594@qq.com', 'showContact': True, 'trial': True, 'trialDays': '0', 'trialNotice': True, 'type': 'normal', 'useScheduledSync': False, 'watermarkConfig': {'showDate': False, 'showDeparts': False, 'showExUserId': False, 'showName': True, 'showPhoneNumber': False, 'showWsName': False}, 'wsDomain': None, 'wsFunction': 'platform', 'wsId': 421770, 'wsLimitDetail': {'canDashNum': -1, 'canFormNum': -1, 'canPackageNum': -1, 'currentDashNum': -1, 'currentFormNum': -1, 'currentPackageNum': -1}, 'wsName': '767676594@qq.comÁöÑÂ∑•‰ΩúÂå∫'}, 'mobile': '767676594', 'nickName': '767676594@qq.com', 'npsCollect': False, 'promoCode': '6561e4fe4', 'randomEmail': False, 'recordedNewGuidePop': [], 'showProcessPersonal': False, 'signatureUrl': None, 'source': 'home_home', 'status': None, 'uid': 1838977}, 'userSecurityVO': {'authMethod': 0, 'beingUninitialized': False}}
118.25.243.250 - - [17/Jul/2023 00:30:09] "POST /mointor HTTP/1.1" 200 -
475
[2023-07-17 06:20:32,525] ERROR in app: Exception on / [GET]
Traceback (most recent call last):
  File "/usr/local/lib64/python3.6/site-packages/flask/app.py", line 2073, in wsgi_app
    response = self.full_dispatch_request()
  File "/usr/local/lib64/python3.6/site-packages/flask/app.py", line 1519, in full_dispatch_request
    return self.finalize_request(rv)
  File "/usr/local/lib64/python3.6/site-packages/flask/app.py", line 1538, in finalize_request
    response = self.make_response(rv)
  File "/usr/local/lib64/python3.6/site-packages/flask/app.py", line 1702, in make_response
    f"The view function for {request.endpoint!r} did not"
TypeError: The view function for 'result' did not return a valid response. The function either returned None or ended without a return statement.
167.248.133.49 - - [17/Jul/2023 06:20:32] "[35m[1mGET / HTTP/1.1[0m" 500 -
167.248.133.49 - - [17/Jul/2023 06:20:33] code 505, message Invalid HTTP version (2.0)
167.248.133.49 - - [17/Jul/2023 06:20:33] "[35m[1mPRI * HTTP/2.0[0m" HTTPStatus.HTTP_VERSION_NOT_SUPPORTED -
475
[2023-07-17 06:31:46,582] ERROR in app: Exception on / [GET]
Traceback (most recent call last):
  File "/usr/local/lib64/python3.6/site-packages/flask/app.py", line 2073, in wsgi_app
    response = self.full_dispatch_request()
  File "/usr/local/lib64/python3.6/site-packages/flask/app.py", line 1519, in full_dispatch_request
    return self.finalize_request(rv)
  File "/usr/local/lib64/python3.6/site-packages/flask/app.py", line 1538, in finalize_request
    response = self.make_response(rv)
  File "/usr/local/lib64/python3.6/site-packages/flask/app.py", line 1702, in make_response
    f"The view function for {request.endpoint!r} did not"
TypeError: The view function for 'result' did not return a valid response. The function either returned None or ended without a return statement.
8.134.81.19 - - [17/Jul/2023 06:31:46] "[35m[1mGET / HTTP/1.0[0m" 500 -
8.134.81.19 - - [17/Jul/2023 06:31:56] "[33mGET /Portal0000.htm HTTP/1.1[0m" 404 -
8.134.81.19 - - [17/Jul/2023 06:31:56] "[33mGET /t9cL HTTP/1.1[0m" 404 -
8.134.81.19 - - [17/Jul/2023 06:31:56] "[33mGET /__Additional HTTP/1.1[0m" 404 -
475
[2023-07-17 06:31:56,635] ERROR in app: Exception on / [GET]
Traceback (most recent call last):
  File "/usr/local/lib64/python3.6/site-packages/flask/app.py", line 2073, in wsgi_app
    response = self.full_dispatch_request()
  File "/usr/local/lib64/python3.6/site-packages/flask/app.py", line 1519, in full_dispatch_request
    return self.finalize_request(rv)
  File "/usr/local/lib64/python3.6/site-packages/flask/app.py", line 1538, in finalize_request
    response = self.make_response(rv)
  File "/usr/local/lib64/python3.6/site-packages/flask/app.py", line 1702, in make_response
    f"The view function for {request.endpoint!r} did not"
TypeError: The view function for 'result' did not return a valid response. The function either returned None or ended without a return statement.
8.134.81.19 - - [17/Jul/2023 06:31:56] "[35m[1mGET /?=PHPE9568F36-D428-11d2-A769-00AA001ACF42 HTTP/1.1[0m" 500 -
475
[2023-07-17 06:31:56,688] ERROR in app: Exception on / [HEAD]
Traceback (most recent call last):
  File "/usr/local/lib64/python3.6/site-packages/flask/app.py", line 2073, in wsgi_app
    response = self.full_dispatch_request()
  File "/usr/local/lib64/python3.6/site-packages/flask/app.py", line 1519, in full_dispatch_request
    return self.finalize_request(rv)
  File "/usr/local/lib64/python3.6/site-packages/flask/app.py", line 1538, in finalize_request
    response = self.make_response(rv)
  File "/usr/local/lib64/python3.6/site-packages/flask/app.py", line 1702, in make_response
    f"The view function for {request.endpoint!r} did not"
TypeError: The view function for 'result' did not return a valid response. The function either returned None or ended without a return statement.
8.134.81.19 - - [17/Jul/2023 06:31:56] "[35m[1mHEAD / HTTP/1.1[0m" 500 -
8.134.81.19 - - [17/Jul/2023 06:31:56] "[33mGET /nmaplowercheck1689546716 HTTP/1.1[0m" 404 -
8.134.81.19 - - [17/Jul/2023 06:31:56] "[33mGET /HNAP1 HTTP/1.1[0m" 404 -
8.134.81.19 - - [17/Jul/2023 06:31:57] "[33mGET /main.aspx HTTP/1.1[0m" 404 -
475
[2023-07-17 06:31:57,078] ERROR in app: Exception on / [GET]
Traceback (most recent call last):
  File "/usr/local/lib64/python3.6/site-packages/flask/app.py", line 2073, in wsgi_app
    response = self.full_dispatch_request()
  File "/usr/local/lib64/python3.6/site-packages/flask/app.py", line 1519, in full_dispatch_request
    return self.finalize_request(rv)
  File "/usr/local/lib64/python3.6/site-packages/flask/app.py", line 1538, in finalize_request
    response = self.make_response(rv)
  File "/usr/local/lib64/python3.6/site-packages/flask/app.py", line 1702, in make_response
    f"The view function for {request.endpoint!r} did not"
TypeError: The view function for 'result' did not return a valid response. The function either returned None or ended without a return statement.
8.134.81.19 - - [17/Jul/2023 06:31:57] "[35m[1mGET /?=PHPB8B5F2A0-3C92-11d3-A3A9-4C7B08C10000 HTTP/1.1[0m" 500 -
8.134.81.19 - - [17/Jul/2023 06:31:57] "[33mGET /inicio.jsa HTTP/1.1[0m" 404 -
8.134.81.19 - - [17/Jul/2023 06:31:57] "[33mGET /admin.cgi HTTP/1.1[0m" 404 -
8.134.81.19 - - [17/Jul/2023 06:31:57] "[33mGET /home.asp HTTP/1.1[0m" 404 -
8.134.81.19 - - [17/Jul/2023 06:31:57] "[33mGET /base.cgi HTTP/1.1[0m" 404 -
8.134.81.19 - - [17/Jul/2023 06:31:57] "[33mGET /admin.shtml HTTP/1.1[0m" 404 -
8.134.81.19 - - [17/Jul/2023 06:31:57] "[33mPOST /sdk HTTP/1.1[0m" 404 -
475
[2023-07-17 06:31:57,844] ERROR in app: Exception on / [GET]
Traceback (most recent call last):
  File "/usr/local/lib64/python3.6/site-packages/flask/app.py", line 2073, in wsgi_app
    response = self.full_dispatch_request()
  File "/usr/local/lib64/python3.6/site-packages/flask/app.py", line 1519, in full_dispatch_request
    return self.finalize_request(rv)
  File "/usr/local/lib64/python3.6/site-packages/flask/app.py", line 1538, in finalize_request
    response = self.make_response(rv)
  File "/usr/local/lib64/python3.6/site-packages/flask/app.py", line 1702, in make_response
    f"The view function for {request.endpoint!r} did not"
TypeError: The view function for 'result' did not return a valid response. The function either returned None or ended without a return statement.
8.134.81.19 - - [17/Jul/2023 06:31:57] "[35m[1mGET / HTTP/1.1[0m" 500 -
8.134.81.19 - - [17/Jul/2023 06:31:57] "[33mGET /default.jsa HTTP/1.1[0m" 404 -
8.134.81.19 - - [17/Jul/2023 06:31:58] "[33mGET /index.cfm HTTP/1.1[0m" 404 -
8.134.81.19 - - [17/Jul/2023 06:31:58] "[33mGET /inicio.aspx HTTP/1.1[0m" 404 -
8.134.81.19 - - [17/Jul/2023 06:31:58] "[33mGET /default.cgi HTTP/1.1[0m" 404 -
8.134.81.19 - - [17/Jul/2023 06:31:58] "[33mGET /start.shtml HTTP/1.1[0m" 404 -
8.134.81.19 - - [17/Jul/2023 06:31:58] "[33mGET /index.cgi HTTP/1.1[0m" 404 -
8.134.81.19 - - [17/Jul/2023 06:31:58] "[33mGET /admin.php HTTP/1.1[0m" 404 -
8.134.81.19 - - [17/Jul/2023 06:31:59] "[33mGET /menu.jsa HTTP/1.1[0m" 404 -
8.134.81.19 - - [17/Jul/2023 06:31:59] "[33mGET /default.jsp HTTP/1.1[0m" 404 -
8.134.81.19 - - [17/Jul/2023 06:31:59] "[33mGET /index.jsa HTTP/1.1[0m" 404 -
8.134.81.19 - - [17/Jul/2023 06:31:59] "[33mGET /home.jsp HTTP/1.1[0m" 404 -
8.134.81.19 - - [17/Jul/2023 06:31:59] "[33mGET /indice.jsa HTTP/1.1[0m" 404 -
8.134.81.19 - - [17/Jul/2023 06:31:59] "[33mGET /admin.jhtml HTTP/1.1[0m" 404 -
8.134.81.19 - - [17/Jul/2023 06:31:59] "[33mGET /menu.shtml HTTP/1.1[0m" 404 -
8.134.81.19 - - [17/Jul/2023 06:32:00] "[33mGET /start.php HTTP/1.1[0m" 404 -
8.134.81.19 - - [17/Jul/2023 06:32:00] "[33mGET /main.cfm HTTP/1.1[0m" 404 -
8.134.81.19 - - [17/Jul/2023 06:32:00] "[33mGET /menu.aspx HTTP/1.1[0m" 404 -
8.134.81.19 - - [17/Jul/2023 06:32:00] "[33mGET /indice.html HTTP/1.1[0m" 404 -
8.134.81.19 - - [17/Jul/2023 06:32:00] "[33mGET /menu.pl HTTP/1.1[0m" 404 -
8.134.81.19 - - [17/Jul/2023 06:32:00] "[33mGET /inicio.cfm HTTP/1.1[0m" 404 -
8.134.81.19 - - [17/Jul/2023 06:32:01] "[33mGET /localstart.jsp HTTP/1.1[0m" 404 -
8.134.81.19 - - [17/Jul/2023 06:32:01] "[33mGET /robots.txt HTTP/1.1[0m" 404 -
8.134.81.19 - - [17/Jul/2023 06:32:01] "[33mGET /inicio.pl HTTP/1.1[0m" 404 -
8.134.81.19 - - [17/Jul/2023 06:32:01] "[33mGET /base.jsa HTTP/1.1[0m" 404 -
8.134.81.19 - - [17/Jul/2023 06:32:01] "[33mGET /default.cfm HTTP/1.1[0m" 404 -
8.134.81.19 - - [17/Jul/2023 06:32:01] "[33mGET /admin.cfm HTTP/1.1[0m" 404 -
8.134.81.19 - - [17/Jul/2023 06:32:02] "[33mGET /admin.aspx HTTP/1.1[0m" 404 -
8.134.81.19 - - [17/Jul/2023 06:32:02] "[33mGET /admin.asp HTTP/1.1[0m" 404 -
475
[2023-07-17 06:32:02,273] ERROR in app: Exception on / [GET]
Traceback (most recent call last):
  File "/usr/local/lib64/python3.6/site-packages/flask/app.py", line 2073, in wsgi_app
    response = self.full_dispatch_request()
  File "/usr/local/lib64/python3.6/site-packages/flask/app.py", line 1519, in full_dispatch_request
    return self.finalize_request(rv)
  File "/usr/local/lib64/python3.6/site-packages/flask/app.py", line 1538, in finalize_request
    response = self.make_response(rv)
  File "/usr/local/lib64/python3.6/site-packages/flask/app.py", line 1702, in make_response
    f"The view function for {request.endpoint!r} did not"
TypeError: The view function for 'result' did not return a valid response. The function either returned None or ended without a return statement.
8.134.81.19 - - [17/Jul/2023 06:32:02] "[35m[1mGET / HTTP/1.1[0m" 500 -
8.134.81.19 - - [17/Jul/2023 06:32:02] "[33mGET /base.shtml HTTP/1.1[0m" 404 -
8.134.81.19 - - [17/Jul/2023 06:32:02] "[33mGET /home.jsa HTTP/1.1[0m" 404 -
8.134.81.19 - - [17/Jul/2023 06:32:02] "[33mGET /default.jhtml HTTP/1.1[0m" 404 -
8.134.81.19 - - [17/Jul/2023 06:32:02] "[33mGET /base.jsp HTTP/1.1[0m" 404 -
8.134.81.19 - - [17/Jul/2023 06:32:02] "[33mGET /favicon.ico HTTP/1.1[0m" 404 -
8.134.81.19 - - [17/Jul/2023 06:32:02] "[33mGET /indice.asp HTTP/1.1[0m" 404 -
8.134.81.19 - - [17/Jul/2023 06:32:03] "[33mGET /menu.cgi HTTP/1.1[0m" 404 -
8.134.81.19 - - [17/Jul/2023 06:32:03] "[33mGET /base.pl HTTP/1.1[0m" 404 -
8.134.81.19 - - [17/Jul/2023 06:32:03] "[33mGET /indice.jsp HTTP/1.1[0m" 404 -
8.134.81.19 - - [17/Jul/2023 06:32:03] "[33mGET /.git/HEAD HTTP/1.1[0m" 404 -
8.134.81.19 - - [17/Jul/2023 06:32:03] "[33mGET /Portal/Portal.mwsl HTTP/1.1[0m" 404 -
8.134.81.19 - - [17/Jul/2023 06:32:03] "[33mGET /base.php HTTP/1.1[0m" 404 -
8.134.81.19 - - [17/Jul/2023 06:32:03] "[33mGET /docs/cplugError.html/ HTTP/1.1[0m" 404 -
8.134.81.19 - - [17/Jul/2023 06:32:03] "[33mGET /main.jsa HTTP/1.1[0m" 404 -
8.134.81.19 - - [17/Jul/2023 06:32:03] "[33mGET /base.jhtml HTTP/1.1[0m" 404 -
475
[2023-07-17 06:32:03,907] ERROR in app: Exception on / [GET]
Traceback (most recent call last):
  File "/usr/local/lib64/python3.6/site-packages/flask/app.py", line 2073, in wsgi_app
    response = self.full_dispatch_request()
  File "/usr/local/lib64/python3.6/site-packages/flask/app.py", line 1519, in full_dispatch_request
    return self.finalize_request(rv)
  File "/usr/local/lib64/python3.6/site-packages/flask/app.py", line 1538, in finalize_request
    response = self.make_response(rv)
  File "/usr/local/lib64/python3.6/site-packages/flask/app.py", line 1702, in make_response
    f"The view function for {request.endpoint!r} did not"
TypeError: The view function for 'result' did not return a valid response. The function either returned None or ended without a return statement.
8.134.81.19 - - [17/Jul/2023 06:32:03] "[35m[1mGET / HTTP/1.1[0m" 500 -
8.134.81.19 - - [17/Jul/2023 06:32:04] "[33mGET /base.inc HTTP/1.1[0m" 404 -
8.134.81.19 - - [17/Jul/2023 06:32:04] "[33mGET /CSS/Miniweb.css HTTP/1.1[0m" 404 -
8.134.81.19 - - [17/Jul/2023 06:32:04] "[33mGET /admin.html HTTP/1.1[0m" 404 -
8.134.81.19 - - [17/Jul/2023 06:32:04] "[33mGET /home.cgi HTTP/1.1[0m" 404 -
8.134.81.19 - - [17/Jul/2023 06:32:04] "[33mGET /base.cfm HTTP/1.1[0m" 404 -
8.134.81.19 - - [17/Jul/2023 06:32:04] "[33mGET /pools/default/buckets HTTP/1.1[0m" 404 -
8.134.81.19 - - [17/Jul/2023 06:32:04] "[33mGET /inicio.asp HTTP/1.1[0m" 404 -
8.134.81.19 - - [17/Jul/2023 06:32:04] "[33mGET /pools HTTP/1.1[0m" 404 -
8.134.81.19 - - [17/Jul/2023 06:32:04] "[33mGET /inicio.html HTTP/1.1[0m" 404 -
8.134.81.19 - - [17/Jul/2023 06:32:05] "[33mGET /inicio.php HTTP/1.1[0m" 404 -
8.134.81.19 - - [17/Jul/2023 06:32:05] "[33mGET /menu.jhtml HTTP/1.1[0m" 404 -
8.134.81.19 - - [17/Jul/2023 06:32:05] "[33mGET /main.pl HTTP/1.1[0m" 404 -
8.134.81.19 - - [17/Jul/2023 06:32:05] "[33mGET /base.html HTTP/1.1[0m" 404 -
8.134.81.19 - - [17/Jul/2023 06:32:05] "[33mGET /admin.jsp HTTP/1.1[0m" 404 -
8.134.81.19 - - [17/Jul/2023 06:32:05] "[33mGET /admin.jsa HTTP/1.1[0m" 404 -
8.134.81.19 - - [17/Jul/2023 06:32:05] "[33mGET /start.pl HTTP/1.1[0m" 404 -
8.134.81.19 - - [17/Jul/2023 06:32:06] "[33mGET /home.html HTTP/1.1[0m" 404 -
8.134.81.19 - - [17/Jul/2023 06:32:06] "[33mGET default.asp HTTP/1.1[0m" 404 -
8.134.81.19 - - [17/Jul/2023 06:32:06] "[33mGET /index.jhtml HTTP/1.1[0m" 404 -
8.134.81.19 - - [17/Jul/2023 06:32:06] "[33mGET /start.asp HTTP/1.1[0m" 404 -
8.134.81.19 - - [17/Jul/2023 06:32:06] code 400, message Bad HTTP/0.9 request type ('\x16\x03\x01\x02\x00\x01\x00\x01√º\x03\x03√Ö√§√É√®√àh¬Ø<U√áG\x84√Ü\x18√∏JR,F\x07√°√Ñ√ÅPR¬©\x10\x1b√ç√ç\x11\\')
8.134.81.19 - - [17/Jul/2023 06:32:06] "[35m[1m  √º√Ö√§√É√®√àh¬Ø<U√áG¬Ñ√Ü√∏JR,F√°√Ñ√ÅPR¬©√ç√ç\ ¬ò√å√´T√ã¬ö¬§¬∂¬ë|}√ò√ä[¬µJ√≤¬ØKp√≠U"√¨ 4S¬≥√ã¬Ü¬∞ ¬ú 3 9 5 /√Ä,√Ä0 ¬£ ¬ü√å¬©√å¬®√å¬™√Ä¬Ø√Ä¬≠√Ä¬£√Ä¬ü√Ä]√Äa√ÄW√ÄS√Ä+√Ä/ ¬¢ ¬û√Ä¬Æ√Ä¬¨√Ä¬¢√Ä¬û√Ä\√Ä`√ÄV√ÄR√Ä$√Ä( k j√Äs√Äw √Ñ √É√Ä#√Ä' g @√Är√Äv ¬æ ¬Ω√Ä[0m" HTTPStatus.BAD_REQUEST -
8.134.81.19 - - [17/Jul/2023 06:32:06] "[33mGET /indice.jhtml HTTP/1.1[0m" 404 -
8.134.81.19 - - [17/Jul/2023 06:32:06] "[33mGET /index.aspx HTTP/1.1[0m" 404 -
8.134.81.19 - - [17/Jul/2023 06:32:07] "[33mGET /main.html HTTP/1.1[0m" 404 -
8.134.81.19 - - [17/Jul/2023 06:32:07] "[33mGET /indice.pl HTTP/1.1[0m" 404 -
8.134.81.19 - - [17/Jul/2023 06:32:07] "[33mGET /indice.cgi HTTP/1.1[0m" 404 -
8.134.81.19 - - [17/Jul/2023 06:32:07] "[33mGET /indice.cfm HTTP/1.1[0m" 404 -
8.134.81.19 - - [17/Jul/2023 06:32:07] code 400, message Bad request syntax ('\x0e\x00\x00\x00\x00\x00\x00\x00\x00\x00\x00\x00\x00\x00\x00\x00bbbb0100000001')
8.134.81.19 - - [17/Jul/2023 06:32:07] "[35m[1m               bbbb0100000001[0m" HTTPStatus.BAD_REQUEST -
8.134.81.19 - - [17/Jul/2023 06:32:07] "[33mGET /indice.aspx HTTP/1.1[0m" 404 -
8.134.81.19 - - [17/Jul/2023 06:32:07] "[33mGET /index.pl HTTP/1.1[0m" 404 -
8.134.81.19 - - [17/Jul/2023 06:32:08] "[33mGET /menu.html HTTP/1.1[0m" 404 -
8.134.81.19 - - [17/Jul/2023 06:32:08] "[33mGET /default.pl HTTP/1.1[0m" 404 -
8.134.81.19 - - [17/Jul/2023 06:32:08] "[33mGET /home.aspx HTTP/1.1[0m" 404 -
8.134.81.19 - - [17/Jul/2023 06:32:08] "[33mGET /inicio.shtml HTTP/1.1[0m" 404 -
8.134.81.19 - - [17/Jul/2023 06:32:08] "[33mGET /inicio.jhtml HTTP/1.1[0m" 404 -
8.134.81.19 - - [17/Jul/2023 06:32:08] "[33mGET /inicio.jsp HTTP/1.1[0m" 404 -
8.134.81.19 - - [17/Jul/2023 06:32:08] "[33mGET /inicio.cgi HTTP/1.1[0m" 404 -
8.134.81.19 - - [17/Jul/2023 06:32:08] "[33mGET /default.asp HTTP/1.1[0m" 404 -
8.134.81.19 - - [17/Jul/2023 06:32:08] "[33mGET /home.cfm HTTP/1.1[0m" 404 -
8.134.81.19 - - [17/Jul/2023 06:32:09] "[33mGET /start.jsa HTTP/1.1[0m" 404 -
8.134.81.19 - - [17/Jul/2023 06:32:09] "[33mGET /base.aspx HTTP/1.1[0m" 404 -
8.134.81.19 - - [17/Jul/2023 06:32:09] "[33mGET /localstart.shtml HTTP/1.1[0m" 404 -
8.134.81.19 - - [17/Jul/2023 06:32:09] "[33mGET /localstart.pl HTTP/1.1[0m" 404 -
8.134.81.19 - - [17/Jul/2023 06:32:09] "[33mGET /menu.php HTTP/1.1[0m" 404 -
8.134.81.19 - - [17/Jul/2023 06:32:09] "[33mGET /index.php HTTP/1.1[0m" 404 -
8.134.81.19 - - [17/Jul/2023 06:32:09] "[33mGET /localstart.php HTTP/1.1[0m" 404 -
8.134.81.19 - - [17/Jul/2023 06:32:09] "[33mGET /localstart.jsa HTTP/1.1[0m" 404 -
475
[2023-07-17 06:32:12,818] ERROR in app: Exception on / [GET]
Traceback (most recent call last):
  File "/usr/local/lib64/python3.6/site-packages/flask/app.py", line 2073, in wsgi_app
    response = self.full_dispatch_request()
  File "/usr/local/lib64/python3.6/site-packages/flask/app.py", line 1519, in full_dispatch_request
    return self.finalize_request(rv)
  File "/usr/local/lib64/python3.6/site-packages/flask/app.py", line 1538, in finalize_request
    response = self.make_response(rv)
  File "/usr/local/lib64/python3.6/site-packages/flask/app.py", line 1702, in make_response
    f"The view function for {request.endpoint!r} did not"
TypeError: The view function for 'result' did not return a valid response. The function either returned None or ended without a return statement.
8.134.81.19 - - [17/Jul/2023 06:32:12] "[35m[1mGET / HTTP/1.0[0m" 500 -
475
[2023-07-17 06:32:13,189] ERROR in app: Exception on / [GET]
Traceback (most recent call last):
  File "/usr/local/lib64/python3.6/site-packages/flask/app.py", line 2073, in wsgi_app
    response = self.full_dispatch_request()
  File "/usr/local/lib64/python3.6/site-packages/flask/app.py", line 1519, in full_dispatch_request
    return self.finalize_request(rv)
  File "/usr/local/lib64/python3.6/site-packages/flask/app.py", line 1538, in finalize_request
    response = self.make_response(rv)
  File "/usr/local/lib64/python3.6/site-packages/flask/app.py", line 1702, in make_response
    f"The view function for {request.endpoint!r} did not"
TypeError: The view function for 'result' did not return a valid response. The function either returned None or ended without a return statement.
8.134.81.19 - - [17/Jul/2023 06:32:13] "[35m[1mGET / HTTP/1.1[0m" 500 -
475
124.221.203.147 - - [17/Jul/2023 10:00:57] "GET /?password=wsj HTTP/1.1" 200 -
167.94.138.33 - - [17/Jul/2023 12:49:55] code 400, message Bad request syntax ('\x16\x03\x01\x00√Æ\x01\x00\x00√™\x03\x03\x05√Ñ√æ\x8b\x1a√ùV√™I¬•¬Ω\x17I\x1aC\x93\xad¬°\\\x8f¬¨tDV√út\x85√º√í\x12$√ò x_N√Ä¬®√ãQ√áb\x0e√õ=√õ p¬¶<\x16√ò¬∞X√∏¬¶\x138¬≤X√å√Ç¬¢√é\x0c\x00&√å¬®√å¬©√Ä/√Ä0√Ä+√Ä,√Ä\x13√Ä\t√Ä\x14√Ä')
167.94.138.33 - - [17/Jul/2023 12:49:55] "[35m[1m √Æ  √™√Ñ√æ¬ã√ùV√™I¬•¬ΩIC¬ì¬≠¬°\¬è¬¨tDV√út¬Ö√º√í$√ò x_N√Ä¬®√ãQ√áb√õ=√õ p¬¶<√ò¬∞X√∏¬¶8¬≤X√å√Ç¬¢√é &√å¬®√å¬©√Ä/√Ä0√Ä+√Ä,√Ä√Ä	√Ä√Ä[0m" HTTPStatus.BAD_REQUEST -
89.248.163.212 - - [17/Jul/2023 15:31:00] code 400, message Bad HTTP/0.9 request type ('\x03\x00\x00/*√†\x00\x00\x00\x00\x00Cookie:')
89.248.163.212 - - [17/Jul/2023 15:31:00] "[35m[1m  /*√†     Cookie: mstshash=Administr[0m" HTTPStatus.BAD_REQUEST -
52.83.91.65 - - [17/Jul/2023 19:00:45] code 400, message Bad request syntax ('333766643833656338616434363333643963363962386536653538383937393235613033653338636434')
52.83.91.65 - - [17/Jul/2023 19:00:45] "[35m[1m333766643833656338616434363333643963363962386536653538383937393235613033653338636434[0m" HTTPStatus.BAD_REQUEST -
((475, datetime.datetime(2023, 7, 17, 0, 30, 9), 1, 120),)
595
yibukaishi
767676595@qq.com
767676595
{'beingInvited': False, 'corpName': None, 'loginToken': None, 'openId': None, 'token': '7d7c30ee-4e97-482f-94a3-471f71b62466', 'userInfo': {'beingBlackEmail': False, 'beingDisableExpiryRemind': False, 'beingExpand': None, 'beingInvited': False, 'beingLangFollowBrowser': True, 'beingOldVersion': None, 'beingPrivacyPolicy': True, 'beingSandBoxSuperAdmin': False, 'collectUserInfo': None, 'createTime': None, 'csShow': True, 'desktopRemind': True, 'email': '767676595@qq.com', 'firstLogin': None, 'grayLimit': 6, 'graySpecify': False, 'grayType': 1, 'hasPwdLoggedIn': False, 'havePassword': True, 'headImg': None, 'lang': None, 'lastWsInfo': {'accepted': None, 'accountLevel': 40, 'auth': 2, 'beingCustomizedAppSync': None, 'beingHideHelpDocument': False, 'beingSandbox': False, 'beingWatermark': False, 'biAuth': 'SUPER', 'canWorkWx': False, 'contactEnableNum': 1, 'contactNum': 1, 'departs': [], 'dynamic': None, 'exId': 'tAeLHd46LCI/dWHfkVFAWA==', 'exUserId': '1840379', 'expireDate': 1690898431000, 'hideCopyright': False, 'logoutConfig': {'logOutToSso': False, 'serverName': None, 'ssoType': None}, 'memberId': 1676042, 'openConnectorList': [], 'openPluginList': [2, 3, 6, 7, 8, 9, 13, 14, 15, 16, 17, 25, 26, 27, 28, 29, 33, 34, 35, 36, 37, 38, 39, 42, 43, 44, 45, -2, 32], 'permissionStatus': None, 'pluginClickList': [], 'pluginLimitDetail': {'dashAllVisiableLimit': 4, 'dashAllVisiableNum': 0}, 'publicAccessAuthVO': {'beingAttachmentQuestion': False, 'beingPublicLink': False}, 'remark': '767676595@qq.com', 'showContact': True, 'trial': True, 'trialDays': '0', 'trialNotice': True, 'type': 'normal', 'useScheduledSync': False, 'watermarkConfig': {'showDate': False, 'showDeparts': False, 'showExUserId': False, 'showName': True, 'showPhoneNumber': False, 'showWsName': False}, 'wsDomain': None, 'wsFunction': 'platform', 'wsId': 422276, 'wsLimitDetail': {'canDashNum': -1, 'canFormNum': -1, 'canPackageNum': -1, 'currentDashNum': -1, 'currentFormNum': -1, 'currentPackageNum': -1}, 'wsName': '767676595@qq.comÁöÑÂ∑•‰ΩúÂå∫'}, 'mobile': '767676595', 'nickName': '767676595@qq.com', 'npsCollect': False, 'promoCode': '27fd5246e', 'randomEmail': False, 'recordedNewGuidePop': [], 'showProcessPersonal': False, 'signatureUrl': None, 'source': 'home_home', 'status': None, 'uid': 1840379}, 'userSecurityVO': {'authMethod': 0, 'beingUninitialized': False}}
{'beingInvited': False, 'corpName': None, 'loginToken': None, 'openId': None, 'token': '7d7c30ee-4e97-482f-94a3-471f71b62466', 'userInfo': {'beingBlackEmail': False, 'beingDisableExpiryRemind': False, 'beingExpand': None, 'beingInvited': False, 'beingLangFollowBrowser': True, 'beingOldVersion': None, 'beingPrivacyPolicy': True, 'beingSandBoxSuperAdmin': False, 'collectUserInfo': None, 'createTime': None, 'csShow': True, 'desktopRemind': True, 'email': '767676595@qq.com', 'firstLogin': None, 'grayLimit': 6, 'graySpecify': False, 'grayType': 1, 'hasPwdLoggedIn': False, 'havePassword': True, 'headImg': None, 'lang': None, 'lastWsInfo': {'accepted': None, 'accountLevel': 40, 'auth': 2, 'beingCustomizedAppSync': None, 'beingHideHelpDocument': False, 'beingSandbox': False, 'beingWatermark': False, 'biAuth': 'SUPER', 'canWorkWx': False, 'contactEnableNum': 1, 'contactNum': 1, 'departs': [], 'dynamic': None, 'exId': 'tAeLHd46LCI/dWHfkVFAWA==', 'exUserId': '1840379', 'expireDate': 1690898431000, 'hideCopyright': False, 'logoutConfig': {'logOutToSso': False, 'serverName': None, 'ssoType': None}, 'memberId': 1676042, 'openConnectorList': [], 'openPluginList': [2, 3, 6, 7, 8, 9, 13, 14, 15, 16, 17, 25, 26, 27, 28, 29, 33, 34, 35, 36, 37, 38, 39, 42, 43, 44, 45, -2, 32], 'permissionStatus': None, 'pluginClickList': [], 'pluginLimitDetail': {'dashAllVisiableLimit': 4, 'dashAllVisiableNum': 0}, 'publicAccessAuthVO': {'beingAttachmentQuestion': False, 'beingPublicLink': False}, 'remark': '767676595@qq.com', 'showContact': True, 'trial': True, 'trialDays': '0', 'trialNotice': True, 'type': 'normal', 'useScheduledSync': False, 'watermarkConfig': {'showDate': False, 'showDeparts': False, 'showExUserId': False, 'showName': True, 'showPhoneNumber': False, 'showWsName': False}, 'wsDomain': None, 'wsFunction': 'platform', 'wsId': 422276, 'wsLimitDetail': {'canDashNum': -1, 'canFormNum': -1, 'canPackageNum': -1, 'currentDashNum': -1, 'currentFormNum': -1, 'currentPackageNum': -1}, 'wsName': '767676595@qq.comÁöÑÂ∑•‰ΩúÂå∫'}, 'mobile': '767676595', 'nickName': '767676595@qq.com', 'npsCollect': False, 'promoCode': '27fd5246e', 'randomEmail': False, 'recordedNewGuidePop': [], 'showProcessPersonal': False, 'signatureUrl': None, 'source': 'home_home', 'status': None, 'uid': 1840379}, 'userSecurityVO': {'authMethod': 0, 'beingUninitialized': False}}
118.25.243.250 - - [17/Jul/2023 22:00:31] "POST /mointor HTTP/1.1" 200 -
((476, datetime.datetime(2023, 7, 17, 22, 0, 31), 1, 120),)
596
yibukaishi
767676596@qq.com
767676596
{'beingInvited': False, 'corpName': None, 'loginToken': None, 'openId': None, 'token': '5cc4353c-c83c-48f5-a7ab-73a6bfee6090', 'userInfo': {'beingBlackEmail': False, 'beingDisableExpiryRemind': False, 'beingExpand': None, 'beingInvited': False, 'beingLangFollowBrowser': True, 'beingOldVersion': None, 'beingPrivacyPolicy': True, 'beingSandBoxSuperAdmin': False, 'collectUserInfo': None, 'createTime': None, 'csShow': True, 'desktopRemind': True, 'email': '767676596@qq.com', 'firstLogin': None, 'grayLimit': 22, 'graySpecify': False, 'grayType': 1, 'hasPwdLoggedIn': False, 'havePassword': True, 'headImg': None, 'lang': None, 'lastWsInfo': {'accepted': None, 'accountLevel': 40, 'auth': 2, 'beingCustomizedAppSync': None, 'beingHideHelpDocument': False, 'beingSandbox': False, 'beingWatermark': False, 'biAuth': 'SUPER', 'canWorkWx': False, 'contactEnableNum': 1, 'contactNum': 1, 'departs': [], 'dynamic': None, 'exId': 'tAeLHd46LCITLcPfoeudgA==', 'exUserId': '1840408', 'expireDate': 1690902042000, 'hideCopyright': False, 'logoutConfig': {'logOutToSso': False, 'serverName': None, 'ssoType': None}, 'memberId': 1676057, 'openConnectorList': [], 'openPluginList': [2, 3, 6, 7, 8, 9, 13, 14, 15, 16, 17, 25, 26, 27, 28, 29, 33, 34, 35, 36, 37, 38, 39, 42, 43, 44, 45, -2, 32], 'permissionStatus': None, 'pluginClickList': [], 'pluginLimitDetail': {'dashAllVisiableLimit': 4, 'dashAllVisiableNum': 0}, 'publicAccessAuthVO': {'beingAttachmentQuestion': False, 'beingPublicLink': False}, 'remark': '767676596@qq.com', 'showContact': True, 'trial': True, 'trialDays': '0', 'trialNotice': True, 'type': 'normal', 'useScheduledSync': False, 'watermarkConfig': {'showDate': False, 'showDeparts': False, 'showExUserId': False, 'showName': True, 'showPhoneNumber': False, 'showWsName': False}, 'wsDomain': None, 'wsFunction': 'platform', 'wsId': 422288, 'wsLimitDetail': {'canDashNum': -1, 'canFormNum': -1, 'canPackageNum': -1, 'currentDashNum': -1, 'currentFormNum': -1, 'currentPackageNum': -1}, 'wsName': '767676596@qq.comÁöÑÂ∑•‰ΩúÂå∫'}, 'mobile': '767676596', 'nickName': '767676596@qq.com', 'npsCollect': False, 'promoCode': 'ad8108e94', 'randomEmail': False, 'recordedNewGuidePop': [], 'showProcessPersonal': False, 'signatureUrl': None, 'source': 'home_home', 'status': None, 'uid': 1840408}, 'userSecurityVO': {'authMethod': 0, 'beingUninitialized': False}}
{'beingInvited': False, 'corpName': None, 'loginToken': None, 'openId': None, 'token': '5cc4353c-c83c-48f5-a7ab-73a6bfee6090', 'userInfo': {'beingBlackEmail': False, 'beingDisableExpiryRemind': False, 'beingExpand': None, 'beingInvited': False, 'beingLangFollowBrowser': True, 'beingOldVersion': None, 'beingPrivacyPolicy': True, 'beingSandBoxSuperAdmin': False, 'collectUserInfo': None, 'createTime': None, 'csShow': True, 'desktopRemind': True, 'email': '767676596@qq.com', 'firstLogin': None, 'grayLimit': 22, 'graySpecify': False, 'grayType': 1, 'hasPwdLoggedIn': False, 'havePassword': True, 'headImg': None, 'lang': None, 'lastWsInfo': {'accepted': None, 'accountLevel': 40, 'auth': 2, 'beingCustomizedAppSync': None, 'beingHideHelpDocument': False, 'beingSandbox': False, 'beingWatermark': False, 'biAuth': 'SUPER', 'canWorkWx': False, 'contactEnableNum': 1, 'contactNum': 1, 'departs': [], 'dynamic': None, 'exId': 'tAeLHd46LCITLcPfoeudgA==', 'exUserId': '1840408', 'expireDate': 1690902042000, 'hideCopyright': False, 'logoutConfig': {'logOutToSso': False, 'serverName': None, 'ssoType': None}, 'memberId': 1676057, 'openConnectorList': [], 'openPluginList': [2, 3, 6, 7, 8, 9, 13, 14, 15, 16, 17, 25, 26, 27, 28, 29, 33, 34, 35, 36, 37, 38, 39, 42, 43, 44, 45, -2, 32], 'permissionStatus': None, 'pluginClickList': [], 'pluginLimitDetail': {'dashAllVisiableLimit': 4, 'dashAllVisiableNum': 0}, 'publicAccessAuthVO': {'beingAttachmentQuestion': False, 'beingPublicLink': False}, 'remark': '767676596@qq.com', 'showContact': True, 'trial': True, 'trialDays': '0', 'trialNotice': True, 'type': 'normal', 'useScheduledSync': False, 'watermarkConfig': {'showDate': False, 'showDeparts': False, 'showExUserId': False, 'showName': True, 'showPhoneNumber': False, 'showWsName': False}, 'wsDomain': None, 'wsFunction': 'platform', 'wsId': 422288, 'wsLimitDetail': {'canDashNum': -1, 'canFormNum': -1, 'canPackageNum': -1, 'currentDashNum': -1, 'currentFormNum': -1, 'currentPackageNum': -1}, 'wsName': '767676596@qq.comÁöÑÂ∑•‰ΩúÂå∫'}, 'mobile': '767676596', 'nickName': '767676596@qq.com', 'npsCollect': False, 'promoCode': 'ad8108e94', 'randomEmail': False, 'recordedNewGuidePop': [], 'showProcessPersonal': False, 'signatureUrl': None, 'source': 'home_home', 'status': None, 'uid': 1840408}, 'userSecurityVO': {'authMethod': 0, 'beingUninitialized': False}}
118.25.243.250 - - [17/Jul/2023 23:00:42] "POST /mointor HTTP/1.1" 200 -
((477, datetime.datetime(2023, 7, 17, 23, 0, 42), 1, 120),)
597
yibukaishi
767676597@qq.com
767676597
{'beingInvited': False, 'corpName': None, 'loginToken': None, 'openId': None, 'token': '4e65749a-4531-47c7-ae04-2ac8b9df9d6a', 'userInfo': {'beingBlackEmail': False, 'beingDisableExpiryRemind': False, 'beingExpand': None, 'beingInvited': False, 'beingLangFollowBrowser': True, 'beingOldVersion': None, 'beingPrivacyPolicy': True, 'beingSandBoxSuperAdmin': False, 'collectUserInfo': None, 'createTime': None, 'csShow': True, 'desktopRemind': True, 'email': '767676597@qq.com', 'firstLogin': None, 'grayLimit': 14, 'graySpecify': False, 'grayType': 1, 'hasPwdLoggedIn': False, 'havePassword': True, 'headImg': None, 'lang': None, 'lastWsInfo': {'accepted': None, 'accountLevel': 40, 'auth': 2, 'beingCustomizedAppSync': None, 'beingHideHelpDocument': False, 'beingSandbox': False, 'beingWatermark': False, 'biAuth': 'SUPER', 'canWorkWx': False, 'contactEnableNum': 1, 'contactNum': 1, 'departs': [], 'dynamic': None, 'exId': 'tAeLHd46LCI2D9DQYgS62g==', 'exUserId': '1840477', 'expireDate': 1690905640000, 'hideCopyright': False, 'logoutConfig': {'logOutToSso': False, 'serverName': None, 'ssoType': None}, 'memberId': 1676124, 'openConnectorList': [], 'openPluginList': [2, 3, 6, 7, 8, 9, 13, 14, 15, 16, 17, 25, 26, 27, 28, 29, 33, 34, 35, 36, 37, 38, 39, 42, 43, 44, 45, -2, 32], 'permissionStatus': None, 'pluginClickList': [], 'pluginLimitDetail': {'dashAllVisiableLimit': 4, 'dashAllVisiableNum': 0}, 'publicAccessAuthVO': {'beingAttachmentQuestion': False, 'beingPublicLink': False}, 'remark': '767676597@qq.com', 'showContact': True, 'trial': True, 'trialDays': '0', 'trialNotice': True, 'type': 'normal', 'useScheduledSync': False, 'watermarkConfig': {'showDate': False, 'showDeparts': False, 'showExUserId': False, 'showName': True, 'showPhoneNumber': False, 'showWsName': False}, 'wsDomain': None, 'wsFunction': 'platform', 'wsId': 422294, 'wsLimitDetail': {'canDashNum': -1, 'canFormNum': -1, 'canPackageNum': -1, 'currentDashNum': -1, 'currentFormNum': -1, 'currentPackageNum': -1}, 'wsName': '767676597@qq.comÁöÑÂ∑•‰ΩúÂå∫'}, 'mobile': '767676597', 'nickName': '767676597@qq.com', 'npsCollect': False, 'promoCode': '10650878a', 'randomEmail': False, 'recordedNewGuidePop': [], 'showProcessPersonal': False, 'signatureUrl': None, 'source': 'home_home', 'status': None, 'uid': 1840477}, 'userSecurityVO': {'authMethod': 0, 'beingUninitialized': False}}
{'beingInvited': False, 'corpName': None, 'loginToken': None, 'openId': None, 'token': '4e65749a-4531-47c7-ae04-2ac8b9df9d6a', 'userInfo': {'beingBlackEmail': False, 'beingDisableExpiryRemind': False, 'beingExpand': None, 'beingInvited': False, 'beingLangFollowBrowser': True, 'beingOldVersion': None, 'beingPrivacyPolicy': True, 'beingSandBoxSuperAdmin': False, 'collectUserInfo': None, 'createTime': None, 'csShow': True, 'desktopRemind': True, 'email': '767676597@qq.com', 'firstLogin': None, 'grayLimit': 14, 'graySpecify': False, 'grayType': 1, 'hasPwdLoggedIn': False, 'havePassword': True, 'headImg': None, 'lang': None, 'lastWsInfo': {'accepted': None, 'accountLevel': 40, 'auth': 2, 'beingCustomizedAppSync': None, 'beingHideHelpDocument': False, 'beingSandbox': False, 'beingWatermark': False, 'biAuth': 'SUPER', 'canWorkWx': False, 'contactEnableNum': 1, 'contactNum': 1, 'departs': [], 'dynamic': None, 'exId': 'tAeLHd46LCI2D9DQYgS62g==', 'exUserId': '1840477', 'expireDate': 1690905640000, 'hideCopyright': False, 'logoutConfig': {'logOutToSso': False, 'serverName': None, 'ssoType': None}, 'memberId': 1676124, 'openConnectorList': [], 'openPluginList': [2, 3, 6, 7, 8, 9, 13, 14, 15, 16, 17, 25, 26, 27, 28, 29, 33, 34, 35, 36, 37, 38, 39, 42, 43, 44, 45, -2, 32], 'permissionStatus': None, 'pluginClickList': [], 'pluginLimitDetail': {'dashAllVisiableLimit': 4, 'dashAllVisiableNum': 0}, 'publicAccessAuthVO': {'beingAttachmentQuestion': False, 'beingPublicLink': False}, 'remark': '767676597@qq.com', 'showContact': True, 'trial': True, 'trialDays': '0', 'trialNotice': True, 'type': 'normal', 'useScheduledSync': False, 'watermarkConfig': {'showDate': False, 'showDeparts': False, 'showExUserId': False, 'showName': True, 'showPhoneNumber': False, 'showWsName': False}, 'wsDomain': None, 'wsFunction': 'platform', 'wsId': 422294, 'wsLimitDetail': {'canDashNum': -1, 'canFormNum': -1, 'canPackageNum': -1, 'currentDashNum': -1, 'currentFormNum': -1, 'currentPackageNum': -1}, 'wsName': '767676597@qq.comÁöÑÂ∑•‰ΩúÂå∫'}, 'mobile': '767676597', 'nickName': '767676597@qq.com', 'npsCollect': False, 'promoCode': '10650878a', 'randomEmail': False, 'recordedNewGuidePop': [], 'showProcessPersonal': False, 'signatureUrl': None, 'source': 'home_home', 'status': None, 'uid': 1840477}, 'userSecurityVO': {'authMethod': 0, 'beingUninitialized': False}}
118.25.243.250 - - [18/Jul/2023 00:00:39] "POST /mointor HTTP/1.1" 200 -
((478, datetime.datetime(2023, 7, 18, 0, 0, 39), 1, 120),)
598
yibukaishi
767676598@qq.com
767676598
{'beingInvited': False, 'corpName': None, 'loginToken': None, 'openId': None, 'token': '583e25d7-e45e-4642-a71d-f8079acc5aaf', 'userInfo': {'beingBlackEmail': False, 'beingDisableExpiryRemind': False, 'beingExpand': None, 'beingInvited': False, 'beingLangFollowBrowser': True, 'beingOldVersion': None, 'beingPrivacyPolicy': True, 'beingSandBoxSuperAdmin': False, 'collectUserInfo': None, 'createTime': None, 'csShow': True, 'desktopRemind': True, 'email': '767676598@qq.com', 'firstLogin': None, 'grayLimit': 21, 'graySpecify': False, 'grayType': 1, 'hasPwdLoggedIn': False, 'havePassword': True, 'headImg': None, 'lang': None, 'lastWsInfo': {'accepted': None, 'accountLevel': 40, 'auth': 2, 'beingCustomizedAppSync': None, 'beingHideHelpDocument': False, 'beingSandbox': False, 'beingWatermark': False, 'biAuth': 'SUPER', 'canWorkWx': False, 'contactEnableNum': 1, 'contactNum': 1, 'departs': [], 'dynamic': None, 'exId': 'tAeLHd46LCIqycz4z6AdoQ==', 'exUserId': '1840493', 'expireDate': 1690907409000, 'hideCopyright': False, 'logoutConfig': {'logOutToSso': False, 'serverName': None, 'ssoType': None}, 'memberId': 1676141, 'openConnectorList': [], 'openPluginList': [2, 3, 6, 7, 8, 9, 13, 14, 15, 16, 17, 25, 26, 27, 28, 29, 33, 34, 35, 36, 37, 38, 39, 42, 43, 44, 45, -2, 32], 'permissionStatus': None, 'pluginClickList': [], 'pluginLimitDetail': {'dashAllVisiableLimit': 4, 'dashAllVisiableNum': 0}, 'publicAccessAuthVO': {'beingAttachmentQuestion': False, 'beingPublicLink': False}, 'remark': '767676598@qq.com', 'showContact': True, 'trial': True, 'trialDays': '0', 'trialNotice': True, 'type': 'normal', 'useScheduledSync': False, 'watermarkConfig': {'showDate': False, 'showDeparts': False, 'showExUserId': False, 'showName': True, 'showPhoneNumber': False, 'showWsName': False}, 'wsDomain': None, 'wsFunction': 'platform', 'wsId': 422302, 'wsLimitDetail': {'canDashNum': -1, 'canFormNum': -1, 'canPackageNum': -1, 'currentDashNum': -1, 'currentFormNum': -1, 'currentPackageNum': -1}, 'wsName': '767676598@qq.comÁöÑÂ∑•‰ΩúÂå∫'}, 'mobile': '767676598', 'nickName': '767676598@qq.com', 'npsCollect': False, 'promoCode': '6725ad9b8', 'randomEmail': False, 'recordedNewGuidePop': [], 'showProcessPersonal': False, 'signatureUrl': None, 'source': 'home_home', 'status': None, 'uid': 1840493}, 'userSecurityVO': {'authMethod': 0, 'beingUninitialized': False}}
{'beingInvited': False, 'corpName': None, 'loginToken': None, 'openId': None, 'token': '583e25d7-e45e-4642-a71d-f8079acc5aaf', 'userInfo': {'beingBlackEmail': False, 'beingDisableExpiryRemind': False, 'beingExpand': None, 'beingInvited': False, 'beingLangFollowBrowser': True, 'beingOldVersion': None, 'beingPrivacyPolicy': True, 'beingSandBoxSuperAdmin': False, 'collectUserInfo': None, 'createTime': None, 'csShow': True, 'desktopRemind': True, 'email': '767676598@qq.com', 'firstLogin': None, 'grayLimit': 21, 'graySpecify': False, 'grayType': 1, 'hasPwdLoggedIn': False, 'havePassword': True, 'headImg': None, 'lang': None, 'lastWsInfo': {'accepted': None, 'accountLevel': 40, 'auth': 2, 'beingCustomizedAppSync': None, 'beingHideHelpDocument': False, 'beingSandbox': False, 'beingWatermark': False, 'biAuth': 'SUPER', 'canWorkWx': False, 'contactEnableNum': 1, 'contactNum': 1, 'departs': [], 'dynamic': None, 'exId': 'tAeLHd46LCIqycz4z6AdoQ==', 'exUserId': '1840493', 'expireDate': 1690907409000, 'hideCopyright': False, 'logoutConfig': {'logOutToSso': False, 'serverName': None, 'ssoType': None}, 'memberId': 1676141, 'openConnectorList': [], 'openPluginList': [2, 3, 6, 7, 8, 9, 13, 14, 15, 16, 17, 25, 26, 27, 28, 29, 33, 34, 35, 36, 37, 38, 39, 42, 43, 44, 45, -2, 32], 'permissionStatus': None, 'pluginClickList': [], 'pluginLimitDetail': {'dashAllVisiableLimit': 4, 'dashAllVisiableNum': 0}, 'publicAccessAuthVO': {'beingAttachmentQuestion': False, 'beingPublicLink': False}, 'remark': '767676598@qq.com', 'showContact': True, 'trial': True, 'trialDays': '0', 'trialNotice': True, 'type': 'normal', 'useScheduledSync': False, 'watermarkConfig': {'showDate': False, 'showDeparts': False, 'showExUserId': False, 'showName': True, 'showPhoneNumber': False, 'showWsName': False}, 'wsDomain': None, 'wsFunction': 'platform', 'wsId': 422302, 'wsLimitDetail': {'canDashNum': -1, 'canFormNum': -1, 'canPackageNum': -1, 'currentDashNum': -1, 'currentFormNum': -1, 'currentPackageNum': -1}, 'wsName': '767676598@qq.comÁöÑÂ∑•‰ΩúÂå∫'}, 'mobile': '767676598', 'nickName': '767676598@qq.com', 'npsCollect': False, 'promoCode': '6725ad9b8', 'randomEmail': False, 'recordedNewGuidePop': [], 'showProcessPersonal': False, 'signatureUrl': None, 'source': 'home_home', 'status': None, 'uid': 1840493}, 'userSecurityVO': {'authMethod': 0, 'beingUninitialized': False}}
118.25.243.250 - - [18/Jul/2023 00:30:09] "POST /mointor HTTP/1.1" 200 -
89.248.163.212 - - [18/Jul/2023 04:42:10] code 400, message Bad HTTP/0.9 request type ('\x03\x00\x00/*√†\x00\x00\x00\x00\x00Cookie:')
89.248.163.212 - - [18/Jul/2023 04:42:10] "[35m[1m  /*√†     Cookie: mstshash=Administr[0m" HTTPStatus.BAD_REQUEST -
91.191.209.206 - - [18/Jul/2023 08:56:42] code 400, message Bad HTTP/0.9 request type ('\x03\x00\x00/*√†\x00\x00\x00\x00\x00Cookie:')
91.191.209.206 - - [18/Jul/2023 08:56:42] "[35m[1m  /*√†     Cookie: mstshash=Administr[0m" HTTPStatus.BAD_REQUEST -
479
139.227.252.78 - - [18/Jul/2023 09:30:38] "GET /?password=wsj HTTP/1.1" 200 -
479
124.221.203.147 - - [18/Jul/2023 10:00:57] "GET /?password=wsj HTTP/1.1" 200 -
91.191.209.206 - - [18/Jul/2023 18:09:47] code 400, message Bad HTTP/0.9 request type ('\x03\x00\x00/*√†\x00\x00\x00\x00\x00Cookie:')
91.191.209.206 - - [18/Jul/2023 18:09:47] "[35m[1m  /*√†     Cookie: mstshash=Administr[0m" HTTPStatus.BAD_REQUEST -
((479, datetime.datetime(2023, 7, 18, 0, 30, 9), 1, 120),)
599
yibukaishi
767676599@qq.com
767676599
{'beingInvited': False, 'corpName': None, 'loginToken': None, 'openId': None, 'token': '5547afa9-c832-4005-81dd-63422f00522a', 'userInfo': {'beingBlackEmail': False, 'beingDisableExpiryRemind': False, 'beingExpand': None, 'beingInvited': False, 'beingLangFollowBrowser': True, 'beingOldVersion': None, 'beingPrivacyPolicy': True, 'beingSandBoxSuperAdmin': False, 'collectUserInfo': None, 'createTime': None, 'csShow': True, 'desktopRemind': True, 'email': '767676599@qq.com', 'firstLogin': None, 'grayLimit': 8, 'graySpecify': False, 'grayType': 1, 'hasPwdLoggedIn': False, 'havePassword': True, 'headImg': None, 'lang': None, 'lastWsInfo': {'accepted': None, 'accountLevel': 40, 'auth': 2, 'beingCustomizedAppSync': None, 'beingHideHelpDocument': False, 'beingSandbox': False, 'beingWatermark': False, 'biAuth': 'SUPER', 'canWorkWx': False, 'contactEnableNum': 1, 'contactNum': 1, 'departs': [], 'dynamic': None, 'exId': 'tAeLHd46LCKwMVAFW6BT0w==', 'exUserId': '1841526', 'expireDate': 1690984831000, 'hideCopyright': False, 'logoutConfig': {'logOutToSso': False, 'serverName': None, 'ssoType': None}, 'memberId': 1676914, 'openConnectorList': [], 'openPluginList': [2, 3, 6, 7, 8, 9, 13, 14, 15, 16, 17, 25, 26, 27, 28, 29, 33, 34, 35, 36, 37, 38, 39, 42, 43, 44, 45, -2, 32], 'permissionStatus': None, 'pluginClickList': [], 'pluginLimitDetail': {'dashAllVisiableLimit': 4, 'dashAllVisiableNum': 0}, 'publicAccessAuthVO': {'beingAttachmentQuestion': False, 'beingPublicLink': False}, 'remark': '767676599@qq.com', 'showContact': True, 'trial': True, 'trialDays': '0', 'trialNotice': True, 'type': 'normal', 'useScheduledSync': False, 'watermarkConfig': {'showDate': False, 'showDeparts': False, 'showExUserId': False, 'showName': True, 'showPhoneNumber': False, 'showWsName': False}, 'wsDomain': None, 'wsFunction': 'platform', 'wsId': 422730, 'wsLimitDetail': {'canDashNum': -1, 'canFormNum': -1, 'canPackageNum': -1, 'currentDashNum': -1, 'currentFormNum': -1, 'currentPackageNum': -1}, 'wsName': '767676599@qq.comÁöÑÂ∑•‰ΩúÂå∫'}, 'mobile': '767676599', 'nickName': '767676599@qq.com', 'npsCollect': False, 'promoCode': 'ab395dac0', 'randomEmail': False, 'recordedNewGuidePop': [], 'showProcessPersonal': False, 'signatureUrl': None, 'source': 'home_home', 'status': None, 'uid': 1841526}, 'userSecurityVO': {'authMethod': 0, 'beingUninitialized': False}}
{'beingInvited': False, 'corpName': None, 'loginToken': None, 'openId': None, 'token': '5547afa9-c832-4005-81dd-63422f00522a', 'userInfo': {'beingBlackEmail': False, 'beingDisableExpiryRemind': False, 'beingExpand': None, 'beingInvited': False, 'beingLangFollowBrowser': True, 'beingOldVersion': None, 'beingPrivacyPolicy': True, 'beingSandBoxSuperAdmin': False, 'collectUserInfo': None, 'createTime': None, 'csShow': True, 'desktopRemind': True, 'email': '767676599@qq.com', 'firstLogin': None, 'grayLimit': 8, 'graySpecify': False, 'grayType': 1, 'hasPwdLoggedIn': False, 'havePassword': True, 'headImg': None, 'lang': None, 'lastWsInfo': {'accepted': None, 'accountLevel': 40, 'auth': 2, 'beingCustomizedAppSync': None, 'beingHideHelpDocument': False, 'beingSandbox': False, 'beingWatermark': False, 'biAuth': 'SUPER', 'canWorkWx': False, 'contactEnableNum': 1, 'contactNum': 1, 'departs': [], 'dynamic': None, 'exId': 'tAeLHd46LCKwMVAFW6BT0w==', 'exUserId': '1841526', 'expireDate': 1690984831000, 'hideCopyright': False, 'logoutConfig': {'logOutToSso': False, 'serverName': None, 'ssoType': None}, 'memberId': 1676914, 'openConnectorList': [], 'openPluginList': [2, 3, 6, 7, 8, 9, 13, 14, 15, 16, 17, 25, 26, 27, 28, 29, 33, 34, 35, 36, 37, 38, 39, 42, 43, 44, 45, -2, 32], 'permissionStatus': None, 'pluginClickList': [], 'pluginLimitDetail': {'dashAllVisiableLimit': 4, 'dashAllVisiableNum': 0}, 'publicAccessAuthVO': {'beingAttachmentQuestion': False, 'beingPublicLink': False}, 'remark': '767676599@qq.com', 'showContact': True, 'trial': True, 'trialDays': '0', 'trialNotice': True, 'type': 'normal', 'useScheduledSync': False, 'watermarkConfig': {'showDate': False, 'showDeparts': False, 'showExUserId': False, 'showName': True, 'showPhoneNumber': False, 'showWsName': False}, 'wsDomain': None, 'wsFunction': 'platform', 'wsId': 422730, 'wsLimitDetail': {'canDashNum': -1, 'canFormNum': -1, 'canPackageNum': -1, 'currentDashNum': -1, 'currentFormNum': -1, 'currentPackageNum': -1}, 'wsName': '767676599@qq.comÁöÑÂ∑•‰ΩúÂå∫'}, 'mobile': '767676599', 'nickName': '767676599@qq.com', 'npsCollect': False, 'promoCode': 'ab395dac0', 'randomEmail': False, 'recordedNewGuidePop': [], 'showProcessPersonal': False, 'signatureUrl': None, 'source': 'home_home', 'status': None, 'uid': 1841526}, 'userSecurityVO': {'authMethod': 0, 'beingUninitialized': False}}
118.25.243.250 - - [18/Jul/2023 22:00:31] "POST /mointor HTTP/1.1" 200 -
((480, datetime.datetime(2023, 7, 18, 22, 0, 31), 1, 120),)
600
yibukaishi
767676600@qq.com
767676600
{'beingInvited': False, 'corpName': None, 'loginToken': None, 'openId': None, 'token': '3d62de85-0ab3-4d5b-8ca6-50fde75a8c8b', 'userInfo': {'beingBlackEmail': False, 'beingDisableExpiryRemind': False, 'beingExpand': None, 'beingInvited': False, 'beingLangFollowBrowser': True, 'beingOldVersion': None, 'beingPrivacyPolicy': True, 'beingSandBoxSuperAdmin': False, 'collectUserInfo': None, 'createTime': None, 'csShow': True, 'desktopRemind': True, 'email': '767676600@qq.com', 'firstLogin': None, 'grayLimit': 6, 'graySpecify': False, 'grayType': 1, 'hasPwdLoggedIn': False, 'havePassword': True, 'headImg': None, 'lang': None, 'lastWsInfo': {'accepted': None, 'accountLevel': 40, 'auth': 2, 'beingCustomizedAppSync': None, 'beingHideHelpDocument': False, 'beingSandbox': False, 'beingWatermark': False, 'biAuth': 'SUPER', 'canWorkWx': False, 'contactEnableNum': 1, 'contactNum': 1, 'departs': [], 'dynamic': None, 'exId': 'tAeLHd46LCL+aETbzl5ELg==', 'exUserId': '1841557', 'expireDate': 1690988441000, 'hideCopyright': False, 'logoutConfig': {'logOutToSso': False, 'serverName': None, 'ssoType': None}, 'memberId': 1676936, 'openConnectorList': [], 'openPluginList': [2, 3, 6, 7, 8, 9, 13, 14, 15, 16, 17, 25, 26, 27, 28, 29, 33, 34, 35, 36, 37, 38, 39, 42, 43, 44, 45, -2, 32], 'permissionStatus': None, 'pluginClickList': [], 'pluginLimitDetail': {'dashAllVisiableLimit': 4, 'dashAllVisiableNum': 0}, 'publicAccessAuthVO': {'beingAttachmentQuestion': False, 'beingPublicLink': False}, 'remark': '767676600@qq.com', 'showContact': True, 'trial': True, 'trialDays': '0', 'trialNotice': True, 'type': 'normal', 'useScheduledSync': False, 'watermarkConfig': {'showDate': False, 'showDeparts': False, 'showExUserId': False, 'showName': True, 'showPhoneNumber': False, 'showWsName': False}, 'wsDomain': None, 'wsFunction': 'platform', 'wsId': 422750, 'wsLimitDetail': {'canDashNum': -1, 'canFormNum': -1, 'canPackageNum': -1, 'currentDashNum': -1, 'currentFormNum': -1, 'currentPackageNum': -1}, 'wsName': '767676600@qq.comÁöÑÂ∑•‰ΩúÂå∫'}, 'mobile': '767676600', 'nickName': '767676600@qq.com', 'npsCollect': False, 'promoCode': 'ebe25bf05', 'randomEmail': False, 'recordedNewGuidePop': [], 'showProcessPersonal': False, 'signatureUrl': None, 'source': 'home_home', 'status': None, 'uid': 1841557}, 'userSecurityVO': {'authMethod': 0, 'beingUninitialized': False}}
{'beingInvited': False, 'corpName': None, 'loginToken': None, 'openId': None, 'token': '3d62de85-0ab3-4d5b-8ca6-50fde75a8c8b', 'userInfo': {'beingBlackEmail': False, 'beingDisableExpiryRemind': False, 'beingExpand': None, 'beingInvited': False, 'beingLangFollowBrowser': True, 'beingOldVersion': None, 'beingPrivacyPolicy': True, 'beingSandBoxSuperAdmin': False, 'collectUserInfo': None, 'createTime': None, 'csShow': True, 'desktopRemind': True, 'email': '767676600@qq.com', 'firstLogin': None, 'grayLimit': 6, 'graySpecify': False, 'grayType': 1, 'hasPwdLoggedIn': False, 'havePassword': True, 'headImg': None, 'lang': None, 'lastWsInfo': {'accepted': None, 'accountLevel': 40, 'auth': 2, 'beingCustomizedAppSync': None, 'beingHideHelpDocument': False, 'beingSandbox': False, 'beingWatermark': False, 'biAuth': 'SUPER', 'canWorkWx': False, 'contactEnableNum': 1, 'contactNum': 1, 'departs': [], 'dynamic': None, 'exId': 'tAeLHd46LCL+aETbzl5ELg==', 'exUserId': '1841557', 'expireDate': 1690988441000, 'hideCopyright': False, 'logoutConfig': {'logOutToSso': False, 'serverName': None, 'ssoType': None}, 'memberId': 1676936, 'openConnectorList': [], 'openPluginList': [2, 3, 6, 7, 8, 9, 13, 14, 15, 16, 17, 25, 26, 27, 28, 29, 33, 34, 35, 36, 37, 38, 39, 42, 43, 44, 45, -2, 32], 'permissionStatus': None, 'pluginClickList': [], 'pluginLimitDetail': {'dashAllVisiableLimit': 4, 'dashAllVisiableNum': 0}, 'publicAccessAuthVO': {'beingAttachmentQuestion': False, 'beingPublicLink': False}, 'remark': '767676600@qq.com', 'showContact': True, 'trial': True, 'trialDays': '0', 'trialNotice': True, 'type': 'normal', 'useScheduledSync': False, 'watermarkConfig': {'showDate': False, 'showDeparts': False, 'showExUserId': False, 'showName': True, 'showPhoneNumber': False, 'showWsName': False}, 'wsDomain': None, 'wsFunction': 'platform', 'wsId': 422750, 'wsLimitDetail': {'canDashNum': -1, 'canFormNum': -1, 'canPackageNum': -1, 'currentDashNum': -1, 'currentFormNum': -1, 'currentPackageNum': -1}, 'wsName': '767676600@qq.comÁöÑÂ∑•‰ΩúÂå∫'}, 'mobile': '767676600', 'nickName': '767676600@qq.com', 'npsCollect': False, 'promoCode': 'ebe25bf05', 'randomEmail': False, 'recordedNewGuidePop': [], 'showProcessPersonal': False, 'signatureUrl': None, 'source': 'home_home', 'status': None, 'uid': 1841557}, 'userSecurityVO': {'authMethod': 0, 'beingUninitialized': False}}
118.25.243.250 - - [18/Jul/2023 23:00:41] "POST /mointor HTTP/1.1" 200 -
((481, datetime.datetime(2023, 7, 18, 23, 0, 41), 1, 120),)
601
yibukaishi
767676601@qq.com
767676601
{'beingInvited': False, 'corpName': None, 'loginToken': None, 'openId': None, 'token': '30c48bb9-ea4e-4a87-ac5b-b87e940671f4', 'userInfo': {'beingBlackEmail': False, 'beingDisableExpiryRemind': False, 'beingExpand': None, 'beingInvited': False, 'beingLangFollowBrowser': True, 'beingOldVersion': None, 'beingPrivacyPolicy': True, 'beingSandBoxSuperAdmin': False, 'collectUserInfo': None, 'createTime': None, 'csShow': True, 'desktopRemind': True, 'email': '767676601@qq.com', 'firstLogin': None, 'grayLimit': 84, 'graySpecify': False, 'grayType': 1, 'hasPwdLoggedIn': False, 'havePassword': True, 'headImg': None, 'lang': None, 'lastWsInfo': {'accepted': None, 'accountLevel': 40, 'auth': 2, 'beingCustomizedAppSync': None, 'beingHideHelpDocument': False, 'beingSandbox': False, 'beingWatermark': False, 'biAuth': 'SUPER', 'canWorkWx': False, 'contactEnableNum': 1, 'contactNum': 1, 'departs': [], 'dynamic': None, 'exId': 'tAeLHd46LCJ67g5t8w/wHA==', 'exUserId': '1841576', 'expireDate': 1690992040000, 'hideCopyright': False, 'logoutConfig': {'logOutToSso': False, 'serverName': None, 'ssoType': None}, 'memberId': 1676950, 'openConnectorList': [], 'openPluginList': [2, 3, 6, 7, 8, 9, 13, 14, 15, 16, 17, 25, 26, 27, 28, 29, 33, 34, 35, 36, 37, 38, 39, 42, 43, 44, 45, -2, 32], 'permissionStatus': None, 'pluginClickList': [], 'pluginLimitDetail': {'dashAllVisiableLimit': 4, 'dashAllVisiableNum': 0}, 'publicAccessAuthVO': {'beingAttachmentQuestion': False, 'beingPublicLink': False}, 'remark': '767676601@qq.com', 'showContact': True, 'trial': True, 'trialDays': '0', 'trialNotice': True, 'type': 'normal', 'useScheduledSync': False, 'watermarkConfig': {'showDate': False, 'showDeparts': False, 'showExUserId': False, 'showName': True, 'showPhoneNumber': False, 'showWsName': False}, 'wsDomain': None, 'wsFunction': 'platform', 'wsId': 422762, 'wsLimitDetail': {'canDashNum': -1, 'canFormNum': -1, 'canPackageNum': -1, 'currentDashNum': -1, 'currentFormNum': -1, 'currentPackageNum': -1}, 'wsName': '767676601@qq.comÁöÑÂ∑•‰ΩúÂå∫'}, 'mobile': '767676601', 'nickName': '767676601@qq.com', 'npsCollect': False, 'promoCode': '56c3f8b75', 'randomEmail': False, 'recordedNewGuidePop': [], 'showProcessPersonal': False, 'signatureUrl': None, 'source': 'home_home', 'status': None, 'uid': 1841576}, 'userSecurityVO': {'authMethod': 0, 'beingUninitialized': False}}
{'beingInvited': False, 'corpName': None, 'loginToken': None, 'openId': None, 'token': '30c48bb9-ea4e-4a87-ac5b-b87e940671f4', 'userInfo': {'beingBlackEmail': False, 'beingDisableExpiryRemind': False, 'beingExpand': None, 'beingInvited': False, 'beingLangFollowBrowser': True, 'beingOldVersion': None, 'beingPrivacyPolicy': True, 'beingSandBoxSuperAdmin': False, 'collectUserInfo': None, 'createTime': None, 'csShow': True, 'desktopRemind': True, 'email': '767676601@qq.com', 'firstLogin': None, 'grayLimit': 84, 'graySpecify': False, 'grayType': 1, 'hasPwdLoggedIn': False, 'havePassword': True, 'headImg': None, 'lang': None, 'lastWsInfo': {'accepted': None, 'accountLevel': 40, 'auth': 2, 'beingCustomizedAppSync': None, 'beingHideHelpDocument': False, 'beingSandbox': False, 'beingWatermark': False, 'biAuth': 'SUPER', 'canWorkWx': False, 'contactEnableNum': 1, 'contactNum': 1, 'departs': [], 'dynamic': None, 'exId': 'tAeLHd46LCJ67g5t8w/wHA==', 'exUserId': '1841576', 'expireDate': 1690992040000, 'hideCopyright': False, 'logoutConfig': {'logOutToSso': False, 'serverName': None, 'ssoType': None}, 'memberId': 1676950, 'openConnectorList': [], 'openPluginList': [2, 3, 6, 7, 8, 9, 13, 14, 15, 16, 17, 25, 26, 27, 28, 29, 33, 34, 35, 36, 37, 38, 39, 42, 43, 44, 45, -2, 32], 'permissionStatus': None, 'pluginClickList': [], 'pluginLimitDetail': {'dashAllVisiableLimit': 4, 'dashAllVisiableNum': 0}, 'publicAccessAuthVO': {'beingAttachmentQuestion': False, 'beingPublicLink': False}, 'remark': '767676601@qq.com', 'showContact': True, 'trial': True, 'trialDays': '0', 'trialNotice': True, 'type': 'normal', 'useScheduledSync': False, 'watermarkConfig': {'showDate': False, 'showDeparts': False, 'showExUserId': False, 'showName': True, 'showPhoneNumber': False, 'showWsName': False}, 'wsDomain': None, 'wsFunction': 'platform', 'wsId': 422762, 'wsLimitDetail': {'canDashNum': -1, 'canFormNum': -1, 'canPackageNum': -1, 'currentDashNum': -1, 'currentFormNum': -1, 'currentPackageNum': -1}, 'wsName': '767676601@qq.comÁöÑÂ∑•‰ΩúÂå∫'}, 'mobile': '767676601', 'nickName': '767676601@qq.com', 'npsCollect': False, 'promoCode': '56c3f8b75', 'randomEmail': False, 'recordedNewGuidePop': [], 'showProcessPersonal': False, 'signatureUrl': None, 'source': 'home_home', 'status': None, 'uid': 1841576}, 'userSecurityVO': {'authMethod': 0, 'beingUninitialized': False}}
118.25.243.250 - - [19/Jul/2023 00:00:39] "POST /mointor HTTP/1.1" 200 -
((482, datetime.datetime(2023, 7, 19, 0, 0, 39), 1, 120),)
602
yibukaishi
767676602@qq.com
767676602
{'beingInvited': False, 'corpName': None, 'loginToken': None, 'openId': None, 'token': '215b17e1-c9a9-4bc6-9189-437ee791f211', 'userInfo': {'beingBlackEmail': False, 'beingDisableExpiryRemind': False, 'beingExpand': None, 'beingInvited': False, 'beingLangFollowBrowser': True, 'beingOldVersion': None, 'beingPrivacyPolicy': True, 'beingSandBoxSuperAdmin': False, 'collectUserInfo': None, 'createTime': None, 'csShow': True, 'desktopRemind': True, 'email': '767676602@qq.com', 'firstLogin': None, 'grayLimit': 92, 'graySpecify': False, 'grayType': 1, 'hasPwdLoggedIn': False, 'havePassword': True, 'headImg': None, 'lang': None, 'lastWsInfo': {'accepted': None, 'accountLevel': 40, 'auth': 2, 'beingCustomizedAppSync': None, 'beingHideHelpDocument': False, 'beingSandbox': False, 'beingWatermark': False, 'biAuth': 'SUPER', 'canWorkWx': False, 'contactEnableNum': 1, 'contactNum': 1, 'departs': [], 'dynamic': None, 'exId': 'tAeLHd46LCJydL+IU/zLNw==', 'exUserId': '1841582', 'expireDate': 1690993809000, 'hideCopyright': False, 'logoutConfig': {'logOutToSso': False, 'serverName': None, 'ssoType': None}, 'memberId': 1676955, 'openConnectorList': [], 'openPluginList': [2, 3, 6, 7, 8, 9, 13, 14, 15, 16, 17, 25, 26, 27, 28, 29, 33, 34, 35, 36, 37, 38, 39, 42, 43, 44, 45, -2, 32], 'permissionStatus': None, 'pluginClickList': [], 'pluginLimitDetail': {'dashAllVisiableLimit': 4, 'dashAllVisiableNum': 0}, 'publicAccessAuthVO': {'beingAttachmentQuestion': False, 'beingPublicLink': False}, 'remark': '767676602@qq.com', 'showContact': True, 'trial': True, 'trialDays': '0', 'trialNotice': True, 'type': 'normal', 'useScheduledSync': False, 'watermarkConfig': {'showDate': False, 'showDeparts': False, 'showExUserId': False, 'showName': True, 'showPhoneNumber': False, 'showWsName': False}, 'wsDomain': None, 'wsFunction': 'platform', 'wsId': 422766, 'wsLimitDetail': {'canDashNum': -1, 'canFormNum': -1, 'canPackageNum': -1, 'currentDashNum': -1, 'currentFormNum': -1, 'currentPackageNum': -1}, 'wsName': '767676602@qq.comÁöÑÂ∑•‰ΩúÂå∫'}, 'mobile': '767676602', 'nickName': '767676602@qq.com', 'npsCollect': False, 'promoCode': '45e1504ce', 'randomEmail': False, 'recordedNewGuidePop': [], 'showProcessPersonal': False, 'signatureUrl': None, 'source': 'home_home', 'status': None, 'uid': 1841582}, 'userSecurityVO': {'authMethod': 0, 'beingUninitialized': False}}
{'beingInvited': False, 'corpName': None, 'loginToken': None, 'openId': None, 'token': '215b17e1-c9a9-4bc6-9189-437ee791f211', 'userInfo': {'beingBlackEmail': False, 'beingDisableExpiryRemind': False, 'beingExpand': None, 'beingInvited': False, 'beingLangFollowBrowser': True, 'beingOldVersion': None, 'beingPrivacyPolicy': True, 'beingSandBoxSuperAdmin': False, 'collectUserInfo': None, 'createTime': None, 'csShow': True, 'desktopRemind': True, 'email': '767676602@qq.com', 'firstLogin': None, 'grayLimit': 92, 'graySpecify': False, 'grayType': 1, 'hasPwdLoggedIn': False, 'havePassword': True, 'headImg': None, 'lang': None, 'lastWsInfo': {'accepted': None, 'accountLevel': 40, 'auth': 2, 'beingCustomizedAppSync': None, 'beingHideHelpDocument': False, 'beingSandbox': False, 'beingWatermark': False, 'biAuth': 'SUPER', 'canWorkWx': False, 'contactEnableNum': 1, 'contactNum': 1, 'departs': [], 'dynamic': None, 'exId': 'tAeLHd46LCJydL+IU/zLNw==', 'exUserId': '1841582', 'expireDate': 1690993809000, 'hideCopyright': False, 'logoutConfig': {'logOutToSso': False, 'serverName': None, 'ssoType': None}, 'memberId': 1676955, 'openConnectorList': [], 'openPluginList': [2, 3, 6, 7, 8, 9, 13, 14, 15, 16, 17, 25, 26, 27, 28, 29, 33, 34, 35, 36, 37, 38, 39, 42, 43, 44, 45, -2, 32], 'permissionStatus': None, 'pluginClickList': [], 'pluginLimitDetail': {'dashAllVisiableLimit': 4, 'dashAllVisiableNum': 0}, 'publicAccessAuthVO': {'beingAttachmentQuestion': False, 'beingPublicLink': False}, 'remark': '767676602@qq.com', 'showContact': True, 'trial': True, 'trialDays': '0', 'trialNotice': True, 'type': 'normal', 'useScheduledSync': False, 'watermarkConfig': {'showDate': False, 'showDeparts': False, 'showExUserId': False, 'showName': True, 'showPhoneNumber': False, 'showWsName': False}, 'wsDomain': None, 'wsFunction': 'platform', 'wsId': 422766, 'wsLimitDetail': {'canDashNum': -1, 'canFormNum': -1, 'canPackageNum': -1, 'currentDashNum': -1, 'currentFormNum': -1, 'currentPackageNum': -1}, 'wsName': '767676602@qq.comÁöÑÂ∑•‰ΩúÂå∫'}, 'mobile': '767676602', 'nickName': '767676602@qq.com', 'npsCollect': False, 'promoCode': '45e1504ce', 'randomEmail': False, 'recordedNewGuidePop': [], 'showProcessPersonal': False, 'signatureUrl': None, 'source': 'home_home', 'status': None, 'uid': 1841582}, 'userSecurityVO': {'authMethod': 0, 'beingUninitialized': False}}
118.25.243.250 - - [19/Jul/2023 00:30:09] "POST /mointor HTTP/1.1" 200 -
483
[2023-07-19 04:23:29,215] ERROR in app: Exception on / [GET]
Traceback (most recent call last):
  File "/usr/local/lib64/python3.6/site-packages/flask/app.py", line 2073, in wsgi_app
    response = self.full_dispatch_request()
  File "/usr/local/lib64/python3.6/site-packages/flask/app.py", line 1519, in full_dispatch_request
    return self.finalize_request(rv)
  File "/usr/local/lib64/python3.6/site-packages/flask/app.py", line 1538, in finalize_request
    response = self.make_response(rv)
  File "/usr/local/lib64/python3.6/site-packages/flask/app.py", line 1702, in make_response
    f"The view function for {request.endpoint!r} did not"
TypeError: The view function for 'result' did not return a valid response. The function either returned None or ended without a return statement.
167.248.133.49 - - [19/Jul/2023 04:23:29] "[35m[1mGET / HTTP/1.1[0m" 500 -
167.248.133.49 - - [19/Jul/2023 04:23:29] code 505, message Invalid HTTP version (2.0)
167.248.133.49 - - [19/Jul/2023 04:23:29] "[35m[1mPRI * HTTP/2.0[0m" HTTPStatus.HTTP_VERSION_NOT_SUPPORTED -
483
124.221.203.147 - - [19/Jul/2023 10:00:57] "GET /?password=wsj HTTP/1.1" 200 -
111.7.96.151 - - [19/Jul/2023 11:50:09] code 400, message Bad request version ('√Ä\x13√Ä')
111.7.96.151 - - [19/Jul/2023 11:50:09] "[35m[1m √Æ  √™I¬≤√π¬º¬ôi√ÄY√ª√∏¬∫e-¬ÉUd]¬ç¬∑b8¬¥g√Ü√ù9dZ8f g√Å¬Åi¬≥√∂√≤√ã¬∞¬©N√ñ¬Ω¬ïg|p√º√©<Z¬°¬êT¬∑√©¬•8'O; &√Ä+√Ä/√Ä,√Ä0√å¬©√å¬®√Ä	√Ä√Ä[0m" HTTPStatus.BAD_REQUEST -
483
[2023-07-19 11:50:19,487] ERROR in app: Exception on / [GET]
Traceback (most recent call last):
  File "/usr/local/lib64/python3.6/site-packages/flask/app.py", line 2073, in wsgi_app
    response = self.full_dispatch_request()
  File "/usr/local/lib64/python3.6/site-packages/flask/app.py", line 1519, in full_dispatch_request
    return self.finalize_request(rv)
  File "/usr/local/lib64/python3.6/site-packages/flask/app.py", line 1538, in finalize_request
    response = self.make_response(rv)
  File "/usr/local/lib64/python3.6/site-packages/flask/app.py", line 1702, in make_response
    f"The view function for {request.endpoint!r} did not"
TypeError: The view function for 'result' did not return a valid response. The function either returned None or ended without a return statement.
111.7.96.151 - - [19/Jul/2023 11:50:19] "[35m[1mGET / HTTP/1.1[0m" 500 -
483
[2023-07-19 11:50:25,733] ERROR in app: Exception on / [GET]
Traceback (most recent call last):
  File "/usr/local/lib64/python3.6/site-packages/flask/app.py", line 2073, in wsgi_app
    response = self.full_dispatch_request()
  File "/usr/local/lib64/python3.6/site-packages/flask/app.py", line 1519, in full_dispatch_request
    return self.finalize_request(rv)
  File "/usr/local/lib64/python3.6/site-packages/flask/app.py", line 1538, in finalize_request
    response = self.make_response(rv)
  File "/usr/local/lib64/python3.6/site-packages/flask/app.py", line 1702, in make_response
    f"The view function for {request.endpoint!r} did not"
TypeError: The view function for 'result' did not return a valid response. The function either returned None or ended without a return statement.
36.99.136.137 - - [19/Jul/2023 11:50:25] "[35m[1mGET / HTTP/1.1[0m" 500 -
483
[2023-07-19 11:50:25,842] ERROR in app: Exception on / [GET]
Traceback (most recent call last):
  File "/usr/local/lib64/python3.6/site-packages/flask/app.py", line 2073, in wsgi_app
    response = self.full_dispatch_request()
  File "/usr/local/lib64/python3.6/site-packages/flask/app.py", line 1519, in full_dispatch_request
    return self.finalize_request(rv)
  File "/usr/local/lib64/python3.6/site-packages/flask/app.py", line 1538, in finalize_request
    response = self.make_response(rv)
  File "/usr/local/lib64/python3.6/site-packages/flask/app.py", line 1702, in make_response
    f"The view function for {request.endpoint!r} did not"
TypeError: The view function for 'result' did not return a valid response. The function either returned None or ended without a return statement.
111.7.96.152 - - [19/Jul/2023 11:50:25] "[35m[1mGET / HTTP/1.1[0m" 500 -
483
[2023-07-19 11:51:01,078] ERROR in app: Exception on / [GET]
Traceback (most recent call last):
  File "/usr/local/lib64/python3.6/site-packages/flask/app.py", line 2073, in wsgi_app
    response = self.full_dispatch_request()
  File "/usr/local/lib64/python3.6/site-packages/flask/app.py", line 1519, in full_dispatch_request
    return self.finalize_request(rv)
  File "/usr/local/lib64/python3.6/site-packages/flask/app.py", line 1538, in finalize_request
    response = self.make_response(rv)
  File "/usr/local/lib64/python3.6/site-packages/flask/app.py", line 1702, in make_response
    f"The view function for {request.endpoint!r} did not"
TypeError: The view function for 'result' did not return a valid response. The function either returned None or ended without a return statement.
111.7.96.174 - - [19/Jul/2023 11:51:01] "[35m[1mGET / HTTP/1.1[0m" 500 -
((483, datetime.datetime(2023, 7, 19, 0, 30, 9), 1, 120),)
603
yibukaishi
767676603@qq.com
767676603
{'beingInvited': False, 'corpName': None, 'loginToken': None, 'openId': None, 'token': '3793681e-83ed-4af9-88d7-5dae9332f50a', 'userInfo': {'beingBlackEmail': False, 'beingDisableExpiryRemind': False, 'beingExpand': None, 'beingInvited': False, 'beingLangFollowBrowser': True, 'beingOldVersion': None, 'beingPrivacyPolicy': True, 'beingSandBoxSuperAdmin': False, 'collectUserInfo': None, 'createTime': None, 'csShow': True, 'desktopRemind': True, 'email': '767676603@qq.com', 'firstLogin': None, 'grayLimit': 25, 'graySpecify': False, 'grayType': 1, 'hasPwdLoggedIn': False, 'havePassword': True, 'headImg': None, 'lang': None, 'lastWsInfo': {'accepted': None, 'accountLevel': 40, 'auth': 2, 'beingCustomizedAppSync': None, 'beingHideHelpDocument': False, 'beingSandbox': False, 'beingWatermark': False, 'biAuth': 'SUPER', 'canWorkWx': False, 'contactEnableNum': 1, 'contactNum': 1, 'departs': [], 'dynamic': None, 'exId': 'tAeLHd46LCLlIVA8tpy4Ng==', 'exUserId': '1842676', 'expireDate': 1691071231000, 'hideCopyright': False, 'logoutConfig': {'logOutToSso': False, 'serverName': None, 'ssoType': None}, 'memberId': 1678089, 'openConnectorList': [], 'openPluginList': [2, 3, 6, 7, 8, 9, 13, 14, 15, 16, 17, 25, 26, 27, 28, 29, 33, 34, 35, 36, 37, 38, 39, 42, 43, 44, 45, -2, 32], 'permissionStatus': None, 'pluginClickList': [], 'pluginLimitDetail': {'dashAllVisiableLimit': 4, 'dashAllVisiableNum': 0}, 'publicAccessAuthVO': {'beingAttachmentQuestion': False, 'beingPublicLink': False}, 'remark': '767676603@qq.com', 'showContact': True, 'trial': True, 'trialDays': '0', 'trialNotice': True, 'type': 'normal', 'useScheduledSync': False, 'watermarkConfig': {'showDate': False, 'showDeparts': False, 'showExUserId': False, 'showName': True, 'showPhoneNumber': False, 'showWsName': False}, 'wsDomain': None, 'wsFunction': 'platform', 'wsId': 423282, 'wsLimitDetail': {'canDashNum': -1, 'canFormNum': -1, 'canPackageNum': -1, 'currentDashNum': -1, 'currentFormNum': -1, 'currentPackageNum': -1}, 'wsName': '767676603@qq.comÁöÑÂ∑•‰ΩúÂå∫'}, 'mobile': '767676603', 'nickName': '767676603@qq.com', 'npsCollect': False, 'promoCode': '81b320913', 'randomEmail': False, 'recordedNewGuidePop': [], 'showProcessPersonal': False, 'signatureUrl': None, 'source': 'home_home', 'status': None, 'uid': 1842676}, 'userSecurityVO': {'authMethod': 0, 'beingUninitialized': False}}
{'beingInvited': False, 'corpName': None, 'loginToken': None, 'openId': None, 'token': '3793681e-83ed-4af9-88d7-5dae9332f50a', 'userInfo': {'beingBlackEmail': False, 'beingDisableExpiryRemind': False, 'beingExpand': None, 'beingInvited': False, 'beingLangFollowBrowser': True, 'beingOldVersion': None, 'beingPrivacyPolicy': True, 'beingSandBoxSuperAdmin': False, 'collectUserInfo': None, 'createTime': None, 'csShow': True, 'desktopRemind': True, 'email': '767676603@qq.com', 'firstLogin': None, 'grayLimit': 25, 'graySpecify': False, 'grayType': 1, 'hasPwdLoggedIn': False, 'havePassword': True, 'headImg': None, 'lang': None, 'lastWsInfo': {'accepted': None, 'accountLevel': 40, 'auth': 2, 'beingCustomizedAppSync': None, 'beingHideHelpDocument': False, 'beingSandbox': False, 'beingWatermark': False, 'biAuth': 'SUPER', 'canWorkWx': False, 'contactEnableNum': 1, 'contactNum': 1, 'departs': [], 'dynamic': None, 'exId': 'tAeLHd46LCLlIVA8tpy4Ng==', 'exUserId': '1842676', 'expireDate': 1691071231000, 'hideCopyright': False, 'logoutConfig': {'logOutToSso': False, 'serverName': None, 'ssoType': None}, 'memberId': 1678089, 'openConnectorList': [], 'openPluginList': [2, 3, 6, 7, 8, 9, 13, 14, 15, 16, 17, 25, 26, 27, 28, 29, 33, 34, 35, 36, 37, 38, 39, 42, 43, 44, 45, -2, 32], 'permissionStatus': None, 'pluginClickList': [], 'pluginLimitDetail': {'dashAllVisiableLimit': 4, 'dashAllVisiableNum': 0}, 'publicAccessAuthVO': {'beingAttachmentQuestion': False, 'beingPublicLink': False}, 'remark': '767676603@qq.com', 'showContact': True, 'trial': True, 'trialDays': '0', 'trialNotice': True, 'type': 'normal', 'useScheduledSync': False, 'watermarkConfig': {'showDate': False, 'showDeparts': False, 'showExUserId': False, 'showName': True, 'showPhoneNumber': False, 'showWsName': False}, 'wsDomain': None, 'wsFunction': 'platform', 'wsId': 423282, 'wsLimitDetail': {'canDashNum': -1, 'canFormNum': -1, 'canPackageNum': -1, 'currentDashNum': -1, 'currentFormNum': -1, 'currentPackageNum': -1}, 'wsName': '767676603@qq.comÁöÑÂ∑•‰ΩúÂå∫'}, 'mobile': '767676603', 'nickName': '767676603@qq.com', 'npsCollect': False, 'promoCode': '81b320913', 'randomEmail': False, 'recordedNewGuidePop': [], 'showProcessPersonal': False, 'signatureUrl': None, 'source': 'home_home', 'status': None, 'uid': 1842676}, 'userSecurityVO': {'authMethod': 0, 'beingUninitialized': False}}
118.25.243.250 - - [19/Jul/2023 22:00:31] "POST /mointor HTTP/1.1" 200 -
((484, datetime.datetime(2023, 7, 19, 22, 0, 31), 1, 120),)
604
yibukaishi
767676604@qq.com
767676604
{'beingInvited': False, 'corpName': None, 'loginToken': None, 'openId': None, 'token': 'e8aaae49-ec41-4844-906f-552a65b81758', 'userInfo': {'beingBlackEmail': False, 'beingDisableExpiryRemind': False, 'beingExpand': None, 'beingInvited': False, 'beingLangFollowBrowser': True, 'beingOldVersion': None, 'beingPrivacyPolicy': True, 'beingSandBoxSuperAdmin': False, 'collectUserInfo': None, 'createTime': None, 'csShow': True, 'desktopRemind': True, 'email': '767676604@qq.com', 'firstLogin': None, 'grayLimit': 26, 'graySpecify': False, 'grayType': 1, 'hasPwdLoggedIn': False, 'havePassword': True, 'headImg': None, 'lang': None, 'lastWsInfo': {'accepted': None, 'accountLevel': 40, 'auth': 2, 'beingCustomizedAppSync': None, 'beingHideHelpDocument': False, 'beingSandbox': False, 'beingWatermark': False, 'biAuth': 'SUPER', 'canWorkWx': False, 'contactEnableNum': 1, 'contactNum': 1, 'departs': [], 'dynamic': None, 'exId': 'tAeLHd46LCLs4D2CC9bfdA==', 'exUserId': '1842703', 'expireDate': 1691074841000, 'hideCopyright': False, 'logoutConfig': {'logOutToSso': False, 'serverName': None, 'ssoType': None}, 'memberId': 1678112, 'openConnectorList': [], 'openPluginList': [2, 3, 6, 7, 8, 9, 13, 14, 15, 16, 17, 25, 26, 27, 28, 29, 33, 34, 35, 36, 37, 38, 39, 42, 43, 44, 45, -2, 32], 'permissionStatus': None, 'pluginClickList': [], 'pluginLimitDetail': {'dashAllVisiableLimit': 4, 'dashAllVisiableNum': 0}, 'publicAccessAuthVO': {'beingAttachmentQuestion': False, 'beingPublicLink': False}, 'remark': '767676604@qq.com', 'showContact': True, 'trial': True, 'trialDays': '0', 'trialNotice': True, 'type': 'normal', 'useScheduledSync': False, 'watermarkConfig': {'showDate': False, 'showDeparts': False, 'showExUserId': False, 'showName': True, 'showPhoneNumber': False, 'showWsName': False}, 'wsDomain': None, 'wsFunction': 'platform', 'wsId': 423299, 'wsLimitDetail': {'canDashNum': -1, 'canFormNum': -1, 'canPackageNum': -1, 'currentDashNum': -1, 'currentFormNum': -1, 'currentPackageNum': -1}, 'wsName': '767676604@qq.comÁöÑÂ∑•‰ΩúÂå∫'}, 'mobile': '767676604', 'nickName': '767676604@qq.com', 'npsCollect': False, 'promoCode': '36709cbac', 'randomEmail': False, 'recordedNewGuidePop': [], 'showProcessPersonal': False, 'signatureUrl': None, 'source': 'home_home', 'status': None, 'uid': 1842703}, 'userSecurityVO': {'authMethod': 0, 'beingUninitialized': False}}
{'beingInvited': False, 'corpName': None, 'loginToken': None, 'openId': None, 'token': 'e8aaae49-ec41-4844-906f-552a65b81758', 'userInfo': {'beingBlackEmail': False, 'beingDisableExpiryRemind': False, 'beingExpand': None, 'beingInvited': False, 'beingLangFollowBrowser': True, 'beingOldVersion': None, 'beingPrivacyPolicy': True, 'beingSandBoxSuperAdmin': False, 'collectUserInfo': None, 'createTime': None, 'csShow': True, 'desktopRemind': True, 'email': '767676604@qq.com', 'firstLogin': None, 'grayLimit': 26, 'graySpecify': False, 'grayType': 1, 'hasPwdLoggedIn': False, 'havePassword': True, 'headImg': None, 'lang': None, 'lastWsInfo': {'accepted': None, 'accountLevel': 40, 'auth': 2, 'beingCustomizedAppSync': None, 'beingHideHelpDocument': False, 'beingSandbox': False, 'beingWatermark': False, 'biAuth': 'SUPER', 'canWorkWx': False, 'contactEnableNum': 1, 'contactNum': 1, 'departs': [], 'dynamic': None, 'exId': 'tAeLHd46LCLs4D2CC9bfdA==', 'exUserId': '1842703', 'expireDate': 1691074841000, 'hideCopyright': False, 'logoutConfig': {'logOutToSso': False, 'serverName': None, 'ssoType': None}, 'memberId': 1678112, 'openConnectorList': [], 'openPluginList': [2, 3, 6, 7, 8, 9, 13, 14, 15, 16, 17, 25, 26, 27, 28, 29, 33, 34, 35, 36, 37, 38, 39, 42, 43, 44, 45, -2, 32], 'permissionStatus': None, 'pluginClickList': [], 'pluginLimitDetail': {'dashAllVisiableLimit': 4, 'dashAllVisiableNum': 0}, 'publicAccessAuthVO': {'beingAttachmentQuestion': False, 'beingPublicLink': False}, 'remark': '767676604@qq.com', 'showContact': True, 'trial': True, 'trialDays': '0', 'trialNotice': True, 'type': 'normal', 'useScheduledSync': False, 'watermarkConfig': {'showDate': False, 'showDeparts': False, 'showExUserId': False, 'showName': True, 'showPhoneNumber': False, 'showWsName': False}, 'wsDomain': None, 'wsFunction': 'platform', 'wsId': 423299, 'wsLimitDetail': {'canDashNum': -1, 'canFormNum': -1, 'canPackageNum': -1, 'currentDashNum': -1, 'currentFormNum': -1, 'currentPackageNum': -1}, 'wsName': '767676604@qq.comÁöÑÂ∑•‰ΩúÂå∫'}, 'mobile': '767676604', 'nickName': '767676604@qq.com', 'npsCollect': False, 'promoCode': '36709cbac', 'randomEmail': False, 'recordedNewGuidePop': [], 'showProcessPersonal': False, 'signatureUrl': None, 'source': 'home_home', 'status': None, 'uid': 1842703}, 'userSecurityVO': {'authMethod': 0, 'beingUninitialized': False}}
118.25.243.250 - - [19/Jul/2023 23:00:41] "POST /mointor HTTP/1.1" 200 -
((485, datetime.datetime(2023, 7, 19, 23, 0, 41), 1, 120),)
605
yibukaishi
767676605@qq.com
767676605
{'beingInvited': False, 'corpName': None, 'loginToken': None, 'openId': None, 'token': 'd59cafb5-b60a-46d2-b07b-47d421f0f6ab', 'userInfo': {'beingBlackEmail': False, 'beingDisableExpiryRemind': False, 'beingExpand': None, 'beingInvited': False, 'beingLangFollowBrowser': True, 'beingOldVersion': None, 'beingPrivacyPolicy': True, 'beingSandBoxSuperAdmin': False, 'collectUserInfo': None, 'createTime': None, 'csShow': True, 'desktopRemind': True, 'email': '767676605@qq.com', 'firstLogin': None, 'grayLimit': 74, 'graySpecify': False, 'grayType': 1, 'hasPwdLoggedIn': False, 'havePassword': True, 'headImg': None, 'lang': None, 'lastWsInfo': {'accepted': None, 'accountLevel': 40, 'auth': 2, 'beingCustomizedAppSync': None, 'beingHideHelpDocument': False, 'beingSandbox': False, 'beingWatermark': False, 'biAuth': 'SUPER', 'canWorkWx': False, 'contactEnableNum': 1, 'contactNum': 1, 'departs': [], 'dynamic': None, 'exId': 'tAeLHd46LCIrJmoejJr4KQ==', 'exUserId': '1842724', 'expireDate': 1691078449000, 'hideCopyright': False, 'logoutConfig': {'logOutToSso': False, 'serverName': None, 'ssoType': None}, 'memberId': 1678127, 'openConnectorList': [], 'openPluginList': [2, 3, 6, 7, 8, 9, 13, 14, 15, 16, 17, 25, 26, 27, 28, 29, 33, 34, 35, 36, 37, 38, 39, 42, 43, 44, 45, -2, 32], 'permissionStatus': None, 'pluginClickList': [], 'pluginLimitDetail': {'dashAllVisiableLimit': 4, 'dashAllVisiableNum': 0}, 'publicAccessAuthVO': {'beingAttachmentQuestion': False, 'beingPublicLink': False}, 'remark': '767676605@qq.com', 'showContact': True, 'trial': True, 'trialDays': '0', 'trialNotice': True, 'type': 'normal', 'useScheduledSync': False, 'watermarkConfig': {'showDate': False, 'showDeparts': False, 'showExUserId': False, 'showName': True, 'showPhoneNumber': False, 'showWsName': False}, 'wsDomain': None, 'wsFunction': 'platform', 'wsId': 423313, 'wsLimitDetail': {'canDashNum': -1, 'canFormNum': -1, 'canPackageNum': -1, 'currentDashNum': -1, 'currentFormNum': -1, 'currentPackageNum': -1}, 'wsName': '767676605@qq.comÁöÑÂ∑•‰ΩúÂå∫'}, 'mobile': '767676605', 'nickName': '767676605@qq.com', 'npsCollect': False, 'promoCode': 'fff0b053f', 'randomEmail': False, 'recordedNewGuidePop': [], 'showProcessPersonal': False, 'signatureUrl': None, 'source': 'home_home', 'status': None, 'uid': 1842724}, 'userSecurityVO': {'authMethod': 0, 'beingUninitialized': False}}
{'beingInvited': False, 'corpName': None, 'loginToken': None, 'openId': None, 'token': 'd59cafb5-b60a-46d2-b07b-47d421f0f6ab', 'userInfo': {'beingBlackEmail': False, 'beingDisableExpiryRemind': False, 'beingExpand': None, 'beingInvited': False, 'beingLangFollowBrowser': True, 'beingOldVersion': None, 'beingPrivacyPolicy': True, 'beingSandBoxSuperAdmin': False, 'collectUserInfo': None, 'createTime': None, 'csShow': True, 'desktopRemind': True, 'email': '767676605@qq.com', 'firstLogin': None, 'grayLimit': 74, 'graySpecify': False, 'grayType': 1, 'hasPwdLoggedIn': False, 'havePassword': True, 'headImg': None, 'lang': None, 'lastWsInfo': {'accepted': None, 'accountLevel': 40, 'auth': 2, 'beingCustomizedAppSync': None, 'beingHideHelpDocument': False, 'beingSandbox': False, 'beingWatermark': False, 'biAuth': 'SUPER', 'canWorkWx': False, 'contactEnableNum': 1, 'contactNum': 1, 'departs': [], 'dynamic': None, 'exId': 'tAeLHd46LCIrJmoejJr4KQ==', 'exUserId': '1842724', 'expireDate': 1691078449000, 'hideCopyright': False, 'logoutConfig': {'logOutToSso': False, 'serverName': None, 'ssoType': None}, 'memberId': 1678127, 'openConnectorList': [], 'openPluginList': [2, 3, 6, 7, 8, 9, 13, 14, 15, 16, 17, 25, 26, 27, 28, 29, 33, 34, 35, 36, 37, 38, 39, 42, 43, 44, 45, -2, 32], 'permissionStatus': None, 'pluginClickList': [], 'pluginLimitDetail': {'dashAllVisiableLimit': 4, 'dashAllVisiableNum': 0}, 'publicAccessAuthVO': {'beingAttachmentQuestion': False, 'beingPublicLink': False}, 'remark': '767676605@qq.com', 'showContact': True, 'trial': True, 'trialDays': '0', 'trialNotice': True, 'type': 'normal', 'useScheduledSync': False, 'watermarkConfig': {'showDate': False, 'showDeparts': False, 'showExUserId': False, 'showName': True, 'showPhoneNumber': False, 'showWsName': False}, 'wsDomain': None, 'wsFunction': 'platform', 'wsId': 423313, 'wsLimitDetail': {'canDashNum': -1, 'canFormNum': -1, 'canPackageNum': -1, 'currentDashNum': -1, 'currentFormNum': -1, 'currentPackageNum': -1}, 'wsName': '767676605@qq.comÁöÑÂ∑•‰ΩúÂå∫'}, 'mobile': '767676605', 'nickName': '767676605@qq.com', 'npsCollect': False, 'promoCode': 'fff0b053f', 'randomEmail': False, 'recordedNewGuidePop': [], 'showProcessPersonal': False, 'signatureUrl': None, 'source': 'home_home', 'status': None, 'uid': 1842724}, 'userSecurityVO': {'authMethod': 0, 'beingUninitialized': False}}
118.25.243.250 - - [20/Jul/2023 00:00:49] "POST /mointor HTTP/1.1" 200 -
((486, datetime.datetime(2023, 7, 20, 0, 0, 49), 1, 120),)
606
yibukaishi
767676606@qq.com
767676606
{'beingInvited': False, 'corpName': None, 'loginToken': None, 'openId': None, 'token': '1797eae5-8473-4eff-ae51-b1109216ba88', 'userInfo': {'beingBlackEmail': False, 'beingDisableExpiryRemind': False, 'beingExpand': None, 'beingInvited': False, 'beingLangFollowBrowser': True, 'beingOldVersion': None, 'beingPrivacyPolicy': True, 'beingSandBoxSuperAdmin': False, 'collectUserInfo': None, 'createTime': None, 'csShow': True, 'desktopRemind': True, 'email': '767676606@qq.com', 'firstLogin': None, 'grayLimit': 53, 'graySpecify': False, 'grayType': 1, 'hasPwdLoggedIn': False, 'havePassword': True, 'headImg': None, 'lang': None, 'lastWsInfo': {'accepted': None, 'accountLevel': 40, 'auth': 2, 'beingCustomizedAppSync': None, 'beingHideHelpDocument': False, 'beingSandbox': False, 'beingWatermark': False, 'biAuth': 'SUPER', 'canWorkWx': False, 'contactEnableNum': 1, 'contactNum': 1, 'departs': [], 'dynamic': None, 'exId': 'tAeLHd46LCIC3t1d69uZrQ==', 'exUserId': '1842728', 'expireDate': 1691080209000, 'hideCopyright': False, 'logoutConfig': {'logOutToSso': False, 'serverName': None, 'ssoType': None}, 'memberId': 1678130, 'openConnectorList': [], 'openPluginList': [2, 3, 6, 7, 8, 9, 13, 14, 15, 16, 17, 25, 26, 27, 28, 29, 33, 34, 35, 36, 37, 38, 39, 42, 43, 44, 45, -2, 32], 'permissionStatus': None, 'pluginClickList': [], 'pluginLimitDetail': {'dashAllVisiableLimit': 4, 'dashAllVisiableNum': 0}, 'publicAccessAuthVO': {'beingAttachmentQuestion': False, 'beingPublicLink': False}, 'remark': '767676606@qq.com', 'showContact': True, 'trial': True, 'trialDays': '0', 'trialNotice': True, 'type': 'normal', 'useScheduledSync': False, 'watermarkConfig': {'showDate': False, 'showDeparts': False, 'showExUserId': False, 'showName': True, 'showPhoneNumber': False, 'showWsName': False}, 'wsDomain': None, 'wsFunction': 'platform', 'wsId': 423316, 'wsLimitDetail': {'canDashNum': -1, 'canFormNum': -1, 'canPackageNum': -1, 'currentDashNum': -1, 'currentFormNum': -1, 'currentPackageNum': -1}, 'wsName': '767676606@qq.comÁöÑÂ∑•‰ΩúÂå∫'}, 'mobile': '767676606', 'nickName': '767676606@qq.com', 'npsCollect': False, 'promoCode': 'cf579fb32', 'randomEmail': False, 'recordedNewGuidePop': [], 'showProcessPersonal': False, 'signatureUrl': None, 'source': 'home_home', 'status': None, 'uid': 1842728}, 'userSecurityVO': {'authMethod': 0, 'beingUninitialized': False}}
{'beingInvited': False, 'corpName': None, 'loginToken': None, 'openId': None, 'token': '1797eae5-8473-4eff-ae51-b1109216ba88', 'userInfo': {'beingBlackEmail': False, 'beingDisableExpiryRemind': False, 'beingExpand': None, 'beingInvited': False, 'beingLangFollowBrowser': True, 'beingOldVersion': None, 'beingPrivacyPolicy': True, 'beingSandBoxSuperAdmin': False, 'collectUserInfo': None, 'createTime': None, 'csShow': True, 'desktopRemind': True, 'email': '767676606@qq.com', 'firstLogin': None, 'grayLimit': 53, 'graySpecify': False, 'grayType': 1, 'hasPwdLoggedIn': False, 'havePassword': True, 'headImg': None, 'lang': None, 'lastWsInfo': {'accepted': None, 'accountLevel': 40, 'auth': 2, 'beingCustomizedAppSync': None, 'beingHideHelpDocument': False, 'beingSandbox': False, 'beingWatermark': False, 'biAuth': 'SUPER', 'canWorkWx': False, 'contactEnableNum': 1, 'contactNum': 1, 'departs': [], 'dynamic': None, 'exId': 'tAeLHd46LCIC3t1d69uZrQ==', 'exUserId': '1842728', 'expireDate': 1691080209000, 'hideCopyright': False, 'logoutConfig': {'logOutToSso': False, 'serverName': None, 'ssoType': None}, 'memberId': 1678130, 'openConnectorList': [], 'openPluginList': [2, 3, 6, 7, 8, 9, 13, 14, 15, 16, 17, 25, 26, 27, 28, 29, 33, 34, 35, 36, 37, 38, 39, 42, 43, 44, 45, -2, 32], 'permissionStatus': None, 'pluginClickList': [], 'pluginLimitDetail': {'dashAllVisiableLimit': 4, 'dashAllVisiableNum': 0}, 'publicAccessAuthVO': {'beingAttachmentQuestion': False, 'beingPublicLink': False}, 'remark': '767676606@qq.com', 'showContact': True, 'trial': True, 'trialDays': '0', 'trialNotice': True, 'type': 'normal', 'useScheduledSync': False, 'watermarkConfig': {'showDate': False, 'showDeparts': False, 'showExUserId': False, 'showName': True, 'showPhoneNumber': False, 'showWsName': False}, 'wsDomain': None, 'wsFunction': 'platform', 'wsId': 423316, 'wsLimitDetail': {'canDashNum': -1, 'canFormNum': -1, 'canPackageNum': -1, 'currentDashNum': -1, 'currentFormNum': -1, 'currentPackageNum': -1}, 'wsName': '767676606@qq.comÁöÑÂ∑•‰ΩúÂå∫'}, 'mobile': '767676606', 'nickName': '767676606@qq.com', 'npsCollect': False, 'promoCode': 'cf579fb32', 'randomEmail': False, 'recordedNewGuidePop': [], 'showProcessPersonal': False, 'signatureUrl': None, 'source': 'home_home', 'status': None, 'uid': 1842728}, 'userSecurityVO': {'authMethod': 0, 'beingUninitialized': False}}
118.25.243.250 - - [20/Jul/2023 00:30:09] "POST /mointor HTTP/1.1" 200 -
487
124.221.203.147 - - [20/Jul/2023 10:00:57] "GET /?password=wsj HTTP/1.1" 200 -
487
[2023-07-20 17:58:36,290] ERROR in app: Exception on / [GET]
Traceback (most recent call last):
  File "/usr/local/lib64/python3.6/site-packages/flask/app.py", line 2073, in wsgi_app
    response = self.full_dispatch_request()
  File "/usr/local/lib64/python3.6/site-packages/flask/app.py", line 1519, in full_dispatch_request
    return self.finalize_request(rv)
  File "/usr/local/lib64/python3.6/site-packages/flask/app.py", line 1538, in finalize_request
    response = self.make_response(rv)
  File "/usr/local/lib64/python3.6/site-packages/flask/app.py", line 1702, in make_response
    f"The view function for {request.endpoint!r} did not"
TypeError: The view function for 'result' did not return a valid response. The function either returned None or ended without a return statement.
94.102.61.5 - - [20/Jul/2023 17:58:36] "[35m[1mGET / HTTP/1.1[0m" 500 -
((487, datetime.datetime(2023, 7, 20, 0, 30, 9), 1, 120),)
607
yibukaishi
767676607@qq.com
767676607
{'beingInvited': False, 'corpName': None, 'loginToken': None, 'openId': None, 'token': 'b5fda662-f9b6-4a98-850a-8030c7035624', 'userInfo': {'beingBlackEmail': False, 'beingDisableExpiryRemind': False, 'beingExpand': None, 'beingInvited': False, 'beingLangFollowBrowser': True, 'beingOldVersion': None, 'beingPrivacyPolicy': True, 'beingSandBoxSuperAdmin': False, 'collectUserInfo': None, 'createTime': None, 'csShow': True, 'desktopRemind': True, 'email': '767676607@qq.com', 'firstLogin': None, 'grayLimit': 59, 'graySpecify': False, 'grayType': 1, 'hasPwdLoggedIn': False, 'havePassword': True, 'headImg': None, 'lang': None, 'lastWsInfo': {'accepted': None, 'accountLevel': 40, 'auth': 2, 'beingCustomizedAppSync': None, 'beingHideHelpDocument': False, 'beingSandbox': False, 'beingWatermark': False, 'biAuth': 'SUPER', 'canWorkWx': False, 'contactEnableNum': 1, 'contactNum': 1, 'departs': [], 'dynamic': None, 'exId': 'tAeLHd46LCJIICD8YOL4Hg==', 'exUserId': '1843779', 'expireDate': 1691157631000, 'hideCopyright': False, 'logoutConfig': {'logOutToSso': False, 'serverName': None, 'ssoType': None}, 'memberId': 1678923, 'openConnectorList': [], 'openPluginList': [2, 3, 6, 7, 8, 9, 13, 14, 15, 16, 17, 25, 26, 27, 28, 29, 33, 34, 35, 36, 37, 38, 39, 42, 43, 44, 45, -2, 32], 'permissionStatus': None, 'pluginClickList': [], 'pluginLimitDetail': {'dashAllVisiableLimit': 4, 'dashAllVisiableNum': 0}, 'publicAccessAuthVO': {'beingAttachmentQuestion': False, 'beingPublicLink': False}, 'remark': '767676607@qq.com', 'showContact': True, 'trial': True, 'trialDays': '0', 'trialNotice': True, 'type': 'normal', 'useScheduledSync': False, 'watermarkConfig': {'showDate': False, 'showDeparts': False, 'showExUserId': False, 'showName': True, 'showPhoneNumber': False, 'showWsName': False}, 'wsDomain': None, 'wsFunction': 'platform', 'wsId': 423734, 'wsLimitDetail': {'canDashNum': -1, 'canFormNum': -1, 'canPackageNum': -1, 'currentDashNum': -1, 'currentFormNum': -1, 'currentPackageNum': -1}, 'wsName': '767676607@qq.comÁöÑÂ∑•‰ΩúÂå∫'}, 'mobile': '767676607', 'nickName': '767676607@qq.com', 'npsCollect': False, 'promoCode': '26024e970', 'randomEmail': False, 'recordedNewGuidePop': [], 'showProcessPersonal': False, 'signatureUrl': None, 'source': 'home_home', 'status': None, 'uid': 1843779}, 'userSecurityVO': {'authMethod': 0, 'beingUninitialized': False}}
{'beingInvited': False, 'corpName': None, 'loginToken': None, 'openId': None, 'token': 'b5fda662-f9b6-4a98-850a-8030c7035624', 'userInfo': {'beingBlackEmail': False, 'beingDisableExpiryRemind': False, 'beingExpand': None, 'beingInvited': False, 'beingLangFollowBrowser': True, 'beingOldVersion': None, 'beingPrivacyPolicy': True, 'beingSandBoxSuperAdmin': False, 'collectUserInfo': None, 'createTime': None, 'csShow': True, 'desktopRemind': True, 'email': '767676607@qq.com', 'firstLogin': None, 'grayLimit': 59, 'graySpecify': False, 'grayType': 1, 'hasPwdLoggedIn': False, 'havePassword': True, 'headImg': None, 'lang': None, 'lastWsInfo': {'accepted': None, 'accountLevel': 40, 'auth': 2, 'beingCustomizedAppSync': None, 'beingHideHelpDocument': False, 'beingSandbox': False, 'beingWatermark': False, 'biAuth': 'SUPER', 'canWorkWx': False, 'contactEnableNum': 1, 'contactNum': 1, 'departs': [], 'dynamic': None, 'exId': 'tAeLHd46LCJIICD8YOL4Hg==', 'exUserId': '1843779', 'expireDate': 1691157631000, 'hideCopyright': False, 'logoutConfig': {'logOutToSso': False, 'serverName': None, 'ssoType': None}, 'memberId': 1678923, 'openConnectorList': [], 'openPluginList': [2, 3, 6, 7, 8, 9, 13, 14, 15, 16, 17, 25, 26, 27, 28, 29, 33, 34, 35, 36, 37, 38, 39, 42, 43, 44, 45, -2, 32], 'permissionStatus': None, 'pluginClickList': [], 'pluginLimitDetail': {'dashAllVisiableLimit': 4, 'dashAllVisiableNum': 0}, 'publicAccessAuthVO': {'beingAttachmentQuestion': False, 'beingPublicLink': False}, 'remark': '767676607@qq.com', 'showContact': True, 'trial': True, 'trialDays': '0', 'trialNotice': True, 'type': 'normal', 'useScheduledSync': False, 'watermarkConfig': {'showDate': False, 'showDeparts': False, 'showExUserId': False, 'showName': True, 'showPhoneNumber': False, 'showWsName': False}, 'wsDomain': None, 'wsFunction': 'platform', 'wsId': 423734, 'wsLimitDetail': {'canDashNum': -1, 'canFormNum': -1, 'canPackageNum': -1, 'currentDashNum': -1, 'currentFormNum': -1, 'currentPackageNum': -1}, 'wsName': '767676607@qq.comÁöÑÂ∑•‰ΩúÂå∫'}, 'mobile': '767676607', 'nickName': '767676607@qq.com', 'npsCollect': False, 'promoCode': '26024e970', 'randomEmail': False, 'recordedNewGuidePop': [], 'showProcessPersonal': False, 'signatureUrl': None, 'source': 'home_home', 'status': None, 'uid': 1843779}, 'userSecurityVO': {'authMethod': 0, 'beingUninitialized': False}}
118.25.243.250 - - [20/Jul/2023 22:00:31] "POST /mointor HTTP/1.1" 200 -
((488, datetime.datetime(2023, 7, 20, 22, 0, 31), 1, 120),)
608
yibukaishi
767676608@qq.com
767676608
{'beingInvited': False, 'corpName': None, 'loginToken': None, 'openId': None, 'token': '925a2179-1122-4f63-98d7-8c6ed12f5654', 'userInfo': {'beingBlackEmail': False, 'beingDisableExpiryRemind': False, 'beingExpand': None, 'beingInvited': False, 'beingLangFollowBrowser': True, 'beingOldVersion': None, 'beingPrivacyPolicy': True, 'beingSandBoxSuperAdmin': False, 'collectUserInfo': None, 'createTime': None, 'csShow': True, 'desktopRemind': True, 'email': '767676608@qq.com', 'firstLogin': None, 'grayLimit': 89, 'graySpecify': False, 'grayType': 1, 'hasPwdLoggedIn': False, 'havePassword': True, 'headImg': None, 'lang': None, 'lastWsInfo': {'accepted': None, 'accountLevel': 40, 'auth': 2, 'beingCustomizedAppSync': None, 'beingHideHelpDocument': False, 'beingSandbox': False, 'beingWatermark': False, 'biAuth': 'SUPER', 'canWorkWx': False, 'contactEnableNum': 1, 'contactNum': 1, 'departs': [], 'dynamic': None, 'exId': 'tAeLHd46LCJR2bDGcgAc3Q==', 'exUserId': '1843810', 'expireDate': 1691161241000, 'hideCopyright': False, 'logoutConfig': {'logOutToSso': False, 'serverName': None, 'ssoType': None}, 'memberId': 1678943, 'openConnectorList': [], 'openPluginList': [2, 3, 6, 7, 8, 9, 13, 14, 15, 16, 17, 25, 26, 27, 28, 29, 33, 34, 35, 36, 37, 38, 39, 42, 43, 44, 45, -2, 32], 'permissionStatus': None, 'pluginClickList': [], 'pluginLimitDetail': {'dashAllVisiableLimit': 4, 'dashAllVisiableNum': 0}, 'publicAccessAuthVO': {'beingAttachmentQuestion': False, 'beingPublicLink': False}, 'remark': '767676608@qq.com', 'showContact': True, 'trial': True, 'trialDays': '0', 'trialNotice': True, 'type': 'normal', 'useScheduledSync': False, 'watermarkConfig': {'showDate': False, 'showDeparts': False, 'showExUserId': False, 'showName': True, 'showPhoneNumber': False, 'showWsName': False}, 'wsDomain': None, 'wsFunction': 'platform', 'wsId': 423751, 'wsLimitDetail': {'canDashNum': -1, 'canFormNum': -1, 'canPackageNum': -1, 'currentDashNum': -1, 'currentFormNum': -1, 'currentPackageNum': -1}, 'wsName': '767676608@qq.comÁöÑÂ∑•‰ΩúÂå∫'}, 'mobile': '767676608', 'nickName': '767676608@qq.com', 'npsCollect': False, 'promoCode': '72bfa92bc', 'randomEmail': False, 'recordedNewGuidePop': [], 'showProcessPersonal': False, 'signatureUrl': None, 'source': 'home_home', 'status': None, 'uid': 1843810}, 'userSecurityVO': {'authMethod': 0, 'beingUninitialized': False}}
{'beingInvited': False, 'corpName': None, 'loginToken': None, 'openId': None, 'token': '925a2179-1122-4f63-98d7-8c6ed12f5654', 'userInfo': {'beingBlackEmail': False, 'beingDisableExpiryRemind': False, 'beingExpand': None, 'beingInvited': False, 'beingLangFollowBrowser': True, 'beingOldVersion': None, 'beingPrivacyPolicy': True, 'beingSandBoxSuperAdmin': False, 'collectUserInfo': None, 'createTime': None, 'csShow': True, 'desktopRemind': True, 'email': '767676608@qq.com', 'firstLogin': None, 'grayLimit': 89, 'graySpecify': False, 'grayType': 1, 'hasPwdLoggedIn': False, 'havePassword': True, 'headImg': None, 'lang': None, 'lastWsInfo': {'accepted': None, 'accountLevel': 40, 'auth': 2, 'beingCustomizedAppSync': None, 'beingHideHelpDocument': False, 'beingSandbox': False, 'beingWatermark': False, 'biAuth': 'SUPER', 'canWorkWx': False, 'contactEnableNum': 1, 'contactNum': 1, 'departs': [], 'dynamic': None, 'exId': 'tAeLHd46LCJR2bDGcgAc3Q==', 'exUserId': '1843810', 'expireDate': 1691161241000, 'hideCopyright': False, 'logoutConfig': {'logOutToSso': False, 'serverName': None, 'ssoType': None}, 'memberId': 1678943, 'openConnectorList': [], 'openPluginList': [2, 3, 6, 7, 8, 9, 13, 14, 15, 16, 17, 25, 26, 27, 28, 29, 33, 34, 35, 36, 37, 38, 39, 42, 43, 44, 45, -2, 32], 'permissionStatus': None, 'pluginClickList': [], 'pluginLimitDetail': {'dashAllVisiableLimit': 4, 'dashAllVisiableNum': 0}, 'publicAccessAuthVO': {'beingAttachmentQuestion': False, 'beingPublicLink': False}, 'remark': '767676608@qq.com', 'showContact': True, 'trial': True, 'trialDays': '0', 'trialNotice': True, 'type': 'normal', 'useScheduledSync': False, 'watermarkConfig': {'showDate': False, 'showDeparts': False, 'showExUserId': False, 'showName': True, 'showPhoneNumber': False, 'showWsName': False}, 'wsDomain': None, 'wsFunction': 'platform', 'wsId': 423751, 'wsLimitDetail': {'canDashNum': -1, 'canFormNum': -1, 'canPackageNum': -1, 'currentDashNum': -1, 'currentFormNum': -1, 'currentPackageNum': -1}, 'wsName': '767676608@qq.comÁöÑÂ∑•‰ΩúÂå∫'}, 'mobile': '767676608', 'nickName': '767676608@qq.com', 'npsCollect': False, 'promoCode': '72bfa92bc', 'randomEmail': False, 'recordedNewGuidePop': [], 'showProcessPersonal': False, 'signatureUrl': None, 'source': 'home_home', 'status': None, 'uid': 1843810}, 'userSecurityVO': {'authMethod': 0, 'beingUninitialized': False}}
118.25.243.250 - - [20/Jul/2023 23:00:41] "POST /mointor HTTP/1.1" 200 -
((489, datetime.datetime(2023, 7, 20, 23, 0, 41), 1, 120),)
609
yibukaishi
767676609@qq.com
767676609
{'beingInvited': False, 'corpName': None, 'loginToken': None, 'openId': None, 'token': '017c7066-1fe0-4f54-8683-680ccf5ed559', 'userInfo': {'beingBlackEmail': False, 'beingDisableExpiryRemind': False, 'beingExpand': None, 'beingInvited': False, 'beingLangFollowBrowser': True, 'beingOldVersion': None, 'beingPrivacyPolicy': True, 'beingSandBoxSuperAdmin': False, 'collectUserInfo': None, 'createTime': None, 'csShow': True, 'desktopRemind': True, 'email': '767676609@qq.com', 'firstLogin': None, 'grayLimit': 91, 'graySpecify': False, 'grayType': 1, 'hasPwdLoggedIn': False, 'havePassword': True, 'headImg': None, 'lang': None, 'lastWsInfo': {'accepted': None, 'accountLevel': 40, 'auth': 2, 'beingCustomizedAppSync': None, 'beingHideHelpDocument': False, 'beingSandbox': False, 'beingWatermark': False, 'biAuth': 'SUPER', 'canWorkWx': False, 'contactEnableNum': 1, 'contactNum': 1, 'departs': [], 'dynamic': None, 'exId': 'tAeLHd46LCIqliJwOgTR3g==', 'exUserId': '1843829', 'expireDate': 1691164847000, 'hideCopyright': False, 'logoutConfig': {'logOutToSso': False, 'serverName': None, 'ssoType': None}, 'memberId': 1678956, 'openConnectorList': [], 'openPluginList': [2, 3, 6, 7, 8, 9, 13, 14, 15, 16, 17, 25, 26, 27, 28, 29, 33, 34, 35, 36, 37, 38, 39, 42, 43, 44, 45, -2, 32], 'permissionStatus': None, 'pluginClickList': [], 'pluginLimitDetail': {'dashAllVisiableLimit': 4, 'dashAllVisiableNum': 0}, 'publicAccessAuthVO': {'beingAttachmentQuestion': False, 'beingPublicLink': False}, 'remark': '767676609@qq.com', 'showContact': True, 'trial': True, 'trialDays': '0', 'trialNotice': True, 'type': 'normal', 'useScheduledSync': False, 'watermarkConfig': {'showDate': False, 'showDeparts': False, 'showExUserId': False, 'showName': True, 'showPhoneNumber': False, 'showWsName': False}, 'wsDomain': None, 'wsFunction': 'platform', 'wsId': 423763, 'wsLimitDetail': {'canDashNum': -1, 'canFormNum': -1, 'canPackageNum': -1, 'currentDashNum': -1, 'currentFormNum': -1, 'currentPackageNum': -1}, 'wsName': '767676609@qq.comÁöÑÂ∑•‰ΩúÂå∫'}, 'mobile': '767676609', 'nickName': '767676609@qq.com', 'npsCollect': False, 'promoCode': '3e00e6f98', 'randomEmail': False, 'recordedNewGuidePop': [], 'showProcessPersonal': False, 'signatureUrl': None, 'source': 'home_home', 'status': None, 'uid': 1843829}, 'userSecurityVO': {'authMethod': 0, 'beingUninitialized': False}}
{'beingInvited': False, 'corpName': None, 'loginToken': None, 'openId': None, 'token': '017c7066-1fe0-4f54-8683-680ccf5ed559', 'userInfo': {'beingBlackEmail': False, 'beingDisableExpiryRemind': False, 'beingExpand': None, 'beingInvited': False, 'beingLangFollowBrowser': True, 'beingOldVersion': None, 'beingPrivacyPolicy': True, 'beingSandBoxSuperAdmin': False, 'collectUserInfo': None, 'createTime': None, 'csShow': True, 'desktopRemind': True, 'email': '767676609@qq.com', 'firstLogin': None, 'grayLimit': 91, 'graySpecify': False, 'grayType': 1, 'hasPwdLoggedIn': False, 'havePassword': True, 'headImg': None, 'lang': None, 'lastWsInfo': {'accepted': None, 'accountLevel': 40, 'auth': 2, 'beingCustomizedAppSync': None, 'beingHideHelpDocument': False, 'beingSandbox': False, 'beingWatermark': False, 'biAuth': 'SUPER', 'canWorkWx': False, 'contactEnableNum': 1, 'contactNum': 1, 'departs': [], 'dynamic': None, 'exId': 'tAeLHd46LCIqliJwOgTR3g==', 'exUserId': '1843829', 'expireDate': 1691164847000, 'hideCopyright': False, 'logoutConfig': {'logOutToSso': False, 'serverName': None, 'ssoType': None}, 'memberId': 1678956, 'openConnectorList': [], 'openPluginList': [2, 3, 6, 7, 8, 9, 13, 14, 15, 16, 17, 25, 26, 27, 28, 29, 33, 34, 35, 36, 37, 38, 39, 42, 43, 44, 45, -2, 32], 'permissionStatus': None, 'pluginClickList': [], 'pluginLimitDetail': {'dashAllVisiableLimit': 4, 'dashAllVisiableNum': 0}, 'publicAccessAuthVO': {'beingAttachmentQuestion': False, 'beingPublicLink': False}, 'remark': '767676609@qq.com', 'showContact': True, 'trial': True, 'trialDays': '0', 'trialNotice': True, 'type': 'normal', 'useScheduledSync': False, 'watermarkConfig': {'showDate': False, 'showDeparts': False, 'showExUserId': False, 'showName': True, 'showPhoneNumber': False, 'showWsName': False}, 'wsDomain': None, 'wsFunction': 'platform', 'wsId': 423763, 'wsLimitDetail': {'canDashNum': -1, 'canFormNum': -1, 'canPackageNum': -1, 'currentDashNum': -1, 'currentFormNum': -1, 'currentPackageNum': -1}, 'wsName': '767676609@qq.comÁöÑÂ∑•‰ΩúÂå∫'}, 'mobile': '767676609', 'nickName': '767676609@qq.com', 'npsCollect': False, 'promoCode': '3e00e6f98', 'randomEmail': False, 'recordedNewGuidePop': [], 'showProcessPersonal': False, 'signatureUrl': None, 'source': 'home_home', 'status': None, 'uid': 1843829}, 'userSecurityVO': {'authMethod': 0, 'beingUninitialized': False}}
118.25.243.250 - - [21/Jul/2023 00:00:47] "POST /mointor HTTP/1.1" 200 -
((490, datetime.datetime(2023, 7, 21, 0, 0, 47), 1, 120),)
610
yibukaishi
767676610@qq.com
767676610
{'beingInvited': False, 'corpName': None, 'loginToken': None, 'openId': None, 'token': '2def803f-419f-4576-ac07-5b6af78e591f', 'userInfo': {'beingBlackEmail': False, 'beingDisableExpiryRemind': False, 'beingExpand': None, 'beingInvited': False, 'beingLangFollowBrowser': True, 'beingOldVersion': None, 'beingPrivacyPolicy': True, 'beingSandBoxSuperAdmin': False, 'collectUserInfo': None, 'createTime': None, 'csShow': True, 'desktopRemind': True, 'email': '767676610@qq.com', 'firstLogin': None, 'grayLimit': 69, 'graySpecify': False, 'grayType': 1, 'hasPwdLoggedIn': False, 'havePassword': True, 'headImg': None, 'lang': None, 'lastWsInfo': {'accepted': None, 'accountLevel': 40, 'auth': 2, 'beingCustomizedAppSync': None, 'beingHideHelpDocument': False, 'beingSandbox': False, 'beingWatermark': False, 'biAuth': 'SUPER', 'canWorkWx': False, 'contactEnableNum': 1, 'contactNum': 1, 'departs': [], 'dynamic': None, 'exId': 'tAeLHd46LCKyVk6Gfci2zg==', 'exUserId': '1843837', 'expireDate': 1691166609000, 'hideCopyright': False, 'logoutConfig': {'logOutToSso': False, 'serverName': None, 'ssoType': None}, 'memberId': 1678963, 'openConnectorList': [], 'openPluginList': [2, 3, 6, 7, 8, 9, 13, 14, 15, 16, 17, 25, 26, 27, 28, 29, 33, 34, 35, 36, 37, 38, 39, 42, 43, 44, 45, -2, 32], 'permissionStatus': None, 'pluginClickList': [], 'pluginLimitDetail': {'dashAllVisiableLimit': 4, 'dashAllVisiableNum': 0}, 'publicAccessAuthVO': {'beingAttachmentQuestion': False, 'beingPublicLink': False}, 'remark': '767676610@qq.com', 'showContact': True, 'trial': True, 'trialDays': '0', 'trialNotice': True, 'type': 'normal', 'useScheduledSync': False, 'watermarkConfig': {'showDate': False, 'showDeparts': False, 'showExUserId': False, 'showName': True, 'showPhoneNumber': False, 'showWsName': False}, 'wsDomain': None, 'wsFunction': 'platform', 'wsId': 423770, 'wsLimitDetail': {'canDashNum': -1, 'canFormNum': -1, 'canPackageNum': -1, 'currentDashNum': -1, 'currentFormNum': -1, 'currentPackageNum': -1}, 'wsName': '767676610@qq.comÁöÑÂ∑•‰ΩúÂå∫'}, 'mobile': '767676610', 'nickName': '767676610@qq.com', 'npsCollect': False, 'promoCode': 'c990a9db2', 'randomEmail': False, 'recordedNewGuidePop': [], 'showProcessPersonal': False, 'signatureUrl': None, 'source': 'home_home', 'status': None, 'uid': 1843837}, 'userSecurityVO': {'authMethod': 0, 'beingUninitialized': False}}
{'beingInvited': False, 'corpName': None, 'loginToken': None, 'openId': None, 'token': '2def803f-419f-4576-ac07-5b6af78e591f', 'userInfo': {'beingBlackEmail': False, 'beingDisableExpiryRemind': False, 'beingExpand': None, 'beingInvited': False, 'beingLangFollowBrowser': True, 'beingOldVersion': None, 'beingPrivacyPolicy': True, 'beingSandBoxSuperAdmin': False, 'collectUserInfo': None, 'createTime': None, 'csShow': True, 'desktopRemind': True, 'email': '767676610@qq.com', 'firstLogin': None, 'grayLimit': 69, 'graySpecify': False, 'grayType': 1, 'hasPwdLoggedIn': False, 'havePassword': True, 'headImg': None, 'lang': None, 'lastWsInfo': {'accepted': None, 'accountLevel': 40, 'auth': 2, 'beingCustomizedAppSync': None, 'beingHideHelpDocument': False, 'beingSandbox': False, 'beingWatermark': False, 'biAuth': 'SUPER', 'canWorkWx': False, 'contactEnableNum': 1, 'contactNum': 1, 'departs': [], 'dynamic': None, 'exId': 'tAeLHd46LCKyVk6Gfci2zg==', 'exUserId': '1843837', 'expireDate': 1691166609000, 'hideCopyright': False, 'logoutConfig': {'logOutToSso': False, 'serverName': None, 'ssoType': None}, 'memberId': 1678963, 'openConnectorList': [], 'openPluginList': [2, 3, 6, 7, 8, 9, 13, 14, 15, 16, 17, 25, 26, 27, 28, 29, 33, 34, 35, 36, 37, 38, 39, 42, 43, 44, 45, -2, 32], 'permissionStatus': None, 'pluginClickList': [], 'pluginLimitDetail': {'dashAllVisiableLimit': 4, 'dashAllVisiableNum': 0}, 'publicAccessAuthVO': {'beingAttachmentQuestion': False, 'beingPublicLink': False}, 'remark': '767676610@qq.com', 'showContact': True, 'trial': True, 'trialDays': '0', 'trialNotice': True, 'type': 'normal', 'useScheduledSync': False, 'watermarkConfig': {'showDate': False, 'showDeparts': False, 'showExUserId': False, 'showName': True, 'showPhoneNumber': False, 'showWsName': False}, 'wsDomain': None, 'wsFunction': 'platform', 'wsId': 423770, 'wsLimitDetail': {'canDashNum': -1, 'canFormNum': -1, 'canPackageNum': -1, 'currentDashNum': -1, 'currentFormNum': -1, 'currentPackageNum': -1}, 'wsName': '767676610@qq.comÁöÑÂ∑•‰ΩúÂå∫'}, 'mobile': '767676610', 'nickName': '767676610@qq.com', 'npsCollect': False, 'promoCode': 'c990a9db2', 'randomEmail': False, 'recordedNewGuidePop': [], 'showProcessPersonal': False, 'signatureUrl': None, 'source': 'home_home', 'status': None, 'uid': 1843837}, 'userSecurityVO': {'authMethod': 0, 'beingUninitialized': False}}
118.25.243.250 - - [21/Jul/2023 00:30:09] "POST /mointor HTTP/1.1" 200 -
491
124.221.203.147 - - [21/Jul/2023 10:00:57] "GET /?password=wsj HTTP/1.1" 200 -
491
[2023-07-21 10:03:32,682] ERROR in app: Exception on / [GET]
Traceback (most recent call last):
  File "/usr/local/lib64/python3.6/site-packages/flask/app.py", line 2073, in wsgi_app
    response = self.full_dispatch_request()
  File "/usr/local/lib64/python3.6/site-packages/flask/app.py", line 1519, in full_dispatch_request
    return self.finalize_request(rv)
  File "/usr/local/lib64/python3.6/site-packages/flask/app.py", line 1538, in finalize_request
    response = self.make_response(rv)
  File "/usr/local/lib64/python3.6/site-packages/flask/app.py", line 1702, in make_response
    f"The view function for {request.endpoint!r} did not"
TypeError: The view function for 'result' did not return a valid response. The function either returned None or ended without a return statement.
167.248.133.124 - - [21/Jul/2023 10:03:32] "[35m[1mGET / HTTP/1.1[0m" 500 -
167.248.133.124 - - [21/Jul/2023 10:03:33] code 505, message Invalid HTTP version (2.0)
167.248.133.124 - - [21/Jul/2023 10:03:33] "[35m[1mPRI * HTTP/2.0[0m" HTTPStatus.HTTP_VERSION_NOT_SUPPORTED -
194.26.135.170 - - [21/Jul/2023 16:25:11] code 400, message Bad HTTP/0.9 request type ('\x03\x00\x00/*√†\x00\x00\x00\x00\x00Cookie:')
194.26.135.170 - - [21/Jul/2023 16:25:11] "[35m[1m  /*√†     Cookie: mstshash=Administr[0m" HTTPStatus.BAD_REQUEST -
491
[2023-07-21 17:12:45,381] ERROR in app: Exception on / [GET]
Traceback (most recent call last):
  File "/usr/local/lib64/python3.6/site-packages/flask/app.py", line 2073, in wsgi_app
    response = self.full_dispatch_request()
  File "/usr/local/lib64/python3.6/site-packages/flask/app.py", line 1519, in full_dispatch_request
    return self.finalize_request(rv)
  File "/usr/local/lib64/python3.6/site-packages/flask/app.py", line 1538, in finalize_request
    response = self.make_response(rv)
  File "/usr/local/lib64/python3.6/site-packages/flask/app.py", line 1702, in make_response
    f"The view function for {request.endpoint!r} did not"
TypeError: The view function for 'result' did not return a valid response. The function either returned None or ended without a return statement.
207.90.244.3 - - [21/Jul/2023 17:12:45] "[35m[1mGET / HTTP/1.1[0m" 500 -
207.90.244.3 - - [21/Jul/2023 17:12:45] "[33mGET /favicon.ico HTTP/1.1[0m" 404 -
((491, datetime.datetime(2023, 7, 21, 0, 30, 9), 1, 120),)
611
yibukaishi
767676611@qq.com
767676611
{'beingInvited': False, 'corpName': None, 'loginToken': None, 'openId': None, 'token': 'fa49b308-053d-4771-9a95-654e0e0613f6', 'userInfo': {'beingBlackEmail': False, 'beingDisableExpiryRemind': False, 'beingExpand': None, 'beingInvited': False, 'beingLangFollowBrowser': True, 'beingOldVersion': None, 'beingPrivacyPolicy': True, 'beingSandBoxSuperAdmin': False, 'collectUserInfo': None, 'createTime': None, 'csShow': True, 'desktopRemind': True, 'email': '767676611@qq.com', 'firstLogin': None, 'grayLimit': 48, 'graySpecify': False, 'grayType': 1, 'hasPwdLoggedIn': False, 'havePassword': True, 'headImg': None, 'lang': None, 'lastWsInfo': {'accepted': None, 'accountLevel': 40, 'auth': 2, 'beingCustomizedAppSync': None, 'beingHideHelpDocument': False, 'beingSandbox': False, 'beingWatermark': False, 'biAuth': 'SUPER', 'canWorkWx': False, 'contactEnableNum': 1, 'contactNum': 1, 'departs': [], 'dynamic': None, 'exId': 'tAeLHd46LCKwWq6XUKr2Jg==', 'exUserId': '1844813', 'expireDate': 1691244031000, 'hideCopyright': False, 'logoutConfig': {'logOutToSso': False, 'serverName': None, 'ssoType': None}, 'memberId': 1679685, 'openConnectorList': [], 'openPluginList': [2, 3, 6, 7, 8, 9, 13, 14, 15, 16, 17, 25, 26, 27, 28, 29, 33, 34, 35, 36, 37, 38, 39, 42, 43, 44, 45, -2, 32], 'permissionStatus': None, 'pluginClickList': [], 'pluginLimitDetail': {'dashAllVisiableLimit': 4, 'dashAllVisiableNum': 0}, 'publicAccessAuthVO': {'beingAttachmentQuestion': False, 'beingPublicLink': False}, 'remark': '767676611@qq.com', 'showContact': True, 'trial': True, 'trialDays': '0', 'trialNotice': True, 'type': 'normal', 'useScheduledSync': False, 'watermarkConfig': {'showDate': False, 'showDeparts': False, 'showExUserId': False, 'showName': True, 'showPhoneNumber': False, 'showWsName': False}, 'wsDomain': None, 'wsFunction': 'platform', 'wsId': 424211, 'wsLimitDetail': {'canDashNum': -1, 'canFormNum': -1, 'canPackageNum': -1, 'currentDashNum': -1, 'currentFormNum': -1, 'currentPackageNum': -1}, 'wsName': '767676611@qq.comÁöÑÂ∑•‰ΩúÂå∫'}, 'mobile': '767676611', 'nickName': '767676611@qq.com', 'npsCollect': False, 'promoCode': 'c3ea4da5d', 'randomEmail': False, 'recordedNewGuidePop': [], 'showProcessPersonal': False, 'signatureUrl': None, 'source': 'home_home', 'status': None, 'uid': 1844813}, 'userSecurityVO': {'authMethod': 0, 'beingUninitialized': False}}
{'beingInvited': False, 'corpName': None, 'loginToken': None, 'openId': None, 'token': 'fa49b308-053d-4771-9a95-654e0e0613f6', 'userInfo': {'beingBlackEmail': False, 'beingDisableExpiryRemind': False, 'beingExpand': None, 'beingInvited': False, 'beingLangFollowBrowser': True, 'beingOldVersion': None, 'beingPrivacyPolicy': True, 'beingSandBoxSuperAdmin': False, 'collectUserInfo': None, 'createTime': None, 'csShow': True, 'desktopRemind': True, 'email': '767676611@qq.com', 'firstLogin': None, 'grayLimit': 48, 'graySpecify': False, 'grayType': 1, 'hasPwdLoggedIn': False, 'havePassword': True, 'headImg': None, 'lang': None, 'lastWsInfo': {'accepted': None, 'accountLevel': 40, 'auth': 2, 'beingCustomizedAppSync': None, 'beingHideHelpDocument': False, 'beingSandbox': False, 'beingWatermark': False, 'biAuth': 'SUPER', 'canWorkWx': False, 'contactEnableNum': 1, 'contactNum': 1, 'departs': [], 'dynamic': None, 'exId': 'tAeLHd46LCKwWq6XUKr2Jg==', 'exUserId': '1844813', 'expireDate': 1691244031000, 'hideCopyright': False, 'logoutConfig': {'logOutToSso': False, 'serverName': None, 'ssoType': None}, 'memberId': 1679685, 'openConnectorList': [], 'openPluginList': [2, 3, 6, 7, 8, 9, 13, 14, 15, 16, 17, 25, 26, 27, 28, 29, 33, 34, 35, 36, 37, 38, 39, 42, 43, 44, 45, -2, 32], 'permissionStatus': None, 'pluginClickList': [], 'pluginLimitDetail': {'dashAllVisiableLimit': 4, 'dashAllVisiableNum': 0}, 'publicAccessAuthVO': {'beingAttachmentQuestion': False, 'beingPublicLink': False}, 'remark': '767676611@qq.com', 'showContact': True, 'trial': True, 'trialDays': '0', 'trialNotice': True, 'type': 'normal', 'useScheduledSync': False, 'watermarkConfig': {'showDate': False, 'showDeparts': False, 'showExUserId': False, 'showName': True, 'showPhoneNumber': False, 'showWsName': False}, 'wsDomain': None, 'wsFunction': 'platform', 'wsId': 424211, 'wsLimitDetail': {'canDashNum': -1, 'canFormNum': -1, 'canPackageNum': -1, 'currentDashNum': -1, 'currentFormNum': -1, 'currentPackageNum': -1}, 'wsName': '767676611@qq.comÁöÑÂ∑•‰ΩúÂå∫'}, 'mobile': '767676611', 'nickName': '767676611@qq.com', 'npsCollect': False, 'promoCode': 'c3ea4da5d', 'randomEmail': False, 'recordedNewGuidePop': [], 'showProcessPersonal': False, 'signatureUrl': None, 'source': 'home_home', 'status': None, 'uid': 1844813}, 'userSecurityVO': {'authMethod': 0, 'beingUninitialized': False}}
118.25.243.250 - - [21/Jul/2023 22:00:31] "POST /mointor HTTP/1.1" 200 -
((492, datetime.datetime(2023, 7, 21, 22, 0, 31), 1, 120),)
612
yibukaishi
767676612@qq.com
767676612
{'beingInvited': False, 'corpName': None, 'loginToken': None, 'openId': None, 'token': 'e6339b9a-eeb6-425e-9660-99233930c7b5', 'userInfo': {'beingBlackEmail': False, 'beingDisableExpiryRemind': False, 'beingExpand': None, 'beingInvited': False, 'beingLangFollowBrowser': True, 'beingOldVersion': None, 'beingPrivacyPolicy': True, 'beingSandBoxSuperAdmin': False, 'collectUserInfo': None, 'createTime': None, 'csShow': True, 'desktopRemind': True, 'email': '767676612@qq.com', 'firstLogin': None, 'grayLimit': 98, 'graySpecify': False, 'grayType': 1, 'hasPwdLoggedIn': False, 'havePassword': True, 'headImg': None, 'lang': None, 'lastWsInfo': {'accepted': None, 'accountLevel': 40, 'auth': 2, 'beingCustomizedAppSync': None, 'beingHideHelpDocument': False, 'beingSandbox': False, 'beingWatermark': False, 'biAuth': 'SUPER', 'canWorkWx': False, 'contactEnableNum': 1, 'contactNum': 1, 'departs': [], 'dynamic': None, 'exId': 'tAeLHd46LCIknm05iVFtSA==', 'exUserId': '1844837', 'expireDate': 1691247642000, 'hideCopyright': False, 'logoutConfig': {'logOutToSso': False, 'serverName': None, 'ssoType': None}, 'memberId': 1679700, 'openConnectorList': [], 'openPluginList': [2, 3, 6, 7, 8, 9, 13, 14, 15, 16, 17, 25, 26, 27, 28, 29, 33, 34, 35, 36, 37, 38, 39, 42, 43, 44, 45, -2, 32], 'permissionStatus': None, 'pluginClickList': [], 'pluginLimitDetail': {'dashAllVisiableLimit': 4, 'dashAllVisiableNum': 0}, 'publicAccessAuthVO': {'beingAttachmentQuestion': False, 'beingPublicLink': False}, 'remark': '767676612@qq.com', 'showContact': True, 'trial': True, 'trialDays': '0', 'trialNotice': True, 'type': 'normal', 'useScheduledSync': False, 'watermarkConfig': {'showDate': False, 'showDeparts': False, 'showExUserId': False, 'showName': True, 'showPhoneNumber': False, 'showWsName': False}, 'wsDomain': None, 'wsFunction': 'platform', 'wsId': 424223, 'wsLimitDetail': {'canDashNum': -1, 'canFormNum': -1, 'canPackageNum': -1, 'currentDashNum': -1, 'currentFormNum': -1, 'currentPackageNum': -1}, 'wsName': '767676612@qq.comÁöÑÂ∑•‰ΩúÂå∫'}, 'mobile': '767676612', 'nickName': '767676612@qq.com', 'npsCollect': False, 'promoCode': 'd79d127c4', 'randomEmail': False, 'recordedNewGuidePop': [], 'showProcessPersonal': False, 'signatureUrl': None, 'source': 'home_home', 'status': None, 'uid': 1844837}, 'userSecurityVO': {'authMethod': 0, 'beingUninitialized': False}}
{'beingInvited': False, 'corpName': None, 'loginToken': None, 'openId': None, 'token': 'e6339b9a-eeb6-425e-9660-99233930c7b5', 'userInfo': {'beingBlackEmail': False, 'beingDisableExpiryRemind': False, 'beingExpand': None, 'beingInvited': False, 'beingLangFollowBrowser': True, 'beingOldVersion': None, 'beingPrivacyPolicy': True, 'beingSandBoxSuperAdmin': False, 'collectUserInfo': None, 'createTime': None, 'csShow': True, 'desktopRemind': True, 'email': '767676612@qq.com', 'firstLogin': None, 'grayLimit': 98, 'graySpecify': False, 'grayType': 1, 'hasPwdLoggedIn': False, 'havePassword': True, 'headImg': None, 'lang': None, 'lastWsInfo': {'accepted': None, 'accountLevel': 40, 'auth': 2, 'beingCustomizedAppSync': None, 'beingHideHelpDocument': False, 'beingSandbox': False, 'beingWatermark': False, 'biAuth': 'SUPER', 'canWorkWx': False, 'contactEnableNum': 1, 'contactNum': 1, 'departs': [], 'dynamic': None, 'exId': 'tAeLHd46LCIknm05iVFtSA==', 'exUserId': '1844837', 'expireDate': 1691247642000, 'hideCopyright': False, 'logoutConfig': {'logOutToSso': False, 'serverName': None, 'ssoType': None}, 'memberId': 1679700, 'openConnectorList': [], 'openPluginList': [2, 3, 6, 7, 8, 9, 13, 14, 15, 16, 17, 25, 26, 27, 28, 29, 33, 34, 35, 36, 37, 38, 39, 42, 43, 44, 45, -2, 32], 'permissionStatus': None, 'pluginClickList': [], 'pluginLimitDetail': {'dashAllVisiableLimit': 4, 'dashAllVisiableNum': 0}, 'publicAccessAuthVO': {'beingAttachmentQuestion': False, 'beingPublicLink': False}, 'remark': '767676612@qq.com', 'showContact': True, 'trial': True, 'trialDays': '0', 'trialNotice': True, 'type': 'normal', 'useScheduledSync': False, 'watermarkConfig': {'showDate': False, 'showDeparts': False, 'showExUserId': False, 'showName': True, 'showPhoneNumber': False, 'showWsName': False}, 'wsDomain': None, 'wsFunction': 'platform', 'wsId': 424223, 'wsLimitDetail': {'canDashNum': -1, 'canFormNum': -1, 'canPackageNum': -1, 'currentDashNum': -1, 'currentFormNum': -1, 'currentPackageNum': -1}, 'wsName': '767676612@qq.comÁöÑÂ∑•‰ΩúÂå∫'}, 'mobile': '767676612', 'nickName': '767676612@qq.com', 'npsCollect': False, 'promoCode': 'd79d127c4', 'randomEmail': False, 'recordedNewGuidePop': [], 'showProcessPersonal': False, 'signatureUrl': None, 'source': 'home_home', 'status': None, 'uid': 1844837}, 'userSecurityVO': {'authMethod': 0, 'beingUninitialized': False}}
118.25.243.250 - - [21/Jul/2023 23:00:41] "POST /mointor HTTP/1.1" 200 -
((493, datetime.datetime(2023, 7, 21, 23, 0, 41), 1, 120),)
613
yibukaishi
767676613@qq.com
767676613
{'beingInvited': False, 'corpName': None, 'loginToken': None, 'openId': None, 'token': '377b128c-f612-477e-93bb-b4a059be83c6', 'userInfo': {'beingBlackEmail': False, 'beingDisableExpiryRemind': False, 'beingExpand': None, 'beingInvited': False, 'beingLangFollowBrowser': True, 'beingOldVersion': None, 'beingPrivacyPolicy': True, 'beingSandBoxSuperAdmin': False, 'collectUserInfo': None, 'createTime': None, 'csShow': True, 'desktopRemind': True, 'email': '767676613@qq.com', 'firstLogin': None, 'grayLimit': 78, 'graySpecify': False, 'grayType': 1, 'hasPwdLoggedIn': False, 'havePassword': True, 'headImg': None, 'lang': None, 'lastWsInfo': {'accepted': None, 'accountLevel': 40, 'auth': 2, 'beingCustomizedAppSync': None, 'beingHideHelpDocument': False, 'beingSandbox': False, 'beingWatermark': False, 'biAuth': 'SUPER', 'canWorkWx': False, 'contactEnableNum': 1, 'contactNum': 1, 'departs': [], 'dynamic': None, 'exId': 'tAeLHd46LCJs0bNQT8wfaw==', 'exUserId': '1844851', 'expireDate': 1691251228000, 'hideCopyright': False, 'logoutConfig': {'logOutToSso': False, 'serverName': None, 'ssoType': None}, 'memberId': 1679711, 'openConnectorList': [], 'openPluginList': [2, 3, 6, 7, 8, 9, 13, 14, 15, 16, 17, 25, 26, 27, 28, 29, 33, 34, 35, 36, 37, 38, 39, 42, 43, 44, 45, -2, 32], 'permissionStatus': None, 'pluginClickList': [], 'pluginLimitDetail': {'dashAllVisiableLimit': 4, 'dashAllVisiableNum': 0}, 'publicAccessAuthVO': {'beingAttachmentQuestion': False, 'beingPublicLink': False}, 'remark': '767676613@qq.com', 'showContact': True, 'trial': True, 'trialDays': '0', 'trialNotice': True, 'type': 'normal', 'useScheduledSync': False, 'watermarkConfig': {'showDate': False, 'showDeparts': False, 'showExUserId': False, 'showName': True, 'showPhoneNumber': False, 'showWsName': False}, 'wsDomain': None, 'wsFunction': 'platform', 'wsId': 424233, 'wsLimitDetail': {'canDashNum': -1, 'canFormNum': -1, 'canPackageNum': -1, 'currentDashNum': -1, 'currentFormNum': -1, 'currentPackageNum': -1}, 'wsName': '767676613@qq.comÁöÑÂ∑•‰ΩúÂå∫'}, 'mobile': '767676613', 'nickName': '767676613@qq.com', 'npsCollect': False, 'promoCode': '89f5568de', 'randomEmail': False, 'recordedNewGuidePop': [], 'showProcessPersonal': False, 'signatureUrl': None, 'source': 'home_home', 'status': None, 'uid': 1844851}, 'userSecurityVO': {'authMethod': 0, 'beingUninitialized': False}}
{'beingInvited': False, 'corpName': None, 'loginToken': None, 'openId': None, 'token': '377b128c-f612-477e-93bb-b4a059be83c6', 'userInfo': {'beingBlackEmail': False, 'beingDisableExpiryRemind': False, 'beingExpand': None, 'beingInvited': False, 'beingLangFollowBrowser': True, 'beingOldVersion': None, 'beingPrivacyPolicy': True, 'beingSandBoxSuperAdmin': False, 'collectUserInfo': None, 'createTime': None, 'csShow': True, 'desktopRemind': True, 'email': '767676613@qq.com', 'firstLogin': None, 'grayLimit': 78, 'graySpecify': False, 'grayType': 1, 'hasPwdLoggedIn': False, 'havePassword': True, 'headImg': None, 'lang': None, 'lastWsInfo': {'accepted': None, 'accountLevel': 40, 'auth': 2, 'beingCustomizedAppSync': None, 'beingHideHelpDocument': False, 'beingSandbox': False, 'beingWatermark': False, 'biAuth': 'SUPER', 'canWorkWx': False, 'contactEnableNum': 1, 'contactNum': 1, 'departs': [], 'dynamic': None, 'exId': 'tAeLHd46LCJs0bNQT8wfaw==', 'exUserId': '1844851', 'expireDate': 1691251228000, 'hideCopyright': False, 'logoutConfig': {'logOutToSso': False, 'serverName': None, 'ssoType': None}, 'memberId': 1679711, 'openConnectorList': [], 'openPluginList': [2, 3, 6, 7, 8, 9, 13, 14, 15, 16, 17, 25, 26, 27, 28, 29, 33, 34, 35, 36, 37, 38, 39, 42, 43, 44, 45, -2, 32], 'permissionStatus': None, 'pluginClickList': [], 'pluginLimitDetail': {'dashAllVisiableLimit': 4, 'dashAllVisiableNum': 0}, 'publicAccessAuthVO': {'beingAttachmentQuestion': False, 'beingPublicLink': False}, 'remark': '767676613@qq.com', 'showContact': True, 'trial': True, 'trialDays': '0', 'trialNotice': True, 'type': 'normal', 'useScheduledSync': False, 'watermarkConfig': {'showDate': False, 'showDeparts': False, 'showExUserId': False, 'showName': True, 'showPhoneNumber': False, 'showWsName': False}, 'wsDomain': None, 'wsFunction': 'platform', 'wsId': 424233, 'wsLimitDetail': {'canDashNum': -1, 'canFormNum': -1, 'canPackageNum': -1, 'currentDashNum': -1, 'currentFormNum': -1, 'currentPackageNum': -1}, 'wsName': '767676613@qq.comÁöÑÂ∑•‰ΩúÂå∫'}, 'mobile': '767676613', 'nickName': '767676613@qq.com', 'npsCollect': False, 'promoCode': '89f5568de', 'randomEmail': False, 'recordedNewGuidePop': [], 'showProcessPersonal': False, 'signatureUrl': None, 'source': 'home_home', 'status': None, 'uid': 1844851}, 'userSecurityVO': {'authMethod': 0, 'beingUninitialized': False}}
118.25.243.250 - - [22/Jul/2023 00:00:28] "POST /mointor HTTP/1.1" 200 -
((494, datetime.datetime(2023, 7, 22, 0, 0, 28), 1, 120),)
614
yibukaishi
767676614@qq.com
767676614
{'beingInvited': False, 'corpName': None, 'loginToken': None, 'openId': None, 'token': '05150108-a69b-4bd5-8a47-ef434c01005e', 'userInfo': {'beingBlackEmail': False, 'beingDisableExpiryRemind': False, 'beingExpand': None, 'beingInvited': False, 'beingLangFollowBrowser': True, 'beingOldVersion': None, 'beingPrivacyPolicy': True, 'beingSandBoxSuperAdmin': False, 'collectUserInfo': None, 'createTime': None, 'csShow': True, 'desktopRemind': True, 'email': '767676614@qq.com', 'firstLogin': None, 'grayLimit': 68, 'graySpecify': False, 'grayType': 1, 'hasPwdLoggedIn': False, 'havePassword': True, 'headImg': None, 'lang': None, 'lastWsInfo': {'accepted': None, 'accountLevel': 40, 'auth': 2, 'beingCustomizedAppSync': None, 'beingHideHelpDocument': False, 'beingSandbox': False, 'beingWatermark': False, 'biAuth': 'SUPER', 'canWorkWx': False, 'contactEnableNum': 1, 'contactNum': 1, 'departs': [], 'dynamic': None, 'exId': 'tAeLHd46LCKrNirs0IBPGw==', 'exUserId': '1844853', 'expireDate': 1691253009000, 'hideCopyright': False, 'logoutConfig': {'logOutToSso': False, 'serverName': None, 'ssoType': None}, 'memberId': 1679713, 'openConnectorList': [], 'openPluginList': [2, 3, 6, 7, 8, 9, 13, 14, 15, 16, 17, 25, 26, 27, 28, 29, 33, 34, 35, 36, 37, 38, 39, 42, 43, 44, 45, -2, 32], 'permissionStatus': None, 'pluginClickList': [], 'pluginLimitDetail': {'dashAllVisiableLimit': 4, 'dashAllVisiableNum': 0}, 'publicAccessAuthVO': {'beingAttachmentQuestion': False, 'beingPublicLink': False}, 'remark': '767676614@qq.com', 'showContact': True, 'trial': True, 'trialDays': '0', 'trialNotice': True, 'type': 'normal', 'useScheduledSync': False, 'watermarkConfig': {'showDate': False, 'showDeparts': False, 'showExUserId': False, 'showName': True, 'showPhoneNumber': False, 'showWsName': False}, 'wsDomain': None, 'wsFunction': 'platform', 'wsId': 424234, 'wsLimitDetail': {'canDashNum': -1, 'canFormNum': -1, 'canPackageNum': -1, 'currentDashNum': -1, 'currentFormNum': -1, 'currentPackageNum': -1}, 'wsName': '767676614@qq.comÁöÑÂ∑•‰ΩúÂå∫'}, 'mobile': '767676614', 'nickName': '767676614@qq.com', 'npsCollect': False, 'promoCode': 'd61136c6c', 'randomEmail': False, 'recordedNewGuidePop': [], 'showProcessPersonal': False, 'signatureUrl': None, 'source': 'home_home', 'status': None, 'uid': 1844853}, 'userSecurityVO': {'authMethod': 0, 'beingUninitialized': False}}
{'beingInvited': False, 'corpName': None, 'loginToken': None, 'openId': None, 'token': '05150108-a69b-4bd5-8a47-ef434c01005e', 'userInfo': {'beingBlackEmail': False, 'beingDisableExpiryRemind': False, 'beingExpand': None, 'beingInvited': False, 'beingLangFollowBrowser': True, 'beingOldVersion': None, 'beingPrivacyPolicy': True, 'beingSandBoxSuperAdmin': False, 'collectUserInfo': None, 'createTime': None, 'csShow': True, 'desktopRemind': True, 'email': '767676614@qq.com', 'firstLogin': None, 'grayLimit': 68, 'graySpecify': False, 'grayType': 1, 'hasPwdLoggedIn': False, 'havePassword': True, 'headImg': None, 'lang': None, 'lastWsInfo': {'accepted': None, 'accountLevel': 40, 'auth': 2, 'beingCustomizedAppSync': None, 'beingHideHelpDocument': False, 'beingSandbox': False, 'beingWatermark': False, 'biAuth': 'SUPER', 'canWorkWx': False, 'contactEnableNum': 1, 'contactNum': 1, 'departs': [], 'dynamic': None, 'exId': 'tAeLHd46LCKrNirs0IBPGw==', 'exUserId': '1844853', 'expireDate': 1691253009000, 'hideCopyright': False, 'logoutConfig': {'logOutToSso': False, 'serverName': None, 'ssoType': None}, 'memberId': 1679713, 'openConnectorList': [], 'openPluginList': [2, 3, 6, 7, 8, 9, 13, 14, 15, 16, 17, 25, 26, 27, 28, 29, 33, 34, 35, 36, 37, 38, 39, 42, 43, 44, 45, -2, 32], 'permissionStatus': None, 'pluginClickList': [], 'pluginLimitDetail': {'dashAllVisiableLimit': 4, 'dashAllVisiableNum': 0}, 'publicAccessAuthVO': {'beingAttachmentQuestion': False, 'beingPublicLink': False}, 'remark': '767676614@qq.com', 'showContact': True, 'trial': True, 'trialDays': '0', 'trialNotice': True, 'type': 'normal', 'useScheduledSync': False, 'watermarkConfig': {'showDate': False, 'showDeparts': False, 'showExUserId': False, 'showName': True, 'showPhoneNumber': False, 'showWsName': False}, 'wsDomain': None, 'wsFunction': 'platform', 'wsId': 424234, 'wsLimitDetail': {'canDashNum': -1, 'canFormNum': -1, 'canPackageNum': -1, 'currentDashNum': -1, 'currentFormNum': -1, 'currentPackageNum': -1}, 'wsName': '767676614@qq.comÁöÑÂ∑•‰ΩúÂå∫'}, 'mobile': '767676614', 'nickName': '767676614@qq.com', 'npsCollect': False, 'promoCode': 'd61136c6c', 'randomEmail': False, 'recordedNewGuidePop': [], 'showProcessPersonal': False, 'signatureUrl': None, 'source': 'home_home', 'status': None, 'uid': 1844853}, 'userSecurityVO': {'authMethod': 0, 'beingUninitialized': False}}
118.25.243.250 - - [22/Jul/2023 00:30:09] "POST /mointor HTTP/1.1" 200 -
161.189.145.210 - - [22/Jul/2023 03:43:28] code 400, message Bad request syntax ('333766643833656338616434363333643963363962386536653538383937393235613033653338636434')
161.189.145.210 - - [22/Jul/2023 03:43:28] "[35m[1m333766643833656338616434363333643963363962386536653538383937393235613033653338636434[0m" HTTPStatus.BAD_REQUEST -
495
124.221.203.147 - - [22/Jul/2023 10:00:57] "GET /?password=wsj HTTP/1.1" 200 -
495
[2023-07-22 14:11:58,035] ERROR in app: Exception on / [GET]
Traceback (most recent call last):
  File "/usr/local/lib64/python3.6/site-packages/flask/app.py", line 2073, in wsgi_app
    response = self.full_dispatch_request()
  File "/usr/local/lib64/python3.6/site-packages/flask/app.py", line 1519, in full_dispatch_request
    return self.finalize_request(rv)
  File "/usr/local/lib64/python3.6/site-packages/flask/app.py", line 1538, in finalize_request
    response = self.make_response(rv)
  File "/usr/local/lib64/python3.6/site-packages/flask/app.py", line 1702, in make_response
    f"The view function for {request.endpoint!r} did not"
TypeError: The view function for 'result' did not return a valid response. The function either returned None or ended without a return statement.
162.216.149.113 - - [22/Jul/2023 14:11:58] "[35m[1mGET / HTTP/1.1[0m" 500 -
111.7.96.148 - - [22/Jul/2023 18:00:33] code 400, message Bad request version ('√Ä\x13√Ä')
111.7.96.148 - - [22/Jul/2023 18:00:33] "[35m[1m √Æ  √™I¬≤√π¬º¬ôi√ÄY√ª√∏¬∫e-¬ÉUd]¬ç¬∑b8¬¥g√Ü√ù9dZ8f g√Å¬Åi¬≥√∂√≤√ã¬∞¬©N√ñ¬Ω¬ïg|p√º√©<Z¬°¬êT¬∑√©¬•8'O; &√Ä+√Ä/√Ä,√Ä0√å¬©√å¬®√Ä	√Ä√Ä[0m" HTTPStatus.BAD_REQUEST -
495
[2023-07-22 18:00:43,680] ERROR in app: Exception on / [GET]
Traceback (most recent call last):
  File "/usr/local/lib64/python3.6/site-packages/flask/app.py", line 2073, in wsgi_app
    response = self.full_dispatch_request()
  File "/usr/local/lib64/python3.6/site-packages/flask/app.py", line 1519, in full_dispatch_request
    return self.finalize_request(rv)
  File "/usr/local/lib64/python3.6/site-packages/flask/app.py", line 1538, in finalize_request
    response = self.make_response(rv)
  File "/usr/local/lib64/python3.6/site-packages/flask/app.py", line 1702, in make_response
    f"The view function for {request.endpoint!r} did not"
TypeError: The view function for 'result' did not return a valid response. The function either returned None or ended without a return statement.
111.7.96.148 - - [22/Jul/2023 18:00:43] "[35m[1mGET / HTTP/1.1[0m" 500 -
495
[2023-07-22 18:01:05,714] ERROR in app: Exception on / [GET]
Traceback (most recent call last):
  File "/usr/local/lib64/python3.6/site-packages/flask/app.py", line 2073, in wsgi_app
    response = self.full_dispatch_request()
  File "/usr/local/lib64/python3.6/site-packages/flask/app.py", line 1519, in full_dispatch_request
    return self.finalize_request(rv)
  File "/usr/local/lib64/python3.6/site-packages/flask/app.py", line 1538, in finalize_request
    response = self.make_response(rv)
  File "/usr/local/lib64/python3.6/site-packages/flask/app.py", line 1702, in make_response
    f"The view function for {request.endpoint!r} did not"
TypeError: The view function for 'result' did not return a valid response. The function either returned None or ended without a return statement.
111.7.96.157 - - [22/Jul/2023 18:01:05] "[35m[1mGET / HTTP/1.1[0m" 500 -
495
[2023-07-22 18:01:27,967] ERROR in app: Exception on / [GET]
Traceback (most recent call last):
  File "/usr/local/lib64/python3.6/site-packages/flask/app.py", line 2073, in wsgi_app
    response = self.full_dispatch_request()
  File "/usr/local/lib64/python3.6/site-packages/flask/app.py", line 1519, in full_dispatch_request
    return self.finalize_request(rv)
  File "/usr/local/lib64/python3.6/site-packages/flask/app.py", line 1538, in finalize_request
    response = self.make_response(rv)
  File "/usr/local/lib64/python3.6/site-packages/flask/app.py", line 1702, in make_response
    f"The view function for {request.endpoint!r} did not"
TypeError: The view function for 'result' did not return a valid response. The function either returned None or ended without a return statement.
36.99.136.128 - - [22/Jul/2023 18:01:27] "[35m[1mGET / HTTP/1.1[0m" 500 -
495
[2023-07-22 18:01:32,210] ERROR in app: Exception on / [GET]
Traceback (most recent call last):
  File "/usr/local/lib64/python3.6/site-packages/flask/app.py", line 2073, in wsgi_app
    response = self.full_dispatch_request()
  File "/usr/local/lib64/python3.6/site-packages/flask/app.py", line 1519, in full_dispatch_request
    return self.finalize_request(rv)
  File "/usr/local/lib64/python3.6/site-packages/flask/app.py", line 1538, in finalize_request
    response = self.make_response(rv)
  File "/usr/local/lib64/python3.6/site-packages/flask/app.py", line 1702, in make_response
    f"The view function for {request.endpoint!r} did not"
TypeError: The view function for 'result' did not return a valid response. The function either returned None or ended without a return statement.
211.95.50.5 - - [22/Jul/2023 18:01:32] "[35m[1mGET / HTTP/1.1[0m" 500 -
495
[2023-07-22 19:54:10,451] ERROR in app: Exception on / [GET]
Traceback (most recent call last):
  File "/usr/local/lib64/python3.6/site-packages/flask/app.py", line 2073, in wsgi_app
    response = self.full_dispatch_request()
  File "/usr/local/lib64/python3.6/site-packages/flask/app.py", line 1519, in full_dispatch_request
    return self.finalize_request(rv)
  File "/usr/local/lib64/python3.6/site-packages/flask/app.py", line 1538, in finalize_request
    response = self.make_response(rv)
  File "/usr/local/lib64/python3.6/site-packages/flask/app.py", line 1702, in make_response
    f"The view function for {request.endpoint!r} did not"
TypeError: The view function for 'result' did not return a valid response. The function either returned None or ended without a return statement.
35.195.93.98 - - [22/Jul/2023 19:54:10] "[35m[1mGET / HTTP/1.1[0m" 500 -
((495, datetime.datetime(2023, 7, 22, 0, 30, 9), 1, 120),)
615
yibukaishi
767676615@qq.com
767676615
{'beingInvited': False, 'corpName': None, 'loginToken': None, 'openId': None, 'token': '8ce18515-0b7d-464b-b92a-72f139051e10', 'userInfo': {'beingBlackEmail': False, 'beingDisableExpiryRemind': False, 'beingExpand': None, 'beingInvited': False, 'beingLangFollowBrowser': True, 'beingOldVersion': None, 'beingPrivacyPolicy': True, 'beingSandBoxSuperAdmin': False, 'collectUserInfo': None, 'createTime': None, 'csShow': True, 'desktopRemind': True, 'email': '767676615@qq.com', 'firstLogin': None, 'grayLimit': 92, 'graySpecify': False, 'grayType': 1, 'hasPwdLoggedIn': False, 'havePassword': True, 'headImg': None, 'lang': None, 'lastWsInfo': {'accepted': None, 'accountLevel': 40, 'auth': 2, 'beingCustomizedAppSync': None, 'beingHideHelpDocument': False, 'beingSandbox': False, 'beingWatermark': False, 'biAuth': 'SUPER', 'canWorkWx': False, 'contactEnableNum': 1, 'contactNum': 1, 'departs': [], 'dynamic': None, 'exId': 'tAeLHd46LCIXNHzdanC+9g==', 'exUserId': '1845452', 'expireDate': 1691337644000, 'hideCopyright': False, 'logoutConfig': {'logOutToSso': False, 'serverName': None, 'ssoType': None}, 'memberId': 1680076, 'openConnectorList': [], 'openPluginList': [2, 3, 6, 7, 8, 9, 13, 14, 15, 16, 17, 25, 26, 27, 28, 29, 33, 34, 35, 36, 37, 38, 39, 42, 43, 44, 45, -2, 32], 'permissionStatus': None, 'pluginClickList': [], 'pluginLimitDetail': {'dashAllVisiableLimit': 4, 'dashAllVisiableNum': 0}, 'publicAccessAuthVO': {'beingAttachmentQuestion': False, 'beingPublicLink': False}, 'remark': '767676615@qq.com', 'showContact': True, 'trial': True, 'trialDays': '0', 'trialNotice': True, 'type': 'normal', 'useScheduledSync': False, 'watermarkConfig': {'showDate': False, 'showDeparts': False, 'showExUserId': False, 'showName': True, 'showPhoneNumber': False, 'showWsName': False}, 'wsDomain': None, 'wsFunction': 'platform', 'wsId': 424524, 'wsLimitDetail': {'canDashNum': -1, 'canFormNum': -1, 'canPackageNum': -1, 'currentDashNum': -1, 'currentFormNum': -1, 'currentPackageNum': -1}, 'wsName': '767676615@qq.comÁöÑÂ∑•‰ΩúÂå∫'}, 'mobile': '767676615', 'nickName': '767676615@qq.com', 'npsCollect': False, 'promoCode': 'bbe2c50c5', 'randomEmail': False, 'recordedNewGuidePop': [], 'showProcessPersonal': False, 'signatureUrl': None, 'source': 'home_home', 'status': None, 'uid': 1845452}, 'userSecurityVO': {'authMethod': 0, 'beingUninitialized': False}}
{'beingInvited': False, 'corpName': None, 'loginToken': None, 'openId': None, 'token': '8ce18515-0b7d-464b-b92a-72f139051e10', 'userInfo': {'beingBlackEmail': False, 'beingDisableExpiryRemind': False, 'beingExpand': None, 'beingInvited': False, 'beingLangFollowBrowser': True, 'beingOldVersion': None, 'beingPrivacyPolicy': True, 'beingSandBoxSuperAdmin': False, 'collectUserInfo': None, 'createTime': None, 'csShow': True, 'desktopRemind': True, 'email': '767676615@qq.com', 'firstLogin': None, 'grayLimit': 92, 'graySpecify': False, 'grayType': 1, 'hasPwdLoggedIn': False, 'havePassword': True, 'headImg': None, 'lang': None, 'lastWsInfo': {'accepted': None, 'accountLevel': 40, 'auth': 2, 'beingCustomizedAppSync': None, 'beingHideHelpDocument': False, 'beingSandbox': False, 'beingWatermark': False, 'biAuth': 'SUPER', 'canWorkWx': False, 'contactEnableNum': 1, 'contactNum': 1, 'departs': [], 'dynamic': None, 'exId': 'tAeLHd46LCIXNHzdanC+9g==', 'exUserId': '1845452', 'expireDate': 1691337644000, 'hideCopyright': False, 'logoutConfig': {'logOutToSso': False, 'serverName': None, 'ssoType': None}, 'memberId': 1680076, 'openConnectorList': [], 'openPluginList': [2, 3, 6, 7, 8, 9, 13, 14, 15, 16, 17, 25, 26, 27, 28, 29, 33, 34, 35, 36, 37, 38, 39, 42, 43, 44, 45, -2, 32], 'permissionStatus': None, 'pluginClickList': [], 'pluginLimitDetail': {'dashAllVisiableLimit': 4, 'dashAllVisiableNum': 0}, 'publicAccessAuthVO': {'beingAttachmentQuestion': False, 'beingPublicLink': False}, 'remark': '767676615@qq.com', 'showContact': True, 'trial': True, 'trialDays': '0', 'trialNotice': True, 'type': 'normal', 'useScheduledSync': False, 'watermarkConfig': {'showDate': False, 'showDeparts': False, 'showExUserId': False, 'showName': True, 'showPhoneNumber': False, 'showWsName': False}, 'wsDomain': None, 'wsFunction': 'platform', 'wsId': 424524, 'wsLimitDetail': {'canDashNum': -1, 'canFormNum': -1, 'canPackageNum': -1, 'currentDashNum': -1, 'currentFormNum': -1, 'currentPackageNum': -1}, 'wsName': '767676615@qq.comÁöÑÂ∑•‰ΩúÂå∫'}, 'mobile': '767676615', 'nickName': '767676615@qq.com', 'npsCollect': False, 'promoCode': 'bbe2c50c5', 'randomEmail': False, 'recordedNewGuidePop': [], 'showProcessPersonal': False, 'signatureUrl': None, 'source': 'home_home', 'status': None, 'uid': 1845452}, 'userSecurityVO': {'authMethod': 0, 'beingUninitialized': False}}
118.25.243.250 - - [23/Jul/2023 00:00:44] "POST /mointor HTTP/1.1" 200 -
((496, datetime.datetime(2023, 7, 23, 0, 0, 44), 1, 120),)
616
yibukaishi
767676616@qq.com
767676616
{'beingInvited': False, 'corpName': None, 'loginToken': None, 'openId': None, 'token': '05f1371c-6e75-490a-a1a9-8eb1d0f7def2', 'userInfo': {'beingBlackEmail': False, 'beingDisableExpiryRemind': False, 'beingExpand': None, 'beingInvited': False, 'beingLangFollowBrowser': True, 'beingOldVersion': None, 'beingPrivacyPolicy': True, 'beingSandBoxSuperAdmin': False, 'collectUserInfo': None, 'createTime': None, 'csShow': True, 'desktopRemind': True, 'email': '767676616@qq.com', 'firstLogin': None, 'grayLimit': 7, 'graySpecify': False, 'grayType': 1, 'hasPwdLoggedIn': False, 'havePassword': True, 'headImg': None, 'lang': None, 'lastWsInfo': {'accepted': None, 'accountLevel': 40, 'auth': 2, 'beingCustomizedAppSync': None, 'beingHideHelpDocument': False, 'beingSandbox': False, 'beingWatermark': False, 'biAuth': 'SUPER', 'canWorkWx': False, 'contactEnableNum': 1, 'contactNum': 1, 'departs': [], 'dynamic': None, 'exId': 'tAeLHd46LCLeVHVN08KOUQ==', 'exUserId': '1845481', 'expireDate': 1691339409000, 'hideCopyright': False, 'logoutConfig': {'logOutToSso': False, 'serverName': None, 'ssoType': None}, 'memberId': 1680140, 'openConnectorList': [], 'openPluginList': [2, 3, 6, 7, 8, 9, 13, 14, 15, 16, 17, 25, 26, 27, 28, 29, 33, 34, 35, 36, 37, 38, 39, 42, 43, 44, 45, -2, 32], 'permissionStatus': None, 'pluginClickList': [], 'pluginLimitDetail': {'dashAllVisiableLimit': 4, 'dashAllVisiableNum': 0}, 'publicAccessAuthVO': {'beingAttachmentQuestion': False, 'beingPublicLink': False}, 'remark': '767676616@qq.com', 'showContact': True, 'trial': True, 'trialDays': '0', 'trialNotice': True, 'type': 'normal', 'useScheduledSync': False, 'watermarkConfig': {'showDate': False, 'showDeparts': False, 'showExUserId': False, 'showName': True, 'showPhoneNumber': False, 'showWsName': False}, 'wsDomain': None, 'wsFunction': 'platform', 'wsId': 424546, 'wsLimitDetail': {'canDashNum': -1, 'canFormNum': -1, 'canPackageNum': -1, 'currentDashNum': -1, 'currentFormNum': -1, 'currentPackageNum': -1}, 'wsName': '767676616@qq.comÁöÑÂ∑•‰ΩúÂå∫'}, 'mobile': '767676616', 'nickName': '767676616@qq.com', 'npsCollect': False, 'promoCode': '02a985b2e', 'randomEmail': False, 'recordedNewGuidePop': [], 'showProcessPersonal': False, 'signatureUrl': None, 'source': 'home_home', 'status': None, 'uid': 1845481}, 'userSecurityVO': {'authMethod': 0, 'beingUninitialized': False}}
{'beingInvited': False, 'corpName': None, 'loginToken': None, 'openId': None, 'token': '05f1371c-6e75-490a-a1a9-8eb1d0f7def2', 'userInfo': {'beingBlackEmail': False, 'beingDisableExpiryRemind': False, 'beingExpand': None, 'beingInvited': False, 'beingLangFollowBrowser': True, 'beingOldVersion': None, 'beingPrivacyPolicy': True, 'beingSandBoxSuperAdmin': False, 'collectUserInfo': None, 'createTime': None, 'csShow': True, 'desktopRemind': True, 'email': '767676616@qq.com', 'firstLogin': None, 'grayLimit': 7, 'graySpecify': False, 'grayType': 1, 'hasPwdLoggedIn': False, 'havePassword': True, 'headImg': None, 'lang': None, 'lastWsInfo': {'accepted': None, 'accountLevel': 40, 'auth': 2, 'beingCustomizedAppSync': None, 'beingHideHelpDocument': False, 'beingSandbox': False, 'beingWatermark': False, 'biAuth': 'SUPER', 'canWorkWx': False, 'contactEnableNum': 1, 'contactNum': 1, 'departs': [], 'dynamic': None, 'exId': 'tAeLHd46LCLeVHVN08KOUQ==', 'exUserId': '1845481', 'expireDate': 1691339409000, 'hideCopyright': False, 'logoutConfig': {'logOutToSso': False, 'serverName': None, 'ssoType': None}, 'memberId': 1680140, 'openConnectorList': [], 'openPluginList': [2, 3, 6, 7, 8, 9, 13, 14, 15, 16, 17, 25, 26, 27, 28, 29, 33, 34, 35, 36, 37, 38, 39, 42, 43, 44, 45, -2, 32], 'permissionStatus': None, 'pluginClickList': [], 'pluginLimitDetail': {'dashAllVisiableLimit': 4, 'dashAllVisiableNum': 0}, 'publicAccessAuthVO': {'beingAttachmentQuestion': False, 'beingPublicLink': False}, 'remark': '767676616@qq.com', 'showContact': True, 'trial': True, 'trialDays': '0', 'trialNotice': True, 'type': 'normal', 'useScheduledSync': False, 'watermarkConfig': {'showDate': False, 'showDeparts': False, 'showExUserId': False, 'showName': True, 'showPhoneNumber': False, 'showWsName': False}, 'wsDomain': None, 'wsFunction': 'platform', 'wsId': 424546, 'wsLimitDetail': {'canDashNum': -1, 'canFormNum': -1, 'canPackageNum': -1, 'currentDashNum': -1, 'currentFormNum': -1, 'currentPackageNum': -1}, 'wsName': '767676616@qq.comÁöÑÂ∑•‰ΩúÂå∫'}, 'mobile': '767676616', 'nickName': '767676616@qq.com', 'npsCollect': False, 'promoCode': '02a985b2e', 'randomEmail': False, 'recordedNewGuidePop': [], 'showProcessPersonal': False, 'signatureUrl': None, 'source': 'home_home', 'status': None, 'uid': 1845481}, 'userSecurityVO': {'authMethod': 0, 'beingUninitialized': False}}
118.25.243.250 - - [23/Jul/2023 00:30:09] "POST /mointor HTTP/1.1" 200 -
497
124.221.203.147 - - [23/Jul/2023 10:00:57] "GET /?password=wsj HTTP/1.1" 200 -
497
[2023-07-23 10:28:54,121] ERROR in app: Exception on / [GET]
Traceback (most recent call last):
  File "/usr/local/lib64/python3.6/site-packages/flask/app.py", line 2073, in wsgi_app
    response = self.full_dispatch_request()
  File "/usr/local/lib64/python3.6/site-packages/flask/app.py", line 1519, in full_dispatch_request
    return self.finalize_request(rv)
  File "/usr/local/lib64/python3.6/site-packages/flask/app.py", line 1538, in finalize_request
    response = self.make_response(rv)
  File "/usr/local/lib64/python3.6/site-packages/flask/app.py", line 1702, in make_response
    f"The view function for {request.endpoint!r} did not"
TypeError: The view function for 'result' did not return a valid response. The function either returned None or ended without a return statement.
162.142.125.226 - - [23/Jul/2023 10:28:54] "[35m[1mGET / HTTP/1.1[0m" 500 -
162.142.125.226 - - [23/Jul/2023 10:28:54] code 505, message Invalid HTTP version (2.0)
162.142.125.226 - - [23/Jul/2023 10:28:54] "[35m[1mPRI * HTTP/2.0[0m" HTTPStatus.HTTP_VERSION_NOT_SUPPORTED -
((497, datetime.datetime(2023, 7, 23, 0, 30, 9), 1, 120),)
617
yibukaishi
767676617@qq.com
767676617
{'beingInvited': False, 'corpName': None, 'loginToken': None, 'openId': None, 'token': '78ccfce8-70f1-4fd4-8fe1-f71ab81f7540', 'userInfo': {'beingBlackEmail': False, 'beingDisableExpiryRemind': False, 'beingExpand': None, 'beingInvited': False, 'beingLangFollowBrowser': True, 'beingOldVersion': None, 'beingPrivacyPolicy': True, 'beingSandBoxSuperAdmin': False, 'collectUserInfo': None, 'createTime': None, 'csShow': True, 'desktopRemind': True, 'email': '767676617@qq.com', 'firstLogin': None, 'grayLimit': 6, 'graySpecify': False, 'grayType': 1, 'hasPwdLoggedIn': False, 'havePassword': True, 'headImg': None, 'lang': None, 'lastWsInfo': {'accepted': None, 'accountLevel': 40, 'auth': 2, 'beingCustomizedAppSync': None, 'beingHideHelpDocument': False, 'beingSandbox': False, 'beingWatermark': False, 'biAuth': 'SUPER', 'canWorkWx': False, 'contactEnableNum': 1, 'contactNum': 1, 'departs': [], 'dynamic': None, 'exId': 'tAeLHd46LCKYO0QRAwEaUA==', 'exUserId': '1846063', 'expireDate': 1691424050000, 'hideCopyright': False, 'logoutConfig': {'logOutToSso': False, 'serverName': None, 'ssoType': None}, 'memberId': 1680540, 'openConnectorList': [], 'openPluginList': [2, 3, 6, 7, 8, 9, 13, 14, 15, 16, 17, 25, 26, 27, 28, 29, 33, 34, 35, 36, 37, 38, 39, 42, 43, 44, 45, -2, 32], 'permissionStatus': None, 'pluginClickList': [], 'pluginLimitDetail': {'dashAllVisiableLimit': 4, 'dashAllVisiableNum': 0}, 'publicAccessAuthVO': {'beingAttachmentQuestion': False, 'beingPublicLink': False}, 'remark': '767676617@qq.com', 'showContact': True, 'trial': True, 'trialDays': '0', 'trialNotice': True, 'type': 'normal', 'useScheduledSync': False, 'watermarkConfig': {'showDate': False, 'showDeparts': False, 'showExUserId': False, 'showName': True, 'showPhoneNumber': False, 'showWsName': False}, 'wsDomain': None, 'wsFunction': 'platform', 'wsId': 424841, 'wsLimitDetail': {'canDashNum': -1, 'canFormNum': -1, 'canPackageNum': -1, 'currentDashNum': -1, 'currentFormNum': -1, 'currentPackageNum': -1}, 'wsName': '767676617@qq.comÁöÑÂ∑•‰ΩúÂå∫'}, 'mobile': '767676617', 'nickName': '767676617@qq.com', 'npsCollect': False, 'promoCode': '380994fc6', 'randomEmail': False, 'recordedNewGuidePop': [], 'showProcessPersonal': False, 'signatureUrl': None, 'source': 'home_home', 'status': None, 'uid': 1846063}, 'userSecurityVO': {'authMethod': 0, 'beingUninitialized': False}}
{'beingInvited': False, 'corpName': None, 'loginToken': None, 'openId': None, 'token': '78ccfce8-70f1-4fd4-8fe1-f71ab81f7540', 'userInfo': {'beingBlackEmail': False, 'beingDisableExpiryRemind': False, 'beingExpand': None, 'beingInvited': False, 'beingLangFollowBrowser': True, 'beingOldVersion': None, 'beingPrivacyPolicy': True, 'beingSandBoxSuperAdmin': False, 'collectUserInfo': None, 'createTime': None, 'csShow': True, 'desktopRemind': True, 'email': '767676617@qq.com', 'firstLogin': None, 'grayLimit': 6, 'graySpecify': False, 'grayType': 1, 'hasPwdLoggedIn': False, 'havePassword': True, 'headImg': None, 'lang': None, 'lastWsInfo': {'accepted': None, 'accountLevel': 40, 'auth': 2, 'beingCustomizedAppSync': None, 'beingHideHelpDocument': False, 'beingSandbox': False, 'beingWatermark': False, 'biAuth': 'SUPER', 'canWorkWx': False, 'contactEnableNum': 1, 'contactNum': 1, 'departs': [], 'dynamic': None, 'exId': 'tAeLHd46LCKYO0QRAwEaUA==', 'exUserId': '1846063', 'expireDate': 1691424050000, 'hideCopyright': False, 'logoutConfig': {'logOutToSso': False, 'serverName': None, 'ssoType': None}, 'memberId': 1680540, 'openConnectorList': [], 'openPluginList': [2, 3, 6, 7, 8, 9, 13, 14, 15, 16, 17, 25, 26, 27, 28, 29, 33, 34, 35, 36, 37, 38, 39, 42, 43, 44, 45, -2, 32], 'permissionStatus': None, 'pluginClickList': [], 'pluginLimitDetail': {'dashAllVisiableLimit': 4, 'dashAllVisiableNum': 0}, 'publicAccessAuthVO': {'beingAttachmentQuestion': False, 'beingPublicLink': False}, 'remark': '767676617@qq.com', 'showContact': True, 'trial': True, 'trialDays': '0', 'trialNotice': True, 'type': 'normal', 'useScheduledSync': False, 'watermarkConfig': {'showDate': False, 'showDeparts': False, 'showExUserId': False, 'showName': True, 'showPhoneNumber': False, 'showWsName': False}, 'wsDomain': None, 'wsFunction': 'platform', 'wsId': 424841, 'wsLimitDetail': {'canDashNum': -1, 'canFormNum': -1, 'canPackageNum': -1, 'currentDashNum': -1, 'currentFormNum': -1, 'currentPackageNum': -1}, 'wsName': '767676617@qq.comÁöÑÂ∑•‰ΩúÂå∫'}, 'mobile': '767676617', 'nickName': '767676617@qq.com', 'npsCollect': False, 'promoCode': '380994fc6', 'randomEmail': False, 'recordedNewGuidePop': [], 'showProcessPersonal': False, 'signatureUrl': None, 'source': 'home_home', 'status': None, 'uid': 1846063}, 'userSecurityVO': {'authMethod': 0, 'beingUninitialized': False}}
118.25.243.250 - - [24/Jul/2023 00:00:50] "POST /mointor HTTP/1.1" 200 -
((498, datetime.datetime(2023, 7, 24, 0, 0, 50), 1, 120),)
618
yibukaishi
767676618@qq.com
767676618
{'beingInvited': False, 'corpName': None, 'loginToken': None, 'openId': None, 'token': '21383cbf-8479-492d-a9c7-3a65c0451f98', 'userInfo': {'beingBlackEmail': False, 'beingDisableExpiryRemind': False, 'beingExpand': None, 'beingInvited': False, 'beingLangFollowBrowser': True, 'beingOldVersion': None, 'beingPrivacyPolicy': True, 'beingSandBoxSuperAdmin': False, 'collectUserInfo': None, 'createTime': None, 'csShow': True, 'desktopRemind': True, 'email': '767676618@qq.com', 'firstLogin': None, 'grayLimit': 82, 'graySpecify': False, 'grayType': 1, 'hasPwdLoggedIn': False, 'havePassword': True, 'headImg': None, 'lang': None, 'lastWsInfo': {'accepted': None, 'accountLevel': 40, 'auth': 2, 'beingCustomizedAppSync': None, 'beingHideHelpDocument': False, 'beingSandbox': False, 'beingWatermark': False, 'biAuth': 'SUPER', 'canWorkWx': False, 'contactEnableNum': 1, 'contactNum': 1, 'departs': [], 'dynamic': None, 'exId': 'tAeLHd46LCIhgzxL6FlSMw==', 'exUserId': '1846064', 'expireDate': 1691425809000, 'hideCopyright': False, 'logoutConfig': {'logOutToSso': False, 'serverName': None, 'ssoType': None}, 'memberId': 1680541, 'openConnectorList': [], 'openPluginList': [2, 3, 6, 7, 8, 9, 13, 14, 15, 16, 17, 25, 26, 27, 28, 29, 33, 34, 35, 36, 37, 38, 39, 42, 43, 44, 45, -2, 32], 'permissionStatus': None, 'pluginClickList': [], 'pluginLimitDetail': {'dashAllVisiableLimit': 4, 'dashAllVisiableNum': 0}, 'publicAccessAuthVO': {'beingAttachmentQuestion': False, 'beingPublicLink': False}, 'remark': '767676618@qq.com', 'showContact': True, 'trial': True, 'trialDays': '0', 'trialNotice': True, 'type': 'normal', 'useScheduledSync': False, 'watermarkConfig': {'showDate': False, 'showDeparts': False, 'showExUserId': False, 'showName': True, 'showPhoneNumber': False, 'showWsName': False}, 'wsDomain': None, 'wsFunction': 'platform', 'wsId': 424842, 'wsLimitDetail': {'canDashNum': -1, 'canFormNum': -1, 'canPackageNum': -1, 'currentDashNum': -1, 'currentFormNum': -1, 'currentPackageNum': -1}, 'wsName': '767676618@qq.comÁöÑÂ∑•‰ΩúÂå∫'}, 'mobile': '767676618', 'nickName': '767676618@qq.com', 'npsCollect': False, 'promoCode': '0c0dfa89d', 'randomEmail': False, 'recordedNewGuidePop': [], 'showProcessPersonal': False, 'signatureUrl': None, 'source': 'home_home', 'status': None, 'uid': 1846064}, 'userSecurityVO': {'authMethod': 0, 'beingUninitialized': False}}
{'beingInvited': False, 'corpName': None, 'loginToken': None, 'openId': None, 'token': '21383cbf-8479-492d-a9c7-3a65c0451f98', 'userInfo': {'beingBlackEmail': False, 'beingDisableExpiryRemind': False, 'beingExpand': None, 'beingInvited': False, 'beingLangFollowBrowser': True, 'beingOldVersion': None, 'beingPrivacyPolicy': True, 'beingSandBoxSuperAdmin': False, 'collectUserInfo': None, 'createTime': None, 'csShow': True, 'desktopRemind': True, 'email': '767676618@qq.com', 'firstLogin': None, 'grayLimit': 82, 'graySpecify': False, 'grayType': 1, 'hasPwdLoggedIn': False, 'havePassword': True, 'headImg': None, 'lang': None, 'lastWsInfo': {'accepted': None, 'accountLevel': 40, 'auth': 2, 'beingCustomizedAppSync': None, 'beingHideHelpDocument': False, 'beingSandbox': False, 'beingWatermark': False, 'biAuth': 'SUPER', 'canWorkWx': False, 'contactEnableNum': 1, 'contactNum': 1, 'departs': [], 'dynamic': None, 'exId': 'tAeLHd46LCIhgzxL6FlSMw==', 'exUserId': '1846064', 'expireDate': 1691425809000, 'hideCopyright': False, 'logoutConfig': {'logOutToSso': False, 'serverName': None, 'ssoType': None}, 'memberId': 1680541, 'openConnectorList': [], 'openPluginList': [2, 3, 6, 7, 8, 9, 13, 14, 15, 16, 17, 25, 26, 27, 28, 29, 33, 34, 35, 36, 37, 38, 39, 42, 43, 44, 45, -2, 32], 'permissionStatus': None, 'pluginClickList': [], 'pluginLimitDetail': {'dashAllVisiableLimit': 4, 'dashAllVisiableNum': 0}, 'publicAccessAuthVO': {'beingAttachmentQuestion': False, 'beingPublicLink': False}, 'remark': '767676618@qq.com', 'showContact': True, 'trial': True, 'trialDays': '0', 'trialNotice': True, 'type': 'normal', 'useScheduledSync': False, 'watermarkConfig': {'showDate': False, 'showDeparts': False, 'showExUserId': False, 'showName': True, 'showPhoneNumber': False, 'showWsName': False}, 'wsDomain': None, 'wsFunction': 'platform', 'wsId': 424842, 'wsLimitDetail': {'canDashNum': -1, 'canFormNum': -1, 'canPackageNum': -1, 'currentDashNum': -1, 'currentFormNum': -1, 'currentPackageNum': -1}, 'wsName': '767676618@qq.comÁöÑÂ∑•‰ΩúÂå∫'}, 'mobile': '767676618', 'nickName': '767676618@qq.com', 'npsCollect': False, 'promoCode': '0c0dfa89d', 'randomEmail': False, 'recordedNewGuidePop': [], 'showProcessPersonal': False, 'signatureUrl': None, 'source': 'home_home', 'status': None, 'uid': 1846064}, 'userSecurityVO': {'authMethod': 0, 'beingUninitialized': False}}
118.25.243.250 - - [24/Jul/2023 00:30:09] "POST /mointor HTTP/1.1" 200 -
499
[2023-07-24 00:51:24,101] ERROR in app: Exception on / [GET]
Traceback (most recent call last):
  File "/usr/local/lib64/python3.6/site-packages/flask/app.py", line 2073, in wsgi_app
    response = self.full_dispatch_request()
  File "/usr/local/lib64/python3.6/site-packages/flask/app.py", line 1519, in full_dispatch_request
    return self.finalize_request(rv)
  File "/usr/local/lib64/python3.6/site-packages/flask/app.py", line 1538, in finalize_request
    response = self.make_response(rv)
  File "/usr/local/lib64/python3.6/site-packages/flask/app.py", line 1702, in make_response
    f"The view function for {request.endpoint!r} did not"
TypeError: The view function for 'result' did not return a valid response. The function either returned None or ended without a return statement.
117.187.173.99 - - [24/Jul/2023 00:51:24] "[35m[1mGET / HTTP/1.1[0m" 500 -
117.187.173.99 - - [24/Jul/2023 00:51:24] code 400, message Bad request syntax ('\x16\x03\x01\x00√Æ\x01\x00\x00√™\x03\x03\x00√ª√¥\x01\x10X\x05¬∑√ß')
117.187.173.99 - - [24/Jul/2023 00:51:24] "[35m[1m √Æ  √™ √ª√¥X¬∑√ß[0m" HTTPStatus.BAD_REQUEST -
499
[2023-07-24 09:38:47,749] ERROR in app: Exception on / [GET]
Traceback (most recent call last):
  File "/usr/local/lib64/python3.6/site-packages/flask/app.py", line 2073, in wsgi_app
    response = self.full_dispatch_request()
  File "/usr/local/lib64/python3.6/site-packages/flask/app.py", line 1519, in full_dispatch_request
    return self.finalize_request(rv)
  File "/usr/local/lib64/python3.6/site-packages/flask/app.py", line 1538, in finalize_request
    response = self.make_response(rv)
  File "/usr/local/lib64/python3.6/site-packages/flask/app.py", line 1702, in make_response
    f"The view function for {request.endpoint!r} did not"
TypeError: The view function for 'result' did not return a valid response. The function either returned None or ended without a return statement.
223.111.175.4 - - [24/Jul/2023 09:38:47] "[35m[1mGET / HTTP/1.1[0m" 500 -
223.111.175.4 - - [24/Jul/2023 09:38:47] "[33mGET /favicon.ico HTTP/1.1[0m" 404 -
223.111.175.4 - - [24/Jul/2023 09:38:47] "[33mGET /robots.txt HTTP/1.1[0m" 404 -
223.111.175.4 - - [24/Jul/2023 09:38:47] "[33mGET /sitemap.xml HTTP/1.1[0m" 404 -
499
124.221.203.147 - - [24/Jul/2023 10:00:57] "GET /?password=wsj HTTP/1.1" 200 -
((499, datetime.datetime(2023, 7, 24, 0, 30, 9), 1, 120),)
619
yibukaishi
767676619@qq.com
767676619
{'beingInvited': False, 'corpName': None, 'loginToken': None, 'openId': None, 'token': 'cbd5338b-3168-4099-b63f-7cc86b25b21a', 'userInfo': {'beingBlackEmail': False, 'beingDisableExpiryRemind': False, 'beingExpand': None, 'beingInvited': False, 'beingLangFollowBrowser': True, 'beingOldVersion': None, 'beingPrivacyPolicy': True, 'beingSandBoxSuperAdmin': False, 'collectUserInfo': None, 'createTime': None, 'csShow': True, 'desktopRemind': True, 'email': '767676619@qq.com', 'firstLogin': None, 'grayLimit': 98, 'graySpecify': False, 'grayType': 1, 'hasPwdLoggedIn': False, 'havePassword': True, 'headImg': None, 'lang': None, 'lastWsInfo': {'accepted': None, 'accountLevel': 40, 'auth': 2, 'beingCustomizedAppSync': None, 'beingHideHelpDocument': False, 'beingSandbox': False, 'beingWatermark': False, 'biAuth': 'SUPER', 'canWorkWx': False, 'contactEnableNum': 1, 'contactNum': 1, 'departs': [], 'dynamic': None, 'exId': 'tAeLHd46LCILPak3lnOMRA==', 'exUserId': '1847408', 'expireDate': 1691503232000, 'hideCopyright': False, 'logoutConfig': {'logOutToSso': False, 'serverName': None, 'ssoType': None}, 'memberId': 1681431, 'openConnectorList': [], 'openPluginList': [2, 3, 6, 7, 8, 9, 13, 14, 15, 16, 17, 25, 26, 27, 28, 29, 33, 34, 35, 36, 37, 38, 39, 42, 43, 44, 45, -2, 32], 'permissionStatus': None, 'pluginClickList': [], 'pluginLimitDetail': {'dashAllVisiableLimit': 4, 'dashAllVisiableNum': 0}, 'publicAccessAuthVO': {'beingAttachmentQuestion': False, 'beingPublicLink': False}, 'remark': '767676619@qq.com', 'showContact': True, 'trial': True, 'trialDays': '0', 'trialNotice': True, 'type': 'normal', 'useScheduledSync': False, 'watermarkConfig': {'showDate': False, 'showDeparts': False, 'showExUserId': False, 'showName': True, 'showPhoneNumber': False, 'showWsName': False}, 'wsDomain': None, 'wsFunction': 'platform', 'wsId': 425283, 'wsLimitDetail': {'canDashNum': -1, 'canFormNum': -1, 'canPackageNum': -1, 'currentDashNum': -1, 'currentFormNum': -1, 'currentPackageNum': -1}, 'wsName': '767676619@qq.comÁöÑÂ∑•‰ΩúÂå∫'}, 'mobile': '767676619', 'nickName': '767676619@qq.com', 'npsCollect': False, 'promoCode': 'a7495c324', 'randomEmail': False, 'recordedNewGuidePop': [], 'showProcessPersonal': False, 'signatureUrl': None, 'source': 'home_home', 'status': None, 'uid': 1847408}, 'userSecurityVO': {'authMethod': 0, 'beingUninitialized': False}}
{'beingInvited': False, 'corpName': None, 'loginToken': None, 'openId': None, 'token': 'cbd5338b-3168-4099-b63f-7cc86b25b21a', 'userInfo': {'beingBlackEmail': False, 'beingDisableExpiryRemind': False, 'beingExpand': None, 'beingInvited': False, 'beingLangFollowBrowser': True, 'beingOldVersion': None, 'beingPrivacyPolicy': True, 'beingSandBoxSuperAdmin': False, 'collectUserInfo': None, 'createTime': None, 'csShow': True, 'desktopRemind': True, 'email': '767676619@qq.com', 'firstLogin': None, 'grayLimit': 98, 'graySpecify': False, 'grayType': 1, 'hasPwdLoggedIn': False, 'havePassword': True, 'headImg': None, 'lang': None, 'lastWsInfo': {'accepted': None, 'accountLevel': 40, 'auth': 2, 'beingCustomizedAppSync': None, 'beingHideHelpDocument': False, 'beingSandbox': False, 'beingWatermark': False, 'biAuth': 'SUPER', 'canWorkWx': False, 'contactEnableNum': 1, 'contactNum': 1, 'departs': [], 'dynamic': None, 'exId': 'tAeLHd46LCILPak3lnOMRA==', 'exUserId': '1847408', 'expireDate': 1691503232000, 'hideCopyright': False, 'logoutConfig': {'logOutToSso': False, 'serverName': None, 'ssoType': None}, 'memberId': 1681431, 'openConnectorList': [], 'openPluginList': [2, 3, 6, 7, 8, 9, 13, 14, 15, 16, 17, 25, 26, 27, 28, 29, 33, 34, 35, 36, 37, 38, 39, 42, 43, 44, 45, -2, 32], 'permissionStatus': None, 'pluginClickList': [], 'pluginLimitDetail': {'dashAllVisiableLimit': 4, 'dashAllVisiableNum': 0}, 'publicAccessAuthVO': {'beingAttachmentQuestion': False, 'beingPublicLink': False}, 'remark': '767676619@qq.com', 'showContact': True, 'trial': True, 'trialDays': '0', 'trialNotice': True, 'type': 'normal', 'useScheduledSync': False, 'watermarkConfig': {'showDate': False, 'showDeparts': False, 'showExUserId': False, 'showName': True, 'showPhoneNumber': False, 'showWsName': False}, 'wsDomain': None, 'wsFunction': 'platform', 'wsId': 425283, 'wsLimitDetail': {'canDashNum': -1, 'canFormNum': -1, 'canPackageNum': -1, 'currentDashNum': -1, 'currentFormNum': -1, 'currentPackageNum': -1}, 'wsName': '767676619@qq.comÁöÑÂ∑•‰ΩúÂå∫'}, 'mobile': '767676619', 'nickName': '767676619@qq.com', 'npsCollect': False, 'promoCode': 'a7495c324', 'randomEmail': False, 'recordedNewGuidePop': [], 'showProcessPersonal': False, 'signatureUrl': None, 'source': 'home_home', 'status': None, 'uid': 1847408}, 'userSecurityVO': {'authMethod': 0, 'beingUninitialized': False}}
118.25.243.250 - - [24/Jul/2023 22:00:31] "POST /mointor HTTP/1.1" 200 -
500
[2023-07-24 22:31:47,042] ERROR in app: Exception on / [GET]
Traceback (most recent call last):
  File "/usr/local/lib64/python3.6/site-packages/flask/app.py", line 2073, in wsgi_app
    response = self.full_dispatch_request()
  File "/usr/local/lib64/python3.6/site-packages/flask/app.py", line 1519, in full_dispatch_request
    return self.finalize_request(rv)
  File "/usr/local/lib64/python3.6/site-packages/flask/app.py", line 1538, in finalize_request
    response = self.make_response(rv)
  File "/usr/local/lib64/python3.6/site-packages/flask/app.py", line 1702, in make_response
    f"The view function for {request.endpoint!r} did not"
TypeError: The view function for 'result' did not return a valid response. The function either returned None or ended without a return statement.
167.94.138.35 - - [24/Jul/2023 22:31:47] "[35m[1mGET / HTTP/1.1[0m" 500 -
167.94.138.35 - - [24/Jul/2023 22:31:48] code 505, message Invalid HTTP version (2.0)
167.94.138.35 - - [24/Jul/2023 22:31:48] "[35m[1mPRI * HTTP/2.0[0m" HTTPStatus.HTTP_VERSION_NOT_SUPPORTED -
((500, datetime.datetime(2023, 7, 24, 22, 0, 31), 1, 120),)
620
yibukaishi
767676620@qq.com
767676620
{'beingInvited': False, 'corpName': None, 'loginToken': None, 'openId': None, 'token': '2c0973f2-1676-46ee-b638-8228ff45c381', 'userInfo': {'beingBlackEmail': False, 'beingDisableExpiryRemind': False, 'beingExpand': None, 'beingInvited': False, 'beingLangFollowBrowser': True, 'beingOldVersion': None, 'beingPrivacyPolicy': True, 'beingSandBoxSuperAdmin': False, 'collectUserInfo': None, 'createTime': None, 'csShow': True, 'desktopRemind': True, 'email': '767676620@qq.com', 'firstLogin': None, 'grayLimit': 45, 'graySpecify': False, 'grayType': 1, 'hasPwdLoggedIn': False, 'havePassword': True, 'headImg': None, 'lang': None, 'lastWsInfo': {'accepted': None, 'accountLevel': 40, 'auth': 2, 'beingCustomizedAppSync': None, 'beingHideHelpDocument': False, 'beingSandbox': False, 'beingWatermark': False, 'biAuth': 'SUPER', 'canWorkWx': False, 'contactEnableNum': 1, 'contactNum': 1, 'departs': [], 'dynamic': None, 'exId': 'tAeLHd46LCIkaArPlBKf3w==', 'exUserId': '1847450', 'expireDate': 1691506842000, 'hideCopyright': False, 'logoutConfig': {'logOutToSso': False, 'serverName': None, 'ssoType': None}, 'memberId': 1681466, 'openConnectorList': [], 'openPluginList': [2, 3, 6, 7, 8, 9, 13, 14, 15, 16, 17, 25, 26, 27, 28, 29, 33, 34, 35, 36, 37, 38, 39, 42, 43, 44, 45, -2, 32], 'permissionStatus': None, 'pluginClickList': [], 'pluginLimitDetail': {'dashAllVisiableLimit': 4, 'dashAllVisiableNum': 0}, 'publicAccessAuthVO': {'beingAttachmentQuestion': False, 'beingPublicLink': False}, 'remark': '767676620@qq.com', 'showContact': True, 'trial': True, 'trialDays': '0', 'trialNotice': True, 'type': 'normal', 'useScheduledSync': False, 'watermarkConfig': {'showDate': False, 'showDeparts': False, 'showExUserId': False, 'showName': True, 'showPhoneNumber': False, 'showWsName': False}, 'wsDomain': None, 'wsFunction': 'platform', 'wsId': 425310, 'wsLimitDetail': {'canDashNum': -1, 'canFormNum': -1, 'canPackageNum': -1, 'currentDashNum': -1, 'currentFormNum': -1, 'currentPackageNum': -1}, 'wsName': '767676620@qq.comÁöÑÂ∑•‰ΩúÂå∫'}, 'mobile': '767676620', 'nickName': '767676620@qq.com', 'npsCollect': False, 'promoCode': 'c2fe27b09', 'randomEmail': False, 'recordedNewGuidePop': [], 'showProcessPersonal': False, 'signatureUrl': None, 'source': 'home_home', 'status': None, 'uid': 1847450}, 'userSecurityVO': {'authMethod': 0, 'beingUninitialized': False}}
{'beingInvited': False, 'corpName': None, 'loginToken': None, 'openId': None, 'token': '2c0973f2-1676-46ee-b638-8228ff45c381', 'userInfo': {'beingBlackEmail': False, 'beingDisableExpiryRemind': False, 'beingExpand': None, 'beingInvited': False, 'beingLangFollowBrowser': True, 'beingOldVersion': None, 'beingPrivacyPolicy': True, 'beingSandBoxSuperAdmin': False, 'collectUserInfo': None, 'createTime': None, 'csShow': True, 'desktopRemind': True, 'email': '767676620@qq.com', 'firstLogin': None, 'grayLimit': 45, 'graySpecify': False, 'grayType': 1, 'hasPwdLoggedIn': False, 'havePassword': True, 'headImg': None, 'lang': None, 'lastWsInfo': {'accepted': None, 'accountLevel': 40, 'auth': 2, 'beingCustomizedAppSync': None, 'beingHideHelpDocument': False, 'beingSandbox': False, 'beingWatermark': False, 'biAuth': 'SUPER', 'canWorkWx': False, 'contactEnableNum': 1, 'contactNum': 1, 'departs': [], 'dynamic': None, 'exId': 'tAeLHd46LCIkaArPlBKf3w==', 'exUserId': '1847450', 'expireDate': 1691506842000, 'hideCopyright': False, 'logoutConfig': {'logOutToSso': False, 'serverName': None, 'ssoType': None}, 'memberId': 1681466, 'openConnectorList': [], 'openPluginList': [2, 3, 6, 7, 8, 9, 13, 14, 15, 16, 17, 25, 26, 27, 28, 29, 33, 34, 35, 36, 37, 38, 39, 42, 43, 44, 45, -2, 32], 'permissionStatus': None, 'pluginClickList': [], 'pluginLimitDetail': {'dashAllVisiableLimit': 4, 'dashAllVisiableNum': 0}, 'publicAccessAuthVO': {'beingAttachmentQuestion': False, 'beingPublicLink': False}, 'remark': '767676620@qq.com', 'showContact': True, 'trial': True, 'trialDays': '0', 'trialNotice': True, 'type': 'normal', 'useScheduledSync': False, 'watermarkConfig': {'showDate': False, 'showDeparts': False, 'showExUserId': False, 'showName': True, 'showPhoneNumber': False, 'showWsName': False}, 'wsDomain': None, 'wsFunction': 'platform', 'wsId': 425310, 'wsLimitDetail': {'canDashNum': -1, 'canFormNum': -1, 'canPackageNum': -1, 'currentDashNum': -1, 'currentFormNum': -1, 'currentPackageNum': -1}, 'wsName': '767676620@qq.comÁöÑÂ∑•‰ΩúÂå∫'}, 'mobile': '767676620', 'nickName': '767676620@qq.com', 'npsCollect': False, 'promoCode': 'c2fe27b09', 'randomEmail': False, 'recordedNewGuidePop': [], 'showProcessPersonal': False, 'signatureUrl': None, 'source': 'home_home', 'status': None, 'uid': 1847450}, 'userSecurityVO': {'authMethod': 0, 'beingUninitialized': False}}
118.25.243.250 - - [24/Jul/2023 23:00:42] "POST /mointor HTTP/1.1" 200 -
((501, datetime.datetime(2023, 7, 24, 23, 0, 42), 1, 120),)
621
yibukaishi
767676621@qq.com
767676621
{'beingInvited': False, 'corpName': None, 'loginToken': None, 'openId': None, 'token': '390e7751-3e37-4f68-b589-585b36a167f4', 'userInfo': {'beingBlackEmail': False, 'beingDisableExpiryRemind': False, 'beingExpand': None, 'beingInvited': False, 'beingLangFollowBrowser': True, 'beingOldVersion': None, 'beingPrivacyPolicy': True, 'beingSandBoxSuperAdmin': False, 'collectUserInfo': None, 'createTime': None, 'csShow': True, 'desktopRemind': True, 'email': '767676621@qq.com', 'firstLogin': None, 'grayLimit': 95, 'graySpecify': False, 'grayType': 1, 'hasPwdLoggedIn': False, 'havePassword': True, 'headImg': None, 'lang': None, 'lastWsInfo': {'accepted': None, 'accountLevel': 40, 'auth': 2, 'beingCustomizedAppSync': None, 'beingHideHelpDocument': False, 'beingSandbox': False, 'beingWatermark': False, 'biAuth': 'SUPER', 'canWorkWx': False, 'contactEnableNum': 1, 'contactNum': 1, 'departs': [], 'dynamic': None, 'exId': 'tAeLHd46LCIi7Rj0HJ2LLw==', 'exUserId': '1847469', 'expireDate': 1691510437000, 'hideCopyright': False, 'logoutConfig': {'logOutToSso': False, 'serverName': None, 'ssoType': None}, 'memberId': 1681478, 'openConnectorList': [], 'openPluginList': [2, 3, 6, 7, 8, 9, 13, 14, 15, 16, 17, 25, 26, 27, 28, 29, 33, 34, 35, 36, 37, 38, 39, 42, 43, 44, 45, -2, 32], 'permissionStatus': None, 'pluginClickList': [], 'pluginLimitDetail': {'dashAllVisiableLimit': 4, 'dashAllVisiableNum': 0}, 'publicAccessAuthVO': {'beingAttachmentQuestion': False, 'beingPublicLink': False}, 'remark': '767676621@qq.com', 'showContact': True, 'trial': True, 'trialDays': '0', 'trialNotice': True, 'type': 'normal', 'useScheduledSync': False, 'watermarkConfig': {'showDate': False, 'showDeparts': False, 'showExUserId': False, 'showName': True, 'showPhoneNumber': False, 'showWsName': False}, 'wsDomain': None, 'wsFunction': 'platform', 'wsId': 425319, 'wsLimitDetail': {'canDashNum': -1, 'canFormNum': -1, 'canPackageNum': -1, 'currentDashNum': -1, 'currentFormNum': -1, 'currentPackageNum': -1}, 'wsName': '767676621@qq.comÁöÑÂ∑•‰ΩúÂå∫'}, 'mobile': '767676621', 'nickName': '767676621@qq.com', 'npsCollect': False, 'promoCode': '615efdbcb', 'randomEmail': False, 'recordedNewGuidePop': [], 'showProcessPersonal': False, 'signatureUrl': None, 'source': 'home_home', 'status': None, 'uid': 1847469}, 'userSecurityVO': {'authMethod': 0, 'beingUninitialized': False}}
{'beingInvited': False, 'corpName': None, 'loginToken': None, 'openId': None, 'token': '390e7751-3e37-4f68-b589-585b36a167f4', 'userInfo': {'beingBlackEmail': False, 'beingDisableExpiryRemind': False, 'beingExpand': None, 'beingInvited': False, 'beingLangFollowBrowser': True, 'beingOldVersion': None, 'beingPrivacyPolicy': True, 'beingSandBoxSuperAdmin': False, 'collectUserInfo': None, 'createTime': None, 'csShow': True, 'desktopRemind': True, 'email': '767676621@qq.com', 'firstLogin': None, 'grayLimit': 95, 'graySpecify': False, 'grayType': 1, 'hasPwdLoggedIn': False, 'havePassword': True, 'headImg': None, 'lang': None, 'lastWsInfo': {'accepted': None, 'accountLevel': 40, 'auth': 2, 'beingCustomizedAppSync': None, 'beingHideHelpDocument': False, 'beingSandbox': False, 'beingWatermark': False, 'biAuth': 'SUPER', 'canWorkWx': False, 'contactEnableNum': 1, 'contactNum': 1, 'departs': [], 'dynamic': None, 'exId': 'tAeLHd46LCIi7Rj0HJ2LLw==', 'exUserId': '1847469', 'expireDate': 1691510437000, 'hideCopyright': False, 'logoutConfig': {'logOutToSso': False, 'serverName': None, 'ssoType': None}, 'memberId': 1681478, 'openConnectorList': [], 'openPluginList': [2, 3, 6, 7, 8, 9, 13, 14, 15, 16, 17, 25, 26, 27, 28, 29, 33, 34, 35, 36, 37, 38, 39, 42, 43, 44, 45, -2, 32], 'permissionStatus': None, 'pluginClickList': [], 'pluginLimitDetail': {'dashAllVisiableLimit': 4, 'dashAllVisiableNum': 0}, 'publicAccessAuthVO': {'beingAttachmentQuestion': False, 'beingPublicLink': False}, 'remark': '767676621@qq.com', 'showContact': True, 'trial': True, 'trialDays': '0', 'trialNotice': True, 'type': 'normal', 'useScheduledSync': False, 'watermarkConfig': {'showDate': False, 'showDeparts': False, 'showExUserId': False, 'showName': True, 'showPhoneNumber': False, 'showWsName': False}, 'wsDomain': None, 'wsFunction': 'platform', 'wsId': 425319, 'wsLimitDetail': {'canDashNum': -1, 'canFormNum': -1, 'canPackageNum': -1, 'currentDashNum': -1, 'currentFormNum': -1, 'currentPackageNum': -1}, 'wsName': '767676621@qq.comÁöÑÂ∑•‰ΩúÂå∫'}, 'mobile': '767676621', 'nickName': '767676621@qq.com', 'npsCollect': False, 'promoCode': '615efdbcb', 'randomEmail': False, 'recordedNewGuidePop': [], 'showProcessPersonal': False, 'signatureUrl': None, 'source': 'home_home', 'status': None, 'uid': 1847469}, 'userSecurityVO': {'authMethod': 0, 'beingUninitialized': False}}
118.25.243.250 - - [25/Jul/2023 00:00:37] "POST /mointor HTTP/1.1" 200 -
((502, datetime.datetime(2023, 7, 25, 0, 0, 37), 1, 120),)
622
yibukaishi
767676622@qq.com
767676622
{'beingInvited': False, 'corpName': None, 'loginToken': None, 'openId': None, 'token': 'ea33968a-0720-428d-b326-dca8929f2aeb', 'userInfo': {'beingBlackEmail': False, 'beingDisableExpiryRemind': False, 'beingExpand': None, 'beingInvited': False, 'beingLangFollowBrowser': True, 'beingOldVersion': None, 'beingPrivacyPolicy': True, 'beingSandBoxSuperAdmin': False, 'collectUserInfo': None, 'createTime': None, 'csShow': True, 'desktopRemind': True, 'email': '767676622@qq.com', 'firstLogin': None, 'grayLimit': 95, 'graySpecify': False, 'grayType': 1, 'hasPwdLoggedIn': False, 'havePassword': True, 'headImg': None, 'lang': None, 'lastWsInfo': {'accepted': None, 'accountLevel': 40, 'auth': 2, 'beingCustomizedAppSync': None, 'beingHideHelpDocument': False, 'beingSandbox': False, 'beingWatermark': False, 'biAuth': 'SUPER', 'canWorkWx': False, 'contactEnableNum': 1, 'contactNum': 1, 'departs': [], 'dynamic': None, 'exId': 'tAeLHd46LCKlqXYf1yJRVA==', 'exUserId': '1847474', 'expireDate': 1691512209000, 'hideCopyright': False, 'logoutConfig': {'logOutToSso': False, 'serverName': None, 'ssoType': None}, 'memberId': 1681482, 'openConnectorList': [], 'openPluginList': [2, 3, 6, 7, 8, 9, 13, 14, 15, 16, 17, 25, 26, 27, 28, 29, 33, 34, 35, 36, 37, 38, 39, 42, 43, 44, 45, -2, 32], 'permissionStatus': None, 'pluginClickList': [], 'pluginLimitDetail': {'dashAllVisiableLimit': 4, 'dashAllVisiableNum': 0}, 'publicAccessAuthVO': {'beingAttachmentQuestion': False, 'beingPublicLink': False}, 'remark': '767676622@qq.com', 'showContact': True, 'trial': True, 'trialDays': '0', 'trialNotice': True, 'type': 'normal', 'useScheduledSync': False, 'watermarkConfig': {'showDate': False, 'showDeparts': False, 'showExUserId': False, 'showName': True, 'showPhoneNumber': False, 'showWsName': False}, 'wsDomain': None, 'wsFunction': 'platform', 'wsId': 425322, 'wsLimitDetail': {'canDashNum': -1, 'canFormNum': -1, 'canPackageNum': -1, 'currentDashNum': -1, 'currentFormNum': -1, 'currentPackageNum': -1}, 'wsName': '767676622@qq.comÁöÑÂ∑•‰ΩúÂå∫'}, 'mobile': '767676622', 'nickName': '767676622@qq.com', 'npsCollect': False, 'promoCode': 'f3b00ff93', 'randomEmail': False, 'recordedNewGuidePop': [], 'showProcessPersonal': False, 'signatureUrl': None, 'source': 'home_home', 'status': None, 'uid': 1847474}, 'userSecurityVO': {'authMethod': 0, 'beingUninitialized': False}}
{'beingInvited': False, 'corpName': None, 'loginToken': None, 'openId': None, 'token': 'ea33968a-0720-428d-b326-dca8929f2aeb', 'userInfo': {'beingBlackEmail': False, 'beingDisableExpiryRemind': False, 'beingExpand': None, 'beingInvited': False, 'beingLangFollowBrowser': True, 'beingOldVersion': None, 'beingPrivacyPolicy': True, 'beingSandBoxSuperAdmin': False, 'collectUserInfo': None, 'createTime': None, 'csShow': True, 'desktopRemind': True, 'email': '767676622@qq.com', 'firstLogin': None, 'grayLimit': 95, 'graySpecify': False, 'grayType': 1, 'hasPwdLoggedIn': False, 'havePassword': True, 'headImg': None, 'lang': None, 'lastWsInfo': {'accepted': None, 'accountLevel': 40, 'auth': 2, 'beingCustomizedAppSync': None, 'beingHideHelpDocument': False, 'beingSandbox': False, 'beingWatermark': False, 'biAuth': 'SUPER', 'canWorkWx': False, 'contactEnableNum': 1, 'contactNum': 1, 'departs': [], 'dynamic': None, 'exId': 'tAeLHd46LCKlqXYf1yJRVA==', 'exUserId': '1847474', 'expireDate': 1691512209000, 'hideCopyright': False, 'logoutConfig': {'logOutToSso': False, 'serverName': None, 'ssoType': None}, 'memberId': 1681482, 'openConnectorList': [], 'openPluginList': [2, 3, 6, 7, 8, 9, 13, 14, 15, 16, 17, 25, 26, 27, 28, 29, 33, 34, 35, 36, 37, 38, 39, 42, 43, 44, 45, -2, 32], 'permissionStatus': None, 'pluginClickList': [], 'pluginLimitDetail': {'dashAllVisiableLimit': 4, 'dashAllVisiableNum': 0}, 'publicAccessAuthVO': {'beingAttachmentQuestion': False, 'beingPublicLink': False}, 'remark': '767676622@qq.com', 'showContact': True, 'trial': True, 'trialDays': '0', 'trialNotice': True, 'type': 'normal', 'useScheduledSync': False, 'watermarkConfig': {'showDate': False, 'showDeparts': False, 'showExUserId': False, 'showName': True, 'showPhoneNumber': False, 'showWsName': False}, 'wsDomain': None, 'wsFunction': 'platform', 'wsId': 425322, 'wsLimitDetail': {'canDashNum': -1, 'canFormNum': -1, 'canPackageNum': -1, 'currentDashNum': -1, 'currentFormNum': -1, 'currentPackageNum': -1}, 'wsName': '767676622@qq.comÁöÑÂ∑•‰ΩúÂå∫'}, 'mobile': '767676622', 'nickName': '767676622@qq.com', 'npsCollect': False, 'promoCode': 'f3b00ff93', 'randomEmail': False, 'recordedNewGuidePop': [], 'showProcessPersonal': False, 'signatureUrl': None, 'source': 'home_home', 'status': None, 'uid': 1847474}, 'userSecurityVO': {'authMethod': 0, 'beingUninitialized': False}}
118.25.243.250 - - [25/Jul/2023 00:30:09] "POST /mointor HTTP/1.1" 200 -
123.160.221.17 - - [25/Jul/2023 09:25:31] code 400, message Bad request version ('√Ä\x13√Ä')
123.160.221.17 - - [25/Jul/2023 09:25:31] "[35m[1m √Æ  √™I¬≤√π¬º¬ôi√ÄY√ª√∏¬∫e-¬ÉUd]¬ç¬∑b8¬¥g√Ü√ù9dZ8f g√Å¬Åi¬≥√∂√≤√ã¬∞¬©N√ñ¬Ω¬ïg|p√º√©<Z¬°¬êT¬∑√©¬•8'O; &√Ä+√Ä/√Ä,√Ä0√å¬©√å¬®√Ä	√Ä√Ä[0m" HTTPStatus.BAD_REQUEST -
503
[2023-07-25 09:25:43,899] ERROR in app: Exception on / [GET]
Traceback (most recent call last):
  File "/usr/local/lib64/python3.6/site-packages/flask/app.py", line 2073, in wsgi_app
    response = self.full_dispatch_request()
  File "/usr/local/lib64/python3.6/site-packages/flask/app.py", line 1519, in full_dispatch_request
    return self.finalize_request(rv)
  File "/usr/local/lib64/python3.6/site-packages/flask/app.py", line 1538, in finalize_request
    response = self.make_response(rv)
  File "/usr/local/lib64/python3.6/site-packages/flask/app.py", line 1702, in make_response
    f"The view function for {request.endpoint!r} did not"
TypeError: The view function for 'result' did not return a valid response. The function either returned None or ended without a return statement.
123.160.221.17 - - [25/Jul/2023 09:25:43] "[35m[1mGET / HTTP/1.1[0m" 500 -
503
112.64.186.108 - - [25/Jul/2023 09:50:00] "GET /?password=wsj HTTP/1.1" 200 -
503
124.221.203.147 - - [25/Jul/2023 10:00:57] "GET /?password=wsj HTTP/1.1" 200 -
503
[2023-07-25 15:08:11,545] ERROR in app: Exception on / [GET]
Traceback (most recent call last):
  File "/usr/local/lib64/python3.6/site-packages/flask/app.py", line 2073, in wsgi_app
    response = self.full_dispatch_request()
  File "/usr/local/lib64/python3.6/site-packages/flask/app.py", line 1519, in full_dispatch_request
    return self.finalize_request(rv)
  File "/usr/local/lib64/python3.6/site-packages/flask/app.py", line 1538, in finalize_request
    response = self.make_response(rv)
  File "/usr/local/lib64/python3.6/site-packages/flask/app.py", line 1702, in make_response
    f"The view function for {request.endpoint!r} did not"
TypeError: The view function for 'result' did not return a valid response. The function either returned None or ended without a return statement.
123.56.155.157 - - [25/Jul/2023 15:08:11] "[35m[1mGET / HTTP/1.0[0m" 500 -
123.56.155.157 - - [25/Jul/2023 15:08:21] "[33mGET /Portal/Portal.mwsl HTTP/1.1[0m" 404 -
123.56.155.157 - - [25/Jul/2023 15:08:21] "[33mGET /.git/HEAD HTTP/1.1[0m" 404 -
123.56.155.157 - - [25/Jul/2023 15:08:21] "[33mGET /docs/cplugError.html/ HTTP/1.1[0m" 404 -
123.56.155.157 - - [25/Jul/2023 15:08:21] "[33mGET /Portal0000.htm HTTP/1.1[0m" 404 -
123.56.155.157 - - [25/Jul/2023 15:08:21] "[33mGET /__Additional HTTP/1.1[0m" 404 -
503
[2023-07-25 15:08:21,590] ERROR in app: Exception on / [GET]
Traceback (most recent call last):
  File "/usr/local/lib64/python3.6/site-packages/flask/app.py", line 2073, in wsgi_app
    response = self.full_dispatch_request()
  File "/usr/local/lib64/python3.6/site-packages/flask/app.py", line 1519, in full_dispatch_request
    return self.finalize_request(rv)
  File "/usr/local/lib64/python3.6/site-packages/flask/app.py", line 1538, in finalize_request
    response = self.make_response(rv)
  File "/usr/local/lib64/python3.6/site-packages/flask/app.py", line 1702, in make_response
    f"The view function for {request.endpoint!r} did not"
TypeError: The view function for 'result' did not return a valid response. The function either returned None or ended without a return statement.
123.56.155.157 - - [25/Jul/2023 15:08:21] "[35m[1mGET / HTTP/1.1[0m" 500 -
123.56.155.157 - - [25/Jul/2023 15:08:21] "[33mGET /nmaplowercheck1690268901 HTTP/1.1[0m" 404 -
123.56.155.157 - - [25/Jul/2023 15:08:21] "[33mGET /favicon.ico HTTP/1.1[0m" 404 -
123.56.155.157 - - [25/Jul/2023 15:08:21] "[33mGET /pools/default/buckets HTTP/1.1[0m" 404 -
123.56.155.157 - - [25/Jul/2023 15:08:21] "[33mGET /HNAP1 HTTP/1.1[0m" 404 -
123.56.155.157 - - [25/Jul/2023 15:08:21] "[33mGET /pools HTTP/1.1[0m" 404 -
123.56.155.157 - - [25/Jul/2023 15:08:22] "[33mGET /CSS/Miniweb.css HTTP/1.1[0m" 404 -
503
[2023-07-25 15:08:22,138] ERROR in app: Exception on / [HEAD]
Traceback (most recent call last):
  File "/usr/local/lib64/python3.6/site-packages/flask/app.py", line 2073, in wsgi_app
    response = self.full_dispatch_request()
  File "/usr/local/lib64/python3.6/site-packages/flask/app.py", line 1519, in full_dispatch_request
    return self.finalize_request(rv)
  File "/usr/local/lib64/python3.6/site-packages/flask/app.py", line 1538, in finalize_request
    response = self.make_response(rv)
  File "/usr/local/lib64/python3.6/site-packages/flask/app.py", line 1702, in make_response
    f"The view function for {request.endpoint!r} did not"
TypeError: The view function for 'result' did not return a valid response. The function either returned None or ended without a return statement.
123.56.155.157 - - [25/Jul/2023 15:08:22] "[35m[1mHEAD / HTTP/1.1[0m" 500 -
123.56.155.157 - - [25/Jul/2023 15:08:22] "[33mGET /home.jhtml HTTP/1.1[0m" 404 -
123.56.155.157 - - [25/Jul/2023 15:08:22] "[33mGET /index.pl HTTP/1.1[0m" 404 -
123.56.155.157 - - [25/Jul/2023 15:08:22] "[33mGET /inicio.jsp HTTP/1.1[0m" 404 -
503
[2023-07-25 15:08:22,881] ERROR in app: Exception on / [GET]
Traceback (most recent call last):
  File "/usr/local/lib64/python3.6/site-packages/flask/app.py", line 2073, in wsgi_app
    response = self.full_dispatch_request()
  File "/usr/local/lib64/python3.6/site-packages/flask/app.py", line 1519, in full_dispatch_request
    return self.finalize_request(rv)
  File "/usr/local/lib64/python3.6/site-packages/flask/app.py", line 1538, in finalize_request
    response = self.make_response(rv)
  File "/usr/local/lib64/python3.6/site-packages/flask/app.py", line 1702, in make_response
    f"The view function for {request.endpoint!r} did not"
TypeError: The view function for 'result' did not return a valid response. The function either returned None or ended without a return statement.
123.56.155.157 - - [25/Jul/2023 15:08:22] "[35m[1mGET / HTTP/1.1[0m" 500 -
123.56.155.157 - - [25/Jul/2023 15:08:22] "[33mGET /base.pl HTTP/1.1[0m" 404 -
123.56.155.157 - - [25/Jul/2023 15:08:23] "[33mPOST /sdk HTTP/1.1[0m" 404 -
123.56.155.157 - - [25/Jul/2023 15:08:23] "[33mGET /indice.asp HTTP/1.1[0m" 404 -
123.56.155.157 - - [25/Jul/2023 15:08:23] "[33mGET /TQlK HTTP/1.1[0m" 404 -
123.56.155.157 - - [25/Jul/2023 15:08:23] "[33mGET /inicio.pl HTTP/1.1[0m" 404 -
123.56.155.157 - - [25/Jul/2023 15:08:23] "[33mGET /index.cfm HTTP/1.1[0m" 404 -
123.56.155.157 - - [25/Jul/2023 15:08:23] "[33mGET /inicio.shtml HTTP/1.1[0m" 404 -
123.56.155.157 - - [25/Jul/2023 15:08:23] "[33mGET /index.asp HTTP/1.1[0m" 404 -
123.56.155.157 - - [25/Jul/2023 15:08:23] "[33mGET /robots.txt HTTP/1.1[0m" 404 -
503
[2023-07-25 15:08:23,904] ERROR in app: Exception on / [GET]
Traceback (most recent call last):
  File "/usr/local/lib64/python3.6/site-packages/flask/app.py", line 2073, in wsgi_app
    response = self.full_dispatch_request()
  File "/usr/local/lib64/python3.6/site-packages/flask/app.py", line 1519, in full_dispatch_request
    return self.finalize_request(rv)
  File "/usr/local/lib64/python3.6/site-packages/flask/app.py", line 1538, in finalize_request
    response = self.make_response(rv)
  File "/usr/local/lib64/python3.6/site-packages/flask/app.py", line 1702, in make_response
    f"The view function for {request.endpoint!r} did not"
TypeError: The view function for 'result' did not return a valid response. The function either returned None or ended without a return statement.
123.56.155.157 - - [25/Jul/2023 15:08:23] "[35m[1mGET / HTTP/1.1[0m" 500 -
123.56.155.157 - - [25/Jul/2023 15:08:23] "[33mGET /indice.shtml HTTP/1.1[0m" 404 -
123.56.155.157 - - [25/Jul/2023 15:08:24] "[33mGET /localstart.pl HTTP/1.1[0m" 404 -
123.56.155.157 - - [25/Jul/2023 15:08:24] "[33mGET /localstart.jsa HTTP/1.1[0m" 404 -
123.56.155.157 - - [25/Jul/2023 15:08:24] "[33mGET /index.shtml HTTP/1.1[0m" 404 -
123.56.155.157 - - [25/Jul/2023 15:08:24] "[33mGET /menu.pl HTTP/1.1[0m" 404 -
123.56.155.157 - - [25/Jul/2023 15:08:24] "[33mGET /indice.cfm HTTP/1.1[0m" 404 -
123.56.155.157 - - [25/Jul/2023 15:08:25] "[33mGET /home.php HTTP/1.1[0m" 404 -
123.56.155.157 - - [25/Jul/2023 15:08:25] "[33mGET /index.php HTTP/1.1[0m" 404 -
503
[2023-07-25 15:08:25,212] ERROR in app: Exception on / [GET]
Traceback (most recent call last):
  File "/usr/local/lib64/python3.6/site-packages/flask/app.py", line 2073, in wsgi_app
    response = self.full_dispatch_request()
  File "/usr/local/lib64/python3.6/site-packages/flask/app.py", line 1519, in full_dispatch_request
    return self.finalize_request(rv)
  File "/usr/local/lib64/python3.6/site-packages/flask/app.py", line 1538, in finalize_request
    response = self.make_response(rv)
  File "/usr/local/lib64/python3.6/site-packages/flask/app.py", line 1702, in make_response
    f"The view function for {request.endpoint!r} did not"
TypeError: The view function for 'result' did not return a valid response. The function either returned None or ended without a return statement.
123.56.155.157 - - [25/Jul/2023 15:08:25] "[35m[1mGET / HTTP/1.1[0m" 500 -
123.56.155.157 - - [25/Jul/2023 15:08:25] "[33mGET /inicio.cfm HTTP/1.1[0m" 404 -
123.56.155.157 - - [25/Jul/2023 15:08:25] "[33mGET /index.aspx HTTP/1.1[0m" 404 -
123.56.155.157 - - [25/Jul/2023 15:08:25] "[33mGET /admin.pl HTTP/1.1[0m" 404 -
503
[2023-07-25 15:08:25,660] ERROR in app: Exception on / [GET]
Traceback (most recent call last):
  File "/usr/local/lib64/python3.6/site-packages/flask/app.py", line 2073, in wsgi_app
    response = self.full_dispatch_request()
  File "/usr/local/lib64/python3.6/site-packages/flask/app.py", line 1519, in full_dispatch_request
    return self.finalize_request(rv)
  File "/usr/local/lib64/python3.6/site-packages/flask/app.py", line 1538, in finalize_request
    response = self.make_response(rv)
  File "/usr/local/lib64/python3.6/site-packages/flask/app.py", line 1702, in make_response
    f"The view function for {request.endpoint!r} did not"
TypeError: The view function for 'result' did not return a valid response. The function either returned None or ended without a return statement.
123.56.155.157 - - [25/Jul/2023 15:08:25] "[35m[1mGET /?=PHPE9568F36-D428-11d2-A769-00AA001ACF42 HTTP/1.1[0m" 500 -
123.56.155.157 - - [25/Jul/2023 15:08:25] "[33mGET /admin.php HTTP/1.1[0m" 404 -
123.56.155.157 - - [25/Jul/2023 15:08:25] "[33mGET /admin.jsp HTTP/1.1[0m" 404 -
123.56.155.157 - - [25/Jul/2023 15:08:26] "[33mGET /admin.html HTTP/1.1[0m" 404 -
503
[2023-07-25 15:08:26,164] ERROR in app: Exception on / [GET]
Traceback (most recent call last):
  File "/usr/local/lib64/python3.6/site-packages/flask/app.py", line 2073, in wsgi_app
    response = self.full_dispatch_request()
  File "/usr/local/lib64/python3.6/site-packages/flask/app.py", line 1519, in full_dispatch_request
    return self.finalize_request(rv)
  File "/usr/local/lib64/python3.6/site-packages/flask/app.py", line 1538, in finalize_request
    response = self.make_response(rv)
  File "/usr/local/lib64/python3.6/site-packages/flask/app.py", line 1702, in make_response
    f"The view function for {request.endpoint!r} did not"
TypeError: The view function for 'result' did not return a valid response. The function either returned None or ended without a return statement.
123.56.155.157 - - [25/Jul/2023 15:08:26] "[35m[1mGET /?=PHPB8B5F2A0-3C92-11d3-A3A9-4C7B08C10000 HTTP/1.1[0m" 500 -
123.56.155.157 - - [25/Jul/2023 15:08:26] "[33mGET /start.aspx HTTP/1.1[0m" 404 -
123.56.155.157 - - [25/Jul/2023 15:08:26] "[33mGET /default.jsp HTTP/1.1[0m" 404 -
123.56.155.157 - - [25/Jul/2023 15:08:26] "[33mGET /admin.jsa HTTP/1.1[0m" 404 -
123.56.155.157 - - [25/Jul/2023 15:08:26] "[33mGET /menu.jhtml HTTP/1.1[0m" 404 -
123.56.155.157 - - [25/Jul/2023 15:08:26] "[33mGET /admin.jhtml HTTP/1.1[0m" 404 -
123.56.155.157 - - [25/Jul/2023 15:08:27] "[33mGET /default.php HTTP/1.1[0m" 404 -
123.56.155.157 - - [25/Jul/2023 15:08:27] "[33mGET /home.cfm HTTP/1.1[0m" 404 -
123.56.155.157 - - [25/Jul/2023 15:08:27] "[33mGET /main.cfm HTTP/1.1[0m" 404 -
123.56.155.157 - - [25/Jul/2023 15:08:27] "[33mGET /admin.cfm HTTP/1.1[0m" 404 -
123.56.155.157 - - [25/Jul/2023 15:08:27] "[33mGET /start.php HTTP/1.1[0m" 404 -
123.56.155.157 - - [25/Jul/2023 15:08:27] "[33mGET /admin.asp HTTP/1.1[0m" 404 -
123.56.155.157 - - [25/Jul/2023 15:08:28] "[33mGET /base.shtml HTTP/1.1[0m" 404 -
123.56.155.157 - - [25/Jul/2023 15:08:28] "[33mGET /default.shtml HTTP/1.1[0m" 404 -
123.56.155.157 - - [25/Jul/2023 15:08:28] "[33mGET /menu.php HTTP/1.1[0m" 404 -
123.56.155.157 - - [25/Jul/2023 15:08:28] "[33mGET /base.php HTTP/1.1[0m" 404 -
123.56.155.157 - - [25/Jul/2023 15:08:28] "[33mGET /index.jhtml HTTP/1.1[0m" 404 -
123.56.155.157 - - [25/Jul/2023 15:08:28] "[33mGET /index.jsa HTTP/1.1[0m" 404 -
123.56.155.157 - - [25/Jul/2023 15:08:29] "[33mGET /admin.cgi HTTP/1.1[0m" 404 -
123.56.155.157 - - [25/Jul/2023 15:08:29] "[33mGET /localstart.jhtml HTTP/1.1[0m" 404 -
123.56.155.157 - - [25/Jul/2023 15:08:29] "[33mGET /base.html HTTP/1.1[0m" 404 -
123.56.155.157 - - [25/Jul/2023 15:08:29] "[33mGET /main.jsa HTTP/1.1[0m" 404 -
123.56.155.157 - - [25/Jul/2023 15:08:29] "[33mGET /menu.jsa HTTP/1.1[0m" 404 -
123.56.155.157 - - [25/Jul/2023 15:08:29] "[33mGET /localstart.cfm HTTP/1.1[0m" 404 -
123.56.155.157 - - [25/Jul/2023 15:08:30] "[33mGET /admin.aspx HTTP/1.1[0m" 404 -
123.56.155.157 - - [25/Jul/2023 15:08:30] "[33mGET /localstart.jsp HTTP/1.1[0m" 404 -
123.56.155.157 - - [25/Jul/2023 15:08:30] "[33mGET /indice.php HTTP/1.1[0m" 404 -
123.56.155.157 - - [25/Jul/2023 15:08:30] "[33mGET /menu.cgi HTTP/1.1[0m" 404 -
123.56.155.157 - - [25/Jul/2023 15:08:30] "[33mGET /start.shtml HTTP/1.1[0m" 404 -
123.56.155.157 - - [25/Jul/2023 15:08:30] "[33mGET /base.inc HTTP/1.1[0m" 404 -
123.56.155.157 - - [25/Jul/2023 15:08:30] "[33mGET /home.aspx HTTP/1.1[0m" 404 -
123.56.155.157 - - [25/Jul/2023 15:08:31] "[33mGET /main.html HTTP/1.1[0m" 404 -
123.56.155.157 - - [25/Jul/2023 15:08:31] "[33mGET /default.jsa HTTP/1.1[0m" 404 -
123.56.155.157 - - [25/Jul/2023 15:08:31] "[33mGET /home.html HTTP/1.1[0m" 404 -
123.56.155.157 - - [25/Jul/2023 15:08:31] "[33mGET /base.cgi HTTP/1.1[0m" 404 -
123.56.155.157 - - [25/Jul/2023 15:08:31] "[33mGET /inicio.jhtml HTTP/1.1[0m" 404 -
123.56.155.157 - - [25/Jul/2023 15:08:31] "[33mGET /base.cfm HTTP/1.1[0m" 404 -
123.56.155.157 - - [25/Jul/2023 15:08:32] "[33mGET /base.jsp HTTP/1.1[0m" 404 -
123.56.155.157 - - [25/Jul/2023 15:08:32] "[33mGET /base.asp HTTP/1.1[0m" 404 -
503
[2023-07-25 15:08:32,273] ERROR in app: Exception on / [GET]
Traceback (most recent call last):
  File "/usr/local/lib64/python3.6/site-packages/flask/app.py", line 2073, in wsgi_app
    response = self.full_dispatch_request()
  File "/usr/local/lib64/python3.6/site-packages/flask/app.py", line 1519, in full_dispatch_request
    return self.finalize_request(rv)
  File "/usr/local/lib64/python3.6/site-packages/flask/app.py", line 1538, in finalize_request
    response = self.make_response(rv)
  File "/usr/local/lib64/python3.6/site-packages/flask/app.py", line 1702, in make_response
    f"The view function for {request.endpoint!r} did not"
TypeError: The view function for 'result' did not return a valid response. The function either returned None or ended without a return statement.
123.56.155.157 - - [25/Jul/2023 15:08:32] "[35m[1mGET / HTTP/1.1[0m" 500 -
123.56.155.157 - - [25/Jul/2023 15:08:32] "[33mGET /inicio.jsa HTTP/1.1[0m" 404 -
123.56.155.157 - - [25/Jul/2023 15:08:32] "[33mGET /index.cgi HTTP/1.1[0m" 404 -
123.56.155.157 - - [25/Jul/2023 15:08:32] "[33mGET /localstart.aspx HTTP/1.1[0m" 404 -
123.56.155.157 - - [25/Jul/2023 15:08:32] "[33mGET /indice.pl HTTP/1.1[0m" 404 -
123.56.155.157 - - [25/Jul/2023 15:08:33] "[33mGET /default.cfm HTTP/1.1[0m" 404 -
123.56.155.157 - - [25/Jul/2023 15:08:33] "[33mGET /start.cgi HTTP/1.1[0m" 404 -
123.56.155.157 - - [25/Jul/2023 15:08:33] "[33mGET /menu.aspx HTTP/1.1[0m" 404 -
123.56.155.157 - - [25/Jul/2023 15:08:33] "[33mGET /start.jsp HTTP/1.1[0m" 404 -
123.56.155.157 - - [25/Jul/2023 15:08:33] "[33mGET /indice.jsp HTTP/1.1[0m" 404 -
123.56.155.157 - - [25/Jul/2023 15:08:33] "[33mGET /indice.jhtml HTTP/1.1[0m" 404 -
123.56.155.157 - - [25/Jul/2023 15:08:33] "[33mGET /indice.html HTTP/1.1[0m" 404 -
123.56.155.157 - - [25/Jul/2023 15:08:34] "[33mGET /base.aspx HTTP/1.1[0m" 404 -
123.56.155.157 - - [25/Jul/2023 15:08:34] "[33mGET /main.asp HTTP/1.1[0m" 404 -
123.56.155.157 - - [25/Jul/2023 15:08:34] "[33mGET /main.aspx HTTP/1.1[0m" 404 -
123.56.155.157 - - [25/Jul/2023 15:08:34] "[33mGET /default.asp HTTP/1.1[0m" 404 -
123.56.155.157 - - [25/Jul/2023 15:08:34] "[33mGET /admin.shtml HTTP/1.1[0m" 404 -
123.56.155.157 - - [25/Jul/2023 15:08:34] "[33mGET /indice.aspx HTTP/1.1[0m" 404 -
123.56.155.157 - - [25/Jul/2023 15:08:35] "[33mGET /index.html HTTP/1.1[0m" 404 -
123.56.155.157 - - [25/Jul/2023 15:08:35] "[33mGET /default.jhtml HTTP/1.1[0m" 404 -
123.56.155.157 - - [25/Jul/2023 15:08:35] "[33mGET /inicio.cgi HTTP/1.1[0m" 404 -
123.56.155.157 - - [25/Jul/2023 15:08:35] "[33mGET /home.shtml HTTP/1.1[0m" 404 -
123.56.155.157 - - [25/Jul/2023 15:08:35] "[33mGET /menu.shtml HTTP/1.1[0m" 404 -
123.56.155.157 - - [25/Jul/2023 15:08:35] "[33mGET /localstart.asp HTTP/1.1[0m" 404 -
123.56.155.157 - - [25/Jul/2023 15:08:36] "[33mGET /inicio.aspx HTTP/1.1[0m" 404 -
123.56.155.157 - - [25/Jul/2023 15:08:36] "[33mGET /default.cgi HTTP/1.1[0m" 404 -
123.56.155.157 - - [25/Jul/2023 15:08:36] "[33mGET /inicio.asp HTTP/1.1[0m" 404 -
123.56.155.157 - - [25/Jul/2023 15:08:36] "[33mGET /localstart.shtml HTTP/1.1[0m" 404 -
123.56.155.157 - - [25/Jul/2023 15:08:36] "[33mGET /home.cgi HTTP/1.1[0m" 404 -
123.56.155.157 - - [25/Jul/2023 15:08:36] "[33mGET /home.asp HTTP/1.1[0m" 404 -
123.56.155.157 - - [25/Jul/2023 15:08:36] "[33mGET /main.php HTTP/1.1[0m" 404 -
123.56.155.157 - - [25/Jul/2023 15:08:37] "[33mGET /main.jhtml HTTP/1.1[0m" 404 -
123.56.155.157 - - [25/Jul/2023 15:08:37] "[33mGET /readme.txt HTTP/1.1[0m" 404 -
123.56.155.157 - - [25/Jul/2023 15:08:37] "[33mGET /start.pl HTTP/1.1[0m" 404 -
123.56.155.157 - - [25/Jul/2023 15:08:37] "[33mGET /home.pl HTTP/1.1[0m" 404 -
123.56.155.157 - - [25/Jul/2023 15:08:37] "[33mGET /base.jsa HTTP/1.1[0m" 404 -
123.56.155.157 - - [25/Jul/2023 15:08:37] "[33mGET /localstart.html HTTP/1.1[0m" 404 -
123.56.155.157 - - [25/Jul/2023 15:08:38] "[33mGET /index.jsp HTTP/1.1[0m" 404 -
123.56.155.157 - - [25/Jul/2023 15:08:38] "[33mGET /localstart.cgi HTTP/1.1[0m" 404 -
123.56.155.157 - - [25/Jul/2023 15:08:38] "[33mGET /inicio.html HTTP/1.1[0m" 404 -
123.56.155.157 - - [25/Jul/2023 15:08:38] "[33mGET /base.jhtml HTTP/1.1[0m" 404 -
123.56.155.157 - - [25/Jul/2023 15:08:38] "[33mGET /start.jsa HTTP/1.1[0m" 404 -
123.56.155.157 - - [25/Jul/2023 15:08:38] "[33mGET /start.html HTTP/1.1[0m" 404 -
123.56.155.157 - - [25/Jul/2023 15:08:39] "[33mGET /indice.cgi HTTP/1.1[0m" 404 -
123.56.155.157 - - [25/Jul/2023 15:08:39] "[33mGET /home.jsa HTTP/1.1[0m" 404 -
123.56.155.157 - - [25/Jul/2023 15:08:39] "[33mGET /home.jsp HTTP/1.1[0m" 404 -
123.56.155.157 - - [25/Jul/2023 15:08:39] "[33mGET /main.jsp HTTP/1.1[0m" 404 -
123.56.155.157 - - [25/Jul/2023 15:08:39] "[33mGET /indice.jsa HTTP/1.1[0m" 404 -
123.56.155.157 - - [25/Jul/2023 15:08:39] "[33mGET /menu.cfm HTTP/1.1[0m" 404 -
123.56.155.157 - - [25/Jul/2023 15:08:39] "[33mGET /menu.jsp HTTP/1.1[0m" 404 -
123.56.155.157 - - [25/Jul/2023 15:08:40] "[33mGET /default.aspx HTTP/1.1[0m" 404 -
123.56.155.157 - - [25/Jul/2023 15:08:40] "[33mGET /start.jhtml HTTP/1.1[0m" 404 -
123.56.155.157 - - [25/Jul/2023 15:08:40] "[33mGET /start.asp HTTP/1.1[0m" 404 -
123.56.155.157 - - [25/Jul/2023 15:08:40] "[33mGET /main.shtml HTTP/1.1[0m" 404 -
123.56.155.157 - - [25/Jul/2023 15:08:40] "[33mGET /start.cfm HTTP/1.1[0m" 404 -
123.56.155.157 - - [25/Jul/2023 15:08:40] "[33mGET /main.pl HTTP/1.1[0m" 404 -
123.56.155.157 - - [25/Jul/2023 15:08:41] "[33mGET /main.cgi HTTP/1.1[0m" 404 -
123.56.155.157 - - [25/Jul/2023 15:08:41] "[33mGET /localstart.php HTTP/1.1[0m" 404 -
123.56.155.157 - - [25/Jul/2023 15:08:41] "[33mGET /default.html HTTP/1.1[0m" 404 -
123.56.155.157 - - [25/Jul/2023 15:08:41] "[33mGET /menu.asp HTTP/1.1[0m" 404 -
123.56.155.157 - - [25/Jul/2023 15:08:41] "[33mGET /default.pl HTTP/1.1[0m" 404 -
123.56.155.157 - - [25/Jul/2023 15:08:41] "[33mGET /inicio.php HTTP/1.1[0m" 404 -
123.56.155.157 - - [25/Jul/2023 15:08:42] "[33mGET /menu.html HTTP/1.1[0m" 404 -
123.56.155.157 - - [25/Jul/2023 15:08:42] "[33mGET default.asp HTTP/1.1[0m" 404 -
503
[2023-07-25 15:08:47,077] ERROR in app: Exception on / [GET]
Traceback (most recent call last):
  File "/usr/local/lib64/python3.6/site-packages/flask/app.py", line 2073, in wsgi_app
    response = self.full_dispatch_request()
  File "/usr/local/lib64/python3.6/site-packages/flask/app.py", line 1519, in full_dispatch_request
    return self.finalize_request(rv)
  File "/usr/local/lib64/python3.6/site-packages/flask/app.py", line 1538, in finalize_request
    response = self.make_response(rv)
  File "/usr/local/lib64/python3.6/site-packages/flask/app.py", line 1702, in make_response
    f"The view function for {request.endpoint!r} did not"
TypeError: The view function for 'result' did not return a valid response. The function either returned None or ended without a return statement.
123.56.155.157 - - [25/Jul/2023 15:08:47] "[35m[1mGET / HTTP/1.0[0m" 500 -
503
[2023-07-25 15:08:47,502] ERROR in app: Exception on / [GET]
Traceback (most recent call last):
  File "/usr/local/lib64/python3.6/site-packages/flask/app.py", line 2073, in wsgi_app
    response = self.full_dispatch_request()
  File "/usr/local/lib64/python3.6/site-packages/flask/app.py", line 1519, in full_dispatch_request
    return self.finalize_request(rv)
  File "/usr/local/lib64/python3.6/site-packages/flask/app.py", line 1538, in finalize_request
    response = self.make_response(rv)
  File "/usr/local/lib64/python3.6/site-packages/flask/app.py", line 1702, in make_response
    f"The view function for {request.endpoint!r} did not"
TypeError: The view function for 'result' did not return a valid response. The function either returned None or ended without a return statement.
123.56.155.157 - - [25/Jul/2023 15:08:47] "[35m[1mGET / HTTP/1.1[0m" 500 -
123.56.155.157 - - [25/Jul/2023 15:08:49] code 400, message Bad request syntax ('\x0e\x00\x00\x00\x00\x00\x00\x00\x00\x00\x00\x00\x00\x00\x00\x00bbbb0100000001')
123.56.155.157 - - [25/Jul/2023 15:08:49] "[35m[1m               bbbb0100000001[0m" HTTPStatus.BAD_REQUEST -
141.98.11.119 - - [25/Jul/2023 15:14:50] code 400, message Bad HTTP/0.9 request type ('\x03\x00\x00/*√†\x00\x00\x00\x00\x00Cookie:')
141.98.11.119 - - [25/Jul/2023 15:14:50] "[35m[1m  /*√†     Cookie: mstshash=Administr[0m" HTTPStatus.BAD_REQUEST -
503
[2023-07-25 18:50:16,482] ERROR in app: Exception on / [GET]
Traceback (most recent call last):
  File "/usr/local/lib64/python3.6/site-packages/flask/app.py", line 2073, in wsgi_app
    response = self.full_dispatch_request()
  File "/usr/local/lib64/python3.6/site-packages/flask/app.py", line 1519, in full_dispatch_request
    return self.finalize_request(rv)
  File "/usr/local/lib64/python3.6/site-packages/flask/app.py", line 1538, in finalize_request
    response = self.make_response(rv)
  File "/usr/local/lib64/python3.6/site-packages/flask/app.py", line 1702, in make_response
    f"The view function for {request.endpoint!r} did not"
TypeError: The view function for 'result' did not return a valid response. The function either returned None or ended without a return statement.
95.214.53.99 - - [25/Jul/2023 18:50:16] "[35m[1mGET / HTTP/1.1[0m" 500 -
((503, datetime.datetime(2023, 7, 25, 0, 30, 9), 1, 120),)
623
yibukaishi
767676623@qq.com
767676623
{'beingInvited': False, 'corpName': None, 'loginToken': None, 'openId': None, 'token': '7d37c85a-7760-4702-98ba-dd779cf55e03', 'userInfo': {'beingBlackEmail': False, 'beingDisableExpiryRemind': False, 'beingExpand': None, 'beingInvited': False, 'beingLangFollowBrowser': True, 'beingOldVersion': None, 'beingPrivacyPolicy': True, 'beingSandBoxSuperAdmin': False, 'collectUserInfo': None, 'createTime': None, 'csShow': True, 'desktopRemind': True, 'email': '767676623@qq.com', 'firstLogin': None, 'grayLimit': 27, 'graySpecify': False, 'grayType': 1, 'hasPwdLoggedIn': False, 'havePassword': True, 'headImg': None, 'lang': None, 'lastWsInfo': {'accepted': None, 'accountLevel': 40, 'auth': 2, 'beingCustomizedAppSync': None, 'beingHideHelpDocument': False, 'beingSandbox': False, 'beingWatermark': False, 'biAuth': 'SUPER', 'canWorkWx': False, 'contactEnableNum': 1, 'contactNum': 1, 'departs': [], 'dynamic': None, 'exId': 'tAeLHd46LCLPGDDbCp5pyA==', 'exUserId': '1848828', 'expireDate': 1691589631000, 'hideCopyright': False, 'logoutConfig': {'logOutToSso': False, 'serverName': None, 'ssoType': None}, 'memberId': 1682329, 'openConnectorList': [], 'openPluginList': [2, 3, 6, 7, 8, 9, 13, 14, 15, 16, 17, 25, 26, 27, 28, 29, 33, 34, 35, 36, 37, 38, 39, 42, 43, 44, 45, -2, 32], 'permissionStatus': None, 'pluginClickList': [], 'pluginLimitDetail': {'dashAllVisiableLimit': 4, 'dashAllVisiableNum': 0}, 'publicAccessAuthVO': {'beingAttachmentQuestion': False, 'beingPublicLink': False}, 'remark': '767676623@qq.com', 'showContact': True, 'trial': True, 'trialDays': '0', 'trialNotice': True, 'type': 'normal', 'useScheduledSync': False, 'watermarkConfig': {'showDate': False, 'showDeparts': False, 'showExUserId': False, 'showName': True, 'showPhoneNumber': False, 'showWsName': False}, 'wsDomain': None, 'wsFunction': 'platform', 'wsId': 425745, 'wsLimitDetail': {'canDashNum': -1, 'canFormNum': -1, 'canPackageNum': -1, 'currentDashNum': -1, 'currentFormNum': -1, 'currentPackageNum': -1}, 'wsName': '767676623@qq.comÁöÑÂ∑•‰ΩúÂå∫'}, 'mobile': '767676623', 'nickName': '767676623@qq.com', 'npsCollect': False, 'promoCode': '401d7d5d5', 'randomEmail': False, 'recordedNewGuidePop': [], 'showProcessPersonal': False, 'signatureUrl': None, 'source': 'home_home', 'status': None, 'uid': 1848828}, 'userSecurityVO': {'authMethod': 0, 'beingUninitialized': False}}
{'beingInvited': False, 'corpName': None, 'loginToken': None, 'openId': None, 'token': '7d37c85a-7760-4702-98ba-dd779cf55e03', 'userInfo': {'beingBlackEmail': False, 'beingDisableExpiryRemind': False, 'beingExpand': None, 'beingInvited': False, 'beingLangFollowBrowser': True, 'beingOldVersion': None, 'beingPrivacyPolicy': True, 'beingSandBoxSuperAdmin': False, 'collectUserInfo': None, 'createTime': None, 'csShow': True, 'desktopRemind': True, 'email': '767676623@qq.com', 'firstLogin': None, 'grayLimit': 27, 'graySpecify': False, 'grayType': 1, 'hasPwdLoggedIn': False, 'havePassword': True, 'headImg': None, 'lang': None, 'lastWsInfo': {'accepted': None, 'accountLevel': 40, 'auth': 2, 'beingCustomizedAppSync': None, 'beingHideHelpDocument': False, 'beingSandbox': False, 'beingWatermark': False, 'biAuth': 'SUPER', 'canWorkWx': False, 'contactEnableNum': 1, 'contactNum': 1, 'departs': [], 'dynamic': None, 'exId': 'tAeLHd46LCLPGDDbCp5pyA==', 'exUserId': '1848828', 'expireDate': 1691589631000, 'hideCopyright': False, 'logoutConfig': {'logOutToSso': False, 'serverName': None, 'ssoType': None}, 'memberId': 1682329, 'openConnectorList': [], 'openPluginList': [2, 3, 6, 7, 8, 9, 13, 14, 15, 16, 17, 25, 26, 27, 28, 29, 33, 34, 35, 36, 37, 38, 39, 42, 43, 44, 45, -2, 32], 'permissionStatus': None, 'pluginClickList': [], 'pluginLimitDetail': {'dashAllVisiableLimit': 4, 'dashAllVisiableNum': 0}, 'publicAccessAuthVO': {'beingAttachmentQuestion': False, 'beingPublicLink': False}, 'remark': '767676623@qq.com', 'showContact': True, 'trial': True, 'trialDays': '0', 'trialNotice': True, 'type': 'normal', 'useScheduledSync': False, 'watermarkConfig': {'showDate': False, 'showDeparts': False, 'showExUserId': False, 'showName': True, 'showPhoneNumber': False, 'showWsName': False}, 'wsDomain': None, 'wsFunction': 'platform', 'wsId': 425745, 'wsLimitDetail': {'canDashNum': -1, 'canFormNum': -1, 'canPackageNum': -1, 'currentDashNum': -1, 'currentFormNum': -1, 'currentPackageNum': -1}, 'wsName': '767676623@qq.comÁöÑÂ∑•‰ΩúÂå∫'}, 'mobile': '767676623', 'nickName': '767676623@qq.com', 'npsCollect': False, 'promoCode': '401d7d5d5', 'randomEmail': False, 'recordedNewGuidePop': [], 'showProcessPersonal': False, 'signatureUrl': None, 'source': 'home_home', 'status': None, 'uid': 1848828}, 'userSecurityVO': {'authMethod': 0, 'beingUninitialized': False}}
118.25.243.250 - - [25/Jul/2023 22:00:31] "POST /mointor HTTP/1.1" 200 -
((504, datetime.datetime(2023, 7, 25, 22, 0, 31), 1, 120),)
624
yibukaishi
767676624@qq.com
767676624
{'beingInvited': False, 'corpName': None, 'loginToken': None, 'openId': None, 'token': 'f32a24cf-15b3-45c4-b25d-bb696aba2098', 'userInfo': {'beingBlackEmail': False, 'beingDisableExpiryRemind': False, 'beingExpand': None, 'beingInvited': False, 'beingLangFollowBrowser': True, 'beingOldVersion': None, 'beingPrivacyPolicy': True, 'beingSandBoxSuperAdmin': False, 'collectUserInfo': None, 'createTime': None, 'csShow': True, 'desktopRemind': True, 'email': '767676624@qq.com', 'firstLogin': None, 'grayLimit': 95, 'graySpecify': False, 'grayType': 1, 'hasPwdLoggedIn': False, 'havePassword': True, 'headImg': None, 'lang': None, 'lastWsInfo': {'accepted': None, 'accountLevel': 40, 'auth': 2, 'beingCustomizedAppSync': None, 'beingHideHelpDocument': False, 'beingSandbox': False, 'beingWatermark': False, 'biAuth': 'SUPER', 'canWorkWx': False, 'contactEnableNum': 1, 'contactNum': 1, 'departs': [], 'dynamic': None, 'exId': 'tAeLHd46LCKesEByTXqs1Q==', 'exUserId': '1848881', 'expireDate': 1691593241000, 'hideCopyright': False, 'logoutConfig': {'logOutToSso': False, 'serverName': None, 'ssoType': None}, 'memberId': 1682350, 'openConnectorList': [], 'openPluginList': [2, 3, 6, 7, 8, 9, 13, 14, 15, 16, 17, 25, 26, 27, 28, 29, 33, 34, 35, 36, 37, 38, 39, 42, 43, 44, 45, -2, 32], 'permissionStatus': None, 'pluginClickList': [], 'pluginLimitDetail': {'dashAllVisiableLimit': 4, 'dashAllVisiableNum': 0}, 'publicAccessAuthVO': {'beingAttachmentQuestion': False, 'beingPublicLink': False}, 'remark': '767676624@qq.com', 'showContact': True, 'trial': True, 'trialDays': '0', 'trialNotice': True, 'type': 'normal', 'useScheduledSync': False, 'watermarkConfig': {'showDate': False, 'showDeparts': False, 'showExUserId': False, 'showName': True, 'showPhoneNumber': False, 'showWsName': False}, 'wsDomain': None, 'wsFunction': 'platform', 'wsId': 425760, 'wsLimitDetail': {'canDashNum': -1, 'canFormNum': -1, 'canPackageNum': -1, 'currentDashNum': -1, 'currentFormNum': -1, 'currentPackageNum': -1}, 'wsName': '767676624@qq.comÁöÑÂ∑•‰ΩúÂå∫'}, 'mobile': '767676624', 'nickName': '767676624@qq.com', 'npsCollect': False, 'promoCode': 'e8fb95027', 'randomEmail': False, 'recordedNewGuidePop': [], 'showProcessPersonal': False, 'signatureUrl': None, 'source': 'home_home', 'status': None, 'uid': 1848881}, 'userSecurityVO': {'authMethod': 0, 'beingUninitialized': False}}
{'beingInvited': False, 'corpName': None, 'loginToken': None, 'openId': None, 'token': 'f32a24cf-15b3-45c4-b25d-bb696aba2098', 'userInfo': {'beingBlackEmail': False, 'beingDisableExpiryRemind': False, 'beingExpand': None, 'beingInvited': False, 'beingLangFollowBrowser': True, 'beingOldVersion': None, 'beingPrivacyPolicy': True, 'beingSandBoxSuperAdmin': False, 'collectUserInfo': None, 'createTime': None, 'csShow': True, 'desktopRemind': True, 'email': '767676624@qq.com', 'firstLogin': None, 'grayLimit': 95, 'graySpecify': False, 'grayType': 1, 'hasPwdLoggedIn': False, 'havePassword': True, 'headImg': None, 'lang': None, 'lastWsInfo': {'accepted': None, 'accountLevel': 40, 'auth': 2, 'beingCustomizedAppSync': None, 'beingHideHelpDocument': False, 'beingSandbox': False, 'beingWatermark': False, 'biAuth': 'SUPER', 'canWorkWx': False, 'contactEnableNum': 1, 'contactNum': 1, 'departs': [], 'dynamic': None, 'exId': 'tAeLHd46LCKesEByTXqs1Q==', 'exUserId': '1848881', 'expireDate': 1691593241000, 'hideCopyright': False, 'logoutConfig': {'logOutToSso': False, 'serverName': None, 'ssoType': None}, 'memberId': 1682350, 'openConnectorList': [], 'openPluginList': [2, 3, 6, 7, 8, 9, 13, 14, 15, 16, 17, 25, 26, 27, 28, 29, 33, 34, 35, 36, 37, 38, 39, 42, 43, 44, 45, -2, 32], 'permissionStatus': None, 'pluginClickList': [], 'pluginLimitDetail': {'dashAllVisiableLimit': 4, 'dashAllVisiableNum': 0}, 'publicAccessAuthVO': {'beingAttachmentQuestion': False, 'beingPublicLink': False}, 'remark': '767676624@qq.com', 'showContact': True, 'trial': True, 'trialDays': '0', 'trialNotice': True, 'type': 'normal', 'useScheduledSync': False, 'watermarkConfig': {'showDate': False, 'showDeparts': False, 'showExUserId': False, 'showName': True, 'showPhoneNumber': False, 'showWsName': False}, 'wsDomain': None, 'wsFunction': 'platform', 'wsId': 425760, 'wsLimitDetail': {'canDashNum': -1, 'canFormNum': -1, 'canPackageNum': -1, 'currentDashNum': -1, 'currentFormNum': -1, 'currentPackageNum': -1}, 'wsName': '767676624@qq.comÁöÑÂ∑•‰ΩúÂå∫'}, 'mobile': '767676624', 'nickName': '767676624@qq.com', 'npsCollect': False, 'promoCode': 'e8fb95027', 'randomEmail': False, 'recordedNewGuidePop': [], 'showProcessPersonal': False, 'signatureUrl': None, 'source': 'home_home', 'status': None, 'uid': 1848881}, 'userSecurityVO': {'authMethod': 0, 'beingUninitialized': False}}
118.25.243.250 - - [25/Jul/2023 23:00:41] "POST /mointor HTTP/1.1" 200 -
((505, datetime.datetime(2023, 7, 25, 23, 0, 41), 1, 120),)
625
yibukaishi
767676625@qq.com
767676625
{'beingInvited': False, 'corpName': None, 'loginToken': None, 'openId': None, 'token': 'ca34531f-6607-4dfe-901a-8b53f9d531d9', 'userInfo': {'beingBlackEmail': False, 'beingDisableExpiryRemind': False, 'beingExpand': None, 'beingInvited': False, 'beingLangFollowBrowser': True, 'beingOldVersion': None, 'beingPrivacyPolicy': True, 'beingSandBoxSuperAdmin': False, 'collectUserInfo': None, 'createTime': None, 'csShow': True, 'desktopRemind': True, 'email': '767676625@qq.com', 'firstLogin': None, 'grayLimit': 32, 'graySpecify': False, 'grayType': 1, 'hasPwdLoggedIn': False, 'havePassword': True, 'headImg': None, 'lang': None, 'lastWsInfo': {'accepted': None, 'accountLevel': 40, 'auth': 2, 'beingCustomizedAppSync': None, 'beingHideHelpDocument': False, 'beingSandbox': False, 'beingWatermark': False, 'biAuth': 'SUPER', 'canWorkWx': False, 'contactEnableNum': 1, 'contactNum': 1, 'departs': [], 'dynamic': None, 'exId': 'tAeLHd46LCLD9/9Iij0nfA==', 'exUserId': '1848904', 'expireDate': 1691596837000, 'hideCopyright': False, 'logoutConfig': {'logOutToSso': False, 'serverName': None, 'ssoType': None}, 'memberId': 1682364, 'openConnectorList': [], 'openPluginList': [2, 3, 6, 7, 8, 9, 13, 14, 15, 16, 17, 25, 26, 27, 28, 29, 33, 34, 35, 36, 37, 38, 39, 42, 43, 44, 45, -2, 32], 'permissionStatus': None, 'pluginClickList': [], 'pluginLimitDetail': {'dashAllVisiableLimit': 4, 'dashAllVisiableNum': 0}, 'publicAccessAuthVO': {'beingAttachmentQuestion': False, 'beingPublicLink': False}, 'remark': '767676625@qq.com', 'showContact': True, 'trial': True, 'trialDays': '0', 'trialNotice': True, 'type': 'normal', 'useScheduledSync': False, 'watermarkConfig': {'showDate': False, 'showDeparts': False, 'showExUserId': False, 'showName': True, 'showPhoneNumber': False, 'showWsName': False}, 'wsDomain': None, 'wsFunction': 'platform', 'wsId': 425772, 'wsLimitDetail': {'canDashNum': -1, 'canFormNum': -1, 'canPackageNum': -1, 'currentDashNum': -1, 'currentFormNum': -1, 'currentPackageNum': -1}, 'wsName': '767676625@qq.comÁöÑÂ∑•‰ΩúÂå∫'}, 'mobile': '767676625', 'nickName': '767676625@qq.com', 'npsCollect': False, 'promoCode': '4028cf8b2', 'randomEmail': False, 'recordedNewGuidePop': [], 'showProcessPersonal': False, 'signatureUrl': None, 'source': 'home_home', 'status': None, 'uid': 1848904}, 'userSecurityVO': {'authMethod': 0, 'beingUninitialized': False}}
{'beingInvited': False, 'corpName': None, 'loginToken': None, 'openId': None, 'token': 'ca34531f-6607-4dfe-901a-8b53f9d531d9', 'userInfo': {'beingBlackEmail': False, 'beingDisableExpiryRemind': False, 'beingExpand': None, 'beingInvited': False, 'beingLangFollowBrowser': True, 'beingOldVersion': None, 'beingPrivacyPolicy': True, 'beingSandBoxSuperAdmin': False, 'collectUserInfo': None, 'createTime': None, 'csShow': True, 'desktopRemind': True, 'email': '767676625@qq.com', 'firstLogin': None, 'grayLimit': 32, 'graySpecify': False, 'grayType': 1, 'hasPwdLoggedIn': False, 'havePassword': True, 'headImg': None, 'lang': None, 'lastWsInfo': {'accepted': None, 'accountLevel': 40, 'auth': 2, 'beingCustomizedAppSync': None, 'beingHideHelpDocument': False, 'beingSandbox': False, 'beingWatermark': False, 'biAuth': 'SUPER', 'canWorkWx': False, 'contactEnableNum': 1, 'contactNum': 1, 'departs': [], 'dynamic': None, 'exId': 'tAeLHd46LCLD9/9Iij0nfA==', 'exUserId': '1848904', 'expireDate': 1691596837000, 'hideCopyright': False, 'logoutConfig': {'logOutToSso': False, 'serverName': None, 'ssoType': None}, 'memberId': 1682364, 'openConnectorList': [], 'openPluginList': [2, 3, 6, 7, 8, 9, 13, 14, 15, 16, 17, 25, 26, 27, 28, 29, 33, 34, 35, 36, 37, 38, 39, 42, 43, 44, 45, -2, 32], 'permissionStatus': None, 'pluginClickList': [], 'pluginLimitDetail': {'dashAllVisiableLimit': 4, 'dashAllVisiableNum': 0}, 'publicAccessAuthVO': {'beingAttachmentQuestion': False, 'beingPublicLink': False}, 'remark': '767676625@qq.com', 'showContact': True, 'trial': True, 'trialDays': '0', 'trialNotice': True, 'type': 'normal', 'useScheduledSync': False, 'watermarkConfig': {'showDate': False, 'showDeparts': False, 'showExUserId': False, 'showName': True, 'showPhoneNumber': False, 'showWsName': False}, 'wsDomain': None, 'wsFunction': 'platform', 'wsId': 425772, 'wsLimitDetail': {'canDashNum': -1, 'canFormNum': -1, 'canPackageNum': -1, 'currentDashNum': -1, 'currentFormNum': -1, 'currentPackageNum': -1}, 'wsName': '767676625@qq.comÁöÑÂ∑•‰ΩúÂå∫'}, 'mobile': '767676625', 'nickName': '767676625@qq.com', 'npsCollect': False, 'promoCode': '4028cf8b2', 'randomEmail': False, 'recordedNewGuidePop': [], 'showProcessPersonal': False, 'signatureUrl': None, 'source': 'home_home', 'status': None, 'uid': 1848904}, 'userSecurityVO': {'authMethod': 0, 'beingUninitialized': False}}
118.25.243.250 - - [26/Jul/2023 00:00:37] "POST /mointor HTTP/1.1" 200 -
((506, datetime.datetime(2023, 7, 26, 0, 0, 37), 1, 120),)
626
yibukaishi
767676626@qq.com
767676626
{'beingInvited': False, 'corpName': None, 'loginToken': None, 'openId': None, 'token': '3052092d-71ad-4ac8-81fb-7934010464e9', 'userInfo': {'beingBlackEmail': False, 'beingDisableExpiryRemind': False, 'beingExpand': None, 'beingInvited': False, 'beingLangFollowBrowser': True, 'beingOldVersion': None, 'beingPrivacyPolicy': True, 'beingSandBoxSuperAdmin': False, 'collectUserInfo': None, 'createTime': None, 'csShow': True, 'desktopRemind': True, 'email': '767676626@qq.com', 'firstLogin': None, 'grayLimit': 80, 'graySpecify': False, 'grayType': 1, 'hasPwdLoggedIn': False, 'havePassword': True, 'headImg': None, 'lang': None, 'lastWsInfo': {'accepted': None, 'accountLevel': 40, 'auth': 2, 'beingCustomizedAppSync': None, 'beingHideHelpDocument': False, 'beingSandbox': False, 'beingWatermark': False, 'biAuth': 'SUPER', 'canWorkWx': False, 'contactEnableNum': 1, 'contactNum': 1, 'departs': [], 'dynamic': None, 'exId': 'tAeLHd46LCIfFVFPzZn1gQ==', 'exUserId': '1848914', 'expireDate': 1691598609000, 'hideCopyright': False, 'logoutConfig': {'logOutToSso': False, 'serverName': None, 'ssoType': None}, 'memberId': 1682370, 'openConnectorList': [], 'openPluginList': [2, 3, 6, 7, 8, 9, 13, 14, 15, 16, 17, 25, 26, 27, 28, 29, 33, 34, 35, 36, 37, 38, 39, 42, 43, 44, 45, -2, 32], 'permissionStatus': None, 'pluginClickList': [], 'pluginLimitDetail': {'dashAllVisiableLimit': 4, 'dashAllVisiableNum': 0}, 'publicAccessAuthVO': {'beingAttachmentQuestion': False, 'beingPublicLink': False}, 'remark': '767676626@qq.com', 'showContact': True, 'trial': True, 'trialDays': '0', 'trialNotice': True, 'type': 'normal', 'useScheduledSync': False, 'watermarkConfig': {'showDate': False, 'showDeparts': False, 'showExUserId': False, 'showName': True, 'showPhoneNumber': False, 'showWsName': False}, 'wsDomain': None, 'wsFunction': 'platform', 'wsId': 425778, 'wsLimitDetail': {'canDashNum': -1, 'canFormNum': -1, 'canPackageNum': -1, 'currentDashNum': -1, 'currentFormNum': -1, 'currentPackageNum': -1}, 'wsName': '767676626@qq.comÁöÑÂ∑•‰ΩúÂå∫'}, 'mobile': '767676626', 'nickName': '767676626@qq.com', 'npsCollect': False, 'promoCode': '7347cb19b', 'randomEmail': False, 'recordedNewGuidePop': [], 'showProcessPersonal': False, 'signatureUrl': None, 'source': 'home_home', 'status': None, 'uid': 1848914}, 'userSecurityVO': {'authMethod': 0, 'beingUninitialized': False}}
{'beingInvited': False, 'corpName': None, 'loginToken': None, 'openId': None, 'token': '3052092d-71ad-4ac8-81fb-7934010464e9', 'userInfo': {'beingBlackEmail': False, 'beingDisableExpiryRemind': False, 'beingExpand': None, 'beingInvited': False, 'beingLangFollowBrowser': True, 'beingOldVersion': None, 'beingPrivacyPolicy': True, 'beingSandBoxSuperAdmin': False, 'collectUserInfo': None, 'createTime': None, 'csShow': True, 'desktopRemind': True, 'email': '767676626@qq.com', 'firstLogin': None, 'grayLimit': 80, 'graySpecify': False, 'grayType': 1, 'hasPwdLoggedIn': False, 'havePassword': True, 'headImg': None, 'lang': None, 'lastWsInfo': {'accepted': None, 'accountLevel': 40, 'auth': 2, 'beingCustomizedAppSync': None, 'beingHideHelpDocument': False, 'beingSandbox': False, 'beingWatermark': False, 'biAuth': 'SUPER', 'canWorkWx': False, 'contactEnableNum': 1, 'contactNum': 1, 'departs': [], 'dynamic': None, 'exId': 'tAeLHd46LCIfFVFPzZn1gQ==', 'exUserId': '1848914', 'expireDate': 1691598609000, 'hideCopyright': False, 'logoutConfig': {'logOutToSso': False, 'serverName': None, 'ssoType': None}, 'memberId': 1682370, 'openConnectorList': [], 'openPluginList': [2, 3, 6, 7, 8, 9, 13, 14, 15, 16, 17, 25, 26, 27, 28, 29, 33, 34, 35, 36, 37, 38, 39, 42, 43, 44, 45, -2, 32], 'permissionStatus': None, 'pluginClickList': [], 'pluginLimitDetail': {'dashAllVisiableLimit': 4, 'dashAllVisiableNum': 0}, 'publicAccessAuthVO': {'beingAttachmentQuestion': False, 'beingPublicLink': False}, 'remark': '767676626@qq.com', 'showContact': True, 'trial': True, 'trialDays': '0', 'trialNotice': True, 'type': 'normal', 'useScheduledSync': False, 'watermarkConfig': {'showDate': False, 'showDeparts': False, 'showExUserId': False, 'showName': True, 'showPhoneNumber': False, 'showWsName': False}, 'wsDomain': None, 'wsFunction': 'platform', 'wsId': 425778, 'wsLimitDetail': {'canDashNum': -1, 'canFormNum': -1, 'canPackageNum': -1, 'currentDashNum': -1, 'currentFormNum': -1, 'currentPackageNum': -1}, 'wsName': '767676626@qq.comÁöÑÂ∑•‰ΩúÂå∫'}, 'mobile': '767676626', 'nickName': '767676626@qq.com', 'npsCollect': False, 'promoCode': '7347cb19b', 'randomEmail': False, 'recordedNewGuidePop': [], 'showProcessPersonal': False, 'signatureUrl': None, 'source': 'home_home', 'status': None, 'uid': 1848914}, 'userSecurityVO': {'authMethod': 0, 'beingUninitialized': False}}
118.25.243.250 - - [26/Jul/2023 00:30:09] "POST /mointor HTTP/1.1" 200 -
161.189.42.18 - - [26/Jul/2023 02:58:09] code 400, message Bad request syntax ('333766643833656338616434363333643963363962386536653538383937393235613033653338636434')
161.189.42.18 - - [26/Jul/2023 02:58:09] "[35m[1m333766643833656338616434363333643963363962386536653538383937393235613033653338636434[0m" HTTPStatus.BAD_REQUEST -
507
124.221.203.147 - - [26/Jul/2023 10:00:58] "GET /?password=wsj HTTP/1.1" 200 -
91.191.209.206 - - [26/Jul/2023 10:07:43] code 400, message Bad HTTP/0.9 request type ('\x03\x00\x00/*√†\x00\x00\x00\x00\x00Cookie:')
91.191.209.206 - - [26/Jul/2023 10:07:43] "[35m[1m  /*√†     Cookie: mstshash=Administr[0m" HTTPStatus.BAD_REQUEST -
91.191.209.206 - - [26/Jul/2023 10:07:43] code 400, message Bad HTTP/0.9 request type ('\x03\x00\x00/*√†\x00\x00\x00\x00\x00Cookie:')
91.191.209.206 - - [26/Jul/2023 10:07:43] "[35m[1m  /*√†     Cookie: mstshash=Administr[0m" HTTPStatus.BAD_REQUEST -
((507, datetime.datetime(2023, 7, 26, 0, 30, 9), 1, 120),)
627
yibukaishi
767676627@qq.com
767676627
{'beingInvited': False, 'corpName': None, 'loginToken': None, 'openId': None, 'token': 'b339f355-2215-44a8-afa1-cf6488a77a13', 'userInfo': {'beingBlackEmail': False, 'beingDisableExpiryRemind': False, 'beingExpand': None, 'beingInvited': False, 'beingLangFollowBrowser': True, 'beingOldVersion': None, 'beingPrivacyPolicy': True, 'beingSandBoxSuperAdmin': False, 'collectUserInfo': None, 'createTime': None, 'csShow': True, 'desktopRemind': True, 'email': '767676627@qq.com', 'firstLogin': None, 'grayLimit': 40, 'graySpecify': False, 'grayType': 1, 'hasPwdLoggedIn': False, 'havePassword': True, 'headImg': None, 'lang': None, 'lastWsInfo': {'accepted': None, 'accountLevel': 40, 'auth': 2, 'beingCustomizedAppSync': None, 'beingHideHelpDocument': False, 'beingSandbox': False, 'beingWatermark': False, 'biAuth': 'SUPER', 'canWorkWx': False, 'contactEnableNum': 1, 'contactNum': 1, 'departs': [], 'dynamic': None, 'exId': 'tAeLHd46LCLVWfOYZ5CAHg==', 'exUserId': '1850344', 'expireDate': 1691676031000, 'hideCopyright': False, 'logoutConfig': {'logOutToSso': False, 'serverName': None, 'ssoType': None}, 'memberId': 1683275, 'openConnectorList': [], 'openPluginList': [2, 3, 6, 7, 8, 9, 13, 14, 15, 16, 17, 25, 26, 27, 28, 29, 33, 34, 35, 36, 37, 38, 39, 42, 43, 44, 45, -2, 32], 'permissionStatus': None, 'pluginClickList': [], 'pluginLimitDetail': {'dashAllVisiableLimit': 4, 'dashAllVisiableNum': 0}, 'publicAccessAuthVO': {'beingAttachmentQuestion': False, 'beingPublicLink': False}, 'remark': '767676627@qq.com', 'showContact': True, 'trial': True, 'trialDays': '0', 'trialNotice': True, 'type': 'normal', 'useScheduledSync': False, 'watermarkConfig': {'showDate': False, 'showDeparts': False, 'showExUserId': False, 'showName': True, 'showPhoneNumber': False, 'showWsName': False}, 'wsDomain': None, 'wsFunction': 'platform', 'wsId': 426224, 'wsLimitDetail': {'canDashNum': -1, 'canFormNum': -1, 'canPackageNum': -1, 'currentDashNum': -1, 'currentFormNum': -1, 'currentPackageNum': -1}, 'wsName': '767676627@qq.comÁöÑÂ∑•‰ΩúÂå∫'}, 'mobile': '767676627', 'nickName': '767676627@qq.com', 'npsCollect': False, 'promoCode': '3407b4eab', 'randomEmail': False, 'recordedNewGuidePop': [], 'showProcessPersonal': False, 'signatureUrl': None, 'source': 'home_home', 'status': None, 'uid': 1850344}, 'userSecurityVO': {'authMethod': 0, 'beingUninitialized': False}}
{'beingInvited': False, 'corpName': None, 'loginToken': None, 'openId': None, 'token': 'b339f355-2215-44a8-afa1-cf6488a77a13', 'userInfo': {'beingBlackEmail': False, 'beingDisableExpiryRemind': False, 'beingExpand': None, 'beingInvited': False, 'beingLangFollowBrowser': True, 'beingOldVersion': None, 'beingPrivacyPolicy': True, 'beingSandBoxSuperAdmin': False, 'collectUserInfo': None, 'createTime': None, 'csShow': True, 'desktopRemind': True, 'email': '767676627@qq.com', 'firstLogin': None, 'grayLimit': 40, 'graySpecify': False, 'grayType': 1, 'hasPwdLoggedIn': False, 'havePassword': True, 'headImg': None, 'lang': None, 'lastWsInfo': {'accepted': None, 'accountLevel': 40, 'auth': 2, 'beingCustomizedAppSync': None, 'beingHideHelpDocument': False, 'beingSandbox': False, 'beingWatermark': False, 'biAuth': 'SUPER', 'canWorkWx': False, 'contactEnableNum': 1, 'contactNum': 1, 'departs': [], 'dynamic': None, 'exId': 'tAeLHd46LCLVWfOYZ5CAHg==', 'exUserId': '1850344', 'expireDate': 1691676031000, 'hideCopyright': False, 'logoutConfig': {'logOutToSso': False, 'serverName': None, 'ssoType': None}, 'memberId': 1683275, 'openConnectorList': [], 'openPluginList': [2, 3, 6, 7, 8, 9, 13, 14, 15, 16, 17, 25, 26, 27, 28, 29, 33, 34, 35, 36, 37, 38, 39, 42, 43, 44, 45, -2, 32], 'permissionStatus': None, 'pluginClickList': [], 'pluginLimitDetail': {'dashAllVisiableLimit': 4, 'dashAllVisiableNum': 0}, 'publicAccessAuthVO': {'beingAttachmentQuestion': False, 'beingPublicLink': False}, 'remark': '767676627@qq.com', 'showContact': True, 'trial': True, 'trialDays': '0', 'trialNotice': True, 'type': 'normal', 'useScheduledSync': False, 'watermarkConfig': {'showDate': False, 'showDeparts': False, 'showExUserId': False, 'showName': True, 'showPhoneNumber': False, 'showWsName': False}, 'wsDomain': None, 'wsFunction': 'platform', 'wsId': 426224, 'wsLimitDetail': {'canDashNum': -1, 'canFormNum': -1, 'canPackageNum': -1, 'currentDashNum': -1, 'currentFormNum': -1, 'currentPackageNum': -1}, 'wsName': '767676627@qq.comÁöÑÂ∑•‰ΩúÂå∫'}, 'mobile': '767676627', 'nickName': '767676627@qq.com', 'npsCollect': False, 'promoCode': '3407b4eab', 'randomEmail': False, 'recordedNewGuidePop': [], 'showProcessPersonal': False, 'signatureUrl': None, 'source': 'home_home', 'status': None, 'uid': 1850344}, 'userSecurityVO': {'authMethod': 0, 'beingUninitialized': False}}
118.25.243.250 - - [26/Jul/2023 22:00:31] "POST /mointor HTTP/1.1" 200 -
((508, datetime.datetime(2023, 7, 26, 22, 0, 31), 1, 120),)
628
yibukaishi
767676628@qq.com
767676628
{'beingInvited': False, 'corpName': None, 'loginToken': None, 'openId': None, 'token': '5ea125e2-e724-43b0-931f-81590c6a8a67', 'userInfo': {'beingBlackEmail': False, 'beingDisableExpiryRemind': False, 'beingExpand': None, 'beingInvited': False, 'beingLangFollowBrowser': True, 'beingOldVersion': None, 'beingPrivacyPolicy': True, 'beingSandBoxSuperAdmin': False, 'collectUserInfo': None, 'createTime': None, 'csShow': True, 'desktopRemind': True, 'email': '767676628@qq.com', 'firstLogin': None, 'grayLimit': 40, 'graySpecify': False, 'grayType': 1, 'hasPwdLoggedIn': False, 'havePassword': True, 'headImg': None, 'lang': None, 'lastWsInfo': {'accepted': None, 'accountLevel': 40, 'auth': 2, 'beingCustomizedAppSync': None, 'beingHideHelpDocument': False, 'beingSandbox': False, 'beingWatermark': False, 'biAuth': 'SUPER', 'canWorkWx': False, 'contactEnableNum': 1, 'contactNum': 1, 'departs': [], 'dynamic': None, 'exId': 'tAeLHd46LCLvDBBptnULBA==', 'exUserId': '1850362', 'expireDate': 1691679641000, 'hideCopyright': False, 'logoutConfig': {'logOutToSso': False, 'serverName': None, 'ssoType': None}, 'memberId': 1683289, 'openConnectorList': [], 'openPluginList': [2, 3, 6, 7, 8, 9, 13, 14, 15, 16, 17, 25, 26, 27, 28, 29, 33, 34, 35, 36, 37, 38, 39, 42, 43, 44, 45, -2, 32], 'permissionStatus': None, 'pluginClickList': [], 'pluginLimitDetail': {'dashAllVisiableLimit': 4, 'dashAllVisiableNum': 0}, 'publicAccessAuthVO': {'beingAttachmentQuestion': False, 'beingPublicLink': False}, 'remark': '767676628@qq.com', 'showContact': True, 'trial': True, 'trialDays': '0', 'trialNotice': True, 'type': 'normal', 'useScheduledSync': False, 'watermarkConfig': {'showDate': False, 'showDeparts': False, 'showExUserId': False, 'showName': True, 'showPhoneNumber': False, 'showWsName': False}, 'wsDomain': None, 'wsFunction': 'platform', 'wsId': 426237, 'wsLimitDetail': {'canDashNum': -1, 'canFormNum': -1, 'canPackageNum': -1, 'currentDashNum': -1, 'currentFormNum': -1, 'currentPackageNum': -1}, 'wsName': '767676628@qq.comÁöÑÂ∑•‰ΩúÂå∫'}, 'mobile': '767676628', 'nickName': '767676628@qq.com', 'npsCollect': False, 'promoCode': 'd5c167732', 'randomEmail': False, 'recordedNewGuidePop': [], 'showProcessPersonal': False, 'signatureUrl': None, 'source': 'home_home', 'status': None, 'uid': 1850362}, 'userSecurityVO': {'authMethod': 0, 'beingUninitialized': False}}
{'beingInvited': False, 'corpName': None, 'loginToken': None, 'openId': None, 'token': '5ea125e2-e724-43b0-931f-81590c6a8a67', 'userInfo': {'beingBlackEmail': False, 'beingDisableExpiryRemind': False, 'beingExpand': None, 'beingInvited': False, 'beingLangFollowBrowser': True, 'beingOldVersion': None, 'beingPrivacyPolicy': True, 'beingSandBoxSuperAdmin': False, 'collectUserInfo': None, 'createTime': None, 'csShow': True, 'desktopRemind': True, 'email': '767676628@qq.com', 'firstLogin': None, 'grayLimit': 40, 'graySpecify': False, 'grayType': 1, 'hasPwdLoggedIn': False, 'havePassword': True, 'headImg': None, 'lang': None, 'lastWsInfo': {'accepted': None, 'accountLevel': 40, 'auth': 2, 'beingCustomizedAppSync': None, 'beingHideHelpDocument': False, 'beingSandbox': False, 'beingWatermark': False, 'biAuth': 'SUPER', 'canWorkWx': False, 'contactEnableNum': 1, 'contactNum': 1, 'departs': [], 'dynamic': None, 'exId': 'tAeLHd46LCLvDBBptnULBA==', 'exUserId': '1850362', 'expireDate': 1691679641000, 'hideCopyright': False, 'logoutConfig': {'logOutToSso': False, 'serverName': None, 'ssoType': None}, 'memberId': 1683289, 'openConnectorList': [], 'openPluginList': [2, 3, 6, 7, 8, 9, 13, 14, 15, 16, 17, 25, 26, 27, 28, 29, 33, 34, 35, 36, 37, 38, 39, 42, 43, 44, 45, -2, 32], 'permissionStatus': None, 'pluginClickList': [], 'pluginLimitDetail': {'dashAllVisiableLimit': 4, 'dashAllVisiableNum': 0}, 'publicAccessAuthVO': {'beingAttachmentQuestion': False, 'beingPublicLink': False}, 'remark': '767676628@qq.com', 'showContact': True, 'trial': True, 'trialDays': '0', 'trialNotice': True, 'type': 'normal', 'useScheduledSync': False, 'watermarkConfig': {'showDate': False, 'showDeparts': False, 'showExUserId': False, 'showName': True, 'showPhoneNumber': False, 'showWsName': False}, 'wsDomain': None, 'wsFunction': 'platform', 'wsId': 426237, 'wsLimitDetail': {'canDashNum': -1, 'canFormNum': -1, 'canPackageNum': -1, 'currentDashNum': -1, 'currentFormNum': -1, 'currentPackageNum': -1}, 'wsName': '767676628@qq.comÁöÑÂ∑•‰ΩúÂå∫'}, 'mobile': '767676628', 'nickName': '767676628@qq.com', 'npsCollect': False, 'promoCode': 'd5c167732', 'randomEmail': False, 'recordedNewGuidePop': [], 'showProcessPersonal': False, 'signatureUrl': None, 'source': 'home_home', 'status': None, 'uid': 1850362}, 'userSecurityVO': {'authMethod': 0, 'beingUninitialized': False}}
118.25.243.250 - - [26/Jul/2023 23:00:41] "POST /mointor HTTP/1.1" 200 -
((509, datetime.datetime(2023, 7, 26, 23, 0, 41), 1, 120),)
629
yibukaishi
767676629@qq.com
767676629
{'beingInvited': False, 'corpName': None, 'loginToken': None, 'openId': None, 'token': 'd488b902-7f03-4b95-9a17-8660e790285c', 'userInfo': {'beingBlackEmail': False, 'beingDisableExpiryRemind': False, 'beingExpand': None, 'beingInvited': False, 'beingLangFollowBrowser': True, 'beingOldVersion': None, 'beingPrivacyPolicy': True, 'beingSandBoxSuperAdmin': False, 'collectUserInfo': None, 'createTime': None, 'csShow': True, 'desktopRemind': True, 'email': '767676629@qq.com', 'firstLogin': None, 'grayLimit': 55, 'graySpecify': False, 'grayType': 1, 'hasPwdLoggedIn': False, 'havePassword': True, 'headImg': None, 'lang': None, 'lastWsInfo': {'accepted': None, 'accountLevel': 40, 'auth': 2, 'beingCustomizedAppSync': None, 'beingHideHelpDocument': False, 'beingSandbox': False, 'beingWatermark': False, 'biAuth': 'SUPER', 'canWorkWx': False, 'contactEnableNum': 1, 'contactNum': 1, 'departs': [], 'dynamic': None, 'exId': 'tAeLHd46LCJPnPoMvFN8Zg==', 'exUserId': '1850377', 'expireDate': 1691683246000, 'hideCopyright': False, 'logoutConfig': {'logOutToSso': False, 'serverName': None, 'ssoType': None}, 'memberId': 1683301, 'openConnectorList': [], 'openPluginList': [2, 3, 6, 7, 8, 9, 13, 14, 15, 16, 17, 25, 26, 27, 28, 29, 33, 34, 35, 36, 37, 38, 39, 42, 43, 44, 45, -2, 32], 'permissionStatus': None, 'pluginClickList': [], 'pluginLimitDetail': {'dashAllVisiableLimit': 4, 'dashAllVisiableNum': 0}, 'publicAccessAuthVO': {'beingAttachmentQuestion': False, 'beingPublicLink': False}, 'remark': '767676629@qq.com', 'showContact': True, 'trial': True, 'trialDays': '0', 'trialNotice': True, 'type': 'normal', 'useScheduledSync': False, 'watermarkConfig': {'showDate': False, 'showDeparts': False, 'showExUserId': False, 'showName': True, 'showPhoneNumber': False, 'showWsName': False}, 'wsDomain': None, 'wsFunction': 'platform', 'wsId': 426249, 'wsLimitDetail': {'canDashNum': -1, 'canFormNum': -1, 'canPackageNum': -1, 'currentDashNum': -1, 'currentFormNum': -1, 'currentPackageNum': -1}, 'wsName': '767676629@qq.comÁöÑÂ∑•‰ΩúÂå∫'}, 'mobile': '767676629', 'nickName': '767676629@qq.com', 'npsCollect': False, 'promoCode': '893bd2b16', 'randomEmail': False, 'recordedNewGuidePop': [], 'showProcessPersonal': False, 'signatureUrl': None, 'source': 'home_home', 'status': None, 'uid': 1850377}, 'userSecurityVO': {'authMethod': 0, 'beingUninitialized': False}}
{'beingInvited': False, 'corpName': None, 'loginToken': None, 'openId': None, 'token': 'd488b902-7f03-4b95-9a17-8660e790285c', 'userInfo': {'beingBlackEmail': False, 'beingDisableExpiryRemind': False, 'beingExpand': None, 'beingInvited': False, 'beingLangFollowBrowser': True, 'beingOldVersion': None, 'beingPrivacyPolicy': True, 'beingSandBoxSuperAdmin': False, 'collectUserInfo': None, 'createTime': None, 'csShow': True, 'desktopRemind': True, 'email': '767676629@qq.com', 'firstLogin': None, 'grayLimit': 55, 'graySpecify': False, 'grayType': 1, 'hasPwdLoggedIn': False, 'havePassword': True, 'headImg': None, 'lang': None, 'lastWsInfo': {'accepted': None, 'accountLevel': 40, 'auth': 2, 'beingCustomizedAppSync': None, 'beingHideHelpDocument': False, 'beingSandbox': False, 'beingWatermark': False, 'biAuth': 'SUPER', 'canWorkWx': False, 'contactEnableNum': 1, 'contactNum': 1, 'departs': [], 'dynamic': None, 'exId': 'tAeLHd46LCJPnPoMvFN8Zg==', 'exUserId': '1850377', 'expireDate': 1691683246000, 'hideCopyright': False, 'logoutConfig': {'logOutToSso': False, 'serverName': None, 'ssoType': None}, 'memberId': 1683301, 'openConnectorList': [], 'openPluginList': [2, 3, 6, 7, 8, 9, 13, 14, 15, 16, 17, 25, 26, 27, 28, 29, 33, 34, 35, 36, 37, 38, 39, 42, 43, 44, 45, -2, 32], 'permissionStatus': None, 'pluginClickList': [], 'pluginLimitDetail': {'dashAllVisiableLimit': 4, 'dashAllVisiableNum': 0}, 'publicAccessAuthVO': {'beingAttachmentQuestion': False, 'beingPublicLink': False}, 'remark': '767676629@qq.com', 'showContact': True, 'trial': True, 'trialDays': '0', 'trialNotice': True, 'type': 'normal', 'useScheduledSync': False, 'watermarkConfig': {'showDate': False, 'showDeparts': False, 'showExUserId': False, 'showName': True, 'showPhoneNumber': False, 'showWsName': False}, 'wsDomain': None, 'wsFunction': 'platform', 'wsId': 426249, 'wsLimitDetail': {'canDashNum': -1, 'canFormNum': -1, 'canPackageNum': -1, 'currentDashNum': -1, 'currentFormNum': -1, 'currentPackageNum': -1}, 'wsName': '767676629@qq.comÁöÑÂ∑•‰ΩúÂå∫'}, 'mobile': '767676629', 'nickName': '767676629@qq.com', 'npsCollect': False, 'promoCode': '893bd2b16', 'randomEmail': False, 'recordedNewGuidePop': [], 'showProcessPersonal': False, 'signatureUrl': None, 'source': 'home_home', 'status': None, 'uid': 1850377}, 'userSecurityVO': {'authMethod': 0, 'beingUninitialized': False}}
118.25.243.250 - - [27/Jul/2023 00:00:46] "POST /mointor HTTP/1.1" 200 -
((510, datetime.datetime(2023, 7, 27, 0, 0, 45), 1, 120),)
630
yibukaishi
767676630@qq.com
767676630
{'beingInvited': False, 'corpName': None, 'loginToken': None, 'openId': None, 'token': '98f34512-178d-41d2-9c54-9b3d103f8de9', 'userInfo': {'beingBlackEmail': False, 'beingDisableExpiryRemind': False, 'beingExpand': None, 'beingInvited': False, 'beingLangFollowBrowser': True, 'beingOldVersion': None, 'beingPrivacyPolicy': True, 'beingSandBoxSuperAdmin': False, 'collectUserInfo': None, 'createTime': None, 'csShow': True, 'desktopRemind': True, 'email': '767676630@qq.com', 'firstLogin': None, 'grayLimit': 4, 'graySpecify': False, 'grayType': 1, 'hasPwdLoggedIn': False, 'havePassword': True, 'headImg': None, 'lang': None, 'lastWsInfo': {'accepted': None, 'accountLevel': 40, 'auth': 2, 'beingCustomizedAppSync': None, 'beingHideHelpDocument': False, 'beingSandbox': False, 'beingWatermark': False, 'biAuth': 'SUPER', 'canWorkWx': False, 'contactEnableNum': 1, 'contactNum': 1, 'departs': [], 'dynamic': None, 'exId': 'tAeLHd46LCJvzuO4xA8Ikw==', 'exUserId': '1850387', 'expireDate': 1691685009000, 'hideCopyright': False, 'logoutConfig': {'logOutToSso': False, 'serverName': None, 'ssoType': None}, 'memberId': 1683308, 'openConnectorList': [], 'openPluginList': [2, 3, 6, 7, 8, 9, 13, 14, 15, 16, 17, 25, 26, 27, 28, 29, 33, 34, 35, 36, 37, 38, 39, 42, 43, 44, 45, -2, 32], 'permissionStatus': None, 'pluginClickList': [], 'pluginLimitDetail': {'dashAllVisiableLimit': 4, 'dashAllVisiableNum': 0}, 'publicAccessAuthVO': {'beingAttachmentQuestion': False, 'beingPublicLink': False}, 'remark': '767676630@qq.com', 'showContact': True, 'trial': True, 'trialDays': '0', 'trialNotice': True, 'type': 'normal', 'useScheduledSync': False, 'watermarkConfig': {'showDate': False, 'showDeparts': False, 'showExUserId': False, 'showName': True, 'showPhoneNumber': False, 'showWsName': False}, 'wsDomain': None, 'wsFunction': 'platform', 'wsId': 426256, 'wsLimitDetail': {'canDashNum': -1, 'canFormNum': -1, 'canPackageNum': -1, 'currentDashNum': -1, 'currentFormNum': -1, 'currentPackageNum': -1}, 'wsName': '767676630@qq.comÁöÑÂ∑•‰ΩúÂå∫'}, 'mobile': '767676630', 'nickName': '767676630@qq.com', 'npsCollect': False, 'promoCode': '16ff9cb1d', 'randomEmail': False, 'recordedNewGuidePop': [], 'showProcessPersonal': False, 'signatureUrl': None, 'source': 'home_home', 'status': None, 'uid': 1850387}, 'userSecurityVO': {'authMethod': 0, 'beingUninitialized': False}}
{'beingInvited': False, 'corpName': None, 'loginToken': None, 'openId': None, 'token': '98f34512-178d-41d2-9c54-9b3d103f8de9', 'userInfo': {'beingBlackEmail': False, 'beingDisableExpiryRemind': False, 'beingExpand': None, 'beingInvited': False, 'beingLangFollowBrowser': True, 'beingOldVersion': None, 'beingPrivacyPolicy': True, 'beingSandBoxSuperAdmin': False, 'collectUserInfo': None, 'createTime': None, 'csShow': True, 'desktopRemind': True, 'email': '767676630@qq.com', 'firstLogin': None, 'grayLimit': 4, 'graySpecify': False, 'grayType': 1, 'hasPwdLoggedIn': False, 'havePassword': True, 'headImg': None, 'lang': None, 'lastWsInfo': {'accepted': None, 'accountLevel': 40, 'auth': 2, 'beingCustomizedAppSync': None, 'beingHideHelpDocument': False, 'beingSandbox': False, 'beingWatermark': False, 'biAuth': 'SUPER', 'canWorkWx': False, 'contactEnableNum': 1, 'contactNum': 1, 'departs': [], 'dynamic': None, 'exId': 'tAeLHd46LCJvzuO4xA8Ikw==', 'exUserId': '1850387', 'expireDate': 1691685009000, 'hideCopyright': False, 'logoutConfig': {'logOutToSso': False, 'serverName': None, 'ssoType': None}, 'memberId': 1683308, 'openConnectorList': [], 'openPluginList': [2, 3, 6, 7, 8, 9, 13, 14, 15, 16, 17, 25, 26, 27, 28, 29, 33, 34, 35, 36, 37, 38, 39, 42, 43, 44, 45, -2, 32], 'permissionStatus': None, 'pluginClickList': [], 'pluginLimitDetail': {'dashAllVisiableLimit': 4, 'dashAllVisiableNum': 0}, 'publicAccessAuthVO': {'beingAttachmentQuestion': False, 'beingPublicLink': False}, 'remark': '767676630@qq.com', 'showContact': True, 'trial': True, 'trialDays': '0', 'trialNotice': True, 'type': 'normal', 'useScheduledSync': False, 'watermarkConfig': {'showDate': False, 'showDeparts': False, 'showExUserId': False, 'showName': True, 'showPhoneNumber': False, 'showWsName': False}, 'wsDomain': None, 'wsFunction': 'platform', 'wsId': 426256, 'wsLimitDetail': {'canDashNum': -1, 'canFormNum': -1, 'canPackageNum': -1, 'currentDashNum': -1, 'currentFormNum': -1, 'currentPackageNum': -1}, 'wsName': '767676630@qq.comÁöÑÂ∑•‰ΩúÂå∫'}, 'mobile': '767676630', 'nickName': '767676630@qq.com', 'npsCollect': False, 'promoCode': '16ff9cb1d', 'randomEmail': False, 'recordedNewGuidePop': [], 'showProcessPersonal': False, 'signatureUrl': None, 'source': 'home_home', 'status': None, 'uid': 1850387}, 'userSecurityVO': {'authMethod': 0, 'beingUninitialized': False}}
118.25.243.250 - - [27/Jul/2023 00:30:09] "POST /mointor HTTP/1.1" 200 -
511
[2023-07-27 01:50:41,096] ERROR in app: Exception on / [GET]
Traceback (most recent call last):
  File "/usr/local/lib64/python3.6/site-packages/flask/app.py", line 2073, in wsgi_app
    response = self.full_dispatch_request()
  File "/usr/local/lib64/python3.6/site-packages/flask/app.py", line 1519, in full_dispatch_request
    return self.finalize_request(rv)
  File "/usr/local/lib64/python3.6/site-packages/flask/app.py", line 1538, in finalize_request
    response = self.make_response(rv)
  File "/usr/local/lib64/python3.6/site-packages/flask/app.py", line 1702, in make_response
    f"The view function for {request.endpoint!r} did not"
TypeError: The view function for 'result' did not return a valid response. The function either returned None or ended without a return statement.
94.102.61.5 - - [27/Jul/2023 01:50:41] "[35m[1mGET / HTTP/1.1[0m" 500 -
511
[2023-07-27 03:06:44,060] ERROR in app: Exception on / [GET]
Traceback (most recent call last):
  File "/usr/local/lib64/python3.6/site-packages/flask/app.py", line 2073, in wsgi_app
    response = self.full_dispatch_request()
  File "/usr/local/lib64/python3.6/site-packages/flask/app.py", line 1519, in full_dispatch_request
    return self.finalize_request(rv)
  File "/usr/local/lib64/python3.6/site-packages/flask/app.py", line 1538, in finalize_request
    response = self.make_response(rv)
  File "/usr/local/lib64/python3.6/site-packages/flask/app.py", line 1702, in make_response
    f"The view function for {request.endpoint!r} did not"
TypeError: The view function for 'result' did not return a valid response. The function either returned None or ended without a return statement.
162.142.125.12 - - [27/Jul/2023 03:06:44] "[35m[1mGET / HTTP/1.1[0m" 500 -
162.142.125.12 - - [27/Jul/2023 03:06:44] code 505, message Invalid HTTP version (2.0)
162.142.125.12 - - [27/Jul/2023 03:06:44] "[35m[1mPRI * HTTP/2.0[0m" HTTPStatus.HTTP_VERSION_NOT_SUPPORTED -
511
124.221.203.147 - - [27/Jul/2023 10:00:57] "GET /?password=wsj HTTP/1.1" 200 -
511
[2023-07-27 20:04:25,825] ERROR in app: Exception on / [GET]
Traceback (most recent call last):
  File "/usr/local/lib64/python3.6/site-packages/flask/app.py", line 2073, in wsgi_app
    response = self.full_dispatch_request()
  File "/usr/local/lib64/python3.6/site-packages/flask/app.py", line 1519, in full_dispatch_request
    return self.finalize_request(rv)
  File "/usr/local/lib64/python3.6/site-packages/flask/app.py", line 1538, in finalize_request
    response = self.make_response(rv)
  File "/usr/local/lib64/python3.6/site-packages/flask/app.py", line 1702, in make_response
    f"The view function for {request.endpoint!r} did not"
TypeError: The view function for 'result' did not return a valid response. The function either returned None or ended without a return statement.
162.216.150.56 - - [27/Jul/2023 20:04:25] "[35m[1mGET / HTTP/1.1[0m" 500 -
((511, datetime.datetime(2023, 7, 27, 0, 30, 9), 1, 120),)
631
yibukaishi
767676631@qq.com
767676631
{'beingInvited': False, 'corpName': None, 'loginToken': None, 'openId': None, 'token': 'f86814e0-3bdb-4ba6-83f2-5f119cecd645', 'userInfo': {'beingBlackEmail': False, 'beingDisableExpiryRemind': False, 'beingExpand': None, 'beingInvited': False, 'beingLangFollowBrowser': True, 'beingOldVersion': None, 'beingPrivacyPolicy': True, 'beingSandBoxSuperAdmin': False, 'collectUserInfo': None, 'createTime': None, 'csShow': True, 'desktopRemind': True, 'email': '767676631@qq.com', 'firstLogin': None, 'grayLimit': 86, 'graySpecify': False, 'grayType': 1, 'hasPwdLoggedIn': False, 'havePassword': True, 'headImg': None, 'lang': None, 'lastWsInfo': {'accepted': None, 'accountLevel': 40, 'auth': 2, 'beingCustomizedAppSync': None, 'beingHideHelpDocument': False, 'beingSandbox': False, 'beingWatermark': False, 'biAuth': 'SUPER', 'canWorkWx': False, 'contactEnableNum': 1, 'contactNum': 1, 'departs': [], 'dynamic': None, 'exId': 'tAeLHd46LCJOiOviIYWQcg==', 'exUserId': '1851729', 'expireDate': 1691762431000, 'hideCopyright': False, 'logoutConfig': {'logOutToSso': False, 'serverName': None, 'ssoType': None}, 'memberId': 1684266, 'openConnectorList': [], 'openPluginList': [2, 3, 6, 7, 8, 9, 13, 14, 15, 16, 17, 25, 26, 27, 28, 29, 33, 34, 35, 36, 37, 38, 39, 42, 43, 44, 45, -2, 32], 'permissionStatus': None, 'pluginClickList': [], 'pluginLimitDetail': {'dashAllVisiableLimit': 4, 'dashAllVisiableNum': 0}, 'publicAccessAuthVO': {'beingAttachmentQuestion': False, 'beingPublicLink': False}, 'remark': '767676631@qq.com', 'showContact': True, 'trial': True, 'trialDays': '0', 'trialNotice': True, 'type': 'normal', 'useScheduledSync': False, 'watermarkConfig': {'showDate': False, 'showDeparts': False, 'showExUserId': False, 'showName': True, 'showPhoneNumber': False, 'showWsName': False}, 'wsDomain': None, 'wsFunction': 'platform', 'wsId': 426785, 'wsLimitDetail': {'canDashNum': -1, 'canFormNum': -1, 'canPackageNum': -1, 'currentDashNum': -1, 'currentFormNum': -1, 'currentPackageNum': -1}, 'wsName': '767676631@qq.comÁöÑÂ∑•‰ΩúÂå∫'}, 'mobile': '767676631', 'nickName': '767676631@qq.com', 'npsCollect': False, 'promoCode': 'f4cbc3d82', 'randomEmail': False, 'recordedNewGuidePop': [], 'showProcessPersonal': False, 'signatureUrl': None, 'source': 'home_home', 'status': None, 'uid': 1851729}, 'userSecurityVO': {'authMethod': 0, 'beingUninitialized': False}}
{'beingInvited': False, 'corpName': None, 'loginToken': None, 'openId': None, 'token': 'f86814e0-3bdb-4ba6-83f2-5f119cecd645', 'userInfo': {'beingBlackEmail': False, 'beingDisableExpiryRemind': False, 'beingExpand': None, 'beingInvited': False, 'beingLangFollowBrowser': True, 'beingOldVersion': None, 'beingPrivacyPolicy': True, 'beingSandBoxSuperAdmin': False, 'collectUserInfo': None, 'createTime': None, 'csShow': True, 'desktopRemind': True, 'email': '767676631@qq.com', 'firstLogin': None, 'grayLimit': 86, 'graySpecify': False, 'grayType': 1, 'hasPwdLoggedIn': False, 'havePassword': True, 'headImg': None, 'lang': None, 'lastWsInfo': {'accepted': None, 'accountLevel': 40, 'auth': 2, 'beingCustomizedAppSync': None, 'beingHideHelpDocument': False, 'beingSandbox': False, 'beingWatermark': False, 'biAuth': 'SUPER', 'canWorkWx': False, 'contactEnableNum': 1, 'contactNum': 1, 'departs': [], 'dynamic': None, 'exId': 'tAeLHd46LCJOiOviIYWQcg==', 'exUserId': '1851729', 'expireDate': 1691762431000, 'hideCopyright': False, 'logoutConfig': {'logOutToSso': False, 'serverName': None, 'ssoType': None}, 'memberId': 1684266, 'openConnectorList': [], 'openPluginList': [2, 3, 6, 7, 8, 9, 13, 14, 15, 16, 17, 25, 26, 27, 28, 29, 33, 34, 35, 36, 37, 38, 39, 42, 43, 44, 45, -2, 32], 'permissionStatus': None, 'pluginClickList': [], 'pluginLimitDetail': {'dashAllVisiableLimit': 4, 'dashAllVisiableNum': 0}, 'publicAccessAuthVO': {'beingAttachmentQuestion': False, 'beingPublicLink': False}, 'remark': '767676631@qq.com', 'showContact': True, 'trial': True, 'trialDays': '0', 'trialNotice': True, 'type': 'normal', 'useScheduledSync': False, 'watermarkConfig': {'showDate': False, 'showDeparts': False, 'showExUserId': False, 'showName': True, 'showPhoneNumber': False, 'showWsName': False}, 'wsDomain': None, 'wsFunction': 'platform', 'wsId': 426785, 'wsLimitDetail': {'canDashNum': -1, 'canFormNum': -1, 'canPackageNum': -1, 'currentDashNum': -1, 'currentFormNum': -1, 'currentPackageNum': -1}, 'wsName': '767676631@qq.comÁöÑÂ∑•‰ΩúÂå∫'}, 'mobile': '767676631', 'nickName': '767676631@qq.com', 'npsCollect': False, 'promoCode': 'f4cbc3d82', 'randomEmail': False, 'recordedNewGuidePop': [], 'showProcessPersonal': False, 'signatureUrl': None, 'source': 'home_home', 'status': None, 'uid': 1851729}, 'userSecurityVO': {'authMethod': 0, 'beingUninitialized': False}}
118.25.243.250 - - [27/Jul/2023 22:00:31] "POST /mointor HTTP/1.1" 200 -
((512, datetime.datetime(2023, 7, 27, 22, 0, 31), 1, 120),)
632
yibukaishi
767676632@qq.com
767676632
{'beingInvited': False, 'corpName': None, 'loginToken': None, 'openId': None, 'token': '089616ae-0aaa-4f42-8a63-ea929bef4ce9', 'userInfo': {'beingBlackEmail': False, 'beingDisableExpiryRemind': False, 'beingExpand': None, 'beingInvited': False, 'beingLangFollowBrowser': True, 'beingOldVersion': None, 'beingPrivacyPolicy': True, 'beingSandBoxSuperAdmin': False, 'collectUserInfo': None, 'createTime': None, 'csShow': True, 'desktopRemind': True, 'email': '767676632@qq.com', 'firstLogin': None, 'grayLimit': 91, 'graySpecify': False, 'grayType': 1, 'hasPwdLoggedIn': False, 'havePassword': True, 'headImg': None, 'lang': None, 'lastWsInfo': {'accepted': None, 'accountLevel': 40, 'auth': 2, 'beingCustomizedAppSync': None, 'beingHideHelpDocument': False, 'beingSandbox': False, 'beingWatermark': False, 'biAuth': 'SUPER', 'canWorkWx': False, 'contactEnableNum': 1, 'contactNum': 1, 'departs': [], 'dynamic': None, 'exId': 'tAeLHd46LCJk7F+jaU0ivg==', 'exUserId': '1851764', 'expireDate': 1691766042000, 'hideCopyright': False, 'logoutConfig': {'logOutToSso': False, 'serverName': None, 'ssoType': None}, 'memberId': 1684293, 'openConnectorList': [], 'openPluginList': [2, 3, 6, 7, 8, 9, 13, 14, 15, 16, 17, 25, 26, 27, 28, 29, 33, 34, 35, 36, 37, 38, 39, 42, 43, 44, 45, -2, 32], 'permissionStatus': None, 'pluginClickList': [], 'pluginLimitDetail': {'dashAllVisiableLimit': 4, 'dashAllVisiableNum': 0}, 'publicAccessAuthVO': {'beingAttachmentQuestion': False, 'beingPublicLink': False}, 'remark': '767676632@qq.com', 'showContact': True, 'trial': True, 'trialDays': '0', 'trialNotice': True, 'type': 'normal', 'useScheduledSync': False, 'watermarkConfig': {'showDate': False, 'showDeparts': False, 'showExUserId': False, 'showName': True, 'showPhoneNumber': False, 'showWsName': False}, 'wsDomain': None, 'wsFunction': 'platform', 'wsId': 426809, 'wsLimitDetail': {'canDashNum': -1, 'canFormNum': -1, 'canPackageNum': -1, 'currentDashNum': -1, 'currentFormNum': -1, 'currentPackageNum': -1}, 'wsName': '767676632@qq.comÁöÑÂ∑•‰ΩúÂå∫'}, 'mobile': '767676632', 'nickName': '767676632@qq.com', 'npsCollect': False, 'promoCode': 'b61895fd1', 'randomEmail': False, 'recordedNewGuidePop': [], 'showProcessPersonal': False, 'signatureUrl': None, 'source': 'home_home', 'status': None, 'uid': 1851764}, 'userSecurityVO': {'authMethod': 0, 'beingUninitialized': False}}
{'beingInvited': False, 'corpName': None, 'loginToken': None, 'openId': None, 'token': '089616ae-0aaa-4f42-8a63-ea929bef4ce9', 'userInfo': {'beingBlackEmail': False, 'beingDisableExpiryRemind': False, 'beingExpand': None, 'beingInvited': False, 'beingLangFollowBrowser': True, 'beingOldVersion': None, 'beingPrivacyPolicy': True, 'beingSandBoxSuperAdmin': False, 'collectUserInfo': None, 'createTime': None, 'csShow': True, 'desktopRemind': True, 'email': '767676632@qq.com', 'firstLogin': None, 'grayLimit': 91, 'graySpecify': False, 'grayType': 1, 'hasPwdLoggedIn': False, 'havePassword': True, 'headImg': None, 'lang': None, 'lastWsInfo': {'accepted': None, 'accountLevel': 40, 'auth': 2, 'beingCustomizedAppSync': None, 'beingHideHelpDocument': False, 'beingSandbox': False, 'beingWatermark': False, 'biAuth': 'SUPER', 'canWorkWx': False, 'contactEnableNum': 1, 'contactNum': 1, 'departs': [], 'dynamic': None, 'exId': 'tAeLHd46LCJk7F+jaU0ivg==', 'exUserId': '1851764', 'expireDate': 1691766042000, 'hideCopyright': False, 'logoutConfig': {'logOutToSso': False, 'serverName': None, 'ssoType': None}, 'memberId': 1684293, 'openConnectorList': [], 'openPluginList': [2, 3, 6, 7, 8, 9, 13, 14, 15, 16, 17, 25, 26, 27, 28, 29, 33, 34, 35, 36, 37, 38, 39, 42, 43, 44, 45, -2, 32], 'permissionStatus': None, 'pluginClickList': [], 'pluginLimitDetail': {'dashAllVisiableLimit': 4, 'dashAllVisiableNum': 0}, 'publicAccessAuthVO': {'beingAttachmentQuestion': False, 'beingPublicLink': False}, 'remark': '767676632@qq.com', 'showContact': True, 'trial': True, 'trialDays': '0', 'trialNotice': True, 'type': 'normal', 'useScheduledSync': False, 'watermarkConfig': {'showDate': False, 'showDeparts': False, 'showExUserId': False, 'showName': True, 'showPhoneNumber': False, 'showWsName': False}, 'wsDomain': None, 'wsFunction': 'platform', 'wsId': 426809, 'wsLimitDetail': {'canDashNum': -1, 'canFormNum': -1, 'canPackageNum': -1, 'currentDashNum': -1, 'currentFormNum': -1, 'currentPackageNum': -1}, 'wsName': '767676632@qq.comÁöÑÂ∑•‰ΩúÂå∫'}, 'mobile': '767676632', 'nickName': '767676632@qq.com', 'npsCollect': False, 'promoCode': 'b61895fd1', 'randomEmail': False, 'recordedNewGuidePop': [], 'showProcessPersonal': False, 'signatureUrl': None, 'source': 'home_home', 'status': None, 'uid': 1851764}, 'userSecurityVO': {'authMethod': 0, 'beingUninitialized': False}}
118.25.243.250 - - [27/Jul/2023 23:00:41] "POST /mointor HTTP/1.1" 200 -
((513, datetime.datetime(2023, 7, 27, 23, 0, 41), 1, 120),)
633
yibukaishi
767676633@qq.com
767676633
{'beingInvited': False, 'corpName': None, 'loginToken': None, 'openId': None, 'token': '9a9ea48c-c1b5-475c-9335-3b62daa12de2', 'userInfo': {'beingBlackEmail': False, 'beingDisableExpiryRemind': False, 'beingExpand': None, 'beingInvited': False, 'beingLangFollowBrowser': True, 'beingOldVersion': None, 'beingPrivacyPolicy': True, 'beingSandBoxSuperAdmin': False, 'collectUserInfo': None, 'createTime': None, 'csShow': True, 'desktopRemind': True, 'email': '767676633@qq.com', 'firstLogin': None, 'grayLimit': 1, 'graySpecify': False, 'grayType': 1, 'hasPwdLoggedIn': False, 'havePassword': True, 'headImg': None, 'lang': None, 'lastWsInfo': {'accepted': None, 'accountLevel': 40, 'auth': 2, 'beingCustomizedAppSync': None, 'beingHideHelpDocument': False, 'beingSandbox': False, 'beingWatermark': False, 'biAuth': 'SUPER', 'canWorkWx': False, 'contactEnableNum': 1, 'contactNum': 1, 'departs': [], 'dynamic': None, 'exId': 'tAeLHd46LCJwQRlFbSPL+A==', 'exUserId': '1851802', 'expireDate': 1691769642000, 'hideCopyright': False, 'logoutConfig': {'logOutToSso': False, 'serverName': None, 'ssoType': None}, 'memberId': 1684320, 'openConnectorList': [], 'openPluginList': [2, 3, 6, 7, 8, 9, 13, 14, 15, 16, 17, 25, 26, 27, 28, 29, 33, 34, 35, 36, 37, 38, 39, 42, 43, 44, 45, -2, 32], 'permissionStatus': None, 'pluginClickList': [], 'pluginLimitDetail': {'dashAllVisiableLimit': 4, 'dashAllVisiableNum': 0}, 'publicAccessAuthVO': {'beingAttachmentQuestion': False, 'beingPublicLink': False}, 'remark': '767676633@qq.com', 'showContact': True, 'trial': True, 'trialDays': '0', 'trialNotice': True, 'type': 'normal', 'useScheduledSync': False, 'watermarkConfig': {'showDate': False, 'showDeparts': False, 'showExUserId': False, 'showName': True, 'showPhoneNumber': False, 'showWsName': False}, 'wsDomain': None, 'wsFunction': 'platform', 'wsId': 426831, 'wsLimitDetail': {'canDashNum': -1, 'canFormNum': -1, 'canPackageNum': -1, 'currentDashNum': -1, 'currentFormNum': -1, 'currentPackageNum': -1}, 'wsName': '767676633@qq.comÁöÑÂ∑•‰ΩúÂå∫'}, 'mobile': '767676633', 'nickName': '767676633@qq.com', 'npsCollect': False, 'promoCode': '28f3530e5', 'randomEmail': False, 'recordedNewGuidePop': [], 'showProcessPersonal': False, 'signatureUrl': None, 'source': 'home_home', 'status': None, 'uid': 1851802}, 'userSecurityVO': {'authMethod': 0, 'beingUninitialized': False}}
{'beingInvited': False, 'corpName': None, 'loginToken': None, 'openId': None, 'token': '9a9ea48c-c1b5-475c-9335-3b62daa12de2', 'userInfo': {'beingBlackEmail': False, 'beingDisableExpiryRemind': False, 'beingExpand': None, 'beingInvited': False, 'beingLangFollowBrowser': True, 'beingOldVersion': None, 'beingPrivacyPolicy': True, 'beingSandBoxSuperAdmin': False, 'collectUserInfo': None, 'createTime': None, 'csShow': True, 'desktopRemind': True, 'email': '767676633@qq.com', 'firstLogin': None, 'grayLimit': 1, 'graySpecify': False, 'grayType': 1, 'hasPwdLoggedIn': False, 'havePassword': True, 'headImg': None, 'lang': None, 'lastWsInfo': {'accepted': None, 'accountLevel': 40, 'auth': 2, 'beingCustomizedAppSync': None, 'beingHideHelpDocument': False, 'beingSandbox': False, 'beingWatermark': False, 'biAuth': 'SUPER', 'canWorkWx': False, 'contactEnableNum': 1, 'contactNum': 1, 'departs': [], 'dynamic': None, 'exId': 'tAeLHd46LCJwQRlFbSPL+A==', 'exUserId': '1851802', 'expireDate': 1691769642000, 'hideCopyright': False, 'logoutConfig': {'logOutToSso': False, 'serverName': None, 'ssoType': None}, 'memberId': 1684320, 'openConnectorList': [], 'openPluginList': [2, 3, 6, 7, 8, 9, 13, 14, 15, 16, 17, 25, 26, 27, 28, 29, 33, 34, 35, 36, 37, 38, 39, 42, 43, 44, 45, -2, 32], 'permissionStatus': None, 'pluginClickList': [], 'pluginLimitDetail': {'dashAllVisiableLimit': 4, 'dashAllVisiableNum': 0}, 'publicAccessAuthVO': {'beingAttachmentQuestion': False, 'beingPublicLink': False}, 'remark': '767676633@qq.com', 'showContact': True, 'trial': True, 'trialDays': '0', 'trialNotice': True, 'type': 'normal', 'useScheduledSync': False, 'watermarkConfig': {'showDate': False, 'showDeparts': False, 'showExUserId': False, 'showName': True, 'showPhoneNumber': False, 'showWsName': False}, 'wsDomain': None, 'wsFunction': 'platform', 'wsId': 426831, 'wsLimitDetail': {'canDashNum': -1, 'canFormNum': -1, 'canPackageNum': -1, 'currentDashNum': -1, 'currentFormNum': -1, 'currentPackageNum': -1}, 'wsName': '767676633@qq.comÁöÑÂ∑•‰ΩúÂå∫'}, 'mobile': '767676633', 'nickName': '767676633@qq.com', 'npsCollect': False, 'promoCode': '28f3530e5', 'randomEmail': False, 'recordedNewGuidePop': [], 'showProcessPersonal': False, 'signatureUrl': None, 'source': 'home_home', 'status': None, 'uid': 1851802}, 'userSecurityVO': {'authMethod': 0, 'beingUninitialized': False}}
118.25.243.250 - - [28/Jul/2023 00:00:42] "POST /mointor HTTP/1.1" 200 -
((514, datetime.datetime(2023, 7, 28, 0, 0, 42), 1, 120),)
634
yibukaishi
767676634@qq.com
767676634
{'beingInvited': False, 'corpName': None, 'loginToken': None, 'openId': None, 'token': '88d692d7-4ff8-4e48-887c-ff6ccffda5be', 'userInfo': {'beingBlackEmail': False, 'beingDisableExpiryRemind': False, 'beingExpand': None, 'beingInvited': False, 'beingLangFollowBrowser': True, 'beingOldVersion': None, 'beingPrivacyPolicy': True, 'beingSandBoxSuperAdmin': False, 'collectUserInfo': None, 'createTime': None, 'csShow': True, 'desktopRemind': True, 'email': '767676634@qq.com', 'firstLogin': None, 'grayLimit': 7, 'graySpecify': False, 'grayType': 1, 'hasPwdLoggedIn': False, 'havePassword': True, 'headImg': None, 'lang': None, 'lastWsInfo': {'accepted': None, 'accountLevel': 40, 'auth': 2, 'beingCustomizedAppSync': None, 'beingHideHelpDocument': False, 'beingSandbox': False, 'beingWatermark': False, 'biAuth': 'SUPER', 'canWorkWx': False, 'contactEnableNum': 1, 'contactNum': 1, 'departs': [], 'dynamic': None, 'exId': 'tAeLHd46LCKtQfb6ImbJvg==', 'exUserId': '1851808', 'expireDate': 1691771409000, 'hideCopyright': False, 'logoutConfig': {'logOutToSso': False, 'serverName': None, 'ssoType': None}, 'memberId': 1684323, 'openConnectorList': [], 'openPluginList': [2, 3, 6, 7, 8, 9, 13, 14, 15, 16, 17, 25, 26, 27, 28, 29, 33, 34, 35, 36, 37, 38, 39, 42, 43, 44, 45, -2, 32], 'permissionStatus': None, 'pluginClickList': [], 'pluginLimitDetail': {'dashAllVisiableLimit': 4, 'dashAllVisiableNum': 0}, 'publicAccessAuthVO': {'beingAttachmentQuestion': False, 'beingPublicLink': False}, 'remark': '767676634@qq.com', 'showContact': True, 'trial': True, 'trialDays': '0', 'trialNotice': True, 'type': 'normal', 'useScheduledSync': False, 'watermarkConfig': {'showDate': False, 'showDeparts': False, 'showExUserId': False, 'showName': True, 'showPhoneNumber': False, 'showWsName': False}, 'wsDomain': None, 'wsFunction': 'platform', 'wsId': 426834, 'wsLimitDetail': {'canDashNum': -1, 'canFormNum': -1, 'canPackageNum': -1, 'currentDashNum': -1, 'currentFormNum': -1, 'currentPackageNum': -1}, 'wsName': '767676634@qq.comÁöÑÂ∑•‰ΩúÂå∫'}, 'mobile': '767676634', 'nickName': '767676634@qq.com', 'npsCollect': False, 'promoCode': '468bad1a8', 'randomEmail': False, 'recordedNewGuidePop': [], 'showProcessPersonal': False, 'signatureUrl': None, 'source': 'home_home', 'status': None, 'uid': 1851808}, 'userSecurityVO': {'authMethod': 0, 'beingUninitialized': False}}
{'beingInvited': False, 'corpName': None, 'loginToken': None, 'openId': None, 'token': '88d692d7-4ff8-4e48-887c-ff6ccffda5be', 'userInfo': {'beingBlackEmail': False, 'beingDisableExpiryRemind': False, 'beingExpand': None, 'beingInvited': False, 'beingLangFollowBrowser': True, 'beingOldVersion': None, 'beingPrivacyPolicy': True, 'beingSandBoxSuperAdmin': False, 'collectUserInfo': None, 'createTime': None, 'csShow': True, 'desktopRemind': True, 'email': '767676634@qq.com', 'firstLogin': None, 'grayLimit': 7, 'graySpecify': False, 'grayType': 1, 'hasPwdLoggedIn': False, 'havePassword': True, 'headImg': None, 'lang': None, 'lastWsInfo': {'accepted': None, 'accountLevel': 40, 'auth': 2, 'beingCustomizedAppSync': None, 'beingHideHelpDocument': False, 'beingSandbox': False, 'beingWatermark': False, 'biAuth': 'SUPER', 'canWorkWx': False, 'contactEnableNum': 1, 'contactNum': 1, 'departs': [], 'dynamic': None, 'exId': 'tAeLHd46LCKtQfb6ImbJvg==', 'exUserId': '1851808', 'expireDate': 1691771409000, 'hideCopyright': False, 'logoutConfig': {'logOutToSso': False, 'serverName': None, 'ssoType': None}, 'memberId': 1684323, 'openConnectorList': [], 'openPluginList': [2, 3, 6, 7, 8, 9, 13, 14, 15, 16, 17, 25, 26, 27, 28, 29, 33, 34, 35, 36, 37, 38, 39, 42, 43, 44, 45, -2, 32], 'permissionStatus': None, 'pluginClickList': [], 'pluginLimitDetail': {'dashAllVisiableLimit': 4, 'dashAllVisiableNum': 0}, 'publicAccessAuthVO': {'beingAttachmentQuestion': False, 'beingPublicLink': False}, 'remark': '767676634@qq.com', 'showContact': True, 'trial': True, 'trialDays': '0', 'trialNotice': True, 'type': 'normal', 'useScheduledSync': False, 'watermarkConfig': {'showDate': False, 'showDeparts': False, 'showExUserId': False, 'showName': True, 'showPhoneNumber': False, 'showWsName': False}, 'wsDomain': None, 'wsFunction': 'platform', 'wsId': 426834, 'wsLimitDetail': {'canDashNum': -1, 'canFormNum': -1, 'canPackageNum': -1, 'currentDashNum': -1, 'currentFormNum': -1, 'currentPackageNum': -1}, 'wsName': '767676634@qq.comÁöÑÂ∑•‰ΩúÂå∫'}, 'mobile': '767676634', 'nickName': '767676634@qq.com', 'npsCollect': False, 'promoCode': '468bad1a8', 'randomEmail': False, 'recordedNewGuidePop': [], 'showProcessPersonal': False, 'signatureUrl': None, 'source': 'home_home', 'status': None, 'uid': 1851808}, 'userSecurityVO': {'authMethod': 0, 'beingUninitialized': False}}
118.25.243.250 - - [28/Jul/2023 00:30:09] "POST /mointor HTTP/1.1" 200 -
89.248.163.167 - - [28/Jul/2023 06:26:02] code 400, message Bad request syntax ('\x03\x00\x00\x13\x0e√†\x00\x00\x00\x00\x00\x01\x00\x08\x00\x02\x00\x00\x00')
89.248.163.167 - - [28/Jul/2023 06:26:02] "[35m[1m  √†          [0m" HTTPStatus.BAD_REQUEST -
89.248.163.165 - - [28/Jul/2023 06:29:29] code 400, message Bad request syntax ('\x03\x00\x00\x13\x0e√†\x00\x00\x00\x00\x00\x01\x00\x08\x00\x02\x00\x00\x00')
89.248.163.165 - - [28/Jul/2023 06:29:29] "[35m[1m  √†          [0m" HTTPStatus.BAD_REQUEST -
89.248.163.165 - - [28/Jul/2023 06:30:00] code 400, message Bad request syntax ('\x03\x00\x00\x13\x0e√†\x00\x00\x00\x00\x00\x01\x00\x08\x00\x02\x00\x00\x00')
89.248.163.165 - - [28/Jul/2023 06:30:00] "[35m[1m  √†          [0m" HTTPStatus.BAD_REQUEST -
89.248.163.165 - - [28/Jul/2023 06:30:00] code 400, message Bad request syntax ('\x03\x00\x00\x13\x0e√†\x00\x00\x00\x00\x00\x01\x00\x08\x00\x02\x00\x00\x00')
89.248.163.165 - - [28/Jul/2023 06:30:00] "[35m[1m  √†          [0m" HTTPStatus.BAD_REQUEST -
179.60.147.13 - - [28/Jul/2023 09:42:49] code 400, message Bad HTTP/0.9 request type ('\x03\x00\x00/*√†\x00\x00\x00\x00\x00Cookie:')
179.60.147.13 - - [28/Jul/2023 09:42:49] "[35m[1m  /*√†     Cookie: mstshash=Administr[0m" HTTPStatus.BAD_REQUEST -
515
124.221.203.147 - - [28/Jul/2023 10:00:58] "GET /?password=wsj HTTP/1.1" 200 -
((515, datetime.datetime(2023, 7, 28, 0, 30, 9), 1, 120),)
635
yibukaishi
767676635@qq.com
767676635
{'beingInvited': False, 'corpName': None, 'loginToken': None, 'openId': None, 'token': 'e57c1162-77f7-441f-a7f3-5caa098e3430', 'userInfo': {'beingBlackEmail': False, 'beingDisableExpiryRemind': False, 'beingExpand': None, 'beingInvited': False, 'beingLangFollowBrowser': True, 'beingOldVersion': None, 'beingPrivacyPolicy': True, 'beingSandBoxSuperAdmin': False, 'collectUserInfo': None, 'createTime': None, 'csShow': True, 'desktopRemind': True, 'email': '767676635@qq.com', 'firstLogin': None, 'grayLimit': 52, 'graySpecify': False, 'grayType': 1, 'hasPwdLoggedIn': False, 'havePassword': True, 'headImg': None, 'lang': None, 'lastWsInfo': {'accepted': None, 'accountLevel': 40, 'auth': 2, 'beingCustomizedAppSync': None, 'beingHideHelpDocument': False, 'beingSandbox': False, 'beingWatermark': False, 'biAuth': 'SUPER', 'canWorkWx': False, 'contactEnableNum': 1, 'contactNum': 1, 'departs': [], 'dynamic': None, 'exId': 'tAeLHd46LCLinZZeE3PgBw==', 'exUserId': '1852957', 'expireDate': 1691848831000, 'hideCopyright': False, 'logoutConfig': {'logOutToSso': False, 'serverName': None, 'ssoType': None}, 'memberId': 1685126, 'openConnectorList': [], 'openPluginList': [2, 3, 6, 7, 8, 9, 13, 14, 15, 16, 17, 25, 26, 27, 28, 29, 33, 34, 35, 36, 37, 38, 39, 42, 43, 44, 45, -2, 32], 'permissionStatus': None, 'pluginClickList': [], 'pluginLimitDetail': {'dashAllVisiableLimit': 4, 'dashAllVisiableNum': 0}, 'publicAccessAuthVO': {'beingAttachmentQuestion': False, 'beingPublicLink': False}, 'remark': '767676635@qq.com', 'showContact': True, 'trial': True, 'trialDays': '0', 'trialNotice': True, 'type': 'normal', 'useScheduledSync': False, 'watermarkConfig': {'showDate': False, 'showDeparts': False, 'showExUserId': False, 'showName': True, 'showPhoneNumber': False, 'showWsName': False}, 'wsDomain': None, 'wsFunction': 'platform', 'wsId': 427385, 'wsLimitDetail': {'canDashNum': -1, 'canFormNum': -1, 'canPackageNum': -1, 'currentDashNum': -1, 'currentFormNum': -1, 'currentPackageNum': -1}, 'wsName': '767676635@qq.comÁöÑÂ∑•‰ΩúÂå∫'}, 'mobile': '767676635', 'nickName': '767676635@qq.com', 'npsCollect': False, 'promoCode': '979abfb90', 'randomEmail': False, 'recordedNewGuidePop': [], 'showProcessPersonal': False, 'signatureUrl': None, 'source': 'home_home', 'status': None, 'uid': 1852957}, 'userSecurityVO': {'authMethod': 0, 'beingUninitialized': False}}
{'beingInvited': False, 'corpName': None, 'loginToken': None, 'openId': None, 'token': 'e57c1162-77f7-441f-a7f3-5caa098e3430', 'userInfo': {'beingBlackEmail': False, 'beingDisableExpiryRemind': False, 'beingExpand': None, 'beingInvited': False, 'beingLangFollowBrowser': True, 'beingOldVersion': None, 'beingPrivacyPolicy': True, 'beingSandBoxSuperAdmin': False, 'collectUserInfo': None, 'createTime': None, 'csShow': True, 'desktopRemind': True, 'email': '767676635@qq.com', 'firstLogin': None, 'grayLimit': 52, 'graySpecify': False, 'grayType': 1, 'hasPwdLoggedIn': False, 'havePassword': True, 'headImg': None, 'lang': None, 'lastWsInfo': {'accepted': None, 'accountLevel': 40, 'auth': 2, 'beingCustomizedAppSync': None, 'beingHideHelpDocument': False, 'beingSandbox': False, 'beingWatermark': False, 'biAuth': 'SUPER', 'canWorkWx': False, 'contactEnableNum': 1, 'contactNum': 1, 'departs': [], 'dynamic': None, 'exId': 'tAeLHd46LCLinZZeE3PgBw==', 'exUserId': '1852957', 'expireDate': 1691848831000, 'hideCopyright': False, 'logoutConfig': {'logOutToSso': False, 'serverName': None, 'ssoType': None}, 'memberId': 1685126, 'openConnectorList': [], 'openPluginList': [2, 3, 6, 7, 8, 9, 13, 14, 15, 16, 17, 25, 26, 27, 28, 29, 33, 34, 35, 36, 37, 38, 39, 42, 43, 44, 45, -2, 32], 'permissionStatus': None, 'pluginClickList': [], 'pluginLimitDetail': {'dashAllVisiableLimit': 4, 'dashAllVisiableNum': 0}, 'publicAccessAuthVO': {'beingAttachmentQuestion': False, 'beingPublicLink': False}, 'remark': '767676635@qq.com', 'showContact': True, 'trial': True, 'trialDays': '0', 'trialNotice': True, 'type': 'normal', 'useScheduledSync': False, 'watermarkConfig': {'showDate': False, 'showDeparts': False, 'showExUserId': False, 'showName': True, 'showPhoneNumber': False, 'showWsName': False}, 'wsDomain': None, 'wsFunction': 'platform', 'wsId': 427385, 'wsLimitDetail': {'canDashNum': -1, 'canFormNum': -1, 'canPackageNum': -1, 'currentDashNum': -1, 'currentFormNum': -1, 'currentPackageNum': -1}, 'wsName': '767676635@qq.comÁöÑÂ∑•‰ΩúÂå∫'}, 'mobile': '767676635', 'nickName': '767676635@qq.com', 'npsCollect': False, 'promoCode': '979abfb90', 'randomEmail': False, 'recordedNewGuidePop': [], 'showProcessPersonal': False, 'signatureUrl': None, 'source': 'home_home', 'status': None, 'uid': 1852957}, 'userSecurityVO': {'authMethod': 0, 'beingUninitialized': False}}
118.25.243.250 - - [28/Jul/2023 22:00:31] "POST /mointor HTTP/1.1" 200 -
((516, datetime.datetime(2023, 7, 28, 22, 0, 31), 1, 120),)
636
yibukaishi
767676636@qq.com
767676636
{'beingInvited': False, 'corpName': None, 'loginToken': None, 'openId': None, 'token': 'dea6d627-8443-458b-9db4-10aa1f16e4f2', 'userInfo': {'beingBlackEmail': False, 'beingDisableExpiryRemind': False, 'beingExpand': None, 'beingInvited': False, 'beingLangFollowBrowser': True, 'beingOldVersion': None, 'beingPrivacyPolicy': True, 'beingSandBoxSuperAdmin': False, 'collectUserInfo': None, 'createTime': None, 'csShow': True, 'desktopRemind': True, 'email': '767676636@qq.com', 'firstLogin': None, 'grayLimit': 84, 'graySpecify': False, 'grayType': 1, 'hasPwdLoggedIn': False, 'havePassword': True, 'headImg': None, 'lang': None, 'lastWsInfo': {'accepted': None, 'accountLevel': 40, 'auth': 2, 'beingCustomizedAppSync': None, 'beingHideHelpDocument': False, 'beingSandbox': False, 'beingWatermark': False, 'biAuth': 'SUPER', 'canWorkWx': False, 'contactEnableNum': 1, 'contactNum': 1, 'departs': [], 'dynamic': None, 'exId': 'tAeLHd46LCLGei3EBFvklw==', 'exUserId': '1852986', 'expireDate': 1691852441000, 'hideCopyright': False, 'logoutConfig': {'logOutToSso': False, 'serverName': None, 'ssoType': None}, 'memberId': 1685142, 'openConnectorList': [], 'openPluginList': [2, 3, 6, 7, 8, 9, 13, 14, 15, 16, 17, 25, 26, 27, 28, 29, 33, 34, 35, 36, 37, 38, 39, 42, 43, 44, 45, -2, 32], 'permissionStatus': None, 'pluginClickList': [], 'pluginLimitDetail': {'dashAllVisiableLimit': 4, 'dashAllVisiableNum': 0}, 'publicAccessAuthVO': {'beingAttachmentQuestion': False, 'beingPublicLink': False}, 'remark': '767676636@qq.com', 'showContact': True, 'trial': True, 'trialDays': '0', 'trialNotice': True, 'type': 'normal', 'useScheduledSync': False, 'watermarkConfig': {'showDate': False, 'showDeparts': False, 'showExUserId': False, 'showName': True, 'showPhoneNumber': False, 'showWsName': False}, 'wsDomain': None, 'wsFunction': 'platform', 'wsId': 427395, 'wsLimitDetail': {'canDashNum': -1, 'canFormNum': -1, 'canPackageNum': -1, 'currentDashNum': -1, 'currentFormNum': -1, 'currentPackageNum': -1}, 'wsName': '767676636@qq.comÁöÑÂ∑•‰ΩúÂå∫'}, 'mobile': '767676636', 'nickName': '767676636@qq.com', 'npsCollect': False, 'promoCode': '736224c8f', 'randomEmail': False, 'recordedNewGuidePop': [], 'showProcessPersonal': False, 'signatureUrl': None, 'source': 'home_home', 'status': None, 'uid': 1852986}, 'userSecurityVO': {'authMethod': 0, 'beingUninitialized': False}}
{'beingInvited': False, 'corpName': None, 'loginToken': None, 'openId': None, 'token': 'dea6d627-8443-458b-9db4-10aa1f16e4f2', 'userInfo': {'beingBlackEmail': False, 'beingDisableExpiryRemind': False, 'beingExpand': None, 'beingInvited': False, 'beingLangFollowBrowser': True, 'beingOldVersion': None, 'beingPrivacyPolicy': True, 'beingSandBoxSuperAdmin': False, 'collectUserInfo': None, 'createTime': None, 'csShow': True, 'desktopRemind': True, 'email': '767676636@qq.com', 'firstLogin': None, 'grayLimit': 84, 'graySpecify': False, 'grayType': 1, 'hasPwdLoggedIn': False, 'havePassword': True, 'headImg': None, 'lang': None, 'lastWsInfo': {'accepted': None, 'accountLevel': 40, 'auth': 2, 'beingCustomizedAppSync': None, 'beingHideHelpDocument': False, 'beingSandbox': False, 'beingWatermark': False, 'biAuth': 'SUPER', 'canWorkWx': False, 'contactEnableNum': 1, 'contactNum': 1, 'departs': [], 'dynamic': None, 'exId': 'tAeLHd46LCLGei3EBFvklw==', 'exUserId': '1852986', 'expireDate': 1691852441000, 'hideCopyright': False, 'logoutConfig': {'logOutToSso': False, 'serverName': None, 'ssoType': None}, 'memberId': 1685142, 'openConnectorList': [], 'openPluginList': [2, 3, 6, 7, 8, 9, 13, 14, 15, 16, 17, 25, 26, 27, 28, 29, 33, 34, 35, 36, 37, 38, 39, 42, 43, 44, 45, -2, 32], 'permissionStatus': None, 'pluginClickList': [], 'pluginLimitDetail': {'dashAllVisiableLimit': 4, 'dashAllVisiableNum': 0}, 'publicAccessAuthVO': {'beingAttachmentQuestion': False, 'beingPublicLink': False}, 'remark': '767676636@qq.com', 'showContact': True, 'trial': True, 'trialDays': '0', 'trialNotice': True, 'type': 'normal', 'useScheduledSync': False, 'watermarkConfig': {'showDate': False, 'showDeparts': False, 'showExUserId': False, 'showName': True, 'showPhoneNumber': False, 'showWsName': False}, 'wsDomain': None, 'wsFunction': 'platform', 'wsId': 427395, 'wsLimitDetail': {'canDashNum': -1, 'canFormNum': -1, 'canPackageNum': -1, 'currentDashNum': -1, 'currentFormNum': -1, 'currentPackageNum': -1}, 'wsName': '767676636@qq.comÁöÑÂ∑•‰ΩúÂå∫'}, 'mobile': '767676636', 'nickName': '767676636@qq.com', 'npsCollect': False, 'promoCode': '736224c8f', 'randomEmail': False, 'recordedNewGuidePop': [], 'showProcessPersonal': False, 'signatureUrl': None, 'source': 'home_home', 'status': None, 'uid': 1852986}, 'userSecurityVO': {'authMethod': 0, 'beingUninitialized': False}}
118.25.243.250 - - [28/Jul/2023 23:00:41] "POST /mointor HTTP/1.1" 200 -
((517, datetime.datetime(2023, 7, 28, 23, 0, 41), 1, 120),)
637
yibukaishi
767676637@qq.com
767676637
{'beingInvited': False, 'corpName': None, 'loginToken': None, 'openId': None, 'token': '2e507de1-8867-477d-b937-d363d43cf289', 'userInfo': {'beingBlackEmail': False, 'beingDisableExpiryRemind': False, 'beingExpand': None, 'beingInvited': False, 'beingLangFollowBrowser': True, 'beingOldVersion': None, 'beingPrivacyPolicy': True, 'beingSandBoxSuperAdmin': False, 'collectUserInfo': None, 'createTime': None, 'csShow': True, 'desktopRemind': True, 'email': '767676637@qq.com', 'firstLogin': None, 'grayLimit': 51, 'graySpecify': False, 'grayType': 1, 'hasPwdLoggedIn': False, 'havePassword': True, 'headImg': None, 'lang': None, 'lastWsInfo': {'accepted': None, 'accountLevel': 40, 'auth': 2, 'beingCustomizedAppSync': None, 'beingHideHelpDocument': False, 'beingSandbox': False, 'beingWatermark': False, 'biAuth': 'SUPER', 'canWorkWx': False, 'contactEnableNum': 1, 'contactNum': 1, 'departs': [], 'dynamic': None, 'exId': 'tAeLHd46LCJoi/aMvKfFug==', 'exUserId': '1853001', 'expireDate': 1691856060000, 'hideCopyright': False, 'logoutConfig': {'logOutToSso': False, 'serverName': None, 'ssoType': None}, 'memberId': 1685150, 'openConnectorList': [], 'openPluginList': [2, 3, 6, 7, 8, 9, 13, 14, 15, 16, 17, 25, 26, 27, 28, 29, 33, 34, 35, 36, 37, 38, 39, 42, 43, 44, 45, -2, 32], 'permissionStatus': None, 'pluginClickList': [], 'pluginLimitDetail': {'dashAllVisiableLimit': 4, 'dashAllVisiableNum': 0}, 'publicAccessAuthVO': {'beingAttachmentQuestion': False, 'beingPublicLink': False}, 'remark': '767676637@qq.com', 'showContact': True, 'trial': True, 'trialDays': '0', 'trialNotice': True, 'type': 'normal', 'useScheduledSync': False, 'watermarkConfig': {'showDate': False, 'showDeparts': False, 'showExUserId': False, 'showName': True, 'showPhoneNumber': False, 'showWsName': False}, 'wsDomain': None, 'wsFunction': 'platform', 'wsId': 427403, 'wsLimitDetail': {'canDashNum': -1, 'canFormNum': -1, 'canPackageNum': -1, 'currentDashNum': -1, 'currentFormNum': -1, 'currentPackageNum': -1}, 'wsName': '767676637@qq.comÁöÑÂ∑•‰ΩúÂå∫'}, 'mobile': '767676637', 'nickName': '767676637@qq.com', 'npsCollect': False, 'promoCode': 'd0e991e56', 'randomEmail': False, 'recordedNewGuidePop': [], 'showProcessPersonal': False, 'signatureUrl': None, 'source': 'home_home', 'status': None, 'uid': 1853001}, 'userSecurityVO': {'authMethod': 0, 'beingUninitialized': False}}
{'beingInvited': False, 'corpName': None, 'loginToken': None, 'openId': None, 'token': '2e507de1-8867-477d-b937-d363d43cf289', 'userInfo': {'beingBlackEmail': False, 'beingDisableExpiryRemind': False, 'beingExpand': None, 'beingInvited': False, 'beingLangFollowBrowser': True, 'beingOldVersion': None, 'beingPrivacyPolicy': True, 'beingSandBoxSuperAdmin': False, 'collectUserInfo': None, 'createTime': None, 'csShow': True, 'desktopRemind': True, 'email': '767676637@qq.com', 'firstLogin': None, 'grayLimit': 51, 'graySpecify': False, 'grayType': 1, 'hasPwdLoggedIn': False, 'havePassword': True, 'headImg': None, 'lang': None, 'lastWsInfo': {'accepted': None, 'accountLevel': 40, 'auth': 2, 'beingCustomizedAppSync': None, 'beingHideHelpDocument': False, 'beingSandbox': False, 'beingWatermark': False, 'biAuth': 'SUPER', 'canWorkWx': False, 'contactEnableNum': 1, 'contactNum': 1, 'departs': [], 'dynamic': None, 'exId': 'tAeLHd46LCJoi/aMvKfFug==', 'exUserId': '1853001', 'expireDate': 1691856060000, 'hideCopyright': False, 'logoutConfig': {'logOutToSso': False, 'serverName': None, 'ssoType': None}, 'memberId': 1685150, 'openConnectorList': [], 'openPluginList': [2, 3, 6, 7, 8, 9, 13, 14, 15, 16, 17, 25, 26, 27, 28, 29, 33, 34, 35, 36, 37, 38, 39, 42, 43, 44, 45, -2, 32], 'permissionStatus': None, 'pluginClickList': [], 'pluginLimitDetail': {'dashAllVisiableLimit': 4, 'dashAllVisiableNum': 0}, 'publicAccessAuthVO': {'beingAttachmentQuestion': False, 'beingPublicLink': False}, 'remark': '767676637@qq.com', 'showContact': True, 'trial': True, 'trialDays': '0', 'trialNotice': True, 'type': 'normal', 'useScheduledSync': False, 'watermarkConfig': {'showDate': False, 'showDeparts': False, 'showExUserId': False, 'showName': True, 'showPhoneNumber': False, 'showWsName': False}, 'wsDomain': None, 'wsFunction': 'platform', 'wsId': 427403, 'wsLimitDetail': {'canDashNum': -1, 'canFormNum': -1, 'canPackageNum': -1, 'currentDashNum': -1, 'currentFormNum': -1, 'currentPackageNum': -1}, 'wsName': '767676637@qq.comÁöÑÂ∑•‰ΩúÂå∫'}, 'mobile': '767676637', 'nickName': '767676637@qq.com', 'npsCollect': False, 'promoCode': 'd0e991e56', 'randomEmail': False, 'recordedNewGuidePop': [], 'showProcessPersonal': False, 'signatureUrl': None, 'source': 'home_home', 'status': None, 'uid': 1853001}, 'userSecurityVO': {'authMethod': 0, 'beingUninitialized': False}}
118.25.243.250 - - [29/Jul/2023 00:00:59] "POST /mointor HTTP/1.1" 200 -
((518, datetime.datetime(2023, 7, 29, 0, 0, 59), 1, 120),)
638
yibukaishi
767676638@qq.com
767676638
{'beingInvited': False, 'corpName': None, 'loginToken': None, 'openId': None, 'token': 'c9f8f67a-f59d-45f9-9bcb-0e7267df9e68', 'userInfo': {'beingBlackEmail': False, 'beingDisableExpiryRemind': False, 'beingExpand': None, 'beingInvited': False, 'beingLangFollowBrowser': True, 'beingOldVersion': None, 'beingPrivacyPolicy': True, 'beingSandBoxSuperAdmin': False, 'collectUserInfo': None, 'createTime': None, 'csShow': True, 'desktopRemind': True, 'email': '767676638@qq.com', 'firstLogin': None, 'grayLimit': 94, 'graySpecify': False, 'grayType': 1, 'hasPwdLoggedIn': False, 'havePassword': True, 'headImg': None, 'lang': None, 'lastWsInfo': {'accepted': None, 'accountLevel': 40, 'auth': 2, 'beingCustomizedAppSync': None, 'beingHideHelpDocument': False, 'beingSandbox': False, 'beingWatermark': False, 'biAuth': 'SUPER', 'canWorkWx': False, 'contactEnableNum': 1, 'contactNum': 1, 'departs': [], 'dynamic': None, 'exId': 'tAeLHd46LCJ4V/fzs/6vvQ==', 'exUserId': '1853006', 'expireDate': 1691857810000, 'hideCopyright': False, 'logoutConfig': {'logOutToSso': False, 'serverName': None, 'ssoType': None}, 'memberId': 1685152, 'openConnectorList': [], 'openPluginList': [2, 3, 6, 7, 8, 9, 13, 14, 15, 16, 17, 25, 26, 27, 28, 29, 33, 34, 35, 36, 37, 38, 39, 42, 43, 44, 45, -2, 32], 'permissionStatus': None, 'pluginClickList': [], 'pluginLimitDetail': {'dashAllVisiableLimit': 4, 'dashAllVisiableNum': 0}, 'publicAccessAuthVO': {'beingAttachmentQuestion': False, 'beingPublicLink': False}, 'remark': '767676638@qq.com', 'showContact': True, 'trial': True, 'trialDays': '0', 'trialNotice': True, 'type': 'normal', 'useScheduledSync': False, 'watermarkConfig': {'showDate': False, 'showDeparts': False, 'showExUserId': False, 'showName': True, 'showPhoneNumber': False, 'showWsName': False}, 'wsDomain': None, 'wsFunction': 'platform', 'wsId': 427405, 'wsLimitDetail': {'canDashNum': -1, 'canFormNum': -1, 'canPackageNum': -1, 'currentDashNum': -1, 'currentFormNum': -1, 'currentPackageNum': -1}, 'wsName': '767676638@qq.comÁöÑÂ∑•‰ΩúÂå∫'}, 'mobile': '767676638', 'nickName': '767676638@qq.com', 'npsCollect': False, 'promoCode': '108eff9a3', 'randomEmail': False, 'recordedNewGuidePop': [], 'showProcessPersonal': False, 'signatureUrl': None, 'source': 'home_home', 'status': None, 'uid': 1853006}, 'userSecurityVO': {'authMethod': 0, 'beingUninitialized': False}}
{'beingInvited': False, 'corpName': None, 'loginToken': None, 'openId': None, 'token': 'c9f8f67a-f59d-45f9-9bcb-0e7267df9e68', 'userInfo': {'beingBlackEmail': False, 'beingDisableExpiryRemind': False, 'beingExpand': None, 'beingInvited': False, 'beingLangFollowBrowser': True, 'beingOldVersion': None, 'beingPrivacyPolicy': True, 'beingSandBoxSuperAdmin': False, 'collectUserInfo': None, 'createTime': None, 'csShow': True, 'desktopRemind': True, 'email': '767676638@qq.com', 'firstLogin': None, 'grayLimit': 94, 'graySpecify': False, 'grayType': 1, 'hasPwdLoggedIn': False, 'havePassword': True, 'headImg': None, 'lang': None, 'lastWsInfo': {'accepted': None, 'accountLevel': 40, 'auth': 2, 'beingCustomizedAppSync': None, 'beingHideHelpDocument': False, 'beingSandbox': False, 'beingWatermark': False, 'biAuth': 'SUPER', 'canWorkWx': False, 'contactEnableNum': 1, 'contactNum': 1, 'departs': [], 'dynamic': None, 'exId': 'tAeLHd46LCJ4V/fzs/6vvQ==', 'exUserId': '1853006', 'expireDate': 1691857810000, 'hideCopyright': False, 'logoutConfig': {'logOutToSso': False, 'serverName': None, 'ssoType': None}, 'memberId': 1685152, 'openConnectorList': [], 'openPluginList': [2, 3, 6, 7, 8, 9, 13, 14, 15, 16, 17, 25, 26, 27, 28, 29, 33, 34, 35, 36, 37, 38, 39, 42, 43, 44, 45, -2, 32], 'permissionStatus': None, 'pluginClickList': [], 'pluginLimitDetail': {'dashAllVisiableLimit': 4, 'dashAllVisiableNum': 0}, 'publicAccessAuthVO': {'beingAttachmentQuestion': False, 'beingPublicLink': False}, 'remark': '767676638@qq.com', 'showContact': True, 'trial': True, 'trialDays': '0', 'trialNotice': True, 'type': 'normal', 'useScheduledSync': False, 'watermarkConfig': {'showDate': False, 'showDeparts': False, 'showExUserId': False, 'showName': True, 'showPhoneNumber': False, 'showWsName': False}, 'wsDomain': None, 'wsFunction': 'platform', 'wsId': 427405, 'wsLimitDetail': {'canDashNum': -1, 'canFormNum': -1, 'canPackageNum': -1, 'currentDashNum': -1, 'currentFormNum': -1, 'currentPackageNum': -1}, 'wsName': '767676638@qq.comÁöÑÂ∑•‰ΩúÂå∫'}, 'mobile': '767676638', 'nickName': '767676638@qq.com', 'npsCollect': False, 'promoCode': '108eff9a3', 'randomEmail': False, 'recordedNewGuidePop': [], 'showProcessPersonal': False, 'signatureUrl': None, 'source': 'home_home', 'status': None, 'uid': 1853006}, 'userSecurityVO': {'authMethod': 0, 'beingUninitialized': False}}
118.25.243.250 - - [29/Jul/2023 00:30:10] "POST /mointor HTTP/1.1" 200 -
519
[2023-07-29 01:08:57,856] ERROR in app: Exception on / [GET]
Traceback (most recent call last):
  File "/usr/local/lib64/python3.6/site-packages/flask/app.py", line 2073, in wsgi_app
    response = self.full_dispatch_request()
  File "/usr/local/lib64/python3.6/site-packages/flask/app.py", line 1519, in full_dispatch_request
    return self.finalize_request(rv)
  File "/usr/local/lib64/python3.6/site-packages/flask/app.py", line 1538, in finalize_request
    response = self.make_response(rv)
  File "/usr/local/lib64/python3.6/site-packages/flask/app.py", line 1702, in make_response
    f"The view function for {request.endpoint!r} did not"
TypeError: The view function for 'result' did not return a valid response. The function either returned None or ended without a return statement.
162.142.125.214 - - [29/Jul/2023 01:08:57] "[35m[1mGET / HTTP/1.1[0m" 500 -
162.142.125.214 - - [29/Jul/2023 01:08:58] code 505, message Invalid HTTP version (2.0)
162.142.125.214 - - [29/Jul/2023 01:08:58] "[35m[1mPRI * HTTP/2.0[0m" HTTPStatus.HTTP_VERSION_NOT_SUPPORTED -
123.160.221.19 - - [29/Jul/2023 03:21:44] code 400, message Bad request version ('√Ä\x13√Ä')
123.160.221.19 - - [29/Jul/2023 03:21:44] "[35m[1m √Æ  √™I¬≤√π¬º¬ôi√ÄY√ª√∏¬∫e-¬ÉUd]¬ç¬∑b8¬¥g√Ü√ù9dZ8f g√Å¬Åi¬≥√∂√≤√ã¬∞¬©N√ñ¬Ω¬ïg|p√º√©<Z¬°¬êT¬∑√©¬•8'O; &√Ä+√Ä/√Ä,√Ä0√å¬©√å¬®√Ä	√Ä√Ä[0m" HTTPStatus.BAD_REQUEST -
519
[2023-07-29 03:21:55,135] ERROR in app: Exception on / [GET]
Traceback (most recent call last):
  File "/usr/local/lib64/python3.6/site-packages/flask/app.py", line 2073, in wsgi_app
    response = self.full_dispatch_request()
  File "/usr/local/lib64/python3.6/site-packages/flask/app.py", line 1519, in full_dispatch_request
    return self.finalize_request(rv)
  File "/usr/local/lib64/python3.6/site-packages/flask/app.py", line 1538, in finalize_request
    response = self.make_response(rv)
  File "/usr/local/lib64/python3.6/site-packages/flask/app.py", line 1702, in make_response
    f"The view function for {request.endpoint!r} did not"
TypeError: The view function for 'result' did not return a valid response. The function either returned None or ended without a return statement.
123.160.221.19 - - [29/Jul/2023 03:21:55] "[35m[1mGET / HTTP/1.1[0m" 500 -
519
[2023-07-29 03:22:08,003] ERROR in app: Exception on / [GET]
Traceback (most recent call last):
  File "/usr/local/lib64/python3.6/site-packages/flask/app.py", line 2073, in wsgi_app
    response = self.full_dispatch_request()
  File "/usr/local/lib64/python3.6/site-packages/flask/app.py", line 1519, in full_dispatch_request
    return self.finalize_request(rv)
  File "/usr/local/lib64/python3.6/site-packages/flask/app.py", line 1538, in finalize_request
    response = self.make_response(rv)
  File "/usr/local/lib64/python3.6/site-packages/flask/app.py", line 1702, in make_response
    f"The view function for {request.endpoint!r} did not"
TypeError: The view function for 'result' did not return a valid response. The function either returned None or ended without a return statement.
111.7.96.158 - - [29/Jul/2023 03:22:08] "[35m[1mGET / HTTP/1.1[0m" 500 -
519
[2023-07-29 03:22:13,021] ERROR in app: Exception on / [GET]
Traceback (most recent call last):
  File "/usr/local/lib64/python3.6/site-packages/flask/app.py", line 2073, in wsgi_app
    response = self.full_dispatch_request()
  File "/usr/local/lib64/python3.6/site-packages/flask/app.py", line 1519, in full_dispatch_request
    return self.finalize_request(rv)
  File "/usr/local/lib64/python3.6/site-packages/flask/app.py", line 1538, in finalize_request
    response = self.make_response(rv)
  File "/usr/local/lib64/python3.6/site-packages/flask/app.py", line 1702, in make_response
    f"The view function for {request.endpoint!r} did not"
TypeError: The view function for 'result' did not return a valid response. The function either returned None or ended without a return statement.
36.99.136.129 - - [29/Jul/2023 03:22:13] "[35m[1mGET / HTTP/1.1[0m" 500 -
519
[2023-07-29 03:22:14,973] ERROR in app: Exception on / [GET]
Traceback (most recent call last):
  File "/usr/local/lib64/python3.6/site-packages/flask/app.py", line 2073, in wsgi_app
    response = self.full_dispatch_request()
  File "/usr/local/lib64/python3.6/site-packages/flask/app.py", line 1519, in full_dispatch_request
    return self.finalize_request(rv)
  File "/usr/local/lib64/python3.6/site-packages/flask/app.py", line 1538, in finalize_request
    response = self.make_response(rv)
  File "/usr/local/lib64/python3.6/site-packages/flask/app.py", line 1702, in make_response
    f"The view function for {request.endpoint!r} did not"
TypeError: The view function for 'result' did not return a valid response. The function either returned None or ended without a return statement.
111.7.96.180 - - [29/Jul/2023 03:22:14] "[35m[1mGET / HTTP/1.1[0m" 500 -
519
124.221.203.147 - - [29/Jul/2023 10:00:57] "GET /?password=wsj HTTP/1.1" 200 -
((519, datetime.datetime(2023, 7, 29, 0, 30, 10), 1, 120),)
639
yibukaishi
767676639@qq.com
767676639
{'beingInvited': False, 'corpName': None, 'loginToken': None, 'openId': None, 'token': '9428a098-042f-4808-a39b-4e4d08e57ba7', 'userInfo': {'beingBlackEmail': False, 'beingDisableExpiryRemind': False, 'beingExpand': None, 'beingInvited': False, 'beingLangFollowBrowser': True, 'beingOldVersion': None, 'beingPrivacyPolicy': True, 'beingSandBoxSuperAdmin': False, 'collectUserInfo': None, 'createTime': None, 'csShow': True, 'desktopRemind': True, 'email': '767676639@qq.com', 'firstLogin': None, 'grayLimit': 5, 'graySpecify': False, 'grayType': 1, 'hasPwdLoggedIn': False, 'havePassword': True, 'headImg': None, 'lang': None, 'lastWsInfo': {'accepted': None, 'accountLevel': 40, 'auth': 2, 'beingCustomizedAppSync': None, 'beingHideHelpDocument': False, 'beingSandbox': False, 'beingWatermark': False, 'biAuth': 'SUPER', 'canWorkWx': False, 'contactEnableNum': 1, 'contactNum': 1, 'departs': [], 'dynamic': None, 'exId': 'tAeLHd46LCJ7PzcXIy6niQ==', 'exUserId': '1853683', 'expireDate': 1691942451000, 'hideCopyright': False, 'logoutConfig': {'logOutToSso': False, 'serverName': None, 'ssoType': None}, 'memberId': 1685502, 'openConnectorList': [], 'openPluginList': [2, 3, 6, 7, 8, 9, 13, 14, 15, 16, 17, 25, 26, 27, 28, 29, 33, 34, 35, 36, 37, 38, 39, 42, 43, 44, 45, -2, 32], 'permissionStatus': None, 'pluginClickList': [], 'pluginLimitDetail': {'dashAllVisiableLimit': 4, 'dashAllVisiableNum': 0}, 'publicAccessAuthVO': {'beingAttachmentQuestion': False, 'beingPublicLink': False}, 'remark': '767676639@qq.com', 'showContact': True, 'trial': True, 'trialDays': '0', 'trialNotice': True, 'type': 'normal', 'useScheduledSync': False, 'watermarkConfig': {'showDate': False, 'showDeparts': False, 'showExUserId': False, 'showName': True, 'showPhoneNumber': False, 'showWsName': False}, 'wsDomain': None, 'wsFunction': 'platform', 'wsId': 427664, 'wsLimitDetail': {'canDashNum': -1, 'canFormNum': -1, 'canPackageNum': -1, 'currentDashNum': -1, 'currentFormNum': -1, 'currentPackageNum': -1}, 'wsName': '767676639@qq.comÁöÑÂ∑•‰ΩúÂå∫'}, 'mobile': '767676639', 'nickName': '767676639@qq.com', 'npsCollect': False, 'promoCode': 'ab074fb20', 'randomEmail': False, 'recordedNewGuidePop': [], 'showProcessPersonal': False, 'signatureUrl': None, 'source': 'home_home', 'status': None, 'uid': 1853683}, 'userSecurityVO': {'authMethod': 0, 'beingUninitialized': False}}
{'beingInvited': False, 'corpName': None, 'loginToken': None, 'openId': None, 'token': '9428a098-042f-4808-a39b-4e4d08e57ba7', 'userInfo': {'beingBlackEmail': False, 'beingDisableExpiryRemind': False, 'beingExpand': None, 'beingInvited': False, 'beingLangFollowBrowser': True, 'beingOldVersion': None, 'beingPrivacyPolicy': True, 'beingSandBoxSuperAdmin': False, 'collectUserInfo': None, 'createTime': None, 'csShow': True, 'desktopRemind': True, 'email': '767676639@qq.com', 'firstLogin': None, 'grayLimit': 5, 'graySpecify': False, 'grayType': 1, 'hasPwdLoggedIn': False, 'havePassword': True, 'headImg': None, 'lang': None, 'lastWsInfo': {'accepted': None, 'accountLevel': 40, 'auth': 2, 'beingCustomizedAppSync': None, 'beingHideHelpDocument': False, 'beingSandbox': False, 'beingWatermark': False, 'biAuth': 'SUPER', 'canWorkWx': False, 'contactEnableNum': 1, 'contactNum': 1, 'departs': [], 'dynamic': None, 'exId': 'tAeLHd46LCJ7PzcXIy6niQ==', 'exUserId': '1853683', 'expireDate': 1691942451000, 'hideCopyright': False, 'logoutConfig': {'logOutToSso': False, 'serverName': None, 'ssoType': None}, 'memberId': 1685502, 'openConnectorList': [], 'openPluginList': [2, 3, 6, 7, 8, 9, 13, 14, 15, 16, 17, 25, 26, 27, 28, 29, 33, 34, 35, 36, 37, 38, 39, 42, 43, 44, 45, -2, 32], 'permissionStatus': None, 'pluginClickList': [], 'pluginLimitDetail': {'dashAllVisiableLimit': 4, 'dashAllVisiableNum': 0}, 'publicAccessAuthVO': {'beingAttachmentQuestion': False, 'beingPublicLink': False}, 'remark': '767676639@qq.com', 'showContact': True, 'trial': True, 'trialDays': '0', 'trialNotice': True, 'type': 'normal', 'useScheduledSync': False, 'watermarkConfig': {'showDate': False, 'showDeparts': False, 'showExUserId': False, 'showName': True, 'showPhoneNumber': False, 'showWsName': False}, 'wsDomain': None, 'wsFunction': 'platform', 'wsId': 427664, 'wsLimitDetail': {'canDashNum': -1, 'canFormNum': -1, 'canPackageNum': -1, 'currentDashNum': -1, 'currentFormNum': -1, 'currentPackageNum': -1}, 'wsName': '767676639@qq.comÁöÑÂ∑•‰ΩúÂå∫'}, 'mobile': '767676639', 'nickName': '767676639@qq.com', 'npsCollect': False, 'promoCode': 'ab074fb20', 'randomEmail': False, 'recordedNewGuidePop': [], 'showProcessPersonal': False, 'signatureUrl': None, 'source': 'home_home', 'status': None, 'uid': 1853683}, 'userSecurityVO': {'authMethod': 0, 'beingUninitialized': False}}
118.25.243.250 - - [30/Jul/2023 00:00:51] "POST /mointor HTTP/1.1" 200 -
((520, datetime.datetime(2023, 7, 30, 0, 0, 51), 1, 120),)
640
yibukaishi
767676640@qq.com
767676640
{'beingInvited': False, 'corpName': None, 'loginToken': None, 'openId': None, 'token': 'b94a31ca-3409-4926-987a-748e0a3758ae', 'userInfo': {'beingBlackEmail': False, 'beingDisableExpiryRemind': False, 'beingExpand': None, 'beingInvited': False, 'beingLangFollowBrowser': True, 'beingOldVersion': None, 'beingPrivacyPolicy': True, 'beingSandBoxSuperAdmin': False, 'collectUserInfo': None, 'createTime': None, 'csShow': True, 'desktopRemind': True, 'email': '767676640@qq.com', 'firstLogin': None, 'grayLimit': 13, 'graySpecify': False, 'grayType': 1, 'hasPwdLoggedIn': False, 'havePassword': True, 'headImg': None, 'lang': None, 'lastWsInfo': {'accepted': None, 'accountLevel': 40, 'auth': 2, 'beingCustomizedAppSync': None, 'beingHideHelpDocument': False, 'beingSandbox': False, 'beingWatermark': False, 'biAuth': 'SUPER', 'canWorkWx': False, 'contactEnableNum': 1, 'contactNum': 1, 'departs': [], 'dynamic': None, 'exId': 'tAeLHd46LCJV/NGi3EbeWg==', 'exUserId': '1853690', 'expireDate': 1691944209000, 'hideCopyright': False, 'logoutConfig': {'logOutToSso': False, 'serverName': None, 'ssoType': None}, 'memberId': 1685508, 'openConnectorList': [], 'openPluginList': [2, 3, 6, 7, 8, 9, 13, 14, 15, 16, 17, 25, 26, 27, 28, 29, 33, 34, 35, 36, 37, 38, 39, 42, 43, 44, 45, -2, 32], 'permissionStatus': None, 'pluginClickList': [], 'pluginLimitDetail': {'dashAllVisiableLimit': 4, 'dashAllVisiableNum': 0}, 'publicAccessAuthVO': {'beingAttachmentQuestion': False, 'beingPublicLink': False}, 'remark': '767676640@qq.com', 'showContact': True, 'trial': True, 'trialDays': '0', 'trialNotice': True, 'type': 'normal', 'useScheduledSync': False, 'watermarkConfig': {'showDate': False, 'showDeparts': False, 'showExUserId': False, 'showName': True, 'showPhoneNumber': False, 'showWsName': False}, 'wsDomain': None, 'wsFunction': 'platform', 'wsId': 427670, 'wsLimitDetail': {'canDashNum': -1, 'canFormNum': -1, 'canPackageNum': -1, 'currentDashNum': -1, 'currentFormNum': -1, 'currentPackageNum': -1}, 'wsName': '767676640@qq.comÁöÑÂ∑•‰ΩúÂå∫'}, 'mobile': '767676640', 'nickName': '767676640@qq.com', 'npsCollect': False, 'promoCode': 'e13b26e7b', 'randomEmail': False, 'recordedNewGuidePop': [], 'showProcessPersonal': False, 'signatureUrl': None, 'source': 'home_home', 'status': None, 'uid': 1853690}, 'userSecurityVO': {'authMethod': 0, 'beingUninitialized': False}}
{'beingInvited': False, 'corpName': None, 'loginToken': None, 'openId': None, 'token': 'b94a31ca-3409-4926-987a-748e0a3758ae', 'userInfo': {'beingBlackEmail': False, 'beingDisableExpiryRemind': False, 'beingExpand': None, 'beingInvited': False, 'beingLangFollowBrowser': True, 'beingOldVersion': None, 'beingPrivacyPolicy': True, 'beingSandBoxSuperAdmin': False, 'collectUserInfo': None, 'createTime': None, 'csShow': True, 'desktopRemind': True, 'email': '767676640@qq.com', 'firstLogin': None, 'grayLimit': 13, 'graySpecify': False, 'grayType': 1, 'hasPwdLoggedIn': False, 'havePassword': True, 'headImg': None, 'lang': None, 'lastWsInfo': {'accepted': None, 'accountLevel': 40, 'auth': 2, 'beingCustomizedAppSync': None, 'beingHideHelpDocument': False, 'beingSandbox': False, 'beingWatermark': False, 'biAuth': 'SUPER', 'canWorkWx': False, 'contactEnableNum': 1, 'contactNum': 1, 'departs': [], 'dynamic': None, 'exId': 'tAeLHd46LCJV/NGi3EbeWg==', 'exUserId': '1853690', 'expireDate': 1691944209000, 'hideCopyright': False, 'logoutConfig': {'logOutToSso': False, 'serverName': None, 'ssoType': None}, 'memberId': 1685508, 'openConnectorList': [], 'openPluginList': [2, 3, 6, 7, 8, 9, 13, 14, 15, 16, 17, 25, 26, 27, 28, 29, 33, 34, 35, 36, 37, 38, 39, 42, 43, 44, 45, -2, 32], 'permissionStatus': None, 'pluginClickList': [], 'pluginLimitDetail': {'dashAllVisiableLimit': 4, 'dashAllVisiableNum': 0}, 'publicAccessAuthVO': {'beingAttachmentQuestion': False, 'beingPublicLink': False}, 'remark': '767676640@qq.com', 'showContact': True, 'trial': True, 'trialDays': '0', 'trialNotice': True, 'type': 'normal', 'useScheduledSync': False, 'watermarkConfig': {'showDate': False, 'showDeparts': False, 'showExUserId': False, 'showName': True, 'showPhoneNumber': False, 'showWsName': False}, 'wsDomain': None, 'wsFunction': 'platform', 'wsId': 427670, 'wsLimitDetail': {'canDashNum': -1, 'canFormNum': -1, 'canPackageNum': -1, 'currentDashNum': -1, 'currentFormNum': -1, 'currentPackageNum': -1}, 'wsName': '767676640@qq.comÁöÑÂ∑•‰ΩúÂå∫'}, 'mobile': '767676640', 'nickName': '767676640@qq.com', 'npsCollect': False, 'promoCode': 'e13b26e7b', 'randomEmail': False, 'recordedNewGuidePop': [], 'showProcessPersonal': False, 'signatureUrl': None, 'source': 'home_home', 'status': None, 'uid': 1853690}, 'userSecurityVO': {'authMethod': 0, 'beingUninitialized': False}}
118.25.243.250 - - [30/Jul/2023 00:30:09] "POST /mointor HTTP/1.1" 200 -
521
[2023-07-30 06:20:44,729] ERROR in app: Exception on / [GET]
Traceback (most recent call last):
  File "/usr/local/lib64/python3.6/site-packages/flask/app.py", line 2073, in wsgi_app
    response = self.full_dispatch_request()
  File "/usr/local/lib64/python3.6/site-packages/flask/app.py", line 1519, in full_dispatch_request
    return self.finalize_request(rv)
  File "/usr/local/lib64/python3.6/site-packages/flask/app.py", line 1538, in finalize_request
    response = self.make_response(rv)
  File "/usr/local/lib64/python3.6/site-packages/flask/app.py", line 1702, in make_response
    f"The view function for {request.endpoint!r} did not"
TypeError: The view function for 'result' did not return a valid response. The function either returned None or ended without a return statement.
95.214.53.99 - - [30/Jul/2023 06:20:44] "[35m[1mGET / HTTP/1.1[0m" 500 -
521
124.221.203.147 - - [30/Jul/2023 10:00:58] "GET /?password=wsj HTTP/1.1" 200 -
((521, datetime.datetime(2023, 7, 30, 0, 30, 9), 1, 120),)
641
yibukaishi
767676641@qq.com
767676641
{'beingInvited': False, 'corpName': None, 'loginToken': None, 'openId': None, 'token': '6846bd4b-4b6f-42b6-ac4b-387eecff7c15', 'userInfo': {'beingBlackEmail': False, 'beingDisableExpiryRemind': False, 'beingExpand': None, 'beingInvited': False, 'beingLangFollowBrowser': True, 'beingOldVersion': None, 'beingPrivacyPolicy': True, 'beingSandBoxSuperAdmin': False, 'collectUserInfo': None, 'createTime': None, 'csShow': True, 'desktopRemind': True, 'email': '767676641@qq.com', 'firstLogin': None, 'grayLimit': 66, 'graySpecify': False, 'grayType': 1, 'hasPwdLoggedIn': False, 'havePassword': True, 'headImg': None, 'lang': None, 'lastWsInfo': {'accepted': None, 'accountLevel': 40, 'auth': 2, 'beingCustomizedAppSync': None, 'beingHideHelpDocument': False, 'beingSandbox': False, 'beingWatermark': False, 'biAuth': 'SUPER', 'canWorkWx': False, 'contactEnableNum': 1, 'contactNum': 1, 'departs': [], 'dynamic': None, 'exId': 'tAeLHd46LCJWDz4/GbnVgg==', 'exUserId': '1854168', 'expireDate': 1692028862000, 'hideCopyright': False, 'logoutConfig': {'logOutToSso': False, 'serverName': None, 'ssoType': None}, 'memberId': 1685849, 'openConnectorList': [], 'openPluginList': [2, 3, 6, 7, 8, 9, 13, 14, 15, 16, 17, 25, 26, 27, 28, 29, 33, 34, 35, 36, 37, 38, 39, 42, 43, 44, 45, -2, 32], 'permissionStatus': None, 'pluginClickList': [], 'pluginLimitDetail': {'dashAllVisiableLimit': 4, 'dashAllVisiableNum': 0}, 'publicAccessAuthVO': {'beingAttachmentQuestion': False, 'beingPublicLink': False}, 'remark': '767676641@qq.com', 'showContact': True, 'trial': True, 'trialDays': '0', 'trialNotice': True, 'type': 'normal', 'useScheduledSync': False, 'watermarkConfig': {'showDate': False, 'showDeparts': False, 'showExUserId': False, 'showName': True, 'showPhoneNumber': False, 'showWsName': False}, 'wsDomain': None, 'wsFunction': 'platform', 'wsId': 427904, 'wsLimitDetail': {'canDashNum': -1, 'canFormNum': -1, 'canPackageNum': -1, 'currentDashNum': -1, 'currentFormNum': -1, 'currentPackageNum': -1}, 'wsName': '767676641@qq.comÁöÑÂ∑•‰ΩúÂå∫'}, 'mobile': '767676641', 'nickName': '767676641@qq.com', 'npsCollect': False, 'promoCode': 'a680caaf9', 'randomEmail': False, 'recordedNewGuidePop': [], 'showProcessPersonal': False, 'signatureUrl': None, 'source': 'home_home', 'status': None, 'uid': 1854168}, 'userSecurityVO': {'authMethod': 0, 'beingUninitialized': False}}
{'beingInvited': False, 'corpName': None, 'loginToken': None, 'openId': None, 'token': '6846bd4b-4b6f-42b6-ac4b-387eecff7c15', 'userInfo': {'beingBlackEmail': False, 'beingDisableExpiryRemind': False, 'beingExpand': None, 'beingInvited': False, 'beingLangFollowBrowser': True, 'beingOldVersion': None, 'beingPrivacyPolicy': True, 'beingSandBoxSuperAdmin': False, 'collectUserInfo': None, 'createTime': None, 'csShow': True, 'desktopRemind': True, 'email': '767676641@qq.com', 'firstLogin': None, 'grayLimit': 66, 'graySpecify': False, 'grayType': 1, 'hasPwdLoggedIn': False, 'havePassword': True, 'headImg': None, 'lang': None, 'lastWsInfo': {'accepted': None, 'accountLevel': 40, 'auth': 2, 'beingCustomizedAppSync': None, 'beingHideHelpDocument': False, 'beingSandbox': False, 'beingWatermark': False, 'biAuth': 'SUPER', 'canWorkWx': False, 'contactEnableNum': 1, 'contactNum': 1, 'departs': [], 'dynamic': None, 'exId': 'tAeLHd46LCJWDz4/GbnVgg==', 'exUserId': '1854168', 'expireDate': 1692028862000, 'hideCopyright': False, 'logoutConfig': {'logOutToSso': False, 'serverName': None, 'ssoType': None}, 'memberId': 1685849, 'openConnectorList': [], 'openPluginList': [2, 3, 6, 7, 8, 9, 13, 14, 15, 16, 17, 25, 26, 27, 28, 29, 33, 34, 35, 36, 37, 38, 39, 42, 43, 44, 45, -2, 32], 'permissionStatus': None, 'pluginClickList': [], 'pluginLimitDetail': {'dashAllVisiableLimit': 4, 'dashAllVisiableNum': 0}, 'publicAccessAuthVO': {'beingAttachmentQuestion': False, 'beingPublicLink': False}, 'remark': '767676641@qq.com', 'showContact': True, 'trial': True, 'trialDays': '0', 'trialNotice': True, 'type': 'normal', 'useScheduledSync': False, 'watermarkConfig': {'showDate': False, 'showDeparts': False, 'showExUserId': False, 'showName': True, 'showPhoneNumber': False, 'showWsName': False}, 'wsDomain': None, 'wsFunction': 'platform', 'wsId': 427904, 'wsLimitDetail': {'canDashNum': -1, 'canFormNum': -1, 'canPackageNum': -1, 'currentDashNum': -1, 'currentFormNum': -1, 'currentPackageNum': -1}, 'wsName': '767676641@qq.comÁöÑÂ∑•‰ΩúÂå∫'}, 'mobile': '767676641', 'nickName': '767676641@qq.com', 'npsCollect': False, 'promoCode': 'a680caaf9', 'randomEmail': False, 'recordedNewGuidePop': [], 'showProcessPersonal': False, 'signatureUrl': None, 'source': 'home_home', 'status': None, 'uid': 1854168}, 'userSecurityVO': {'authMethod': 0, 'beingUninitialized': False}}
118.25.243.250 - - [31/Jul/2023 00:01:01] "POST /mointor HTTP/1.1" 200 -
((522, datetime.datetime(2023, 7, 31, 0, 1, 1), 1, 120),)
642
yibukaishi
767676642@qq.com
767676642
{'beingInvited': False, 'corpName': None, 'loginToken': None, 'openId': None, 'token': '8d7e1c12-8239-4102-8564-2c92c26b42be', 'userInfo': {'beingBlackEmail': False, 'beingDisableExpiryRemind': False, 'beingExpand': None, 'beingInvited': False, 'beingLangFollowBrowser': True, 'beingOldVersion': None, 'beingPrivacyPolicy': True, 'beingSandBoxSuperAdmin': False, 'collectUserInfo': None, 'createTime': None, 'csShow': True, 'desktopRemind': True, 'email': '767676642@qq.com', 'firstLogin': None, 'grayLimit': 15, 'graySpecify': False, 'grayType': 1, 'hasPwdLoggedIn': False, 'havePassword': True, 'headImg': None, 'lang': None, 'lastWsInfo': {'accepted': None, 'accountLevel': 40, 'auth': 2, 'beingCustomizedAppSync': None, 'beingHideHelpDocument': False, 'beingSandbox': False, 'beingWatermark': False, 'biAuth': 'SUPER', 'canWorkWx': False, 'contactEnableNum': 1, 'contactNum': 1, 'departs': [], 'dynamic': None, 'exId': 'tAeLHd46LCJLuGPwoJqf4Q==', 'exUserId': '1854172', 'expireDate': 1692030610000, 'hideCopyright': False, 'logoutConfig': {'logOutToSso': False, 'serverName': None, 'ssoType': None}, 'memberId': 1685852, 'openConnectorList': [], 'openPluginList': [2, 3, 6, 7, 8, 9, 13, 14, 15, 16, 17, 25, 26, 27, 28, 29, 33, 34, 35, 36, 37, 38, 39, 42, 43, 44, 45, -2, 32], 'permissionStatus': None, 'pluginClickList': [], 'pluginLimitDetail': {'dashAllVisiableLimit': 4, 'dashAllVisiableNum': 0}, 'publicAccessAuthVO': {'beingAttachmentQuestion': False, 'beingPublicLink': False}, 'remark': '767676642@qq.com', 'showContact': True, 'trial': True, 'trialDays': '0', 'trialNotice': True, 'type': 'normal', 'useScheduledSync': False, 'watermarkConfig': {'showDate': False, 'showDeparts': False, 'showExUserId': False, 'showName': True, 'showPhoneNumber': False, 'showWsName': False}, 'wsDomain': None, 'wsFunction': 'platform', 'wsId': 427907, 'wsLimitDetail': {'canDashNum': -1, 'canFormNum': -1, 'canPackageNum': -1, 'currentDashNum': -1, 'currentFormNum': -1, 'currentPackageNum': -1}, 'wsName': '767676642@qq.comÁöÑÂ∑•‰ΩúÂå∫'}, 'mobile': '767676642', 'nickName': '767676642@qq.com', 'npsCollect': False, 'promoCode': '4cead61c7', 'randomEmail': False, 'recordedNewGuidePop': [], 'showProcessPersonal': False, 'signatureUrl': None, 'source': 'home_home', 'status': None, 'uid': 1854172}, 'userSecurityVO': {'authMethod': 0, 'beingUninitialized': False}}
{'beingInvited': False, 'corpName': None, 'loginToken': None, 'openId': None, 'token': '8d7e1c12-8239-4102-8564-2c92c26b42be', 'userInfo': {'beingBlackEmail': False, 'beingDisableExpiryRemind': False, 'beingExpand': None, 'beingInvited': False, 'beingLangFollowBrowser': True, 'beingOldVersion': None, 'beingPrivacyPolicy': True, 'beingSandBoxSuperAdmin': False, 'collectUserInfo': None, 'createTime': None, 'csShow': True, 'desktopRemind': True, 'email': '767676642@qq.com', 'firstLogin': None, 'grayLimit': 15, 'graySpecify': False, 'grayType': 1, 'hasPwdLoggedIn': False, 'havePassword': True, 'headImg': None, 'lang': None, 'lastWsInfo': {'accepted': None, 'accountLevel': 40, 'auth': 2, 'beingCustomizedAppSync': None, 'beingHideHelpDocument': False, 'beingSandbox': False, 'beingWatermark': False, 'biAuth': 'SUPER', 'canWorkWx': False, 'contactEnableNum': 1, 'contactNum': 1, 'departs': [], 'dynamic': None, 'exId': 'tAeLHd46LCJLuGPwoJqf4Q==', 'exUserId': '1854172', 'expireDate': 1692030610000, 'hideCopyright': False, 'logoutConfig': {'logOutToSso': False, 'serverName': None, 'ssoType': None}, 'memberId': 1685852, 'openConnectorList': [], 'openPluginList': [2, 3, 6, 7, 8, 9, 13, 14, 15, 16, 17, 25, 26, 27, 28, 29, 33, 34, 35, 36, 37, 38, 39, 42, 43, 44, 45, -2, 32], 'permissionStatus': None, 'pluginClickList': [], 'pluginLimitDetail': {'dashAllVisiableLimit': 4, 'dashAllVisiableNum': 0}, 'publicAccessAuthVO': {'beingAttachmentQuestion': False, 'beingPublicLink': False}, 'remark': '767676642@qq.com', 'showContact': True, 'trial': True, 'trialDays': '0', 'trialNotice': True, 'type': 'normal', 'useScheduledSync': False, 'watermarkConfig': {'showDate': False, 'showDeparts': False, 'showExUserId': False, 'showName': True, 'showPhoneNumber': False, 'showWsName': False}, 'wsDomain': None, 'wsFunction': 'platform', 'wsId': 427907, 'wsLimitDetail': {'canDashNum': -1, 'canFormNum': -1, 'canPackageNum': -1, 'currentDashNum': -1, 'currentFormNum': -1, 'currentPackageNum': -1}, 'wsName': '767676642@qq.comÁöÑÂ∑•‰ΩúÂå∫'}, 'mobile': '767676642', 'nickName': '767676642@qq.com', 'npsCollect': False, 'promoCode': '4cead61c7', 'randomEmail': False, 'recordedNewGuidePop': [], 'showProcessPersonal': False, 'signatureUrl': None, 'source': 'home_home', 'status': None, 'uid': 1854172}, 'userSecurityVO': {'authMethod': 0, 'beingUninitialized': False}}
118.25.243.250 - - [31/Jul/2023 00:30:10] "POST /mointor HTTP/1.1" 200 -
523
[2023-07-31 01:35:15,203] ERROR in app: Exception on / [GET]
Traceback (most recent call last):
  File "/usr/local/lib64/python3.6/site-packages/flask/app.py", line 2073, in wsgi_app
    response = self.full_dispatch_request()
  File "/usr/local/lib64/python3.6/site-packages/flask/app.py", line 1519, in full_dispatch_request
    return self.finalize_request(rv)
  File "/usr/local/lib64/python3.6/site-packages/flask/app.py", line 1538, in finalize_request
    response = self.make_response(rv)
  File "/usr/local/lib64/python3.6/site-packages/flask/app.py", line 1702, in make_response
    f"The view function for {request.endpoint!r} did not"
TypeError: The view function for 'result' did not return a valid response. The function either returned None or ended without a return statement.
167.94.138.36 - - [31/Jul/2023 01:35:15] "[35m[1mGET / HTTP/1.1[0m" 500 -
167.94.138.36 - - [31/Jul/2023 01:35:16] code 505, message Invalid HTTP version (2.0)
167.94.138.36 - - [31/Jul/2023 01:35:16] "[35m[1mPRI * HTTP/2.0[0m" HTTPStatus.HTTP_VERSION_NOT_SUPPORTED -
523
124.221.203.147 - - [31/Jul/2023 10:00:57] "GET /?password=wsj HTTP/1.1" 200 -
141.98.11.119 - - [31/Jul/2023 10:56:50] code 400, message Bad HTTP/0.9 request type ('\x03\x00\x00/*√†\x00\x00\x00\x00\x00Cookie:')
141.98.11.119 - - [31/Jul/2023 10:56:50] "[35m[1m  /*√†     Cookie: mstshash=Administr[0m" HTTPStatus.BAD_REQUEST -
141.98.11.119 - - [31/Jul/2023 12:06:32] code 400, message Bad HTTP/0.9 request type ('\x03\x00\x00/*√†\x00\x00\x00\x00\x00Cookie:')
141.98.11.119 - - [31/Jul/2023 12:06:32] "[35m[1m  /*√†     Cookie: mstshash=Administr[0m" HTTPStatus.BAD_REQUEST -
((523, datetime.datetime(2023, 7, 31, 0, 30, 10), 1, 120),)
643
yibukaishi
767676643@qq.com
767676643
{'beingInvited': False, 'corpName': None, 'loginToken': None, 'openId': None, 'token': 'a2825ba8-c1f4-4d30-8be4-77cc8fe100b3', 'userInfo': {'beingBlackEmail': False, 'beingDisableExpiryRemind': False, 'beingExpand': None, 'beingInvited': False, 'beingLangFollowBrowser': True, 'beingOldVersion': None, 'beingPrivacyPolicy': True, 'beingSandBoxSuperAdmin': False, 'collectUserInfo': None, 'createTime': None, 'csShow': True, 'desktopRemind': True, 'email': '767676643@qq.com', 'firstLogin': None, 'grayLimit': 27, 'graySpecify': False, 'grayType': 1, 'hasPwdLoggedIn': False, 'havePassword': True, 'headImg': None, 'lang': None, 'lastWsInfo': {'accepted': None, 'accountLevel': 40, 'auth': 2, 'beingCustomizedAppSync': None, 'beingHideHelpDocument': False, 'beingSandbox': False, 'beingWatermark': False, 'biAuth': 'SUPER', 'canWorkWx': False, 'contactEnableNum': 1, 'contactNum': 1, 'departs': [], 'dynamic': None, 'exId': 'tAeLHd46LCKW0IFdEv2ULA==', 'exUserId': '1855361', 'expireDate': 1692108031000, 'hideCopyright': False, 'logoutConfig': {'logOutToSso': False, 'serverName': None, 'ssoType': None}, 'memberId': 1686737, 'openConnectorList': [], 'openPluginList': [2, 3, 6, 7, 8, 9, 13, 14, 15, 16, 17, 25, 26, 27, 28, 29, 33, 34, 35, 36, 37, 38, 39, 42, 43, 44, 45, -2, 32], 'permissionStatus': None, 'pluginClickList': [], 'pluginLimitDetail': {'dashAllVisiableLimit': 4, 'dashAllVisiableNum': 0}, 'publicAccessAuthVO': {'beingAttachmentQuestion': False, 'beingPublicLink': False}, 'remark': '767676643@qq.com', 'showContact': True, 'trial': True, 'trialDays': '0', 'trialNotice': True, 'type': 'normal', 'useScheduledSync': False, 'watermarkConfig': {'showDate': False, 'showDeparts': False, 'showExUserId': False, 'showName': True, 'showPhoneNumber': False, 'showWsName': False}, 'wsDomain': None, 'wsFunction': 'platform', 'wsId': 428532, 'wsLimitDetail': {'canDashNum': -1, 'canFormNum': -1, 'canPackageNum': -1, 'currentDashNum': -1, 'currentFormNum': -1, 'currentPackageNum': -1}, 'wsName': '767676643@qq.comÁöÑÂ∑•‰ΩúÂå∫'}, 'mobile': '767676643', 'nickName': '767676643@qq.com', 'npsCollect': False, 'promoCode': 'eb2da4729', 'randomEmail': False, 'recordedNewGuidePop': [], 'showProcessPersonal': False, 'signatureUrl': None, 'source': 'home_home', 'status': None, 'uid': 1855361}, 'userSecurityVO': {'authMethod': 0, 'beingUninitialized': False}}
{'beingInvited': False, 'corpName': None, 'loginToken': None, 'openId': None, 'token': 'a2825ba8-c1f4-4d30-8be4-77cc8fe100b3', 'userInfo': {'beingBlackEmail': False, 'beingDisableExpiryRemind': False, 'beingExpand': None, 'beingInvited': False, 'beingLangFollowBrowser': True, 'beingOldVersion': None, 'beingPrivacyPolicy': True, 'beingSandBoxSuperAdmin': False, 'collectUserInfo': None, 'createTime': None, 'csShow': True, 'desktopRemind': True, 'email': '767676643@qq.com', 'firstLogin': None, 'grayLimit': 27, 'graySpecify': False, 'grayType': 1, 'hasPwdLoggedIn': False, 'havePassword': True, 'headImg': None, 'lang': None, 'lastWsInfo': {'accepted': None, 'accountLevel': 40, 'auth': 2, 'beingCustomizedAppSync': None, 'beingHideHelpDocument': False, 'beingSandbox': False, 'beingWatermark': False, 'biAuth': 'SUPER', 'canWorkWx': False, 'contactEnableNum': 1, 'contactNum': 1, 'departs': [], 'dynamic': None, 'exId': 'tAeLHd46LCKW0IFdEv2ULA==', 'exUserId': '1855361', 'expireDate': 1692108031000, 'hideCopyright': False, 'logoutConfig': {'logOutToSso': False, 'serverName': None, 'ssoType': None}, 'memberId': 1686737, 'openConnectorList': [], 'openPluginList': [2, 3, 6, 7, 8, 9, 13, 14, 15, 16, 17, 25, 26, 27, 28, 29, 33, 34, 35, 36, 37, 38, 39, 42, 43, 44, 45, -2, 32], 'permissionStatus': None, 'pluginClickList': [], 'pluginLimitDetail': {'dashAllVisiableLimit': 4, 'dashAllVisiableNum': 0}, 'publicAccessAuthVO': {'beingAttachmentQuestion': False, 'beingPublicLink': False}, 'remark': '767676643@qq.com', 'showContact': True, 'trial': True, 'trialDays': '0', 'trialNotice': True, 'type': 'normal', 'useScheduledSync': False, 'watermarkConfig': {'showDate': False, 'showDeparts': False, 'showExUserId': False, 'showName': True, 'showPhoneNumber': False, 'showWsName': False}, 'wsDomain': None, 'wsFunction': 'platform', 'wsId': 428532, 'wsLimitDetail': {'canDashNum': -1, 'canFormNum': -1, 'canPackageNum': -1, 'currentDashNum': -1, 'currentFormNum': -1, 'currentPackageNum': -1}, 'wsName': '767676643@qq.comÁöÑÂ∑•‰ΩúÂå∫'}, 'mobile': '767676643', 'nickName': '767676643@qq.com', 'npsCollect': False, 'promoCode': 'eb2da4729', 'randomEmail': False, 'recordedNewGuidePop': [], 'showProcessPersonal': False, 'signatureUrl': None, 'source': 'home_home', 'status': None, 'uid': 1855361}, 'userSecurityVO': {'authMethod': 0, 'beingUninitialized': False}}
124.221.203.147 - - [31/Jul/2023 22:00:31] "POST /mointor HTTP/1.1" 200 -
((524, datetime.datetime(2023, 7, 31, 22, 0, 31), 1, 120),)
644
yibukaishi
767676644@qq.com
767676644
{'beingInvited': False, 'corpName': None, 'loginToken': None, 'openId': None, 'token': 'e1f010bd-c2a6-4426-8d7e-b868043b3476', 'userInfo': {'beingBlackEmail': False, 'beingDisableExpiryRemind': False, 'beingExpand': None, 'beingInvited': False, 'beingLangFollowBrowser': True, 'beingOldVersion': None, 'beingPrivacyPolicy': True, 'beingSandBoxSuperAdmin': False, 'collectUserInfo': None, 'createTime': None, 'csShow': True, 'desktopRemind': True, 'email': '767676644@qq.com', 'firstLogin': None, 'grayLimit': 90, 'graySpecify': False, 'grayType': 1, 'hasPwdLoggedIn': False, 'havePassword': True, 'headImg': None, 'lang': None, 'lastWsInfo': {'accepted': None, 'accountLevel': 40, 'auth': 2, 'beingCustomizedAppSync': None, 'beingHideHelpDocument': False, 'beingSandbox': False, 'beingWatermark': False, 'biAuth': 'SUPER', 'canWorkWx': False, 'contactEnableNum': 1, 'contactNum': 1, 'departs': [], 'dynamic': None, 'exId': 'tAeLHd46LCKGmg+8zWqUew==', 'exUserId': '1855382', 'expireDate': 1692111641000, 'hideCopyright': False, 'logoutConfig': {'logOutToSso': False, 'serverName': None, 'ssoType': None}, 'memberId': 1686748, 'openConnectorList': [], 'openPluginList': [2, 3, 6, 7, 8, 9, 13, 14, 15, 16, 17, 25, 26, 27, 28, 29, 33, 34, 35, 36, 37, 38, 39, 42, 43, 44, 45, -2, 32], 'permissionStatus': None, 'pluginClickList': [], 'pluginLimitDetail': {'dashAllVisiableLimit': 4, 'dashAllVisiableNum': 0}, 'publicAccessAuthVO': {'beingAttachmentQuestion': False, 'beingPublicLink': False}, 'remark': '767676644@qq.com', 'showContact': True, 'trial': True, 'trialDays': '0', 'trialNotice': True, 'type': 'normal', 'useScheduledSync': False, 'watermarkConfig': {'showDate': False, 'showDeparts': False, 'showExUserId': False, 'showName': True, 'showPhoneNumber': False, 'showWsName': False}, 'wsDomain': None, 'wsFunction': 'platform', 'wsId': 428541, 'wsLimitDetail': {'canDashNum': -1, 'canFormNum': -1, 'canPackageNum': -1, 'currentDashNum': -1, 'currentFormNum': -1, 'currentPackageNum': -1}, 'wsName': '767676644@qq.comÁöÑÂ∑•‰ΩúÂå∫'}, 'mobile': '767676644', 'nickName': '767676644@qq.com', 'npsCollect': False, 'promoCode': 'f31169a87', 'randomEmail': False, 'recordedNewGuidePop': [], 'showProcessPersonal': False, 'signatureUrl': None, 'source': 'home_home', 'status': None, 'uid': 1855382}, 'userSecurityVO': {'authMethod': 0, 'beingUninitialized': False}}
{'beingInvited': False, 'corpName': None, 'loginToken': None, 'openId': None, 'token': 'e1f010bd-c2a6-4426-8d7e-b868043b3476', 'userInfo': {'beingBlackEmail': False, 'beingDisableExpiryRemind': False, 'beingExpand': None, 'beingInvited': False, 'beingLangFollowBrowser': True, 'beingOldVersion': None, 'beingPrivacyPolicy': True, 'beingSandBoxSuperAdmin': False, 'collectUserInfo': None, 'createTime': None, 'csShow': True, 'desktopRemind': True, 'email': '767676644@qq.com', 'firstLogin': None, 'grayLimit': 90, 'graySpecify': False, 'grayType': 1, 'hasPwdLoggedIn': False, 'havePassword': True, 'headImg': None, 'lang': None, 'lastWsInfo': {'accepted': None, 'accountLevel': 40, 'auth': 2, 'beingCustomizedAppSync': None, 'beingHideHelpDocument': False, 'beingSandbox': False, 'beingWatermark': False, 'biAuth': 'SUPER', 'canWorkWx': False, 'contactEnableNum': 1, 'contactNum': 1, 'departs': [], 'dynamic': None, 'exId': 'tAeLHd46LCKGmg+8zWqUew==', 'exUserId': '1855382', 'expireDate': 1692111641000, 'hideCopyright': False, 'logoutConfig': {'logOutToSso': False, 'serverName': None, 'ssoType': None}, 'memberId': 1686748, 'openConnectorList': [], 'openPluginList': [2, 3, 6, 7, 8, 9, 13, 14, 15, 16, 17, 25, 26, 27, 28, 29, 33, 34, 35, 36, 37, 38, 39, 42, 43, 44, 45, -2, 32], 'permissionStatus': None, 'pluginClickList': [], 'pluginLimitDetail': {'dashAllVisiableLimit': 4, 'dashAllVisiableNum': 0}, 'publicAccessAuthVO': {'beingAttachmentQuestion': False, 'beingPublicLink': False}, 'remark': '767676644@qq.com', 'showContact': True, 'trial': True, 'trialDays': '0', 'trialNotice': True, 'type': 'normal', 'useScheduledSync': False, 'watermarkConfig': {'showDate': False, 'showDeparts': False, 'showExUserId': False, 'showName': True, 'showPhoneNumber': False, 'showWsName': False}, 'wsDomain': None, 'wsFunction': 'platform', 'wsId': 428541, 'wsLimitDetail': {'canDashNum': -1, 'canFormNum': -1, 'canPackageNum': -1, 'currentDashNum': -1, 'currentFormNum': -1, 'currentPackageNum': -1}, 'wsName': '767676644@qq.comÁöÑÂ∑•‰ΩúÂå∫'}, 'mobile': '767676644', 'nickName': '767676644@qq.com', 'npsCollect': False, 'promoCode': 'f31169a87', 'randomEmail': False, 'recordedNewGuidePop': [], 'showProcessPersonal': False, 'signatureUrl': None, 'source': 'home_home', 'status': None, 'uid': 1855382}, 'userSecurityVO': {'authMethod': 0, 'beingUninitialized': False}}
124.221.203.147 - - [31/Jul/2023 23:00:41] "POST /mointor HTTP/1.1" 200 -
((525, datetime.datetime(2023, 7, 31, 23, 0, 41), 1, 120),)
645
yibukaishi
767676645@qq.com
767676645
{'beingInvited': False, 'corpName': None, 'loginToken': None, 'openId': None, 'token': '1d9f51f0-49a8-4d16-b5b5-1b6aa0331771', 'userInfo': {'beingBlackEmail': False, 'beingDisableExpiryRemind': False, 'beingExpand': None, 'beingInvited': False, 'beingLangFollowBrowser': True, 'beingOldVersion': None, 'beingPrivacyPolicy': True, 'beingSandBoxSuperAdmin': False, 'collectUserInfo': None, 'createTime': None, 'csShow': True, 'desktopRemind': True, 'email': '767676645@qq.com', 'firstLogin': None, 'grayLimit': 40, 'graySpecify': False, 'grayType': 1, 'hasPwdLoggedIn': False, 'havePassword': True, 'headImg': None, 'lang': None, 'lastWsInfo': {'accepted': None, 'accountLevel': 40, 'auth': 2, 'beingCustomizedAppSync': None, 'beingHideHelpDocument': False, 'beingSandbox': False, 'beingWatermark': False, 'biAuth': 'SUPER', 'canWorkWx': False, 'contactEnableNum': 1, 'contactNum': 1, 'departs': [], 'dynamic': None, 'exId': 'tAeLHd46LCI0/nuMCWph3A==', 'exUserId': '1855398', 'expireDate': 1692115256000, 'hideCopyright': False, 'logoutConfig': {'logOutToSso': False, 'serverName': None, 'ssoType': None}, 'memberId': 1686758, 'openConnectorList': [], 'openPluginList': [2, 3, 6, 7, 8, 9, 13, 14, 15, 16, 17, 25, 26, 27, 28, 29, 33, 34, 35, 36, 37, 38, 39, 42, 43, 44, 45, -2, 32], 'permissionStatus': None, 'pluginClickList': [], 'pluginLimitDetail': {'dashAllVisiableLimit': 4, 'dashAllVisiableNum': 0}, 'publicAccessAuthVO': {'beingAttachmentQuestion': False, 'beingPublicLink': False}, 'remark': '767676645@qq.com', 'showContact': True, 'trial': True, 'trialDays': '0', 'trialNotice': True, 'type': 'normal', 'useScheduledSync': False, 'watermarkConfig': {'showDate': False, 'showDeparts': False, 'showExUserId': False, 'showName': True, 'showPhoneNumber': False, 'showWsName': False}, 'wsDomain': None, 'wsFunction': 'platform', 'wsId': 428551, 'wsLimitDetail': {'canDashNum': -1, 'canFormNum': -1, 'canPackageNum': -1, 'currentDashNum': -1, 'currentFormNum': -1, 'currentPackageNum': -1}, 'wsName': '767676645@qq.comÁöÑÂ∑•‰ΩúÂå∫'}, 'mobile': '767676645', 'nickName': '767676645@qq.com', 'npsCollect': False, 'promoCode': '7d92c50e8', 'randomEmail': False, 'recordedNewGuidePop': [], 'showProcessPersonal': False, 'signatureUrl': None, 'source': 'home_home', 'status': None, 'uid': 1855398}, 'userSecurityVO': {'authMethod': 0, 'beingUninitialized': False}}
{'beingInvited': False, 'corpName': None, 'loginToken': None, 'openId': None, 'token': '1d9f51f0-49a8-4d16-b5b5-1b6aa0331771', 'userInfo': {'beingBlackEmail': False, 'beingDisableExpiryRemind': False, 'beingExpand': None, 'beingInvited': False, 'beingLangFollowBrowser': True, 'beingOldVersion': None, 'beingPrivacyPolicy': True, 'beingSandBoxSuperAdmin': False, 'collectUserInfo': None, 'createTime': None, 'csShow': True, 'desktopRemind': True, 'email': '767676645@qq.com', 'firstLogin': None, 'grayLimit': 40, 'graySpecify': False, 'grayType': 1, 'hasPwdLoggedIn': False, 'havePassword': True, 'headImg': None, 'lang': None, 'lastWsInfo': {'accepted': None, 'accountLevel': 40, 'auth': 2, 'beingCustomizedAppSync': None, 'beingHideHelpDocument': False, 'beingSandbox': False, 'beingWatermark': False, 'biAuth': 'SUPER', 'canWorkWx': False, 'contactEnableNum': 1, 'contactNum': 1, 'departs': [], 'dynamic': None, 'exId': 'tAeLHd46LCI0/nuMCWph3A==', 'exUserId': '1855398', 'expireDate': 1692115256000, 'hideCopyright': False, 'logoutConfig': {'logOutToSso': False, 'serverName': None, 'ssoType': None}, 'memberId': 1686758, 'openConnectorList': [], 'openPluginList': [2, 3, 6, 7, 8, 9, 13, 14, 15, 16, 17, 25, 26, 27, 28, 29, 33, 34, 35, 36, 37, 38, 39, 42, 43, 44, 45, -2, 32], 'permissionStatus': None, 'pluginClickList': [], 'pluginLimitDetail': {'dashAllVisiableLimit': 4, 'dashAllVisiableNum': 0}, 'publicAccessAuthVO': {'beingAttachmentQuestion': False, 'beingPublicLink': False}, 'remark': '767676645@qq.com', 'showContact': True, 'trial': True, 'trialDays': '0', 'trialNotice': True, 'type': 'normal', 'useScheduledSync': False, 'watermarkConfig': {'showDate': False, 'showDeparts': False, 'showExUserId': False, 'showName': True, 'showPhoneNumber': False, 'showWsName': False}, 'wsDomain': None, 'wsFunction': 'platform', 'wsId': 428551, 'wsLimitDetail': {'canDashNum': -1, 'canFormNum': -1, 'canPackageNum': -1, 'currentDashNum': -1, 'currentFormNum': -1, 'currentPackageNum': -1}, 'wsName': '767676645@qq.comÁöÑÂ∑•‰ΩúÂå∫'}, 'mobile': '767676645', 'nickName': '767676645@qq.com', 'npsCollect': False, 'promoCode': '7d92c50e8', 'randomEmail': False, 'recordedNewGuidePop': [], 'showProcessPersonal': False, 'signatureUrl': None, 'source': 'home_home', 'status': None, 'uid': 1855398}, 'userSecurityVO': {'authMethod': 0, 'beingUninitialized': False}}
124.221.203.147 - - [01/Aug/2023 00:00:56] "POST /mointor HTTP/1.1" 200 -
((526, datetime.datetime(2023, 8, 1, 0, 0, 56), 1, 120),)
646
yibukaishi
767676646@qq.com
767676646
{'beingInvited': False, 'corpName': None, 'loginToken': None, 'openId': None, 'token': '85980544-02db-41ed-a0d5-dd7cfa28c0af', 'userInfo': {'beingBlackEmail': False, 'beingDisableExpiryRemind': False, 'beingExpand': None, 'beingInvited': False, 'beingLangFollowBrowser': True, 'beingOldVersion': None, 'beingPrivacyPolicy': True, 'beingSandBoxSuperAdmin': False, 'collectUserInfo': None, 'createTime': None, 'csShow': True, 'desktopRemind': True, 'email': '767676646@qq.com', 'firstLogin': None, 'grayLimit': 56, 'graySpecify': False, 'grayType': 1, 'hasPwdLoggedIn': False, 'havePassword': True, 'headImg': None, 'lang': None, 'lastWsInfo': {'accepted': None, 'accountLevel': 40, 'auth': 2, 'beingCustomizedAppSync': None, 'beingHideHelpDocument': False, 'beingSandbox': False, 'beingWatermark': False, 'biAuth': 'SUPER', 'canWorkWx': False, 'contactEnableNum': 1, 'contactNum': 1, 'departs': [], 'dynamic': None, 'exId': 'tAeLHd46LCLrJ2z2a1KCOQ==', 'exUserId': '1855402', 'expireDate': 1692117009000, 'hideCopyright': False, 'logoutConfig': {'logOutToSso': False, 'serverName': None, 'ssoType': None}, 'memberId': 1686761, 'openConnectorList': [], 'openPluginList': [2, 3, 6, 7, 8, 9, 13, 14, 15, 16, 17, 25, 26, 27, 28, 29, 33, 34, 35, 36, 37, 38, 39, 42, 43, 44, 45, -2, 32], 'permissionStatus': None, 'pluginClickList': [], 'pluginLimitDetail': {'dashAllVisiableLimit': 4, 'dashAllVisiableNum': 0}, 'publicAccessAuthVO': {'beingAttachmentQuestion': False, 'beingPublicLink': False}, 'remark': '767676646@qq.com', 'showContact': True, 'trial': True, 'trialDays': '0', 'trialNotice': True, 'type': 'normal', 'useScheduledSync': False, 'watermarkConfig': {'showDate': False, 'showDeparts': False, 'showExUserId': False, 'showName': True, 'showPhoneNumber': False, 'showWsName': False}, 'wsDomain': None, 'wsFunction': 'platform', 'wsId': 428554, 'wsLimitDetail': {'canDashNum': -1, 'canFormNum': -1, 'canPackageNum': -1, 'currentDashNum': -1, 'currentFormNum': -1, 'currentPackageNum': -1}, 'wsName': '767676646@qq.comÁöÑÂ∑•‰ΩúÂå∫'}, 'mobile': '767676646', 'nickName': '767676646@qq.com', 'npsCollect': False, 'promoCode': 'a81a65fc1', 'randomEmail': False, 'recordedNewGuidePop': [], 'showProcessPersonal': False, 'signatureUrl': None, 'source': 'home_home', 'status': None, 'uid': 1855402}, 'userSecurityVO': {'authMethod': 0, 'beingUninitialized': False}}
{'beingInvited': False, 'corpName': None, 'loginToken': None, 'openId': None, 'token': '85980544-02db-41ed-a0d5-dd7cfa28c0af', 'userInfo': {'beingBlackEmail': False, 'beingDisableExpiryRemind': False, 'beingExpand': None, 'beingInvited': False, 'beingLangFollowBrowser': True, 'beingOldVersion': None, 'beingPrivacyPolicy': True, 'beingSandBoxSuperAdmin': False, 'collectUserInfo': None, 'createTime': None, 'csShow': True, 'desktopRemind': True, 'email': '767676646@qq.com', 'firstLogin': None, 'grayLimit': 56, 'graySpecify': False, 'grayType': 1, 'hasPwdLoggedIn': False, 'havePassword': True, 'headImg': None, 'lang': None, 'lastWsInfo': {'accepted': None, 'accountLevel': 40, 'auth': 2, 'beingCustomizedAppSync': None, 'beingHideHelpDocument': False, 'beingSandbox': False, 'beingWatermark': False, 'biAuth': 'SUPER', 'canWorkWx': False, 'contactEnableNum': 1, 'contactNum': 1, 'departs': [], 'dynamic': None, 'exId': 'tAeLHd46LCLrJ2z2a1KCOQ==', 'exUserId': '1855402', 'expireDate': 1692117009000, 'hideCopyright': False, 'logoutConfig': {'logOutToSso': False, 'serverName': None, 'ssoType': None}, 'memberId': 1686761, 'openConnectorList': [], 'openPluginList': [2, 3, 6, 7, 8, 9, 13, 14, 15, 16, 17, 25, 26, 27, 28, 29, 33, 34, 35, 36, 37, 38, 39, 42, 43, 44, 45, -2, 32], 'permissionStatus': None, 'pluginClickList': [], 'pluginLimitDetail': {'dashAllVisiableLimit': 4, 'dashAllVisiableNum': 0}, 'publicAccessAuthVO': {'beingAttachmentQuestion': False, 'beingPublicLink': False}, 'remark': '767676646@qq.com', 'showContact': True, 'trial': True, 'trialDays': '0', 'trialNotice': True, 'type': 'normal', 'useScheduledSync': False, 'watermarkConfig': {'showDate': False, 'showDeparts': False, 'showExUserId': False, 'showName': True, 'showPhoneNumber': False, 'showWsName': False}, 'wsDomain': None, 'wsFunction': 'platform', 'wsId': 428554, 'wsLimitDetail': {'canDashNum': -1, 'canFormNum': -1, 'canPackageNum': -1, 'currentDashNum': -1, 'currentFormNum': -1, 'currentPackageNum': -1}, 'wsName': '767676646@qq.comÁöÑÂ∑•‰ΩúÂå∫'}, 'mobile': '767676646', 'nickName': '767676646@qq.com', 'npsCollect': False, 'promoCode': 'a81a65fc1', 'randomEmail': False, 'recordedNewGuidePop': [], 'showProcessPersonal': False, 'signatureUrl': None, 'source': 'home_home', 'status': None, 'uid': 1855402}, 'userSecurityVO': {'authMethod': 0, 'beingUninitialized': False}}
124.221.203.147 - - [01/Aug/2023 00:30:09] "POST /mointor HTTP/1.1" 200 -
527
124.221.203.147 - - [01/Aug/2023 15:17:51] "GET /?password=wsj HTTP/1.1" 200 -
((527, datetime.datetime(2023, 8, 1, 0, 30, 9), 1, 120),)
647
yibukaishi
767676647@qq.com
767676647
{'beingInvited': False, 'corpName': None, 'loginToken': None, 'openId': None, 'token': '9f69aefc-3e99-4c25-8d35-68215fbad99e', 'userInfo': {'beingBlackEmail': False, 'beingDisableExpiryRemind': False, 'beingExpand': None, 'beingInvited': False, 'beingLangFollowBrowser': True, 'beingOldVersion': None, 'beingPrivacyPolicy': True, 'beingSandBoxSuperAdmin': False, 'collectUserInfo': None, 'createTime': None, 'csShow': True, 'desktopRemind': True, 'email': '767676647@qq.com', 'firstLogin': None, 'grayLimit': 83, 'graySpecify': False, 'grayType': 1, 'hasPwdLoggedIn': False, 'havePassword': True, 'headImg': None, 'lang': None, 'lastWsInfo': {'accepted': None, 'accountLevel': 40, 'auth': 2, 'beingCustomizedAppSync': None, 'beingHideHelpDocument': False, 'beingSandbox': False, 'beingWatermark': False, 'biAuth': 'SUPER', 'canWorkWx': False, 'contactEnableNum': 1, 'contactNum': 1, 'departs': [], 'dynamic': None, 'exId': 'tAeLHd46LCJw+Yi38JgWSA==', 'exUserId': '1857116', 'expireDate': 1692194432000, 'hideCopyright': False, 'logoutConfig': {'logOutToSso': False, 'serverName': None, 'ssoType': None}, 'memberId': 1687896, 'openConnectorList': [], 'openPluginList': [2, 3, 6, 7, 8, 9, 13, 14, 15, 16, 17, 25, 26, 27, 28, 29, 33, 34, 35, 36, 37, 38, 39, 42, 43, 44, 45, -2, 32], 'permissionStatus': None, 'pluginClickList': [], 'pluginLimitDetail': {'dashAllVisiableLimit': 4, 'dashAllVisiableNum': 0}, 'publicAccessAuthVO': {'beingAttachmentQuestion': False, 'beingPublicLink': False}, 'remark': '767676647@qq.com', 'showContact': True, 'trial': True, 'trialDays': '0', 'trialNotice': True, 'type': 'normal', 'useScheduledSync': False, 'watermarkConfig': {'showDate': False, 'showDeparts': False, 'showExUserId': False, 'showName': True, 'showPhoneNumber': False, 'showWsName': False}, 'wsDomain': None, 'wsFunction': 'platform', 'wsId': 429298, 'wsLimitDetail': {'canDashNum': -1, 'canFormNum': -1, 'canPackageNum': -1, 'currentDashNum': -1, 'currentFormNum': -1, 'currentPackageNum': -1}, 'wsName': '767676647@qq.comÁöÑÂ∑•‰ΩúÂå∫'}, 'mobile': '767676647', 'nickName': '767676647@qq.com', 'npsCollect': False, 'promoCode': 'debc222cb', 'randomEmail': False, 'recordedNewGuidePop': [], 'showProcessPersonal': False, 'signatureUrl': None, 'source': 'home_home', 'status': None, 'uid': 1857116}, 'userSecurityVO': {'authMethod': 0, 'beingUninitialized': False}}
{'beingInvited': False, 'corpName': None, 'loginToken': None, 'openId': None, 'token': '9f69aefc-3e99-4c25-8d35-68215fbad99e', 'userInfo': {'beingBlackEmail': False, 'beingDisableExpiryRemind': False, 'beingExpand': None, 'beingInvited': False, 'beingLangFollowBrowser': True, 'beingOldVersion': None, 'beingPrivacyPolicy': True, 'beingSandBoxSuperAdmin': False, 'collectUserInfo': None, 'createTime': None, 'csShow': True, 'desktopRemind': True, 'email': '767676647@qq.com', 'firstLogin': None, 'grayLimit': 83, 'graySpecify': False, 'grayType': 1, 'hasPwdLoggedIn': False, 'havePassword': True, 'headImg': None, 'lang': None, 'lastWsInfo': {'accepted': None, 'accountLevel': 40, 'auth': 2, 'beingCustomizedAppSync': None, 'beingHideHelpDocument': False, 'beingSandbox': False, 'beingWatermark': False, 'biAuth': 'SUPER', 'canWorkWx': False, 'contactEnableNum': 1, 'contactNum': 1, 'departs': [], 'dynamic': None, 'exId': 'tAeLHd46LCJw+Yi38JgWSA==', 'exUserId': '1857116', 'expireDate': 1692194432000, 'hideCopyright': False, 'logoutConfig': {'logOutToSso': False, 'serverName': None, 'ssoType': None}, 'memberId': 1687896, 'openConnectorList': [], 'openPluginList': [2, 3, 6, 7, 8, 9, 13, 14, 15, 16, 17, 25, 26, 27, 28, 29, 33, 34, 35, 36, 37, 38, 39, 42, 43, 44, 45, -2, 32], 'permissionStatus': None, 'pluginClickList': [], 'pluginLimitDetail': {'dashAllVisiableLimit': 4, 'dashAllVisiableNum': 0}, 'publicAccessAuthVO': {'beingAttachmentQuestion': False, 'beingPublicLink': False}, 'remark': '767676647@qq.com', 'showContact': True, 'trial': True, 'trialDays': '0', 'trialNotice': True, 'type': 'normal', 'useScheduledSync': False, 'watermarkConfig': {'showDate': False, 'showDeparts': False, 'showExUserId': False, 'showName': True, 'showPhoneNumber': False, 'showWsName': False}, 'wsDomain': None, 'wsFunction': 'platform', 'wsId': 429298, 'wsLimitDetail': {'canDashNum': -1, 'canFormNum': -1, 'canPackageNum': -1, 'currentDashNum': -1, 'currentFormNum': -1, 'currentPackageNum': -1}, 'wsName': '767676647@qq.comÁöÑÂ∑•‰ΩúÂå∫'}, 'mobile': '767676647', 'nickName': '767676647@qq.com', 'npsCollect': False, 'promoCode': 'debc222cb', 'randomEmail': False, 'recordedNewGuidePop': [], 'showProcessPersonal': False, 'signatureUrl': None, 'source': 'home_home', 'status': None, 'uid': 1857116}, 'userSecurityVO': {'authMethod': 0, 'beingUninitialized': False}}
118.25.243.250 - - [01/Aug/2023 22:00:32] "POST /mointor HTTP/1.1" 200 -
((528, datetime.datetime(2023, 8, 1, 22, 0, 32), 1, 120),)
648
yibukaishi
767676648@qq.com
767676648
{'beingInvited': False, 'corpName': None, 'loginToken': None, 'openId': None, 'token': '3b2e1181-45b5-409f-bba2-e0d428f9c07a', 'userInfo': {'beingBlackEmail': False, 'beingDisableExpiryRemind': False, 'beingExpand': None, 'beingInvited': False, 'beingLangFollowBrowser': True, 'beingOldVersion': None, 'beingPrivacyPolicy': True, 'beingSandBoxSuperAdmin': False, 'collectUserInfo': None, 'createTime': None, 'csShow': True, 'desktopRemind': True, 'email': '767676648@qq.com', 'firstLogin': None, 'grayLimit': 16, 'graySpecify': False, 'grayType': 1, 'hasPwdLoggedIn': False, 'havePassword': True, 'headImg': None, 'lang': None, 'lastWsInfo': {'accepted': None, 'accountLevel': 40, 'auth': 2, 'beingCustomizedAppSync': None, 'beingHideHelpDocument': False, 'beingSandbox': False, 'beingWatermark': False, 'biAuth': 'SUPER', 'canWorkWx': False, 'contactEnableNum': 1, 'contactNum': 1, 'departs': [], 'dynamic': None, 'exId': 'tAeLHd46LCIyfh2n804Zxw==', 'exUserId': '1857148', 'expireDate': 1692198041000, 'hideCopyright': False, 'logoutConfig': {'logOutToSso': False, 'serverName': None, 'ssoType': None}, 'memberId': 1687912, 'openConnectorList': [], 'openPluginList': [2, 3, 6, 7, 8, 9, 13, 14, 15, 16, 17, 25, 26, 27, 28, 29, 33, 34, 35, 36, 37, 38, 39, 42, 43, 44, 45, -2, 32], 'permissionStatus': None, 'pluginClickList': [], 'pluginLimitDetail': {'dashAllVisiableLimit': 4, 'dashAllVisiableNum': 0}, 'publicAccessAuthVO': {'beingAttachmentQuestion': False, 'beingPublicLink': False}, 'remark': '767676648@qq.com', 'showContact': True, 'trial': True, 'trialDays': '0', 'trialNotice': True, 'type': 'normal', 'useScheduledSync': False, 'watermarkConfig': {'showDate': False, 'showDeparts': False, 'showExUserId': False, 'showName': True, 'showPhoneNumber': False, 'showWsName': False}, 'wsDomain': None, 'wsFunction': 'platform', 'wsId': 429312, 'wsLimitDetail': {'canDashNum': -1, 'canFormNum': -1, 'canPackageNum': -1, 'currentDashNum': -1, 'currentFormNum': -1, 'currentPackageNum': -1}, 'wsName': '767676648@qq.comÁöÑÂ∑•‰ΩúÂå∫'}, 'mobile': '767676648', 'nickName': '767676648@qq.com', 'npsCollect': False, 'promoCode': '356ea7bef', 'randomEmail': False, 'recordedNewGuidePop': [], 'showProcessPersonal': False, 'signatureUrl': None, 'source': 'home_home', 'status': None, 'uid': 1857148}, 'userSecurityVO': {'authMethod': 0, 'beingUninitialized': False}}
{'beingInvited': False, 'corpName': None, 'loginToken': None, 'openId': None, 'token': '3b2e1181-45b5-409f-bba2-e0d428f9c07a', 'userInfo': {'beingBlackEmail': False, 'beingDisableExpiryRemind': False, 'beingExpand': None, 'beingInvited': False, 'beingLangFollowBrowser': True, 'beingOldVersion': None, 'beingPrivacyPolicy': True, 'beingSandBoxSuperAdmin': False, 'collectUserInfo': None, 'createTime': None, 'csShow': True, 'desktopRemind': True, 'email': '767676648@qq.com', 'firstLogin': None, 'grayLimit': 16, 'graySpecify': False, 'grayType': 1, 'hasPwdLoggedIn': False, 'havePassword': True, 'headImg': None, 'lang': None, 'lastWsInfo': {'accepted': None, 'accountLevel': 40, 'auth': 2, 'beingCustomizedAppSync': None, 'beingHideHelpDocument': False, 'beingSandbox': False, 'beingWatermark': False, 'biAuth': 'SUPER', 'canWorkWx': False, 'contactEnableNum': 1, 'contactNum': 1, 'departs': [], 'dynamic': None, 'exId': 'tAeLHd46LCIyfh2n804Zxw==', 'exUserId': '1857148', 'expireDate': 1692198041000, 'hideCopyright': False, 'logoutConfig': {'logOutToSso': False, 'serverName': None, 'ssoType': None}, 'memberId': 1687912, 'openConnectorList': [], 'openPluginList': [2, 3, 6, 7, 8, 9, 13, 14, 15, 16, 17, 25, 26, 27, 28, 29, 33, 34, 35, 36, 37, 38, 39, 42, 43, 44, 45, -2, 32], 'permissionStatus': None, 'pluginClickList': [], 'pluginLimitDetail': {'dashAllVisiableLimit': 4, 'dashAllVisiableNum': 0}, 'publicAccessAuthVO': {'beingAttachmentQuestion': False, 'beingPublicLink': False}, 'remark': '767676648@qq.com', 'showContact': True, 'trial': True, 'trialDays': '0', 'trialNotice': True, 'type': 'normal', 'useScheduledSync': False, 'watermarkConfig': {'showDate': False, 'showDeparts': False, 'showExUserId': False, 'showName': True, 'showPhoneNumber': False, 'showWsName': False}, 'wsDomain': None, 'wsFunction': 'platform', 'wsId': 429312, 'wsLimitDetail': {'canDashNum': -1, 'canFormNum': -1, 'canPackageNum': -1, 'currentDashNum': -1, 'currentFormNum': -1, 'currentPackageNum': -1}, 'wsName': '767676648@qq.comÁöÑÂ∑•‰ΩúÂå∫'}, 'mobile': '767676648', 'nickName': '767676648@qq.com', 'npsCollect': False, 'promoCode': '356ea7bef', 'randomEmail': False, 'recordedNewGuidePop': [], 'showProcessPersonal': False, 'signatureUrl': None, 'source': 'home_home', 'status': None, 'uid': 1857148}, 'userSecurityVO': {'authMethod': 0, 'beingUninitialized': False}}
118.25.243.250 - - [01/Aug/2023 23:00:41] "POST /mointor HTTP/1.1" 200 -
((529, datetime.datetime(2023, 8, 1, 23, 0, 41), 1, 120),)
649
yibukaishi
767676649@qq.com
767676649
{'beingInvited': False, 'corpName': None, 'loginToken': None, 'openId': None, 'token': '2730db32-2808-49f8-bee5-ecf98384e55f', 'userInfo': {'beingBlackEmail': False, 'beingDisableExpiryRemind': False, 'beingExpand': None, 'beingInvited': False, 'beingLangFollowBrowser': True, 'beingOldVersion': None, 'beingPrivacyPolicy': True, 'beingSandBoxSuperAdmin': False, 'collectUserInfo': None, 'createTime': None, 'csShow': True, 'desktopRemind': True, 'email': '767676649@qq.com', 'firstLogin': None, 'grayLimit': 1, 'graySpecify': False, 'grayType': 1, 'hasPwdLoggedIn': False, 'havePassword': True, 'headImg': None, 'lang': None, 'lastWsInfo': {'accepted': None, 'accountLevel': 40, 'auth': 2, 'beingCustomizedAppSync': None, 'beingHideHelpDocument': False, 'beingSandbox': False, 'beingWatermark': False, 'biAuth': 'SUPER', 'canWorkWx': False, 'contactEnableNum': 1, 'contactNum': 1, 'departs': [], 'dynamic': None, 'exId': 'tAeLHd46LCL4bUgbwmO9NA==', 'exUserId': '1857174', 'expireDate': 1692201646000, 'hideCopyright': False, 'logoutConfig': {'logOutToSso': False, 'serverName': None, 'ssoType': None}, 'memberId': 1687921, 'openConnectorList': [], 'openPluginList': [2, 3, 6, 7, 8, 9, 13, 14, 15, 16, 17, 25, 26, 27, 28, 29, 33, 34, 35, 36, 37, 38, 39, 42, 43, 44, 45, -2, 32], 'permissionStatus': None, 'pluginClickList': [], 'pluginLimitDetail': {'dashAllVisiableLimit': 4, 'dashAllVisiableNum': 0}, 'publicAccessAuthVO': {'beingAttachmentQuestion': False, 'beingPublicLink': False}, 'remark': '767676649@qq.com', 'showContact': True, 'trial': True, 'trialDays': '0', 'trialNotice': True, 'type': 'normal', 'useScheduledSync': False, 'watermarkConfig': {'showDate': False, 'showDeparts': False, 'showExUserId': False, 'showName': True, 'showPhoneNumber': False, 'showWsName': False}, 'wsDomain': None, 'wsFunction': 'platform', 'wsId': 429321, 'wsLimitDetail': {'canDashNum': -1, 'canFormNum': -1, 'canPackageNum': -1, 'currentDashNum': -1, 'currentFormNum': -1, 'currentPackageNum': -1}, 'wsName': '767676649@qq.comÁöÑÂ∑•‰ΩúÂå∫'}, 'mobile': '767676649', 'nickName': '767676649@qq.com', 'npsCollect': False, 'promoCode': 'd29bab63c', 'randomEmail': False, 'recordedNewGuidePop': [], 'showProcessPersonal': False, 'signatureUrl': None, 'source': 'home_home', 'status': None, 'uid': 1857174}, 'userSecurityVO': {'authMethod': 0, 'beingUninitialized': False}}
{'beingInvited': False, 'corpName': None, 'loginToken': None, 'openId': None, 'token': '2730db32-2808-49f8-bee5-ecf98384e55f', 'userInfo': {'beingBlackEmail': False, 'beingDisableExpiryRemind': False, 'beingExpand': None, 'beingInvited': False, 'beingLangFollowBrowser': True, 'beingOldVersion': None, 'beingPrivacyPolicy': True, 'beingSandBoxSuperAdmin': False, 'collectUserInfo': None, 'createTime': None, 'csShow': True, 'desktopRemind': True, 'email': '767676649@qq.com', 'firstLogin': None, 'grayLimit': 1, 'graySpecify': False, 'grayType': 1, 'hasPwdLoggedIn': False, 'havePassword': True, 'headImg': None, 'lang': None, 'lastWsInfo': {'accepted': None, 'accountLevel': 40, 'auth': 2, 'beingCustomizedAppSync': None, 'beingHideHelpDocument': False, 'beingSandbox': False, 'beingWatermark': False, 'biAuth': 'SUPER', 'canWorkWx': False, 'contactEnableNum': 1, 'contactNum': 1, 'departs': [], 'dynamic': None, 'exId': 'tAeLHd46LCL4bUgbwmO9NA==', 'exUserId': '1857174', 'expireDate': 1692201646000, 'hideCopyright': False, 'logoutConfig': {'logOutToSso': False, 'serverName': None, 'ssoType': None}, 'memberId': 1687921, 'openConnectorList': [], 'openPluginList': [2, 3, 6, 7, 8, 9, 13, 14, 15, 16, 17, 25, 26, 27, 28, 29, 33, 34, 35, 36, 37, 38, 39, 42, 43, 44, 45, -2, 32], 'permissionStatus': None, 'pluginClickList': [], 'pluginLimitDetail': {'dashAllVisiableLimit': 4, 'dashAllVisiableNum': 0}, 'publicAccessAuthVO': {'beingAttachmentQuestion': False, 'beingPublicLink': False}, 'remark': '767676649@qq.com', 'showContact': True, 'trial': True, 'trialDays': '0', 'trialNotice': True, 'type': 'normal', 'useScheduledSync': False, 'watermarkConfig': {'showDate': False, 'showDeparts': False, 'showExUserId': False, 'showName': True, 'showPhoneNumber': False, 'showWsName': False}, 'wsDomain': None, 'wsFunction': 'platform', 'wsId': 429321, 'wsLimitDetail': {'canDashNum': -1, 'canFormNum': -1, 'canPackageNum': -1, 'currentDashNum': -1, 'currentFormNum': -1, 'currentPackageNum': -1}, 'wsName': '767676649@qq.comÁöÑÂ∑•‰ΩúÂå∫'}, 'mobile': '767676649', 'nickName': '767676649@qq.com', 'npsCollect': False, 'promoCode': 'd29bab63c', 'randomEmail': False, 'recordedNewGuidePop': [], 'showProcessPersonal': False, 'signatureUrl': None, 'source': 'home_home', 'status': None, 'uid': 1857174}, 'userSecurityVO': {'authMethod': 0, 'beingUninitialized': False}}
118.25.243.250 - - [02/Aug/2023 00:00:45] "POST /mointor HTTP/1.1" 200 -
((530, datetime.datetime(2023, 8, 2, 0, 0, 45), 1, 120),)
650
yibukaishi
767676650@qq.com
767676650
{'beingInvited': False, 'corpName': None, 'loginToken': None, 'openId': None, 'token': '979933ee-8bcc-45bb-b1fa-656bccce083b', 'userInfo': {'beingBlackEmail': False, 'beingDisableExpiryRemind': False, 'beingExpand': None, 'beingInvited': False, 'beingLangFollowBrowser': True, 'beingOldVersion': None, 'beingPrivacyPolicy': True, 'beingSandBoxSuperAdmin': False, 'collectUserInfo': None, 'createTime': None, 'csShow': True, 'desktopRemind': True, 'email': '767676650@qq.com', 'firstLogin': None, 'grayLimit': 55, 'graySpecify': False, 'grayType': 1, 'hasPwdLoggedIn': False, 'havePassword': True, 'headImg': None, 'lang': None, 'lastWsInfo': {'accepted': None, 'accountLevel': 40, 'auth': 2, 'beingCustomizedAppSync': None, 'beingHideHelpDocument': False, 'beingSandbox': False, 'beingWatermark': False, 'biAuth': 'SUPER', 'canWorkWx': False, 'contactEnableNum': 1, 'contactNum': 1, 'departs': [], 'dynamic': None, 'exId': 'tAeLHd46LCLbE5+8ps4uEw==', 'exUserId': '1857179', 'expireDate': 1692203409000, 'hideCopyright': False, 'logoutConfig': {'logOutToSso': False, 'serverName': None, 'ssoType': None}, 'memberId': 1687923, 'openConnectorList': [], 'openPluginList': [2, 3, 6, 7, 8, 9, 13, 14, 15, 16, 17, 25, 26, 27, 28, 29, 33, 34, 35, 36, 37, 38, 39, 42, 43, 44, 45, -2, 32], 'permissionStatus': None, 'pluginClickList': [], 'pluginLimitDetail': {'dashAllVisiableLimit': 4, 'dashAllVisiableNum': 0}, 'publicAccessAuthVO': {'beingAttachmentQuestion': False, 'beingPublicLink': False}, 'remark': '767676650@qq.com', 'showContact': True, 'trial': True, 'trialDays': '0', 'trialNotice': True, 'type': 'normal', 'useScheduledSync': False, 'watermarkConfig': {'showDate': False, 'showDeparts': False, 'showExUserId': False, 'showName': True, 'showPhoneNumber': False, 'showWsName': False}, 'wsDomain': None, 'wsFunction': 'platform', 'wsId': 429323, 'wsLimitDetail': {'canDashNum': -1, 'canFormNum': -1, 'canPackageNum': -1, 'currentDashNum': -1, 'currentFormNum': -1, 'currentPackageNum': -1}, 'wsName': '767676650@qq.comÁöÑÂ∑•‰ΩúÂå∫'}, 'mobile': '767676650', 'nickName': '767676650@qq.com', 'npsCollect': False, 'promoCode': '2eb04194f', 'randomEmail': False, 'recordedNewGuidePop': [], 'showProcessPersonal': False, 'signatureUrl': None, 'source': 'home_home', 'status': None, 'uid': 1857179}, 'userSecurityVO': {'authMethod': 0, 'beingUninitialized': False}}
{'beingInvited': False, 'corpName': None, 'loginToken': None, 'openId': None, 'token': '979933ee-8bcc-45bb-b1fa-656bccce083b', 'userInfo': {'beingBlackEmail': False, 'beingDisableExpiryRemind': False, 'beingExpand': None, 'beingInvited': False, 'beingLangFollowBrowser': True, 'beingOldVersion': None, 'beingPrivacyPolicy': True, 'beingSandBoxSuperAdmin': False, 'collectUserInfo': None, 'createTime': None, 'csShow': True, 'desktopRemind': True, 'email': '767676650@qq.com', 'firstLogin': None, 'grayLimit': 55, 'graySpecify': False, 'grayType': 1, 'hasPwdLoggedIn': False, 'havePassword': True, 'headImg': None, 'lang': None, 'lastWsInfo': {'accepted': None, 'accountLevel': 40, 'auth': 2, 'beingCustomizedAppSync': None, 'beingHideHelpDocument': False, 'beingSandbox': False, 'beingWatermark': False, 'biAuth': 'SUPER', 'canWorkWx': False, 'contactEnableNum': 1, 'contactNum': 1, 'departs': [], 'dynamic': None, 'exId': 'tAeLHd46LCLbE5+8ps4uEw==', 'exUserId': '1857179', 'expireDate': 1692203409000, 'hideCopyright': False, 'logoutConfig': {'logOutToSso': False, 'serverName': None, 'ssoType': None}, 'memberId': 1687923, 'openConnectorList': [], 'openPluginList': [2, 3, 6, 7, 8, 9, 13, 14, 15, 16, 17, 25, 26, 27, 28, 29, 33, 34, 35, 36, 37, 38, 39, 42, 43, 44, 45, -2, 32], 'permissionStatus': None, 'pluginClickList': [], 'pluginLimitDetail': {'dashAllVisiableLimit': 4, 'dashAllVisiableNum': 0}, 'publicAccessAuthVO': {'beingAttachmentQuestion': False, 'beingPublicLink': False}, 'remark': '767676650@qq.com', 'showContact': True, 'trial': True, 'trialDays': '0', 'trialNotice': True, 'type': 'normal', 'useScheduledSync': False, 'watermarkConfig': {'showDate': False, 'showDeparts': False, 'showExUserId': False, 'showName': True, 'showPhoneNumber': False, 'showWsName': False}, 'wsDomain': None, 'wsFunction': 'platform', 'wsId': 429323, 'wsLimitDetail': {'canDashNum': -1, 'canFormNum': -1, 'canPackageNum': -1, 'currentDashNum': -1, 'currentFormNum': -1, 'currentPackageNum': -1}, 'wsName': '767676650@qq.comÁöÑÂ∑•‰ΩúÂå∫'}, 'mobile': '767676650', 'nickName': '767676650@qq.com', 'npsCollect': False, 'promoCode': '2eb04194f', 'randomEmail': False, 'recordedNewGuidePop': [], 'showProcessPersonal': False, 'signatureUrl': None, 'source': 'home_home', 'status': None, 'uid': 1857179}, 'userSecurityVO': {'authMethod': 0, 'beingUninitialized': False}}
118.25.243.250 - - [02/Aug/2023 00:30:09] "POST /mointor HTTP/1.1" 200 -
176.113.115.230 - - [02/Aug/2023 02:23:05] code 400, message Bad request version ('\x03\x00(\x00\x04√ø\x08\x00\x01U\x00\x00\x00MSSQLServer\x00√â¬∑\x00\x00')
176.113.115.230 - - [02/Aug/2023 02:23:05] "[35m[1m 4           ( √ø U   MSSQLServer √â¬∑  [0m" HTTPStatus.BAD_REQUEST -
531
[2023-08-02 07:52:18,462] ERROR in app: Exception on / [GET]
Traceback (most recent call last):
  File "/usr/local/lib64/python3.6/site-packages/flask/app.py", line 2073, in wsgi_app
    response = self.full_dispatch_request()
  File "/usr/local/lib64/python3.6/site-packages/flask/app.py", line 1519, in full_dispatch_request
    return self.finalize_request(rv)
  File "/usr/local/lib64/python3.6/site-packages/flask/app.py", line 1538, in finalize_request
    response = self.make_response(rv)
  File "/usr/local/lib64/python3.6/site-packages/flask/app.py", line 1702, in make_response
    f"The view function for {request.endpoint!r} did not"
TypeError: The view function for 'result' did not return a valid response. The function either returned None or ended without a return statement.
167.94.138.36 - - [02/Aug/2023 07:52:18] "[35m[1mGET / HTTP/1.1[0m" 500 -
167.94.138.36 - - [02/Aug/2023 07:52:19] code 505, message Invalid HTTP version (2.0)
167.94.138.36 - - [02/Aug/2023 07:52:19] "[35m[1mPRI * HTTP/2.0[0m" HTTPStatus.HTTP_VERSION_NOT_SUPPORTED -
531
124.221.203.147 - - [02/Aug/2023 10:00:57] "GET /?password=wsj HTTP/1.1" 200 -
531
[2023-08-02 16:10:47,686] ERROR in app: Exception on / [GET]
Traceback (most recent call last):
  File "/usr/local/lib64/python3.6/site-packages/flask/app.py", line 2073, in wsgi_app
    response = self.full_dispatch_request()
  File "/usr/local/lib64/python3.6/site-packages/flask/app.py", line 1519, in full_dispatch_request
    return self.finalize_request(rv)
  File "/usr/local/lib64/python3.6/site-packages/flask/app.py", line 1538, in finalize_request
    response = self.make_response(rv)
  File "/usr/local/lib64/python3.6/site-packages/flask/app.py", line 1702, in make_response
    f"The view function for {request.endpoint!r} did not"
TypeError: The view function for 'result' did not return a valid response. The function either returned None or ended without a return statement.
94.102.61.5 - - [02/Aug/2023 16:10:47] "[35m[1mGET / HTTP/1.1[0m" 500 -
((531, datetime.datetime(2023, 8, 2, 0, 30, 9), 1, 120),)
651
yibukaishi
767676651@qq.com
767676651
{'beingInvited': False, 'corpName': None, 'loginToken': None, 'openId': None, 'token': 'd2d2c83a-fb45-41b1-8396-c49637b171b3', 'userInfo': {'beingBlackEmail': False, 'beingDisableExpiryRemind': False, 'beingExpand': None, 'beingInvited': False, 'beingLangFollowBrowser': True, 'beingOldVersion': None, 'beingPrivacyPolicy': True, 'beingSandBoxSuperAdmin': False, 'collectUserInfo': None, 'createTime': None, 'csShow': True, 'desktopRemind': True, 'email': '767676651@qq.com', 'firstLogin': None, 'grayLimit': 71, 'graySpecify': False, 'grayType': 1, 'hasPwdLoggedIn': False, 'havePassword': True, 'headImg': None, 'lang': None, 'lastWsInfo': {'accepted': None, 'accountLevel': 40, 'auth': 2, 'beingCustomizedAppSync': None, 'beingHideHelpDocument': False, 'beingSandbox': False, 'beingWatermark': False, 'biAuth': 'SUPER', 'canWorkWx': False, 'contactEnableNum': 1, 'contactNum': 1, 'departs': [], 'dynamic': None, 'exId': 'tAeLHd46LCKA2zgQJ/PsXw==', 'exUserId': '1858620', 'expireDate': 1692280831000, 'hideCopyright': False, 'logoutConfig': {'logOutToSso': False, 'serverName': None, 'ssoType': None}, 'memberId': 1689238, 'openConnectorList': [], 'openPluginList': [2, 3, 6, 7, 8, 9, 13, 14, 15, 16, 17, 25, 26, 27, 28, 29, 33, 34, 35, 36, 37, 38, 39, 42, 43, 44, 45, -2, 32], 'permissionStatus': None, 'pluginClickList': [], 'pluginLimitDetail': {'dashAllVisiableLimit': 4, 'dashAllVisiableNum': 0}, 'publicAccessAuthVO': {'beingAttachmentQuestion': False, 'beingPublicLink': False}, 'remark': '767676651@qq.com', 'showContact': True, 'trial': True, 'trialDays': '0', 'trialNotice': True, 'type': 'normal', 'useScheduledSync': False, 'watermarkConfig': {'showDate': False, 'showDeparts': False, 'showExUserId': False, 'showName': True, 'showPhoneNumber': False, 'showWsName': False}, 'wsDomain': None, 'wsFunction': 'platform', 'wsId': 430154, 'wsLimitDetail': {'canDashNum': -1, 'canFormNum': -1, 'canPackageNum': -1, 'currentDashNum': -1, 'currentFormNum': -1, 'currentPackageNum': -1}, 'wsName': '767676651@qq.comÁöÑÂ∑•‰ΩúÂå∫'}, 'mobile': '767676651', 'nickName': '767676651@qq.com', 'npsCollect': False, 'promoCode': '003db70be', 'randomEmail': False, 'recordedNewGuidePop': [], 'showProcessPersonal': False, 'signatureUrl': None, 'source': 'home_home', 'status': None, 'uid': 1858620}, 'userSecurityVO': {'authMethod': 0, 'beingUninitialized': False}}
{'beingInvited': False, 'corpName': None, 'loginToken': None, 'openId': None, 'token': 'd2d2c83a-fb45-41b1-8396-c49637b171b3', 'userInfo': {'beingBlackEmail': False, 'beingDisableExpiryRemind': False, 'beingExpand': None, 'beingInvited': False, 'beingLangFollowBrowser': True, 'beingOldVersion': None, 'beingPrivacyPolicy': True, 'beingSandBoxSuperAdmin': False, 'collectUserInfo': None, 'createTime': None, 'csShow': True, 'desktopRemind': True, 'email': '767676651@qq.com', 'firstLogin': None, 'grayLimit': 71, 'graySpecify': False, 'grayType': 1, 'hasPwdLoggedIn': False, 'havePassword': True, 'headImg': None, 'lang': None, 'lastWsInfo': {'accepted': None, 'accountLevel': 40, 'auth': 2, 'beingCustomizedAppSync': None, 'beingHideHelpDocument': False, 'beingSandbox': False, 'beingWatermark': False, 'biAuth': 'SUPER', 'canWorkWx': False, 'contactEnableNum': 1, 'contactNum': 1, 'departs': [], 'dynamic': None, 'exId': 'tAeLHd46LCKA2zgQJ/PsXw==', 'exUserId': '1858620', 'expireDate': 1692280831000, 'hideCopyright': False, 'logoutConfig': {'logOutToSso': False, 'serverName': None, 'ssoType': None}, 'memberId': 1689238, 'openConnectorList': [], 'openPluginList': [2, 3, 6, 7, 8, 9, 13, 14, 15, 16, 17, 25, 26, 27, 28, 29, 33, 34, 35, 36, 37, 38, 39, 42, 43, 44, 45, -2, 32], 'permissionStatus': None, 'pluginClickList': [], 'pluginLimitDetail': {'dashAllVisiableLimit': 4, 'dashAllVisiableNum': 0}, 'publicAccessAuthVO': {'beingAttachmentQuestion': False, 'beingPublicLink': False}, 'remark': '767676651@qq.com', 'showContact': True, 'trial': True, 'trialDays': '0', 'trialNotice': True, 'type': 'normal', 'useScheduledSync': False, 'watermarkConfig': {'showDate': False, 'showDeparts': False, 'showExUserId': False, 'showName': True, 'showPhoneNumber': False, 'showWsName': False}, 'wsDomain': None, 'wsFunction': 'platform', 'wsId': 430154, 'wsLimitDetail': {'canDashNum': -1, 'canFormNum': -1, 'canPackageNum': -1, 'currentDashNum': -1, 'currentFormNum': -1, 'currentPackageNum': -1}, 'wsName': '767676651@qq.comÁöÑÂ∑•‰ΩúÂå∫'}, 'mobile': '767676651', 'nickName': '767676651@qq.com', 'npsCollect': False, 'promoCode': '003db70be', 'randomEmail': False, 'recordedNewGuidePop': [], 'showProcessPersonal': False, 'signatureUrl': None, 'source': 'home_home', 'status': None, 'uid': 1858620}, 'userSecurityVO': {'authMethod': 0, 'beingUninitialized': False}}
118.25.243.250 - - [02/Aug/2023 22:00:31] "POST /mointor HTTP/1.1" 200 -
((532, datetime.datetime(2023, 8, 2, 22, 0, 31), 1, 120),)
652
yibukaishi
767676652@qq.com
767676652
{'beingInvited': False, 'corpName': None, 'loginToken': None, 'openId': None, 'token': 'f16e5fbf-a4cf-4042-921e-a70579100881', 'userInfo': {'beingBlackEmail': False, 'beingDisableExpiryRemind': False, 'beingExpand': None, 'beingInvited': False, 'beingLangFollowBrowser': True, 'beingOldVersion': None, 'beingPrivacyPolicy': True, 'beingSandBoxSuperAdmin': False, 'collectUserInfo': None, 'createTime': None, 'csShow': True, 'desktopRemind': True, 'email': '767676652@qq.com', 'firstLogin': None, 'grayLimit': 5, 'graySpecify': False, 'grayType': 1, 'hasPwdLoggedIn': False, 'havePassword': True, 'headImg': None, 'lang': None, 'lastWsInfo': {'accepted': None, 'accountLevel': 40, 'auth': 2, 'beingCustomizedAppSync': None, 'beingHideHelpDocument': False, 'beingSandbox': False, 'beingWatermark': False, 'biAuth': 'SUPER', 'canWorkWx': False, 'contactEnableNum': 1, 'contactNum': 1, 'departs': [], 'dynamic': None, 'exId': 'tAeLHd46LCKZXuWnNt2wpQ==', 'exUserId': '1858656', 'expireDate': 1692284441000, 'hideCopyright': False, 'logoutConfig': {'logOutToSso': False, 'serverName': None, 'ssoType': None}, 'memberId': 1689261, 'openConnectorList': [], 'openPluginList': [2, 3, 6, 7, 8, 9, 13, 14, 15, 16, 17, 25, 26, 27, 28, 29, 33, 34, 35, 36, 37, 38, 39, 42, 43, 44, 45, -2, 32], 'permissionStatus': None, 'pluginClickList': [], 'pluginLimitDetail': {'dashAllVisiableLimit': 4, 'dashAllVisiableNum': 0}, 'publicAccessAuthVO': {'beingAttachmentQuestion': False, 'beingPublicLink': False}, 'remark': '767676652@qq.com', 'showContact': True, 'trial': True, 'trialDays': '0', 'trialNotice': True, 'type': 'normal', 'useScheduledSync': False, 'watermarkConfig': {'showDate': False, 'showDeparts': False, 'showExUserId': False, 'showName': True, 'showPhoneNumber': False, 'showWsName': False}, 'wsDomain': None, 'wsFunction': 'platform', 'wsId': 430176, 'wsLimitDetail': {'canDashNum': -1, 'canFormNum': -1, 'canPackageNum': -1, 'currentDashNum': -1, 'currentFormNum': -1, 'currentPackageNum': -1}, 'wsName': '767676652@qq.comÁöÑÂ∑•‰ΩúÂå∫'}, 'mobile': '767676652', 'nickName': '767676652@qq.com', 'npsCollect': False, 'promoCode': '26946a911', 'randomEmail': False, 'recordedNewGuidePop': [], 'showProcessPersonal': False, 'signatureUrl': None, 'source': 'home_home', 'status': None, 'uid': 1858656}, 'userSecurityVO': {'authMethod': 0, 'beingUninitialized': False}}
{'beingInvited': False, 'corpName': None, 'loginToken': None, 'openId': None, 'token': 'f16e5fbf-a4cf-4042-921e-a70579100881', 'userInfo': {'beingBlackEmail': False, 'beingDisableExpiryRemind': False, 'beingExpand': None, 'beingInvited': False, 'beingLangFollowBrowser': True, 'beingOldVersion': None, 'beingPrivacyPolicy': True, 'beingSandBoxSuperAdmin': False, 'collectUserInfo': None, 'createTime': None, 'csShow': True, 'desktopRemind': True, 'email': '767676652@qq.com', 'firstLogin': None, 'grayLimit': 5, 'graySpecify': False, 'grayType': 1, 'hasPwdLoggedIn': False, 'havePassword': True, 'headImg': None, 'lang': None, 'lastWsInfo': {'accepted': None, 'accountLevel': 40, 'auth': 2, 'beingCustomizedAppSync': None, 'beingHideHelpDocument': False, 'beingSandbox': False, 'beingWatermark': False, 'biAuth': 'SUPER', 'canWorkWx': False, 'contactEnableNum': 1, 'contactNum': 1, 'departs': [], 'dynamic': None, 'exId': 'tAeLHd46LCKZXuWnNt2wpQ==', 'exUserId': '1858656', 'expireDate': 1692284441000, 'hideCopyright': False, 'logoutConfig': {'logOutToSso': False, 'serverName': None, 'ssoType': None}, 'memberId': 1689261, 'openConnectorList': [], 'openPluginList': [2, 3, 6, 7, 8, 9, 13, 14, 15, 16, 17, 25, 26, 27, 28, 29, 33, 34, 35, 36, 37, 38, 39, 42, 43, 44, 45, -2, 32], 'permissionStatus': None, 'pluginClickList': [], 'pluginLimitDetail': {'dashAllVisiableLimit': 4, 'dashAllVisiableNum': 0}, 'publicAccessAuthVO': {'beingAttachmentQuestion': False, 'beingPublicLink': False}, 'remark': '767676652@qq.com', 'showContact': True, 'trial': True, 'trialDays': '0', 'trialNotice': True, 'type': 'normal', 'useScheduledSync': False, 'watermarkConfig': {'showDate': False, 'showDeparts': False, 'showExUserId': False, 'showName': True, 'showPhoneNumber': False, 'showWsName': False}, 'wsDomain': None, 'wsFunction': 'platform', 'wsId': 430176, 'wsLimitDetail': {'canDashNum': -1, 'canFormNum': -1, 'canPackageNum': -1, 'currentDashNum': -1, 'currentFormNum': -1, 'currentPackageNum': -1}, 'wsName': '767676652@qq.comÁöÑÂ∑•‰ΩúÂå∫'}, 'mobile': '767676652', 'nickName': '767676652@qq.com', 'npsCollect': False, 'promoCode': '26946a911', 'randomEmail': False, 'recordedNewGuidePop': [], 'showProcessPersonal': False, 'signatureUrl': None, 'source': 'home_home', 'status': None, 'uid': 1858656}, 'userSecurityVO': {'authMethod': 0, 'beingUninitialized': False}}
118.25.243.250 - - [02/Aug/2023 23:00:41] "POST /mointor HTTP/1.1" 200 -
((533, datetime.datetime(2023, 8, 2, 23, 0, 41), 1, 120),)
653
yibukaishi
767676653@qq.com
767676653
{'beingInvited': False, 'corpName': None, 'loginToken': None, 'openId': None, 'token': '5c03cb04-5e08-4e59-9838-f697e44d9e4c', 'userInfo': {'beingBlackEmail': False, 'beingDisableExpiryRemind': False, 'beingExpand': None, 'beingInvited': False, 'beingLangFollowBrowser': True, 'beingOldVersion': None, 'beingPrivacyPolicy': True, 'beingSandBoxSuperAdmin': False, 'collectUserInfo': None, 'createTime': None, 'csShow': True, 'desktopRemind': True, 'email': '767676653@qq.com', 'firstLogin': None, 'grayLimit': 40, 'graySpecify': False, 'grayType': 1, 'hasPwdLoggedIn': False, 'havePassword': True, 'headImg': None, 'lang': None, 'lastWsInfo': {'accepted': None, 'accountLevel': 40, 'auth': 2, 'beingCustomizedAppSync': None, 'beingHideHelpDocument': False, 'beingSandbox': False, 'beingWatermark': False, 'biAuth': 'SUPER', 'canWorkWx': False, 'contactEnableNum': 1, 'contactNum': 1, 'departs': [], 'dynamic': None, 'exId': 'tAeLHd46LCIh7WFdPyJSYA==', 'exUserId': '1858671', 'expireDate': 1692288042000, 'hideCopyright': False, 'logoutConfig': {'logOutToSso': False, 'serverName': None, 'ssoType': None}, 'memberId': 1689270, 'openConnectorList': [], 'openPluginList': [2, 3, 6, 7, 8, 9, 13, 14, 15, 16, 17, 25, 26, 27, 28, 29, 33, 34, 35, 36, 37, 38, 39, 42, 43, 44, 45, -2, 32], 'permissionStatus': None, 'pluginClickList': [], 'pluginLimitDetail': {'dashAllVisiableLimit': 4, 'dashAllVisiableNum': 0}, 'publicAccessAuthVO': {'beingAttachmentQuestion': False, 'beingPublicLink': False}, 'remark': '767676653@qq.com', 'showContact': True, 'trial': True, 'trialDays': '0', 'trialNotice': True, 'type': 'normal', 'useScheduledSync': False, 'watermarkConfig': {'showDate': False, 'showDeparts': False, 'showExUserId': False, 'showName': True, 'showPhoneNumber': False, 'showWsName': False}, 'wsDomain': None, 'wsFunction': 'platform', 'wsId': 430185, 'wsLimitDetail': {'canDashNum': -1, 'canFormNum': -1, 'canPackageNum': -1, 'currentDashNum': -1, 'currentFormNum': -1, 'currentPackageNum': -1}, 'wsName': '767676653@qq.comÁöÑÂ∑•‰ΩúÂå∫'}, 'mobile': '767676653', 'nickName': '767676653@qq.com', 'npsCollect': False, 'promoCode': '85ce3c58b', 'randomEmail': False, 'recordedNewGuidePop': [], 'showProcessPersonal': False, 'signatureUrl': None, 'source': 'home_home', 'status': None, 'uid': 1858671}, 'userSecurityVO': {'authMethod': 0, 'beingUninitialized': False}}
{'beingInvited': False, 'corpName': None, 'loginToken': None, 'openId': None, 'token': '5c03cb04-5e08-4e59-9838-f697e44d9e4c', 'userInfo': {'beingBlackEmail': False, 'beingDisableExpiryRemind': False, 'beingExpand': None, 'beingInvited': False, 'beingLangFollowBrowser': True, 'beingOldVersion': None, 'beingPrivacyPolicy': True, 'beingSandBoxSuperAdmin': False, 'collectUserInfo': None, 'createTime': None, 'csShow': True, 'desktopRemind': True, 'email': '767676653@qq.com', 'firstLogin': None, 'grayLimit': 40, 'graySpecify': False, 'grayType': 1, 'hasPwdLoggedIn': False, 'havePassword': True, 'headImg': None, 'lang': None, 'lastWsInfo': {'accepted': None, 'accountLevel': 40, 'auth': 2, 'beingCustomizedAppSync': None, 'beingHideHelpDocument': False, 'beingSandbox': False, 'beingWatermark': False, 'biAuth': 'SUPER', 'canWorkWx': False, 'contactEnableNum': 1, 'contactNum': 1, 'departs': [], 'dynamic': None, 'exId': 'tAeLHd46LCIh7WFdPyJSYA==', 'exUserId': '1858671', 'expireDate': 1692288042000, 'hideCopyright': False, 'logoutConfig': {'logOutToSso': False, 'serverName': None, 'ssoType': None}, 'memberId': 1689270, 'openConnectorList': [], 'openPluginList': [2, 3, 6, 7, 8, 9, 13, 14, 15, 16, 17, 25, 26, 27, 28, 29, 33, 34, 35, 36, 37, 38, 39, 42, 43, 44, 45, -2, 32], 'permissionStatus': None, 'pluginClickList': [], 'pluginLimitDetail': {'dashAllVisiableLimit': 4, 'dashAllVisiableNum': 0}, 'publicAccessAuthVO': {'beingAttachmentQuestion': False, 'beingPublicLink': False}, 'remark': '767676653@qq.com', 'showContact': True, 'trial': True, 'trialDays': '0', 'trialNotice': True, 'type': 'normal', 'useScheduledSync': False, 'watermarkConfig': {'showDate': False, 'showDeparts': False, 'showExUserId': False, 'showName': True, 'showPhoneNumber': False, 'showWsName': False}, 'wsDomain': None, 'wsFunction': 'platform', 'wsId': 430185, 'wsLimitDetail': {'canDashNum': -1, 'canFormNum': -1, 'canPackageNum': -1, 'currentDashNum': -1, 'currentFormNum': -1, 'currentPackageNum': -1}, 'wsName': '767676653@qq.comÁöÑÂ∑•‰ΩúÂå∫'}, 'mobile': '767676653', 'nickName': '767676653@qq.com', 'npsCollect': False, 'promoCode': '85ce3c58b', 'randomEmail': False, 'recordedNewGuidePop': [], 'showProcessPersonal': False, 'signatureUrl': None, 'source': 'home_home', 'status': None, 'uid': 1858671}, 'userSecurityVO': {'authMethod': 0, 'beingUninitialized': False}}
118.25.243.250 - - [03/Aug/2023 00:00:42] "POST /mointor HTTP/1.1" 200 -
((534, datetime.datetime(2023, 8, 3, 0, 0, 42), 1, 120),)
654
yibukaishi
767676654@qq.com
767676654
{'beingInvited': False, 'corpName': None, 'loginToken': None, 'openId': None, 'token': '0524b812-6ec6-4b1d-b293-22be6694a473', 'userInfo': {'beingBlackEmail': False, 'beingDisableExpiryRemind': False, 'beingExpand': None, 'beingInvited': False, 'beingLangFollowBrowser': True, 'beingOldVersion': None, 'beingPrivacyPolicy': True, 'beingSandBoxSuperAdmin': False, 'collectUserInfo': None, 'createTime': None, 'csShow': True, 'desktopRemind': True, 'email': '767676654@qq.com', 'firstLogin': None, 'grayLimit': 4, 'graySpecify': False, 'grayType': 1, 'hasPwdLoggedIn': False, 'havePassword': True, 'headImg': None, 'lang': None, 'lastWsInfo': {'accepted': None, 'accountLevel': 40, 'auth': 2, 'beingCustomizedAppSync': None, 'beingHideHelpDocument': False, 'beingSandbox': False, 'beingWatermark': False, 'biAuth': 'SUPER', 'canWorkWx': False, 'contactEnableNum': 1, 'contactNum': 1, 'departs': [], 'dynamic': None, 'exId': 'tAeLHd46LCL6yKz5A200cg==', 'exUserId': '1858682', 'expireDate': 1692289810000, 'hideCopyright': False, 'logoutConfig': {'logOutToSso': False, 'serverName': None, 'ssoType': None}, 'memberId': 1689278, 'openConnectorList': [], 'openPluginList': [2, 3, 6, 7, 8, 9, 13, 14, 15, 16, 17, 25, 26, 27, 28, 29, 33, 34, 35, 36, 37, 38, 39, 42, 43, 44, 45, -2, 32], 'permissionStatus': None, 'pluginClickList': [], 'pluginLimitDetail': {'dashAllVisiableLimit': 4, 'dashAllVisiableNum': 0}, 'publicAccessAuthVO': {'beingAttachmentQuestion': False, 'beingPublicLink': False}, 'remark': '767676654@qq.com', 'showContact': True, 'trial': True, 'trialDays': '0', 'trialNotice': True, 'type': 'normal', 'useScheduledSync': False, 'watermarkConfig': {'showDate': False, 'showDeparts': False, 'showExUserId': False, 'showName': True, 'showPhoneNumber': False, 'showWsName': False}, 'wsDomain': None, 'wsFunction': 'platform', 'wsId': 430193, 'wsLimitDetail': {'canDashNum': -1, 'canFormNum': -1, 'canPackageNum': -1, 'currentDashNum': -1, 'currentFormNum': -1, 'currentPackageNum': -1}, 'wsName': '767676654@qq.comÁöÑÂ∑•‰ΩúÂå∫'}, 'mobile': '767676654', 'nickName': '767676654@qq.com', 'npsCollect': False, 'promoCode': '53224dc57', 'randomEmail': False, 'recordedNewGuidePop': [], 'showProcessPersonal': False, 'signatureUrl': None, 'source': 'home_home', 'status': None, 'uid': 1858682}, 'userSecurityVO': {'authMethod': 0, 'beingUninitialized': False}}
{'beingInvited': False, 'corpName': None, 'loginToken': None, 'openId': None, 'token': '0524b812-6ec6-4b1d-b293-22be6694a473', 'userInfo': {'beingBlackEmail': False, 'beingDisableExpiryRemind': False, 'beingExpand': None, 'beingInvited': False, 'beingLangFollowBrowser': True, 'beingOldVersion': None, 'beingPrivacyPolicy': True, 'beingSandBoxSuperAdmin': False, 'collectUserInfo': None, 'createTime': None, 'csShow': True, 'desktopRemind': True, 'email': '767676654@qq.com', 'firstLogin': None, 'grayLimit': 4, 'graySpecify': False, 'grayType': 1, 'hasPwdLoggedIn': False, 'havePassword': True, 'headImg': None, 'lang': None, 'lastWsInfo': {'accepted': None, 'accountLevel': 40, 'auth': 2, 'beingCustomizedAppSync': None, 'beingHideHelpDocument': False, 'beingSandbox': False, 'beingWatermark': False, 'biAuth': 'SUPER', 'canWorkWx': False, 'contactEnableNum': 1, 'contactNum': 1, 'departs': [], 'dynamic': None, 'exId': 'tAeLHd46LCL6yKz5A200cg==', 'exUserId': '1858682', 'expireDate': 1692289810000, 'hideCopyright': False, 'logoutConfig': {'logOutToSso': False, 'serverName': None, 'ssoType': None}, 'memberId': 1689278, 'openConnectorList': [], 'openPluginList': [2, 3, 6, 7, 8, 9, 13, 14, 15, 16, 17, 25, 26, 27, 28, 29, 33, 34, 35, 36, 37, 38, 39, 42, 43, 44, 45, -2, 32], 'permissionStatus': None, 'pluginClickList': [], 'pluginLimitDetail': {'dashAllVisiableLimit': 4, 'dashAllVisiableNum': 0}, 'publicAccessAuthVO': {'beingAttachmentQuestion': False, 'beingPublicLink': False}, 'remark': '767676654@qq.com', 'showContact': True, 'trial': True, 'trialDays': '0', 'trialNotice': True, 'type': 'normal', 'useScheduledSync': False, 'watermarkConfig': {'showDate': False, 'showDeparts': False, 'showExUserId': False, 'showName': True, 'showPhoneNumber': False, 'showWsName': False}, 'wsDomain': None, 'wsFunction': 'platform', 'wsId': 430193, 'wsLimitDetail': {'canDashNum': -1, 'canFormNum': -1, 'canPackageNum': -1, 'currentDashNum': -1, 'currentFormNum': -1, 'currentPackageNum': -1}, 'wsName': '767676654@qq.comÁöÑÂ∑•‰ΩúÂå∫'}, 'mobile': '767676654', 'nickName': '767676654@qq.com', 'npsCollect': False, 'promoCode': '53224dc57', 'randomEmail': False, 'recordedNewGuidePop': [], 'showProcessPersonal': False, 'signatureUrl': None, 'source': 'home_home', 'status': None, 'uid': 1858682}, 'userSecurityVO': {'authMethod': 0, 'beingUninitialized': False}}
118.25.243.250 - - [03/Aug/2023 00:30:09] "POST /mointor HTTP/1.1" 200 -
141.98.11.119 - - [03/Aug/2023 09:51:09] code 400, message Bad HTTP/0.9 request type ('\x03\x00\x00/*√†\x00\x00\x00\x00\x00Cookie:')
141.98.11.119 - - [03/Aug/2023 09:51:09] "[35m[1m  /*√†     Cookie: mstshash=Administr[0m" HTTPStatus.BAD_REQUEST -
535
124.221.203.147 - - [03/Aug/2023 10:00:57] "GET /?password=wsj HTTP/1.1" 200 -
535
[2023-08-03 20:16:47,213] ERROR in app: Exception on / [GET]
Traceback (most recent call last):
  File "/usr/local/lib64/python3.6/site-packages/flask/app.py", line 2073, in wsgi_app
    response = self.full_dispatch_request()
  File "/usr/local/lib64/python3.6/site-packages/flask/app.py", line 1519, in full_dispatch_request
    return self.finalize_request(rv)
  File "/usr/local/lib64/python3.6/site-packages/flask/app.py", line 1538, in finalize_request
    response = self.make_response(rv)
  File "/usr/local/lib64/python3.6/site-packages/flask/app.py", line 1702, in make_response
    f"The view function for {request.endpoint!r} did not"
TypeError: The view function for 'result' did not return a valid response. The function either returned None or ended without a return statement.
95.214.53.99 - - [03/Aug/2023 20:16:47] "[35m[1mGET / HTTP/1.1[0m" 500 -
((535, datetime.datetime(2023, 8, 3, 0, 30, 9), 1, 120),)
655
yibukaishi
767676655@qq.com
767676655
{'beingInvited': False, 'corpName': None, 'loginToken': None, 'openId': None, 'token': 'dae32020-f541-4948-b5fd-484ef535b330', 'userInfo': {'beingBlackEmail': False, 'beingDisableExpiryRemind': False, 'beingExpand': None, 'beingInvited': False, 'beingLangFollowBrowser': True, 'beingOldVersion': None, 'beingPrivacyPolicy': True, 'beingSandBoxSuperAdmin': False, 'collectUserInfo': None, 'createTime': None, 'csShow': True, 'desktopRemind': True, 'email': '767676655@qq.com', 'firstLogin': None, 'grayLimit': 17, 'graySpecify': False, 'grayType': 1, 'hasPwdLoggedIn': False, 'havePassword': True, 'headImg': None, 'lang': None, 'lastWsInfo': {'accepted': None, 'accountLevel': 40, 'auth': 2, 'beingCustomizedAppSync': None, 'beingHideHelpDocument': False, 'beingSandbox': False, 'beingWatermark': False, 'biAuth': 'SUPER', 'canWorkWx': False, 'contactEnableNum': 1, 'contactNum': 1, 'departs': [], 'dynamic': None, 'exId': 'tAeLHd46LCISEkTIujlzmw==', 'exUserId': '1860133', 'expireDate': 1692367231000, 'hideCopyright': False, 'logoutConfig': {'logOutToSso': False, 'serverName': None, 'ssoType': None}, 'memberId': 1690274, 'openConnectorList': [], 'openPluginList': [2, 3, 6, 7, 8, 9, 13, 14, 15, 16, 17, 25, 26, 27, 28, 29, 33, 34, 35, 36, 37, 38, 39, 42, 43, 44, 45, -2, 32], 'permissionStatus': None, 'pluginClickList': [], 'pluginLimitDetail': {'dashAllVisiableLimit': 4, 'dashAllVisiableNum': 0}, 'publicAccessAuthVO': {'beingAttachmentQuestion': False, 'beingPublicLink': False}, 'remark': '767676655@qq.com', 'showContact': True, 'trial': True, 'trialDays': '0', 'trialNotice': True, 'type': 'normal', 'useScheduledSync': False, 'watermarkConfig': {'showDate': False, 'showDeparts': False, 'showExUserId': False, 'showName': True, 'showPhoneNumber': False, 'showWsName': False}, 'wsDomain': None, 'wsFunction': 'platform', 'wsId': 430755, 'wsLimitDetail': {'canDashNum': -1, 'canFormNum': -1, 'canPackageNum': -1, 'currentDashNum': -1, 'currentFormNum': -1, 'currentPackageNum': -1}, 'wsName': '767676655@qq.comÁöÑÂ∑•‰ΩúÂå∫'}, 'mobile': '767676655', 'nickName': '767676655@qq.com', 'npsCollect': False, 'promoCode': '72434f2b9', 'randomEmail': False, 'recordedNewGuidePop': [], 'showProcessPersonal': False, 'signatureUrl': None, 'source': 'home_home', 'status': None, 'uid': 1860133}, 'userSecurityVO': {'authMethod': 0, 'beingUninitialized': False}}
{'beingInvited': False, 'corpName': None, 'loginToken': None, 'openId': None, 'token': 'dae32020-f541-4948-b5fd-484ef535b330', 'userInfo': {'beingBlackEmail': False, 'beingDisableExpiryRemind': False, 'beingExpand': None, 'beingInvited': False, 'beingLangFollowBrowser': True, 'beingOldVersion': None, 'beingPrivacyPolicy': True, 'beingSandBoxSuperAdmin': False, 'collectUserInfo': None, 'createTime': None, 'csShow': True, 'desktopRemind': True, 'email': '767676655@qq.com', 'firstLogin': None, 'grayLimit': 17, 'graySpecify': False, 'grayType': 1, 'hasPwdLoggedIn': False, 'havePassword': True, 'headImg': None, 'lang': None, 'lastWsInfo': {'accepted': None, 'accountLevel': 40, 'auth': 2, 'beingCustomizedAppSync': None, 'beingHideHelpDocument': False, 'beingSandbox': False, 'beingWatermark': False, 'biAuth': 'SUPER', 'canWorkWx': False, 'contactEnableNum': 1, 'contactNum': 1, 'departs': [], 'dynamic': None, 'exId': 'tAeLHd46LCISEkTIujlzmw==', 'exUserId': '1860133', 'expireDate': 1692367231000, 'hideCopyright': False, 'logoutConfig': {'logOutToSso': False, 'serverName': None, 'ssoType': None}, 'memberId': 1690274, 'openConnectorList': [], 'openPluginList': [2, 3, 6, 7, 8, 9, 13, 14, 15, 16, 17, 25, 26, 27, 28, 29, 33, 34, 35, 36, 37, 38, 39, 42, 43, 44, 45, -2, 32], 'permissionStatus': None, 'pluginClickList': [], 'pluginLimitDetail': {'dashAllVisiableLimit': 4, 'dashAllVisiableNum': 0}, 'publicAccessAuthVO': {'beingAttachmentQuestion': False, 'beingPublicLink': False}, 'remark': '767676655@qq.com', 'showContact': True, 'trial': True, 'trialDays': '0', 'trialNotice': True, 'type': 'normal', 'useScheduledSync': False, 'watermarkConfig': {'showDate': False, 'showDeparts': False, 'showExUserId': False, 'showName': True, 'showPhoneNumber': False, 'showWsName': False}, 'wsDomain': None, 'wsFunction': 'platform', 'wsId': 430755, 'wsLimitDetail': {'canDashNum': -1, 'canFormNum': -1, 'canPackageNum': -1, 'currentDashNum': -1, 'currentFormNum': -1, 'currentPackageNum': -1}, 'wsName': '767676655@qq.comÁöÑÂ∑•‰ΩúÂå∫'}, 'mobile': '767676655', 'nickName': '767676655@qq.com', 'npsCollect': False, 'promoCode': '72434f2b9', 'randomEmail': False, 'recordedNewGuidePop': [], 'showProcessPersonal': False, 'signatureUrl': None, 'source': 'home_home', 'status': None, 'uid': 1860133}, 'userSecurityVO': {'authMethod': 0, 'beingUninitialized': False}}
118.25.243.250 - - [03/Aug/2023 22:00:31] "POST /mointor HTTP/1.1" 200 -
((536, datetime.datetime(2023, 8, 3, 22, 0, 31), 1, 120),)
656
yibukaishi
767676656@qq.com
767676656
{'beingInvited': False, 'corpName': None, 'loginToken': None, 'openId': None, 'token': '3068858a-0db2-4fa5-945b-37b0a3a828d0', 'userInfo': {'beingBlackEmail': False, 'beingDisableExpiryRemind': False, 'beingExpand': None, 'beingInvited': False, 'beingLangFollowBrowser': True, 'beingOldVersion': None, 'beingPrivacyPolicy': True, 'beingSandBoxSuperAdmin': False, 'collectUserInfo': None, 'createTime': None, 'csShow': True, 'desktopRemind': True, 'email': '767676656@qq.com', 'firstLogin': None, 'grayLimit': 13, 'graySpecify': False, 'grayType': 1, 'hasPwdLoggedIn': False, 'havePassword': True, 'headImg': None, 'lang': None, 'lastWsInfo': {'accepted': None, 'accountLevel': 40, 'auth': 2, 'beingCustomizedAppSync': None, 'beingHideHelpDocument': False, 'beingSandbox': False, 'beingWatermark': False, 'biAuth': 'SUPER', 'canWorkWx': False, 'contactEnableNum': 1, 'contactNum': 1, 'departs': [], 'dynamic': None, 'exId': 'tAeLHd46LCKVtH+LoqQ9mA==', 'exUserId': '1860174', 'expireDate': 1692370841000, 'hideCopyright': False, 'logoutConfig': {'logOutToSso': False, 'serverName': None, 'ssoType': None}, 'memberId': 1690300, 'openConnectorList': [], 'openPluginList': [2, 3, 6, 7, 8, 9, 13, 14, 15, 16, 17, 25, 26, 27, 28, 29, 33, 34, 35, 36, 37, 38, 39, 42, 43, 44, 45, -2, 32], 'permissionStatus': None, 'pluginClickList': [], 'pluginLimitDetail': {'dashAllVisiableLimit': 4, 'dashAllVisiableNum': 0}, 'publicAccessAuthVO': {'beingAttachmentQuestion': False, 'beingPublicLink': False}, 'remark': '767676656@qq.com', 'showContact': True, 'trial': True, 'trialDays': '0', 'trialNotice': True, 'type': 'normal', 'useScheduledSync': False, 'watermarkConfig': {'showDate': False, 'showDeparts': False, 'showExUserId': False, 'showName': True, 'showPhoneNumber': False, 'showWsName': False}, 'wsDomain': None, 'wsFunction': 'platform', 'wsId': 430767, 'wsLimitDetail': {'canDashNum': -1, 'canFormNum': -1, 'canPackageNum': -1, 'currentDashNum': -1, 'currentFormNum': -1, 'currentPackageNum': -1}, 'wsName': '767676656@qq.comÁöÑÂ∑•‰ΩúÂå∫'}, 'mobile': '767676656', 'nickName': '767676656@qq.com', 'npsCollect': False, 'promoCode': 'a23fbf407', 'randomEmail': False, 'recordedNewGuidePop': [], 'showProcessPersonal': False, 'signatureUrl': None, 'source': 'home_home', 'status': None, 'uid': 1860174}, 'userSecurityVO': {'authMethod': 0, 'beingUninitialized': False}}
{'beingInvited': False, 'corpName': None, 'loginToken': None, 'openId': None, 'token': '3068858a-0db2-4fa5-945b-37b0a3a828d0', 'userInfo': {'beingBlackEmail': False, 'beingDisableExpiryRemind': False, 'beingExpand': None, 'beingInvited': False, 'beingLangFollowBrowser': True, 'beingOldVersion': None, 'beingPrivacyPolicy': True, 'beingSandBoxSuperAdmin': False, 'collectUserInfo': None, 'createTime': None, 'csShow': True, 'desktopRemind': True, 'email': '767676656@qq.com', 'firstLogin': None, 'grayLimit': 13, 'graySpecify': False, 'grayType': 1, 'hasPwdLoggedIn': False, 'havePassword': True, 'headImg': None, 'lang': None, 'lastWsInfo': {'accepted': None, 'accountLevel': 40, 'auth': 2, 'beingCustomizedAppSync': None, 'beingHideHelpDocument': False, 'beingSandbox': False, 'beingWatermark': False, 'biAuth': 'SUPER', 'canWorkWx': False, 'contactEnableNum': 1, 'contactNum': 1, 'departs': [], 'dynamic': None, 'exId': 'tAeLHd46LCKVtH+LoqQ9mA==', 'exUserId': '1860174', 'expireDate': 1692370841000, 'hideCopyright': False, 'logoutConfig': {'logOutToSso': False, 'serverName': None, 'ssoType': None}, 'memberId': 1690300, 'openConnectorList': [], 'openPluginList': [2, 3, 6, 7, 8, 9, 13, 14, 15, 16, 17, 25, 26, 27, 28, 29, 33, 34, 35, 36, 37, 38, 39, 42, 43, 44, 45, -2, 32], 'permissionStatus': None, 'pluginClickList': [], 'pluginLimitDetail': {'dashAllVisiableLimit': 4, 'dashAllVisiableNum': 0}, 'publicAccessAuthVO': {'beingAttachmentQuestion': False, 'beingPublicLink': False}, 'remark': '767676656@qq.com', 'showContact': True, 'trial': True, 'trialDays': '0', 'trialNotice': True, 'type': 'normal', 'useScheduledSync': False, 'watermarkConfig': {'showDate': False, 'showDeparts': False, 'showExUserId': False, 'showName': True, 'showPhoneNumber': False, 'showWsName': False}, 'wsDomain': None, 'wsFunction': 'platform', 'wsId': 430767, 'wsLimitDetail': {'canDashNum': -1, 'canFormNum': -1, 'canPackageNum': -1, 'currentDashNum': -1, 'currentFormNum': -1, 'currentPackageNum': -1}, 'wsName': '767676656@qq.comÁöÑÂ∑•‰ΩúÂå∫'}, 'mobile': '767676656', 'nickName': '767676656@qq.com', 'npsCollect': False, 'promoCode': 'a23fbf407', 'randomEmail': False, 'recordedNewGuidePop': [], 'showProcessPersonal': False, 'signatureUrl': None, 'source': 'home_home', 'status': None, 'uid': 1860174}, 'userSecurityVO': {'authMethod': 0, 'beingUninitialized': False}}
118.25.243.250 - - [03/Aug/2023 23:00:41] "POST /mointor HTTP/1.1" 200 -
((537, datetime.datetime(2023, 8, 3, 23, 0, 41), 1, 120),)
657
yibukaishi
767676657@qq.com
767676657
{'beingInvited': False, 'corpName': None, 'loginToken': None, 'openId': None, 'token': '434e2a15-eea0-4ca8-99c9-07a185b0a3de', 'userInfo': {'beingBlackEmail': False, 'beingDisableExpiryRemind': False, 'beingExpand': None, 'beingInvited': False, 'beingLangFollowBrowser': True, 'beingOldVersion': None, 'beingPrivacyPolicy': True, 'beingSandBoxSuperAdmin': False, 'collectUserInfo': None, 'createTime': None, 'csShow': True, 'desktopRemind': True, 'email': '767676657@qq.com', 'firstLogin': None, 'grayLimit': 43, 'graySpecify': False, 'grayType': 1, 'hasPwdLoggedIn': False, 'havePassword': True, 'headImg': None, 'lang': None, 'lastWsInfo': {'accepted': None, 'accountLevel': 40, 'auth': 2, 'beingCustomizedAppSync': None, 'beingHideHelpDocument': False, 'beingSandbox': False, 'beingWatermark': False, 'biAuth': 'SUPER', 'canWorkWx': False, 'contactEnableNum': 1, 'contactNum': 1, 'departs': [], 'dynamic': None, 'exId': 'tAeLHd46LCLDeHpj+NqReg==', 'exUserId': '1860197', 'expireDate': 1692374455000, 'hideCopyright': False, 'logoutConfig': {'logOutToSso': False, 'serverName': None, 'ssoType': None}, 'memberId': 1690310, 'openConnectorList': [], 'openPluginList': [2, 3, 6, 7, 8, 9, 13, 14, 15, 16, 17, 25, 26, 27, 28, 29, 33, 34, 35, 36, 37, 38, 39, 42, 43, 44, 45, -2, 32], 'permissionStatus': None, 'pluginClickList': [], 'pluginLimitDetail': {'dashAllVisiableLimit': 4, 'dashAllVisiableNum': 0}, 'publicAccessAuthVO': {'beingAttachmentQuestion': False, 'beingPublicLink': False}, 'remark': '767676657@qq.com', 'showContact': True, 'trial': True, 'trialDays': '0', 'trialNotice': True, 'type': 'normal', 'useScheduledSync': False, 'watermarkConfig': {'showDate': False, 'showDeparts': False, 'showExUserId': False, 'showName': True, 'showPhoneNumber': False, 'showWsName': False}, 'wsDomain': None, 'wsFunction': 'platform', 'wsId': 430775, 'wsLimitDetail': {'canDashNum': -1, 'canFormNum': -1, 'canPackageNum': -1, 'currentDashNum': -1, 'currentFormNum': -1, 'currentPackageNum': -1}, 'wsName': '767676657@qq.comÁöÑÂ∑•‰ΩúÂå∫'}, 'mobile': '767676657', 'nickName': '767676657@qq.com', 'npsCollect': False, 'promoCode': 'd39442366', 'randomEmail': False, 'recordedNewGuidePop': [], 'showProcessPersonal': False, 'signatureUrl': None, 'source': 'home_home', 'status': None, 'uid': 1860197}, 'userSecurityVO': {'authMethod': 0, 'beingUninitialized': False}}
{'beingInvited': False, 'corpName': None, 'loginToken': None, 'openId': None, 'token': '434e2a15-eea0-4ca8-99c9-07a185b0a3de', 'userInfo': {'beingBlackEmail': False, 'beingDisableExpiryRemind': False, 'beingExpand': None, 'beingInvited': False, 'beingLangFollowBrowser': True, 'beingOldVersion': None, 'beingPrivacyPolicy': True, 'beingSandBoxSuperAdmin': False, 'collectUserInfo': None, 'createTime': None, 'csShow': True, 'desktopRemind': True, 'email': '767676657@qq.com', 'firstLogin': None, 'grayLimit': 43, 'graySpecify': False, 'grayType': 1, 'hasPwdLoggedIn': False, 'havePassword': True, 'headImg': None, 'lang': None, 'lastWsInfo': {'accepted': None, 'accountLevel': 40, 'auth': 2, 'beingCustomizedAppSync': None, 'beingHideHelpDocument': False, 'beingSandbox': False, 'beingWatermark': False, 'biAuth': 'SUPER', 'canWorkWx': False, 'contactEnableNum': 1, 'contactNum': 1, 'departs': [], 'dynamic': None, 'exId': 'tAeLHd46LCLDeHpj+NqReg==', 'exUserId': '1860197', 'expireDate': 1692374455000, 'hideCopyright': False, 'logoutConfig': {'logOutToSso': False, 'serverName': None, 'ssoType': None}, 'memberId': 1690310, 'openConnectorList': [], 'openPluginList': [2, 3, 6, 7, 8, 9, 13, 14, 15, 16, 17, 25, 26, 27, 28, 29, 33, 34, 35, 36, 37, 38, 39, 42, 43, 44, 45, -2, 32], 'permissionStatus': None, 'pluginClickList': [], 'pluginLimitDetail': {'dashAllVisiableLimit': 4, 'dashAllVisiableNum': 0}, 'publicAccessAuthVO': {'beingAttachmentQuestion': False, 'beingPublicLink': False}, 'remark': '767676657@qq.com', 'showContact': True, 'trial': True, 'trialDays': '0', 'trialNotice': True, 'type': 'normal', 'useScheduledSync': False, 'watermarkConfig': {'showDate': False, 'showDeparts': False, 'showExUserId': False, 'showName': True, 'showPhoneNumber': False, 'showWsName': False}, 'wsDomain': None, 'wsFunction': 'platform', 'wsId': 430775, 'wsLimitDetail': {'canDashNum': -1, 'canFormNum': -1, 'canPackageNum': -1, 'currentDashNum': -1, 'currentFormNum': -1, 'currentPackageNum': -1}, 'wsName': '767676657@qq.comÁöÑÂ∑•‰ΩúÂå∫'}, 'mobile': '767676657', 'nickName': '767676657@qq.com', 'npsCollect': False, 'promoCode': 'd39442366', 'randomEmail': False, 'recordedNewGuidePop': [], 'showProcessPersonal': False, 'signatureUrl': None, 'source': 'home_home', 'status': None, 'uid': 1860197}, 'userSecurityVO': {'authMethod': 0, 'beingUninitialized': False}}
118.25.243.250 - - [04/Aug/2023 00:00:55] "POST /mointor HTTP/1.1" 200 -
((538, datetime.datetime(2023, 8, 4, 0, 0, 55), 1, 120),)
658
yibukaishi
767676658@qq.com
767676658
{'beingInvited': False, 'corpName': None, 'loginToken': None, 'openId': None, 'token': '89bd416a-3872-4221-a605-3d62a7770af2', 'userInfo': {'beingBlackEmail': False, 'beingDisableExpiryRemind': False, 'beingExpand': None, 'beingInvited': False, 'beingLangFollowBrowser': True, 'beingOldVersion': None, 'beingPrivacyPolicy': True, 'beingSandBoxSuperAdmin': False, 'collectUserInfo': None, 'createTime': None, 'csShow': True, 'desktopRemind': True, 'email': '767676658@qq.com', 'firstLogin': None, 'grayLimit': 29, 'graySpecify': False, 'grayType': 1, 'hasPwdLoggedIn': False, 'havePassword': True, 'headImg': None, 'lang': None, 'lastWsInfo': {'accepted': None, 'accountLevel': 40, 'auth': 2, 'beingCustomizedAppSync': None, 'beingHideHelpDocument': False, 'beingSandbox': False, 'beingWatermark': False, 'biAuth': 'SUPER', 'canWorkWx': False, 'contactEnableNum': 1, 'contactNum': 1, 'departs': [], 'dynamic': None, 'exId': 'tAeLHd46LCKYmfQ74JSLqQ==', 'exUserId': '1860208', 'expireDate': 1692376209000, 'hideCopyright': False, 'logoutConfig': {'logOutToSso': False, 'serverName': None, 'ssoType': None}, 'memberId': 1690317, 'openConnectorList': [], 'openPluginList': [2, 3, 6, 7, 8, 9, 13, 14, 15, 16, 17, 25, 26, 27, 28, 29, 33, 34, 35, 36, 37, 38, 39, 42, 43, 44, 45, -2, 32], 'permissionStatus': None, 'pluginClickList': [], 'pluginLimitDetail': {'dashAllVisiableLimit': 4, 'dashAllVisiableNum': 0}, 'publicAccessAuthVO': {'beingAttachmentQuestion': False, 'beingPublicLink': False}, 'remark': '767676658@qq.com', 'showContact': True, 'trial': True, 'trialDays': '0', 'trialNotice': True, 'type': 'normal', 'useScheduledSync': False, 'watermarkConfig': {'showDate': False, 'showDeparts': False, 'showExUserId': False, 'showName': True, 'showPhoneNumber': False, 'showWsName': False}, 'wsDomain': None, 'wsFunction': 'platform', 'wsId': 430781, 'wsLimitDetail': {'canDashNum': -1, 'canFormNum': -1, 'canPackageNum': -1, 'currentDashNum': -1, 'currentFormNum': -1, 'currentPackageNum': -1}, 'wsName': '767676658@qq.comÁöÑÂ∑•‰ΩúÂå∫'}, 'mobile': '767676658', 'nickName': '767676658@qq.com', 'npsCollect': False, 'promoCode': 'e2b5c8e3a', 'randomEmail': False, 'recordedNewGuidePop': [], 'showProcessPersonal': False, 'signatureUrl': None, 'source': 'home_home', 'status': None, 'uid': 1860208}, 'userSecurityVO': {'authMethod': 0, 'beingUninitialized': False}}
{'beingInvited': False, 'corpName': None, 'loginToken': None, 'openId': None, 'token': '89bd416a-3872-4221-a605-3d62a7770af2', 'userInfo': {'beingBlackEmail': False, 'beingDisableExpiryRemind': False, 'beingExpand': None, 'beingInvited': False, 'beingLangFollowBrowser': True, 'beingOldVersion': None, 'beingPrivacyPolicy': True, 'beingSandBoxSuperAdmin': False, 'collectUserInfo': None, 'createTime': None, 'csShow': True, 'desktopRemind': True, 'email': '767676658@qq.com', 'firstLogin': None, 'grayLimit': 29, 'graySpecify': False, 'grayType': 1, 'hasPwdLoggedIn': False, 'havePassword': True, 'headImg': None, 'lang': None, 'lastWsInfo': {'accepted': None, 'accountLevel': 40, 'auth': 2, 'beingCustomizedAppSync': None, 'beingHideHelpDocument': False, 'beingSandbox': False, 'beingWatermark': False, 'biAuth': 'SUPER', 'canWorkWx': False, 'contactEnableNum': 1, 'contactNum': 1, 'departs': [], 'dynamic': None, 'exId': 'tAeLHd46LCKYmfQ74JSLqQ==', 'exUserId': '1860208', 'expireDate': 1692376209000, 'hideCopyright': False, 'logoutConfig': {'logOutToSso': False, 'serverName': None, 'ssoType': None}, 'memberId': 1690317, 'openConnectorList': [], 'openPluginList': [2, 3, 6, 7, 8, 9, 13, 14, 15, 16, 17, 25, 26, 27, 28, 29, 33, 34, 35, 36, 37, 38, 39, 42, 43, 44, 45, -2, 32], 'permissionStatus': None, 'pluginClickList': [], 'pluginLimitDetail': {'dashAllVisiableLimit': 4, 'dashAllVisiableNum': 0}, 'publicAccessAuthVO': {'beingAttachmentQuestion': False, 'beingPublicLink': False}, 'remark': '767676658@qq.com', 'showContact': True, 'trial': True, 'trialDays': '0', 'trialNotice': True, 'type': 'normal', 'useScheduledSync': False, 'watermarkConfig': {'showDate': False, 'showDeparts': False, 'showExUserId': False, 'showName': True, 'showPhoneNumber': False, 'showWsName': False}, 'wsDomain': None, 'wsFunction': 'platform', 'wsId': 430781, 'wsLimitDetail': {'canDashNum': -1, 'canFormNum': -1, 'canPackageNum': -1, 'currentDashNum': -1, 'currentFormNum': -1, 'currentPackageNum': -1}, 'wsName': '767676658@qq.comÁöÑÂ∑•‰ΩúÂå∫'}, 'mobile': '767676658', 'nickName': '767676658@qq.com', 'npsCollect': False, 'promoCode': 'e2b5c8e3a', 'randomEmail': False, 'recordedNewGuidePop': [], 'showProcessPersonal': False, 'signatureUrl': None, 'source': 'home_home', 'status': None, 'uid': 1860208}, 'userSecurityVO': {'authMethod': 0, 'beingUninitialized': False}}
118.25.243.250 - - [04/Aug/2023 00:30:09] "POST /mointor HTTP/1.1" 200 -
538
[2023-08-04 00:35:40,785] ERROR in app: Exception on / [GET]
Traceback (most recent call last):
  File "/usr/local/lib64/python3.6/site-packages/flask/app.py", line 2073, in wsgi_app
    response = self.full_dispatch_request()
  File "/usr/local/lib64/python3.6/site-packages/flask/app.py", line 1519, in full_dispatch_request
    return self.finalize_request(rv)
  File "/usr/local/lib64/python3.6/site-packages/flask/app.py", line 1538, in finalize_request
    response = self.make_response(rv)
  File "/usr/local/lib64/python3.6/site-packages/flask/app.py", line 1702, in make_response
    f"The view function for {request.endpoint!r} did not"
TypeError: The view function for 'result' did not return a valid response. The function either returned None or ended without a return statement.
167.94.138.36 - - [04/Aug/2023 00:35:40] "[35m[1mGET / HTTP/1.1[0m" 500 -
167.94.138.36 - - [04/Aug/2023 00:35:41] code 505, message Invalid HTTP version (2.0)
167.94.138.36 - - [04/Aug/2023 00:35:41] "[35m[1mPRI * HTTP/2.0[0m" HTTPStatus.HTTP_VERSION_NOT_SUPPORTED -
539
124.221.203.147 - - [04/Aug/2023 10:00:57] "GET /?password=wsj HTTP/1.1" 200 -
194.165.17.11 - - [04/Aug/2023 17:06:19] code 400, message Bad HTTP/0.9 request type ('\x03\x00\x00/*√†\x00\x00\x00\x00\x00Cookie:')
194.165.17.11 - - [04/Aug/2023 17:06:19] "[35m[1m  /*√†     Cookie: mstshash=Administr[0m" HTTPStatus.BAD_REQUEST -
((539, datetime.datetime(2023, 8, 4, 0, 30, 9), 1, 120),)
659
yibukaishi
767676659@qq.com
767676659
{'beingInvited': False, 'corpName': None, 'loginToken': None, 'openId': None, 'token': 'e123423d-a018-41c1-942d-7b515b709560', 'userInfo': {'beingBlackEmail': False, 'beingDisableExpiryRemind': False, 'beingExpand': None, 'beingInvited': False, 'beingLangFollowBrowser': True, 'beingOldVersion': None, 'beingPrivacyPolicy': True, 'beingSandBoxSuperAdmin': False, 'collectUserInfo': None, 'createTime': None, 'csShow': True, 'desktopRemind': True, 'email': '767676659@qq.com', 'firstLogin': None, 'grayLimit': 18, 'graySpecify': False, 'grayType': 1, 'hasPwdLoggedIn': False, 'havePassword': True, 'headImg': None, 'lang': None, 'lastWsInfo': {'accepted': None, 'accountLevel': 40, 'auth': 2, 'beingCustomizedAppSync': None, 'beingHideHelpDocument': False, 'beingSandbox': False, 'beingWatermark': False, 'biAuth': 'SUPER', 'canWorkWx': False, 'contactEnableNum': 1, 'contactNum': 1, 'departs': [], 'dynamic': None, 'exId': 'tAeLHd46LCJkY9bZ5ogDPw==', 'exUserId': '1861234', 'expireDate': 1692453631000, 'hideCopyright': False, 'logoutConfig': {'logOutToSso': False, 'serverName': None, 'ssoType': None}, 'memberId': 1691161, 'openConnectorList': [], 'openPluginList': [2, 3, 6, 7, 8, 9, 13, 14, 15, 16, 17, 25, 26, 27, 28, 29, 33, 34, 35, 36, 37, 38, 39, 42, 43, 44, 45, -2, 32], 'permissionStatus': None, 'pluginClickList': [], 'pluginLimitDetail': {'dashAllVisiableLimit': 4, 'dashAllVisiableNum': 0}, 'publicAccessAuthVO': {'beingAttachmentQuestion': False, 'beingPublicLink': False}, 'remark': '767676659@qq.com', 'showContact': True, 'trial': True, 'trialDays': '0', 'trialNotice': True, 'type': 'normal', 'useScheduledSync': False, 'watermarkConfig': {'showDate': False, 'showDeparts': False, 'showExUserId': False, 'showName': True, 'showPhoneNumber': False, 'showWsName': False}, 'wsDomain': None, 'wsFunction': 'platform', 'wsId': 431207, 'wsLimitDetail': {'canDashNum': -1, 'canFormNum': -1, 'canPackageNum': -1, 'currentDashNum': -1, 'currentFormNum': -1, 'currentPackageNum': -1}, 'wsName': '767676659@qq.comÁöÑÂ∑•‰ΩúÂå∫'}, 'mobile': '767676659', 'nickName': '767676659@qq.com', 'npsCollect': False, 'promoCode': 'ae5019092', 'randomEmail': False, 'recordedNewGuidePop': [], 'showProcessPersonal': False, 'signatureUrl': None, 'source': 'home_home', 'status': None, 'uid': 1861234}, 'userSecurityVO': {'authMethod': 0, 'beingUninitialized': False}}
{'beingInvited': False, 'corpName': None, 'loginToken': None, 'openId': None, 'token': 'e123423d-a018-41c1-942d-7b515b709560', 'userInfo': {'beingBlackEmail': False, 'beingDisableExpiryRemind': False, 'beingExpand': None, 'beingInvited': False, 'beingLangFollowBrowser': True, 'beingOldVersion': None, 'beingPrivacyPolicy': True, 'beingSandBoxSuperAdmin': False, 'collectUserInfo': None, 'createTime': None, 'csShow': True, 'desktopRemind': True, 'email': '767676659@qq.com', 'firstLogin': None, 'grayLimit': 18, 'graySpecify': False, 'grayType': 1, 'hasPwdLoggedIn': False, 'havePassword': True, 'headImg': None, 'lang': None, 'lastWsInfo': {'accepted': None, 'accountLevel': 40, 'auth': 2, 'beingCustomizedAppSync': None, 'beingHideHelpDocument': False, 'beingSandbox': False, 'beingWatermark': False, 'biAuth': 'SUPER', 'canWorkWx': False, 'contactEnableNum': 1, 'contactNum': 1, 'departs': [], 'dynamic': None, 'exId': 'tAeLHd46LCJkY9bZ5ogDPw==', 'exUserId': '1861234', 'expireDate': 1692453631000, 'hideCopyright': False, 'logoutConfig': {'logOutToSso': False, 'serverName': None, 'ssoType': None}, 'memberId': 1691161, 'openConnectorList': [], 'openPluginList': [2, 3, 6, 7, 8, 9, 13, 14, 15, 16, 17, 25, 26, 27, 28, 29, 33, 34, 35, 36, 37, 38, 39, 42, 43, 44, 45, -2, 32], 'permissionStatus': None, 'pluginClickList': [], 'pluginLimitDetail': {'dashAllVisiableLimit': 4, 'dashAllVisiableNum': 0}, 'publicAccessAuthVO': {'beingAttachmentQuestion': False, 'beingPublicLink': False}, 'remark': '767676659@qq.com', 'showContact': True, 'trial': True, 'trialDays': '0', 'trialNotice': True, 'type': 'normal', 'useScheduledSync': False, 'watermarkConfig': {'showDate': False, 'showDeparts': False, 'showExUserId': False, 'showName': True, 'showPhoneNumber': False, 'showWsName': False}, 'wsDomain': None, 'wsFunction': 'platform', 'wsId': 431207, 'wsLimitDetail': {'canDashNum': -1, 'canFormNum': -1, 'canPackageNum': -1, 'currentDashNum': -1, 'currentFormNum': -1, 'currentPackageNum': -1}, 'wsName': '767676659@qq.comÁöÑÂ∑•‰ΩúÂå∫'}, 'mobile': '767676659', 'nickName': '767676659@qq.com', 'npsCollect': False, 'promoCode': 'ae5019092', 'randomEmail': False, 'recordedNewGuidePop': [], 'showProcessPersonal': False, 'signatureUrl': None, 'source': 'home_home', 'status': None, 'uid': 1861234}, 'userSecurityVO': {'authMethod': 0, 'beingUninitialized': False}}
118.25.243.250 - - [04/Aug/2023 22:00:31] "POST /mointor HTTP/1.1" 200 -
((540, datetime.datetime(2023, 8, 4, 22, 0, 31), 1, 120),)
660
yibukaishi
767676660@qq.com
767676660
{'beingInvited': False, 'corpName': None, 'loginToken': None, 'openId': None, 'token': '6193f93e-6afb-4842-9cd4-59c95c91d5a4', 'userInfo': {'beingBlackEmail': False, 'beingDisableExpiryRemind': False, 'beingExpand': None, 'beingInvited': False, 'beingLangFollowBrowser': True, 'beingOldVersion': None, 'beingPrivacyPolicy': True, 'beingSandBoxSuperAdmin': False, 'collectUserInfo': None, 'createTime': None, 'csShow': True, 'desktopRemind': True, 'email': '767676660@qq.com', 'firstLogin': None, 'grayLimit': 30, 'graySpecify': False, 'grayType': 1, 'hasPwdLoggedIn': False, 'havePassword': True, 'headImg': None, 'lang': None, 'lastWsInfo': {'accepted': None, 'accountLevel': 40, 'auth': 2, 'beingCustomizedAppSync': None, 'beingHideHelpDocument': False, 'beingSandbox': False, 'beingWatermark': False, 'biAuth': 'SUPER', 'canWorkWx': False, 'contactEnableNum': 1, 'contactNum': 1, 'departs': [], 'dynamic': None, 'exId': 'tAeLHd46LCJEHxJJ4NBL4Q==', 'exUserId': '1861253', 'expireDate': 1692457241000, 'hideCopyright': False, 'logoutConfig': {'logOutToSso': False, 'serverName': None, 'ssoType': None}, 'memberId': 1691174, 'openConnectorList': [], 'openPluginList': [2, 3, 6, 7, 8, 9, 13, 14, 15, 16, 17, 25, 26, 27, 28, 29, 33, 34, 35, 36, 37, 38, 39, 42, 43, 44, 45, -2, 32], 'permissionStatus': None, 'pluginClickList': [], 'pluginLimitDetail': {'dashAllVisiableLimit': 4, 'dashAllVisiableNum': 0}, 'publicAccessAuthVO': {'beingAttachmentQuestion': False, 'beingPublicLink': False}, 'remark': '767676660@qq.com', 'showContact': True, 'trial': True, 'trialDays': '0', 'trialNotice': True, 'type': 'normal', 'useScheduledSync': False, 'watermarkConfig': {'showDate': False, 'showDeparts': False, 'showExUserId': False, 'showName': True, 'showPhoneNumber': False, 'showWsName': False}, 'wsDomain': None, 'wsFunction': 'platform', 'wsId': 431214, 'wsLimitDetail': {'canDashNum': -1, 'canFormNum': -1, 'canPackageNum': -1, 'currentDashNum': -1, 'currentFormNum': -1, 'currentPackageNum': -1}, 'wsName': '767676660@qq.comÁöÑÂ∑•‰ΩúÂå∫'}, 'mobile': '767676660', 'nickName': '767676660@qq.com', 'npsCollect': False, 'promoCode': '6733bc97e', 'randomEmail': False, 'recordedNewGuidePop': [], 'showProcessPersonal': False, 'signatureUrl': None, 'source': 'home_home', 'status': None, 'uid': 1861253}, 'userSecurityVO': {'authMethod': 0, 'beingUninitialized': False}}
{'beingInvited': False, 'corpName': None, 'loginToken': None, 'openId': None, 'token': '6193f93e-6afb-4842-9cd4-59c95c91d5a4', 'userInfo': {'beingBlackEmail': False, 'beingDisableExpiryRemind': False, 'beingExpand': None, 'beingInvited': False, 'beingLangFollowBrowser': True, 'beingOldVersion': None, 'beingPrivacyPolicy': True, 'beingSandBoxSuperAdmin': False, 'collectUserInfo': None, 'createTime': None, 'csShow': True, 'desktopRemind': True, 'email': '767676660@qq.com', 'firstLogin': None, 'grayLimit': 30, 'graySpecify': False, 'grayType': 1, 'hasPwdLoggedIn': False, 'havePassword': True, 'headImg': None, 'lang': None, 'lastWsInfo': {'accepted': None, 'accountLevel': 40, 'auth': 2, 'beingCustomizedAppSync': None, 'beingHideHelpDocument': False, 'beingSandbox': False, 'beingWatermark': False, 'biAuth': 'SUPER', 'canWorkWx': False, 'contactEnableNum': 1, 'contactNum': 1, 'departs': [], 'dynamic': None, 'exId': 'tAeLHd46LCJEHxJJ4NBL4Q==', 'exUserId': '1861253', 'expireDate': 1692457241000, 'hideCopyright': False, 'logoutConfig': {'logOutToSso': False, 'serverName': None, 'ssoType': None}, 'memberId': 1691174, 'openConnectorList': [], 'openPluginList': [2, 3, 6, 7, 8, 9, 13, 14, 15, 16, 17, 25, 26, 27, 28, 29, 33, 34, 35, 36, 37, 38, 39, 42, 43, 44, 45, -2, 32], 'permissionStatus': None, 'pluginClickList': [], 'pluginLimitDetail': {'dashAllVisiableLimit': 4, 'dashAllVisiableNum': 0}, 'publicAccessAuthVO': {'beingAttachmentQuestion': False, 'beingPublicLink': False}, 'remark': '767676660@qq.com', 'showContact': True, 'trial': True, 'trialDays': '0', 'trialNotice': True, 'type': 'normal', 'useScheduledSync': False, 'watermarkConfig': {'showDate': False, 'showDeparts': False, 'showExUserId': False, 'showName': True, 'showPhoneNumber': False, 'showWsName': False}, 'wsDomain': None, 'wsFunction': 'platform', 'wsId': 431214, 'wsLimitDetail': {'canDashNum': -1, 'canFormNum': -1, 'canPackageNum': -1, 'currentDashNum': -1, 'currentFormNum': -1, 'currentPackageNum': -1}, 'wsName': '767676660@qq.comÁöÑÂ∑•‰ΩúÂå∫'}, 'mobile': '767676660', 'nickName': '767676660@qq.com', 'npsCollect': False, 'promoCode': '6733bc97e', 'randomEmail': False, 'recordedNewGuidePop': [], 'showProcessPersonal': False, 'signatureUrl': None, 'source': 'home_home', 'status': None, 'uid': 1861253}, 'userSecurityVO': {'authMethod': 0, 'beingUninitialized': False}}
118.25.243.250 - - [04/Aug/2023 23:00:41] "POST /mointor HTTP/1.1" 200 -
((541, datetime.datetime(2023, 8, 4, 23, 0, 41), 1, 120),)
661
yibukaishi
767676661@qq.com
767676661
{'beingInvited': False, 'corpName': None, 'loginToken': None, 'openId': None, 'token': '70e5712d-280e-4762-adf1-b80a650af95a', 'userInfo': {'beingBlackEmail': False, 'beingDisableExpiryRemind': False, 'beingExpand': None, 'beingInvited': False, 'beingLangFollowBrowser': True, 'beingOldVersion': None, 'beingPrivacyPolicy': True, 'beingSandBoxSuperAdmin': False, 'collectUserInfo': None, 'createTime': None, 'csShow': True, 'desktopRemind': True, 'email': '767676661@qq.com', 'firstLogin': None, 'grayLimit': 95, 'graySpecify': False, 'grayType': 1, 'hasPwdLoggedIn': False, 'havePassword': True, 'headImg': None, 'lang': None, 'lastWsInfo': {'accepted': None, 'accountLevel': 40, 'auth': 2, 'beingCustomizedAppSync': None, 'beingHideHelpDocument': False, 'beingSandbox': False, 'beingWatermark': False, 'biAuth': 'SUPER', 'canWorkWx': False, 'contactEnableNum': 1, 'contactNum': 1, 'departs': [], 'dynamic': None, 'exId': 'tAeLHd46LCIJbar+ZIv4lQ==', 'exUserId': '1861270', 'expireDate': 1692460861000, 'hideCopyright': False, 'logoutConfig': {'logOutToSso': False, 'serverName': None, 'ssoType': None}, 'memberId': 1691187, 'openConnectorList': [], 'openPluginList': [2, 3, 6, 7, 8, 9, 13, 14, 15, 16, 17, 25, 26, 27, 28, 29, 33, 34, 35, 36, 37, 38, 39, 42, 43, 44, 45, -2, 32], 'permissionStatus': None, 'pluginClickList': [], 'pluginLimitDetail': {'dashAllVisiableLimit': 4, 'dashAllVisiableNum': 0}, 'publicAccessAuthVO': {'beingAttachmentQuestion': False, 'beingPublicLink': False}, 'remark': '767676661@qq.com', 'showContact': True, 'trial': True, 'trialDays': '0', 'trialNotice': True, 'type': 'normal', 'useScheduledSync': False, 'watermarkConfig': {'showDate': False, 'showDeparts': False, 'showExUserId': False, 'showName': True, 'showPhoneNumber': False, 'showWsName': False}, 'wsDomain': None, 'wsFunction': 'platform', 'wsId': 431221, 'wsLimitDetail': {'canDashNum': -1, 'canFormNum': -1, 'canPackageNum': -1, 'currentDashNum': -1, 'currentFormNum': -1, 'currentPackageNum': -1}, 'wsName': '767676661@qq.comÁöÑÂ∑•‰ΩúÂå∫'}, 'mobile': '767676661', 'nickName': '767676661@qq.com', 'npsCollect': False, 'promoCode': '9f3f7afa8', 'randomEmail': False, 'recordedNewGuidePop': [], 'showProcessPersonal': False, 'signatureUrl': None, 'source': 'home_home', 'status': None, 'uid': 1861270}, 'userSecurityVO': {'authMethod': 0, 'beingUninitialized': False}}
{'beingInvited': False, 'corpName': None, 'loginToken': None, 'openId': None, 'token': '70e5712d-280e-4762-adf1-b80a650af95a', 'userInfo': {'beingBlackEmail': False, 'beingDisableExpiryRemind': False, 'beingExpand': None, 'beingInvited': False, 'beingLangFollowBrowser': True, 'beingOldVersion': None, 'beingPrivacyPolicy': True, 'beingSandBoxSuperAdmin': False, 'collectUserInfo': None, 'createTime': None, 'csShow': True, 'desktopRemind': True, 'email': '767676661@qq.com', 'firstLogin': None, 'grayLimit': 95, 'graySpecify': False, 'grayType': 1, 'hasPwdLoggedIn': False, 'havePassword': True, 'headImg': None, 'lang': None, 'lastWsInfo': {'accepted': None, 'accountLevel': 40, 'auth': 2, 'beingCustomizedAppSync': None, 'beingHideHelpDocument': False, 'beingSandbox': False, 'beingWatermark': False, 'biAuth': 'SUPER', 'canWorkWx': False, 'contactEnableNum': 1, 'contactNum': 1, 'departs': [], 'dynamic': None, 'exId': 'tAeLHd46LCIJbar+ZIv4lQ==', 'exUserId': '1861270', 'expireDate': 1692460861000, 'hideCopyright': False, 'logoutConfig': {'logOutToSso': False, 'serverName': None, 'ssoType': None}, 'memberId': 1691187, 'openConnectorList': [], 'openPluginList': [2, 3, 6, 7, 8, 9, 13, 14, 15, 16, 17, 25, 26, 27, 28, 29, 33, 34, 35, 36, 37, 38, 39, 42, 43, 44, 45, -2, 32], 'permissionStatus': None, 'pluginClickList': [], 'pluginLimitDetail': {'dashAllVisiableLimit': 4, 'dashAllVisiableNum': 0}, 'publicAccessAuthVO': {'beingAttachmentQuestion': False, 'beingPublicLink': False}, 'remark': '767676661@qq.com', 'showContact': True, 'trial': True, 'trialDays': '0', 'trialNotice': True, 'type': 'normal', 'useScheduledSync': False, 'watermarkConfig': {'showDate': False, 'showDeparts': False, 'showExUserId': False, 'showName': True, 'showPhoneNumber': False, 'showWsName': False}, 'wsDomain': None, 'wsFunction': 'platform', 'wsId': 431221, 'wsLimitDetail': {'canDashNum': -1, 'canFormNum': -1, 'canPackageNum': -1, 'currentDashNum': -1, 'currentFormNum': -1, 'currentPackageNum': -1}, 'wsName': '767676661@qq.comÁöÑÂ∑•‰ΩúÂå∫'}, 'mobile': '767676661', 'nickName': '767676661@qq.com', 'npsCollect': False, 'promoCode': '9f3f7afa8', 'randomEmail': False, 'recordedNewGuidePop': [], 'showProcessPersonal': False, 'signatureUrl': None, 'source': 'home_home', 'status': None, 'uid': 1861270}, 'userSecurityVO': {'authMethod': 0, 'beingUninitialized': False}}
118.25.243.250 - - [05/Aug/2023 00:01:01] "POST /mointor HTTP/1.1" 200 -
((542, datetime.datetime(2023, 8, 5, 0, 1, 1), 1, 120),)
662
yibukaishi
767676662@qq.com
767676662
{'beingInvited': False, 'corpName': None, 'loginToken': None, 'openId': None, 'token': '53b90b9e-9b3c-486f-9833-8382b03d7ee8', 'userInfo': {'beingBlackEmail': False, 'beingDisableExpiryRemind': False, 'beingExpand': None, 'beingInvited': False, 'beingLangFollowBrowser': True, 'beingOldVersion': None, 'beingPrivacyPolicy': True, 'beingSandBoxSuperAdmin': False, 'collectUserInfo': None, 'createTime': None, 'csShow': True, 'desktopRemind': True, 'email': '767676662@qq.com', 'firstLogin': None, 'grayLimit': 76, 'graySpecify': False, 'grayType': 1, 'hasPwdLoggedIn': False, 'havePassword': True, 'headImg': None, 'lang': None, 'lastWsInfo': {'accepted': None, 'accountLevel': 40, 'auth': 2, 'beingCustomizedAppSync': None, 'beingHideHelpDocument': False, 'beingSandbox': False, 'beingWatermark': False, 'biAuth': 'SUPER', 'canWorkWx': False, 'contactEnableNum': 1, 'contactNum': 1, 'departs': [], 'dynamic': None, 'exId': 'tAeLHd46LCLNQWt4GOMyKQ==', 'exUserId': '1861278', 'expireDate': 1692462609000, 'hideCopyright': False, 'logoutConfig': {'logOutToSso': False, 'serverName': None, 'ssoType': None}, 'memberId': 1691195, 'openConnectorList': [], 'openPluginList': [2, 3, 6, 7, 8, 9, 13, 14, 15, 16, 17, 25, 26, 27, 28, 29, 33, 34, 35, 36, 37, 38, 39, 42, 43, 44, 45, -2, 32], 'permissionStatus': None, 'pluginClickList': [], 'pluginLimitDetail': {'dashAllVisiableLimit': 4, 'dashAllVisiableNum': 0}, 'publicAccessAuthVO': {'beingAttachmentQuestion': False, 'beingPublicLink': False}, 'remark': '767676662@qq.com', 'showContact': True, 'trial': True, 'trialDays': '0', 'trialNotice': True, 'type': 'normal', 'useScheduledSync': False, 'watermarkConfig': {'showDate': False, 'showDeparts': False, 'showExUserId': False, 'showName': True, 'showPhoneNumber': False, 'showWsName': False}, 'wsDomain': None, 'wsFunction': 'platform', 'wsId': 431226, 'wsLimitDetail': {'canDashNum': -1, 'canFormNum': -1, 'canPackageNum': -1, 'currentDashNum': -1, 'currentFormNum': -1, 'currentPackageNum': -1}, 'wsName': '767676662@qq.comÁöÑÂ∑•‰ΩúÂå∫'}, 'mobile': '767676662', 'nickName': '767676662@qq.com', 'npsCollect': False, 'promoCode': 'bdc011d0e', 'randomEmail': False, 'recordedNewGuidePop': [], 'showProcessPersonal': False, 'signatureUrl': None, 'source': 'home_home', 'status': None, 'uid': 1861278}, 'userSecurityVO': {'authMethod': 0, 'beingUninitialized': False}}
{'beingInvited': False, 'corpName': None, 'loginToken': None, 'openId': None, 'token': '53b90b9e-9b3c-486f-9833-8382b03d7ee8', 'userInfo': {'beingBlackEmail': False, 'beingDisableExpiryRemind': False, 'beingExpand': None, 'beingInvited': False, 'beingLangFollowBrowser': True, 'beingOldVersion': None, 'beingPrivacyPolicy': True, 'beingSandBoxSuperAdmin': False, 'collectUserInfo': None, 'createTime': None, 'csShow': True, 'desktopRemind': True, 'email': '767676662@qq.com', 'firstLogin': None, 'grayLimit': 76, 'graySpecify': False, 'grayType': 1, 'hasPwdLoggedIn': False, 'havePassword': True, 'headImg': None, 'lang': None, 'lastWsInfo': {'accepted': None, 'accountLevel': 40, 'auth': 2, 'beingCustomizedAppSync': None, 'beingHideHelpDocument': False, 'beingSandbox': False, 'beingWatermark': False, 'biAuth': 'SUPER', 'canWorkWx': False, 'contactEnableNum': 1, 'contactNum': 1, 'departs': [], 'dynamic': None, 'exId': 'tAeLHd46LCLNQWt4GOMyKQ==', 'exUserId': '1861278', 'expireDate': 1692462609000, 'hideCopyright': False, 'logoutConfig': {'logOutToSso': False, 'serverName': None, 'ssoType': None}, 'memberId': 1691195, 'openConnectorList': [], 'openPluginList': [2, 3, 6, 7, 8, 9, 13, 14, 15, 16, 17, 25, 26, 27, 28, 29, 33, 34, 35, 36, 37, 38, 39, 42, 43, 44, 45, -2, 32], 'permissionStatus': None, 'pluginClickList': [], 'pluginLimitDetail': {'dashAllVisiableLimit': 4, 'dashAllVisiableNum': 0}, 'publicAccessAuthVO': {'beingAttachmentQuestion': False, 'beingPublicLink': False}, 'remark': '767676662@qq.com', 'showContact': True, 'trial': True, 'trialDays': '0', 'trialNotice': True, 'type': 'normal', 'useScheduledSync': False, 'watermarkConfig': {'showDate': False, 'showDeparts': False, 'showExUserId': False, 'showName': True, 'showPhoneNumber': False, 'showWsName': False}, 'wsDomain': None, 'wsFunction': 'platform', 'wsId': 431226, 'wsLimitDetail': {'canDashNum': -1, 'canFormNum': -1, 'canPackageNum': -1, 'currentDashNum': -1, 'currentFormNum': -1, 'currentPackageNum': -1}, 'wsName': '767676662@qq.comÁöÑÂ∑•‰ΩúÂå∫'}, 'mobile': '767676662', 'nickName': '767676662@qq.com', 'npsCollect': False, 'promoCode': 'bdc011d0e', 'randomEmail': False, 'recordedNewGuidePop': [], 'showProcessPersonal': False, 'signatureUrl': None, 'source': 'home_home', 'status': None, 'uid': 1861278}, 'userSecurityVO': {'authMethod': 0, 'beingUninitialized': False}}
118.25.243.250 - - [05/Aug/2023 00:30:09] "POST /mointor HTTP/1.1" 200 -
543
124.221.203.147 - - [05/Aug/2023 10:00:57] "GET /?password=wsj HTTP/1.1" 200 -
141.98.11.58 - - [05/Aug/2023 15:41:51] code 400, message Bad HTTP/0.9 request type ('\x03\x00\x00/*√†\x00\x00\x00\x00\x00Cookie:')
141.98.11.58 - - [05/Aug/2023 15:41:51] "[35m[1m  /*√†     Cookie: mstshash=Administr[0m" HTTPStatus.BAD_REQUEST -
((543, datetime.datetime(2023, 8, 5, 0, 30, 9), 1, 120),)
663
yibukaishi
767676663@qq.com
767676663
{'beingInvited': False, 'corpName': None, 'loginToken': None, 'openId': None, 'token': '8208149d-48ed-4087-9b01-3e8b27e4e0db', 'userInfo': {'beingBlackEmail': False, 'beingDisableExpiryRemind': False, 'beingExpand': None, 'beingInvited': False, 'beingLangFollowBrowser': True, 'beingOldVersion': None, 'beingPrivacyPolicy': True, 'beingSandBoxSuperAdmin': False, 'collectUserInfo': None, 'createTime': None, 'csShow': True, 'desktopRemind': True, 'email': '767676663@qq.com', 'firstLogin': None, 'grayLimit': 39, 'graySpecify': False, 'grayType': 1, 'hasPwdLoggedIn': False, 'havePassword': True, 'headImg': None, 'lang': None, 'lastWsInfo': {'accepted': None, 'accountLevel': 40, 'auth': 2, 'beingCustomizedAppSync': None, 'beingHideHelpDocument': False, 'beingSandbox': False, 'beingWatermark': False, 'biAuth': 'SUPER', 'canWorkWx': False, 'contactEnableNum': 1, 'contactNum': 1, 'departs': [], 'dynamic': None, 'exId': 'tAeLHd46LCJ1kErMm7fZOg==', 'exUserId': '1861794', 'expireDate': 1692547245000, 'hideCopyright': False, 'logoutConfig': {'logOutToSso': False, 'serverName': None, 'ssoType': None}, 'memberId': 1691465, 'openConnectorList': [], 'openPluginList': [2, 3, 6, 7, 8, 9, 13, 14, 15, 16, 17, 25, 26, 27, 28, 29, 33, 34, 35, 36, 37, 38, 39, 42, 43, 44, 45, -2, 32], 'permissionStatus': None, 'pluginClickList': [], 'pluginLimitDetail': {'dashAllVisiableLimit': 4, 'dashAllVisiableNum': 0}, 'publicAccessAuthVO': {'beingAttachmentQuestion': False, 'beingPublicLink': False}, 'remark': '767676663@qq.com', 'showContact': True, 'trial': True, 'trialDays': '0', 'trialNotice': True, 'type': 'normal', 'useScheduledSync': False, 'watermarkConfig': {'showDate': False, 'showDeparts': False, 'showExUserId': False, 'showName': True, 'showPhoneNumber': False, 'showWsName': False}, 'wsDomain': None, 'wsFunction': 'platform', 'wsId': 431419, 'wsLimitDetail': {'canDashNum': -1, 'canFormNum': -1, 'canPackageNum': -1, 'currentDashNum': -1, 'currentFormNum': -1, 'currentPackageNum': -1}, 'wsName': '767676663@qq.comÁöÑÂ∑•‰ΩúÂå∫'}, 'mobile': '767676663', 'nickName': '767676663@qq.com', 'npsCollect': False, 'promoCode': 'bb978b5bf', 'randomEmail': False, 'recordedNewGuidePop': [], 'showProcessPersonal': False, 'signatureUrl': None, 'source': 'home_home', 'status': None, 'uid': 1861794}, 'userSecurityVO': {'authMethod': 0, 'beingUninitialized': False}}
{'beingInvited': False, 'corpName': None, 'loginToken': None, 'openId': None, 'token': '8208149d-48ed-4087-9b01-3e8b27e4e0db', 'userInfo': {'beingBlackEmail': False, 'beingDisableExpiryRemind': False, 'beingExpand': None, 'beingInvited': False, 'beingLangFollowBrowser': True, 'beingOldVersion': None, 'beingPrivacyPolicy': True, 'beingSandBoxSuperAdmin': False, 'collectUserInfo': None, 'createTime': None, 'csShow': True, 'desktopRemind': True, 'email': '767676663@qq.com', 'firstLogin': None, 'grayLimit': 39, 'graySpecify': False, 'grayType': 1, 'hasPwdLoggedIn': False, 'havePassword': True, 'headImg': None, 'lang': None, 'lastWsInfo': {'accepted': None, 'accountLevel': 40, 'auth': 2, 'beingCustomizedAppSync': None, 'beingHideHelpDocument': False, 'beingSandbox': False, 'beingWatermark': False, 'biAuth': 'SUPER', 'canWorkWx': False, 'contactEnableNum': 1, 'contactNum': 1, 'departs': [], 'dynamic': None, 'exId': 'tAeLHd46LCJ1kErMm7fZOg==', 'exUserId': '1861794', 'expireDate': 1692547245000, 'hideCopyright': False, 'logoutConfig': {'logOutToSso': False, 'serverName': None, 'ssoType': None}, 'memberId': 1691465, 'openConnectorList': [], 'openPluginList': [2, 3, 6, 7, 8, 9, 13, 14, 15, 16, 17, 25, 26, 27, 28, 29, 33, 34, 35, 36, 37, 38, 39, 42, 43, 44, 45, -2, 32], 'permissionStatus': None, 'pluginClickList': [], 'pluginLimitDetail': {'dashAllVisiableLimit': 4, 'dashAllVisiableNum': 0}, 'publicAccessAuthVO': {'beingAttachmentQuestion': False, 'beingPublicLink': False}, 'remark': '767676663@qq.com', 'showContact': True, 'trial': True, 'trialDays': '0', 'trialNotice': True, 'type': 'normal', 'useScheduledSync': False, 'watermarkConfig': {'showDate': False, 'showDeparts': False, 'showExUserId': False, 'showName': True, 'showPhoneNumber': False, 'showWsName': False}, 'wsDomain': None, 'wsFunction': 'platform', 'wsId': 431419, 'wsLimitDetail': {'canDashNum': -1, 'canFormNum': -1, 'canPackageNum': -1, 'currentDashNum': -1, 'currentFormNum': -1, 'currentPackageNum': -1}, 'wsName': '767676663@qq.comÁöÑÂ∑•‰ΩúÂå∫'}, 'mobile': '767676663', 'nickName': '767676663@qq.com', 'npsCollect': False, 'promoCode': 'bb978b5bf', 'randomEmail': False, 'recordedNewGuidePop': [], 'showProcessPersonal': False, 'signatureUrl': None, 'source': 'home_home', 'status': None, 'uid': 1861794}, 'userSecurityVO': {'authMethod': 0, 'beingUninitialized': False}}
118.25.243.250 - - [06/Aug/2023 00:00:45] "POST /mointor HTTP/1.1" 200 -
((544, datetime.datetime(2023, 8, 6, 0, 0, 45), 1, 120),)
664
yibukaishi
767676664@qq.com
767676664
{'beingInvited': False, 'corpName': None, 'loginToken': None, 'openId': None, 'token': 'dbf832c6-fb0c-4f3e-9274-8bdfd1704a3c', 'userInfo': {'beingBlackEmail': False, 'beingDisableExpiryRemind': False, 'beingExpand': None, 'beingInvited': False, 'beingLangFollowBrowser': True, 'beingOldVersion': None, 'beingPrivacyPolicy': True, 'beingSandBoxSuperAdmin': False, 'collectUserInfo': None, 'createTime': None, 'csShow': True, 'desktopRemind': True, 'email': '767676664@qq.com', 'firstLogin': None, 'grayLimit': 31, 'graySpecify': False, 'grayType': 1, 'hasPwdLoggedIn': False, 'havePassword': True, 'headImg': None, 'lang': None, 'lastWsInfo': {'accepted': None, 'accountLevel': 40, 'auth': 2, 'beingCustomizedAppSync': None, 'beingHideHelpDocument': False, 'beingSandbox': False, 'beingWatermark': False, 'biAuth': 'SUPER', 'canWorkWx': False, 'contactEnableNum': 1, 'contactNum': 1, 'departs': [], 'dynamic': None, 'exId': 'tAeLHd46LCLx0/YnYDZHmg==', 'exUserId': '1861801', 'expireDate': 1692549009000, 'hideCopyright': False, 'logoutConfig': {'logOutToSso': False, 'serverName': None, 'ssoType': None}, 'memberId': 1691470, 'openConnectorList': [], 'openPluginList': [2, 3, 6, 7, 8, 9, 13, 14, 15, 16, 17, 25, 26, 27, 28, 29, 33, 34, 35, 36, 37, 38, 39, 42, 43, 44, 45, -2, 32], 'permissionStatus': None, 'pluginClickList': [], 'pluginLimitDetail': {'dashAllVisiableLimit': 4, 'dashAllVisiableNum': 0}, 'publicAccessAuthVO': {'beingAttachmentQuestion': False, 'beingPublicLink': False}, 'remark': '767676664@qq.com', 'showContact': True, 'trial': True, 'trialDays': '0', 'trialNotice': True, 'type': 'normal', 'useScheduledSync': False, 'watermarkConfig': {'showDate': False, 'showDeparts': False, 'showExUserId': False, 'showName': True, 'showPhoneNumber': False, 'showWsName': False}, 'wsDomain': None, 'wsFunction': 'platform', 'wsId': 431424, 'wsLimitDetail': {'canDashNum': -1, 'canFormNum': -1, 'canPackageNum': -1, 'currentDashNum': -1, 'currentFormNum': -1, 'currentPackageNum': -1}, 'wsName': '767676664@qq.comÁöÑÂ∑•‰ΩúÂå∫'}, 'mobile': '767676664', 'nickName': '767676664@qq.com', 'npsCollect': False, 'promoCode': '6e8367409', 'randomEmail': False, 'recordedNewGuidePop': [], 'showProcessPersonal': False, 'signatureUrl': None, 'source': 'home_home', 'status': None, 'uid': 1861801}, 'userSecurityVO': {'authMethod': 0, 'beingUninitialized': False}}
{'beingInvited': False, 'corpName': None, 'loginToken': None, 'openId': None, 'token': 'dbf832c6-fb0c-4f3e-9274-8bdfd1704a3c', 'userInfo': {'beingBlackEmail': False, 'beingDisableExpiryRemind': False, 'beingExpand': None, 'beingInvited': False, 'beingLangFollowBrowser': True, 'beingOldVersion': None, 'beingPrivacyPolicy': True, 'beingSandBoxSuperAdmin': False, 'collectUserInfo': None, 'createTime': None, 'csShow': True, 'desktopRemind': True, 'email': '767676664@qq.com', 'firstLogin': None, 'grayLimit': 31, 'graySpecify': False, 'grayType': 1, 'hasPwdLoggedIn': False, 'havePassword': True, 'headImg': None, 'lang': None, 'lastWsInfo': {'accepted': None, 'accountLevel': 40, 'auth': 2, 'beingCustomizedAppSync': None, 'beingHideHelpDocument': False, 'beingSandbox': False, 'beingWatermark': False, 'biAuth': 'SUPER', 'canWorkWx': False, 'contactEnableNum': 1, 'contactNum': 1, 'departs': [], 'dynamic': None, 'exId': 'tAeLHd46LCLx0/YnYDZHmg==', 'exUserId': '1861801', 'expireDate': 1692549009000, 'hideCopyright': False, 'logoutConfig': {'logOutToSso': False, 'serverName': None, 'ssoType': None}, 'memberId': 1691470, 'openConnectorList': [], 'openPluginList': [2, 3, 6, 7, 8, 9, 13, 14, 15, 16, 17, 25, 26, 27, 28, 29, 33, 34, 35, 36, 37, 38, 39, 42, 43, 44, 45, -2, 32], 'permissionStatus': None, 'pluginClickList': [], 'pluginLimitDetail': {'dashAllVisiableLimit': 4, 'dashAllVisiableNum': 0}, 'publicAccessAuthVO': {'beingAttachmentQuestion': False, 'beingPublicLink': False}, 'remark': '767676664@qq.com', 'showContact': True, 'trial': True, 'trialDays': '0', 'trialNotice': True, 'type': 'normal', 'useScheduledSync': False, 'watermarkConfig': {'showDate': False, 'showDeparts': False, 'showExUserId': False, 'showName': True, 'showPhoneNumber': False, 'showWsName': False}, 'wsDomain': None, 'wsFunction': 'platform', 'wsId': 431424, 'wsLimitDetail': {'canDashNum': -1, 'canFormNum': -1, 'canPackageNum': -1, 'currentDashNum': -1, 'currentFormNum': -1, 'currentPackageNum': -1}, 'wsName': '767676664@qq.comÁöÑÂ∑•‰ΩúÂå∫'}, 'mobile': '767676664', 'nickName': '767676664@qq.com', 'npsCollect': False, 'promoCode': '6e8367409', 'randomEmail': False, 'recordedNewGuidePop': [], 'showProcessPersonal': False, 'signatureUrl': None, 'source': 'home_home', 'status': None, 'uid': 1861801}, 'userSecurityVO': {'authMethod': 0, 'beingUninitialized': False}}
118.25.243.250 - - [06/Aug/2023 00:30:09] "POST /mointor HTTP/1.1" 200 -
545
[2023-08-06 02:15:33,661] ERROR in app: Exception on / [GET]
Traceback (most recent call last):
  File "/usr/local/lib64/python3.6/site-packages/flask/app.py", line 2073, in wsgi_app
    response = self.full_dispatch_request()
  File "/usr/local/lib64/python3.6/site-packages/flask/app.py", line 1519, in full_dispatch_request
    return self.finalize_request(rv)
  File "/usr/local/lib64/python3.6/site-packages/flask/app.py", line 1538, in finalize_request
    response = self.make_response(rv)
  File "/usr/local/lib64/python3.6/site-packages/flask/app.py", line 1702, in make_response
    f"The view function for {request.endpoint!r} did not"
TypeError: The view function for 'result' did not return a valid response. The function either returned None or ended without a return statement.
167.248.133.124 - - [06/Aug/2023 02:15:33] "[35m[1mGET / HTTP/1.1[0m" 500 -
167.248.133.124 - - [06/Aug/2023 02:15:34] code 505, message Invalid HTTP version (2.0)
167.248.133.124 - - [06/Aug/2023 02:15:34] "[35m[1mPRI * HTTP/2.0[0m" HTTPStatus.HTTP_VERSION_NOT_SUPPORTED -
545
124.221.203.147 - - [06/Aug/2023 10:00:58] "GET /?password=wsj HTTP/1.1" 200 -
141.98.11.119 - - [06/Aug/2023 10:04:55] code 400, message Bad HTTP/0.9 request type ('\x03\x00\x00/*√†\x00\x00\x00\x00\x00Cookie:')
141.98.11.119 - - [06/Aug/2023 10:04:55] "[35m[1m  /*√†     Cookie: mstshash=Administr[0m" HTTPStatus.BAD_REQUEST -
141.98.11.119 - - [06/Aug/2023 10:07:49] code 400, message Bad HTTP/0.9 request type ('\x03\x00\x00/*√†\x00\x00\x00\x00\x00Cookie:')
141.98.11.119 - - [06/Aug/2023 10:07:49] "[35m[1m  /*√†     Cookie: mstshash=Administr[0m" HTTPStatus.BAD_REQUEST -
((545, datetime.datetime(2023, 8, 6, 0, 30, 9), 1, 120),)
665
yibukaishi
767676665@qq.com
767676665
{'beingInvited': False, 'corpName': None, 'loginToken': None, 'openId': None, 'token': 'd140365e-7320-4102-8b0d-97e979159b32', 'userInfo': {'beingBlackEmail': False, 'beingDisableExpiryRemind': False, 'beingExpand': None, 'beingInvited': False, 'beingLangFollowBrowser': True, 'beingOldVersion': None, 'beingPrivacyPolicy': True, 'beingSandBoxSuperAdmin': False, 'collectUserInfo': None, 'createTime': None, 'csShow': True, 'desktopRemind': True, 'email': '767676665@qq.com', 'firstLogin': None, 'grayLimit': 48, 'graySpecify': False, 'grayType': 1, 'hasPwdLoggedIn': False, 'havePassword': True, 'headImg': None, 'lang': None, 'lastWsInfo': {'accepted': None, 'accountLevel': 40, 'auth': 2, 'beingCustomizedAppSync': None, 'beingHideHelpDocument': False, 'beingSandbox': False, 'beingWatermark': False, 'biAuth': 'SUPER', 'canWorkWx': False, 'contactEnableNum': 1, 'contactNum': 1, 'departs': [], 'dynamic': None, 'exId': 'tAeLHd46LCLZFiPVKEWvOQ==', 'exUserId': '1862440', 'expireDate': 1692633635000, 'hideCopyright': False, 'logoutConfig': {'logOutToSso': False, 'serverName': None, 'ssoType': None}, 'memberId': 1691892, 'openConnectorList': [], 'openPluginList': [2, 3, 6, 7, 8, 9, 13, 14, 15, 16, 17, 25, 26, 27, 28, 29, 33, 34, 35, 36, 37, 38, 39, 42, 43, 44, 45, -2, 32], 'permissionStatus': None, 'pluginClickList': [], 'pluginLimitDetail': {'dashAllVisiableLimit': 4, 'dashAllVisiableNum': 0}, 'publicAccessAuthVO': {'beingAttachmentQuestion': False, 'beingPublicLink': False}, 'remark': '767676665@qq.com', 'showContact': True, 'trial': True, 'trialDays': '0', 'trialNotice': True, 'type': 'normal', 'useScheduledSync': False, 'watermarkConfig': {'showDate': False, 'showDeparts': False, 'showExUserId': False, 'showName': True, 'showPhoneNumber': False, 'showWsName': False}, 'wsDomain': None, 'wsFunction': 'platform', 'wsId': 431669, 'wsLimitDetail': {'canDashNum': -1, 'canFormNum': -1, 'canPackageNum': -1, 'currentDashNum': -1, 'currentFormNum': -1, 'currentPackageNum': -1}, 'wsName': '767676665@qq.comÁöÑÂ∑•‰ΩúÂå∫'}, 'mobile': '767676665', 'nickName': '767676665@qq.com', 'npsCollect': False, 'promoCode': '51b02bac8', 'randomEmail': False, 'recordedNewGuidePop': [], 'showProcessPersonal': False, 'signatureUrl': None, 'source': 'home_home', 'status': None, 'uid': 1862440}, 'userSecurityVO': {'authMethod': 0, 'beingUninitialized': False}}
{'beingInvited': False, 'corpName': None, 'loginToken': None, 'openId': None, 'token': 'd140365e-7320-4102-8b0d-97e979159b32', 'userInfo': {'beingBlackEmail': False, 'beingDisableExpiryRemind': False, 'beingExpand': None, 'beingInvited': False, 'beingLangFollowBrowser': True, 'beingOldVersion': None, 'beingPrivacyPolicy': True, 'beingSandBoxSuperAdmin': False, 'collectUserInfo': None, 'createTime': None, 'csShow': True, 'desktopRemind': True, 'email': '767676665@qq.com', 'firstLogin': None, 'grayLimit': 48, 'graySpecify': False, 'grayType': 1, 'hasPwdLoggedIn': False, 'havePassword': True, 'headImg': None, 'lang': None, 'lastWsInfo': {'accepted': None, 'accountLevel': 40, 'auth': 2, 'beingCustomizedAppSync': None, 'beingHideHelpDocument': False, 'beingSandbox': False, 'beingWatermark': False, 'biAuth': 'SUPER', 'canWorkWx': False, 'contactEnableNum': 1, 'contactNum': 1, 'departs': [], 'dynamic': None, 'exId': 'tAeLHd46LCLZFiPVKEWvOQ==', 'exUserId': '1862440', 'expireDate': 1692633635000, 'hideCopyright': False, 'logoutConfig': {'logOutToSso': False, 'serverName': None, 'ssoType': None}, 'memberId': 1691892, 'openConnectorList': [], 'openPluginList': [2, 3, 6, 7, 8, 9, 13, 14, 15, 16, 17, 25, 26, 27, 28, 29, 33, 34, 35, 36, 37, 38, 39, 42, 43, 44, 45, -2, 32], 'permissionStatus': None, 'pluginClickList': [], 'pluginLimitDetail': {'dashAllVisiableLimit': 4, 'dashAllVisiableNum': 0}, 'publicAccessAuthVO': {'beingAttachmentQuestion': False, 'beingPublicLink': False}, 'remark': '767676665@qq.com', 'showContact': True, 'trial': True, 'trialDays': '0', 'trialNotice': True, 'type': 'normal', 'useScheduledSync': False, 'watermarkConfig': {'showDate': False, 'showDeparts': False, 'showExUserId': False, 'showName': True, 'showPhoneNumber': False, 'showWsName': False}, 'wsDomain': None, 'wsFunction': 'platform', 'wsId': 431669, 'wsLimitDetail': {'canDashNum': -1, 'canFormNum': -1, 'canPackageNum': -1, 'currentDashNum': -1, 'currentFormNum': -1, 'currentPackageNum': -1}, 'wsName': '767676665@qq.comÁöÑÂ∑•‰ΩúÂå∫'}, 'mobile': '767676665', 'nickName': '767676665@qq.com', 'npsCollect': False, 'promoCode': '51b02bac8', 'randomEmail': False, 'recordedNewGuidePop': [], 'showProcessPersonal': False, 'signatureUrl': None, 'source': 'home_home', 'status': None, 'uid': 1862440}, 'userSecurityVO': {'authMethod': 0, 'beingUninitialized': False}}
118.25.243.250 - - [07/Aug/2023 00:00:35] "POST /mointor HTTP/1.1" 200 -
((546, datetime.datetime(2023, 8, 7, 0, 0, 35), 1, 120),)
666
yibukaishi
767676666@qq.com
767676666
{'beingInvited': False, 'corpName': None, 'loginToken': None, 'openId': None, 'token': 'ac645530-274b-4e05-b042-3153eb99ad31', 'userInfo': {'beingBlackEmail': False, 'beingDisableExpiryRemind': False, 'beingExpand': None, 'beingInvited': False, 'beingLangFollowBrowser': True, 'beingOldVersion': None, 'beingPrivacyPolicy': True, 'beingSandBoxSuperAdmin': False, 'collectUserInfo': None, 'createTime': None, 'csShow': True, 'desktopRemind': True, 'email': '767676666@qq.com', 'firstLogin': None, 'grayLimit': 4, 'graySpecify': False, 'grayType': 1, 'hasPwdLoggedIn': False, 'havePassword': True, 'headImg': None, 'lang': None, 'lastWsInfo': {'accepted': None, 'accountLevel': 40, 'auth': 2, 'beingCustomizedAppSync': None, 'beingHideHelpDocument': False, 'beingSandbox': False, 'beingWatermark': False, 'biAuth': 'SUPER', 'canWorkWx': False, 'contactEnableNum': 1, 'contactNum': 1, 'departs': [], 'dynamic': None, 'exId': 'tAeLHd46LCJa88E8C7W3vg==', 'exUserId': '1862445', 'expireDate': 1692635409000, 'hideCopyright': False, 'logoutConfig': {'logOutToSso': False, 'serverName': None, 'ssoType': None}, 'memberId': 1691898, 'openConnectorList': [], 'openPluginList': [2, 3, 6, 7, 8, 9, 13, 14, 15, 16, 17, 25, 26, 27, 28, 29, 33, 34, 35, 36, 37, 38, 39, 42, 43, 44, 45, -2, 32], 'permissionStatus': None, 'pluginClickList': [], 'pluginLimitDetail': {'dashAllVisiableLimit': 4, 'dashAllVisiableNum': 0}, 'publicAccessAuthVO': {'beingAttachmentQuestion': False, 'beingPublicLink': False}, 'remark': '767676666@qq.com', 'showContact': True, 'trial': True, 'trialDays': '0', 'trialNotice': True, 'type': 'normal', 'useScheduledSync': False, 'watermarkConfig': {'showDate': False, 'showDeparts': False, 'showExUserId': False, 'showName': True, 'showPhoneNumber': False, 'showWsName': False}, 'wsDomain': None, 'wsFunction': 'platform', 'wsId': 431674, 'wsLimitDetail': {'canDashNum': -1, 'canFormNum': -1, 'canPackageNum': -1, 'currentDashNum': -1, 'currentFormNum': -1, 'currentPackageNum': -1}, 'wsName': '767676666@qq.comÁöÑÂ∑•‰ΩúÂå∫'}, 'mobile': '767676666', 'nickName': '767676666@qq.com', 'npsCollect': False, 'promoCode': 'a8c265b13', 'randomEmail': False, 'recordedNewGuidePop': [], 'showProcessPersonal': False, 'signatureUrl': None, 'source': 'home_home', 'status': None, 'uid': 1862445}, 'userSecurityVO': {'authMethod': 0, 'beingUninitialized': False}}
{'beingInvited': False, 'corpName': None, 'loginToken': None, 'openId': None, 'token': 'ac645530-274b-4e05-b042-3153eb99ad31', 'userInfo': {'beingBlackEmail': False, 'beingDisableExpiryRemind': False, 'beingExpand': None, 'beingInvited': False, 'beingLangFollowBrowser': True, 'beingOldVersion': None, 'beingPrivacyPolicy': True, 'beingSandBoxSuperAdmin': False, 'collectUserInfo': None, 'createTime': None, 'csShow': True, 'desktopRemind': True, 'email': '767676666@qq.com', 'firstLogin': None, 'grayLimit': 4, 'graySpecify': False, 'grayType': 1, 'hasPwdLoggedIn': False, 'havePassword': True, 'headImg': None, 'lang': None, 'lastWsInfo': {'accepted': None, 'accountLevel': 40, 'auth': 2, 'beingCustomizedAppSync': None, 'beingHideHelpDocument': False, 'beingSandbox': False, 'beingWatermark': False, 'biAuth': 'SUPER', 'canWorkWx': False, 'contactEnableNum': 1, 'contactNum': 1, 'departs': [], 'dynamic': None, 'exId': 'tAeLHd46LCJa88E8C7W3vg==', 'exUserId': '1862445', 'expireDate': 1692635409000, 'hideCopyright': False, 'logoutConfig': {'logOutToSso': False, 'serverName': None, 'ssoType': None}, 'memberId': 1691898, 'openConnectorList': [], 'openPluginList': [2, 3, 6, 7, 8, 9, 13, 14, 15, 16, 17, 25, 26, 27, 28, 29, 33, 34, 35, 36, 37, 38, 39, 42, 43, 44, 45, -2, 32], 'permissionStatus': None, 'pluginClickList': [], 'pluginLimitDetail': {'dashAllVisiableLimit': 4, 'dashAllVisiableNum': 0}, 'publicAccessAuthVO': {'beingAttachmentQuestion': False, 'beingPublicLink': False}, 'remark': '767676666@qq.com', 'showContact': True, 'trial': True, 'trialDays': '0', 'trialNotice': True, 'type': 'normal', 'useScheduledSync': False, 'watermarkConfig': {'showDate': False, 'showDeparts': False, 'showExUserId': False, 'showName': True, 'showPhoneNumber': False, 'showWsName': False}, 'wsDomain': None, 'wsFunction': 'platform', 'wsId': 431674, 'wsLimitDetail': {'canDashNum': -1, 'canFormNum': -1, 'canPackageNum': -1, 'currentDashNum': -1, 'currentFormNum': -1, 'currentPackageNum': -1}, 'wsName': '767676666@qq.comÁöÑÂ∑•‰ΩúÂå∫'}, 'mobile': '767676666', 'nickName': '767676666@qq.com', 'npsCollect': False, 'promoCode': 'a8c265b13', 'randomEmail': False, 'recordedNewGuidePop': [], 'showProcessPersonal': False, 'signatureUrl': None, 'source': 'home_home', 'status': None, 'uid': 1862445}, 'userSecurityVO': {'authMethod': 0, 'beingUninitialized': False}}
118.25.243.250 - - [07/Aug/2023 00:30:09] "POST /mointor HTTP/1.1" 200 -
161.189.42.18 - - [07/Aug/2023 04:25:44] code 400, message Bad request syntax ('333766643833656338616434363333643963363962386536653538383937393235613033653338636434')
161.189.42.18 - - [07/Aug/2023 04:25:44] "[35m[1m333766643833656338616434363333643963363962386536653538383937393235613033653338636434[0m" HTTPStatus.BAD_REQUEST -
111.7.96.151 - - [07/Aug/2023 04:45:55] code 400, message Bad request version ('√Ä\x13√Ä')
111.7.96.151 - - [07/Aug/2023 04:45:55] "[35m[1m √Æ  √™I¬≤√π¬º¬ôi√ÄY√ª√∏¬∫e-¬ÉUd]¬ç¬∑b8¬¥g√Ü√ù9dZ8f g√Å¬Åi¬≥√∂√≤√ã¬∞¬©N√ñ¬Ω¬ïg|p√º√©<Z¬°¬êT¬∑√©¬•8'O; &√Ä+√Ä/√Ä,√Ä0√å¬©√å¬®√Ä	√Ä√Ä[0m" HTTPStatus.BAD_REQUEST -
547
[2023-08-07 04:46:05,616] ERROR in app: Exception on / [GET]
Traceback (most recent call last):
  File "/usr/local/lib64/python3.6/site-packages/flask/app.py", line 2073, in wsgi_app
    response = self.full_dispatch_request()
  File "/usr/local/lib64/python3.6/site-packages/flask/app.py", line 1519, in full_dispatch_request
    return self.finalize_request(rv)
  File "/usr/local/lib64/python3.6/site-packages/flask/app.py", line 1538, in finalize_request
    response = self.make_response(rv)
  File "/usr/local/lib64/python3.6/site-packages/flask/app.py", line 1702, in make_response
    f"The view function for {request.endpoint!r} did not"
TypeError: The view function for 'result' did not return a valid response. The function either returned None or ended without a return statement.
111.7.96.151 - - [07/Aug/2023 04:46:05] "[35m[1mGET / HTTP/1.1[0m" 500 -
547
124.221.203.147 - - [07/Aug/2023 10:00:57] "GET /?password=wsj HTTP/1.1" 200 -
547
[2023-08-07 13:45:41,159] ERROR in app: Exception on / [GET]
Traceback (most recent call last):
  File "/usr/local/lib64/python3.6/site-packages/flask/app.py", line 2073, in wsgi_app
    response = self.full_dispatch_request()
  File "/usr/local/lib64/python3.6/site-packages/flask/app.py", line 1519, in full_dispatch_request
    return self.finalize_request(rv)
  File "/usr/local/lib64/python3.6/site-packages/flask/app.py", line 1538, in finalize_request
    response = self.make_response(rv)
  File "/usr/local/lib64/python3.6/site-packages/flask/app.py", line 1702, in make_response
    f"The view function for {request.endpoint!r} did not"
TypeError: The view function for 'result' did not return a valid response. The function either returned None or ended without a return statement.
113.142.67.164 - - [07/Aug/2023 13:45:41] "[35m[1mGET / HTTP/1.1[0m" 500 -
547
[2023-08-07 14:07:17,052] ERROR in app: Exception on / [GET]
Traceback (most recent call last):
  File "/usr/local/lib64/python3.6/site-packages/flask/app.py", line 2073, in wsgi_app
    response = self.full_dispatch_request()
  File "/usr/local/lib64/python3.6/site-packages/flask/app.py", line 1519, in full_dispatch_request
    return self.finalize_request(rv)
  File "/usr/local/lib64/python3.6/site-packages/flask/app.py", line 1538, in finalize_request
    response = self.make_response(rv)
  File "/usr/local/lib64/python3.6/site-packages/flask/app.py", line 1702, in make_response
    f"The view function for {request.endpoint!r} did not"
TypeError: The view function for 'result' did not return a valid response. The function either returned None or ended without a return statement.
113.142.55.46 - - [07/Aug/2023 14:07:17] "[35m[1mGET / HTTP/1.1[0m" 500 -
547
[2023-08-07 14:08:36,140] ERROR in app: Exception on / [GET]
Traceback (most recent call last):
  File "/usr/local/lib64/python3.6/site-packages/flask/app.py", line 2073, in wsgi_app
    response = self.full_dispatch_request()
  File "/usr/local/lib64/python3.6/site-packages/flask/app.py", line 1519, in full_dispatch_request
    return self.finalize_request(rv)
  File "/usr/local/lib64/python3.6/site-packages/flask/app.py", line 1538, in finalize_request
    response = self.make_response(rv)
  File "/usr/local/lib64/python3.6/site-packages/flask/app.py", line 1702, in make_response
    f"The view function for {request.endpoint!r} did not"
TypeError: The view function for 'result' did not return a valid response. The function either returned None or ended without a return statement.
117.34.103.242 - - [07/Aug/2023 14:08:36] "[35m[1mGET / HTTP/1.1[0m" 500 -
547
[2023-08-07 14:58:03,920] ERROR in app: Exception on / [GET]
Traceback (most recent call last):
  File "/usr/local/lib64/python3.6/site-packages/flask/app.py", line 2073, in wsgi_app
    response = self.full_dispatch_request()
  File "/usr/local/lib64/python3.6/site-packages/flask/app.py", line 1519, in full_dispatch_request
    return self.finalize_request(rv)
  File "/usr/local/lib64/python3.6/site-packages/flask/app.py", line 1538, in finalize_request
    response = self.make_response(rv)
  File "/usr/local/lib64/python3.6/site-packages/flask/app.py", line 1702, in make_response
    f"The view function for {request.endpoint!r} did not"
TypeError: The view function for 'result' did not return a valid response. The function either returned None or ended without a return statement.
35.203.211.214 - - [07/Aug/2023 14:58:03] "[35m[1mGET / HTTP/1.1[0m" 500 -
547
[2023-08-07 16:19:08,484] ERROR in app: Exception on / [GET]
Traceback (most recent call last):
  File "/usr/local/lib64/python3.6/site-packages/flask/app.py", line 2073, in wsgi_app
    response = self.full_dispatch_request()
  File "/usr/local/lib64/python3.6/site-packages/flask/app.py", line 1519, in full_dispatch_request
    return self.finalize_request(rv)
  File "/usr/local/lib64/python3.6/site-packages/flask/app.py", line 1538, in finalize_request
    response = self.make_response(rv)
  File "/usr/local/lib64/python3.6/site-packages/flask/app.py", line 1702, in make_response
    f"The view function for {request.endpoint!r} did not"
TypeError: The view function for 'result' did not return a valid response. The function either returned None or ended without a return statement.
199.254.199.225 - - [07/Aug/2023 16:19:08] "[35m[1mGET / HTTP/1.1[0m" 500 -
((547, datetime.datetime(2023, 8, 7, 0, 30, 9), 1, 120),)
667
yibukaishi
767676667@qq.com
767676667
{'beingInvited': False, 'corpName': None, 'loginToken': None, 'openId': None, 'token': 'b5e66862-03ca-49ee-b866-5473bc5ba0d5', 'userInfo': {'beingBlackEmail': False, 'beingDisableExpiryRemind': False, 'beingExpand': None, 'beingInvited': False, 'beingLangFollowBrowser': True, 'beingOldVersion': None, 'beingPrivacyPolicy': True, 'beingSandBoxSuperAdmin': False, 'collectUserInfo': None, 'createTime': None, 'csShow': True, 'desktopRemind': True, 'email': '767676667@qq.com', 'firstLogin': None, 'grayLimit': 86, 'graySpecify': False, 'grayType': 1, 'hasPwdLoggedIn': False, 'havePassword': True, 'headImg': None, 'lang': None, 'lastWsInfo': {'accepted': None, 'accountLevel': 40, 'auth': 2, 'beingCustomizedAppSync': None, 'beingHideHelpDocument': False, 'beingSandbox': False, 'beingWatermark': False, 'biAuth': 'SUPER', 'canWorkWx': False, 'contactEnableNum': 1, 'contactNum': 1, 'departs': [], 'dynamic': None, 'exId': 'tAeLHd46LCLOI0POwyyrDg==', 'exUserId': '1863986', 'expireDate': 1692712831000, 'hideCopyright': False, 'logoutConfig': {'logOutToSso': False, 'serverName': None, 'ssoType': None}, 'memberId': 1693034, 'openConnectorList': [], 'openPluginList': [2, 3, 6, 7, 8, 9, 13, 14, 15, 16, 17, 25, 26, 27, 28, 29, 33, 34, 35, 36, 37, 38, 39, 42, 43, 44, 45, -2, 32], 'permissionStatus': None, 'pluginClickList': [], 'pluginLimitDetail': {'dashAllVisiableLimit': 4, 'dashAllVisiableNum': 0}, 'publicAccessAuthVO': {'beingAttachmentQuestion': False, 'beingPublicLink': False}, 'remark': '767676667@qq.com', 'showContact': True, 'trial': True, 'trialDays': '0', 'trialNotice': True, 'type': 'normal', 'useScheduledSync': False, 'watermarkConfig': {'showDate': False, 'showDeparts': False, 'showExUserId': False, 'showName': True, 'showPhoneNumber': False, 'showWsName': False}, 'wsDomain': None, 'wsFunction': 'platform', 'wsId': 432208, 'wsLimitDetail': {'canDashNum': -1, 'canFormNum': -1, 'canPackageNum': -1, 'currentDashNum': -1, 'currentFormNum': -1, 'currentPackageNum': -1}, 'wsName': '767676667@qq.comÁöÑÂ∑•‰ΩúÂå∫'}, 'mobile': '767676667', 'nickName': '767676667@qq.com', 'npsCollect': False, 'promoCode': 'bbe43593b', 'randomEmail': False, 'recordedNewGuidePop': [], 'showProcessPersonal': False, 'signatureUrl': None, 'source': 'home_home', 'status': None, 'uid': 1863986}, 'userSecurityVO': {'authMethod': 0, 'beingUninitialized': False}}
{'beingInvited': False, 'corpName': None, 'loginToken': None, 'openId': None, 'token': 'b5e66862-03ca-49ee-b866-5473bc5ba0d5', 'userInfo': {'beingBlackEmail': False, 'beingDisableExpiryRemind': False, 'beingExpand': None, 'beingInvited': False, 'beingLangFollowBrowser': True, 'beingOldVersion': None, 'beingPrivacyPolicy': True, 'beingSandBoxSuperAdmin': False, 'collectUserInfo': None, 'createTime': None, 'csShow': True, 'desktopRemind': True, 'email': '767676667@qq.com', 'firstLogin': None, 'grayLimit': 86, 'graySpecify': False, 'grayType': 1, 'hasPwdLoggedIn': False, 'havePassword': True, 'headImg': None, 'lang': None, 'lastWsInfo': {'accepted': None, 'accountLevel': 40, 'auth': 2, 'beingCustomizedAppSync': None, 'beingHideHelpDocument': False, 'beingSandbox': False, 'beingWatermark': False, 'biAuth': 'SUPER', 'canWorkWx': False, 'contactEnableNum': 1, 'contactNum': 1, 'departs': [], 'dynamic': None, 'exId': 'tAeLHd46LCLOI0POwyyrDg==', 'exUserId': '1863986', 'expireDate': 1692712831000, 'hideCopyright': False, 'logoutConfig': {'logOutToSso': False, 'serverName': None, 'ssoType': None}, 'memberId': 1693034, 'openConnectorList': [], 'openPluginList': [2, 3, 6, 7, 8, 9, 13, 14, 15, 16, 17, 25, 26, 27, 28, 29, 33, 34, 35, 36, 37, 38, 39, 42, 43, 44, 45, -2, 32], 'permissionStatus': None, 'pluginClickList': [], 'pluginLimitDetail': {'dashAllVisiableLimit': 4, 'dashAllVisiableNum': 0}, 'publicAccessAuthVO': {'beingAttachmentQuestion': False, 'beingPublicLink': False}, 'remark': '767676667@qq.com', 'showContact': True, 'trial': True, 'trialDays': '0', 'trialNotice': True, 'type': 'normal', 'useScheduledSync': False, 'watermarkConfig': {'showDate': False, 'showDeparts': False, 'showExUserId': False, 'showName': True, 'showPhoneNumber': False, 'showWsName': False}, 'wsDomain': None, 'wsFunction': 'platform', 'wsId': 432208, 'wsLimitDetail': {'canDashNum': -1, 'canFormNum': -1, 'canPackageNum': -1, 'currentDashNum': -1, 'currentFormNum': -1, 'currentPackageNum': -1}, 'wsName': '767676667@qq.comÁöÑÂ∑•‰ΩúÂå∫'}, 'mobile': '767676667', 'nickName': '767676667@qq.com', 'npsCollect': False, 'promoCode': 'bbe43593b', 'randomEmail': False, 'recordedNewGuidePop': [], 'showProcessPersonal': False, 'signatureUrl': None, 'source': 'home_home', 'status': None, 'uid': 1863986}, 'userSecurityVO': {'authMethod': 0, 'beingUninitialized': False}}
118.25.243.250 - - [07/Aug/2023 22:00:31] "POST /mointor HTTP/1.1" 200 -
((548, datetime.datetime(2023, 8, 7, 22, 0, 31), 1, 120),)
668
yibukaishi
767676668@qq.com
767676668
{'beingInvited': False, 'corpName': None, 'loginToken': None, 'openId': None, 'token': '9ad08733-638d-4659-876e-8dbf999f8109', 'userInfo': {'beingBlackEmail': False, 'beingDisableExpiryRemind': False, 'beingExpand': None, 'beingInvited': False, 'beingLangFollowBrowser': True, 'beingOldVersion': None, 'beingPrivacyPolicy': True, 'beingSandBoxSuperAdmin': False, 'collectUserInfo': None, 'createTime': None, 'csShow': True, 'desktopRemind': True, 'email': '767676668@qq.com', 'firstLogin': None, 'grayLimit': 38, 'graySpecify': False, 'grayType': 1, 'hasPwdLoggedIn': False, 'havePassword': True, 'headImg': None, 'lang': None, 'lastWsInfo': {'accepted': None, 'accountLevel': 40, 'auth': 2, 'beingCustomizedAppSync': None, 'beingHideHelpDocument': False, 'beingSandbox': False, 'beingWatermark': False, 'biAuth': 'SUPER', 'canWorkWx': False, 'contactEnableNum': 1, 'contactNum': 1, 'departs': [], 'dynamic': None, 'exId': 'tAeLHd46LCJI2CoOqq1ZDg==', 'exUserId': '1864031', 'expireDate': 1692716441000, 'hideCopyright': False, 'logoutConfig': {'logOutToSso': False, 'serverName': None, 'ssoType': None}, 'memberId': 1693080, 'openConnectorList': [], 'openPluginList': [2, 3, 6, 7, 8, 9, 13, 14, 15, 16, 17, 25, 26, 27, 28, 29, 33, 34, 35, 36, 37, 38, 39, 42, 43, 44, 45, -2, 32], 'permissionStatus': None, 'pluginClickList': [], 'pluginLimitDetail': {'dashAllVisiableLimit': 4, 'dashAllVisiableNum': 0}, 'publicAccessAuthVO': {'beingAttachmentQuestion': False, 'beingPublicLink': False}, 'remark': '767676668@qq.com', 'showContact': True, 'trial': True, 'trialDays': '0', 'trialNotice': True, 'type': 'normal', 'useScheduledSync': False, 'watermarkConfig': {'showDate': False, 'showDeparts': False, 'showExUserId': False, 'showName': True, 'showPhoneNumber': False, 'showWsName': False}, 'wsDomain': None, 'wsFunction': 'platform', 'wsId': 432241, 'wsLimitDetail': {'canDashNum': -1, 'canFormNum': -1, 'canPackageNum': -1, 'currentDashNum': -1, 'currentFormNum': -1, 'currentPackageNum': -1}, 'wsName': '767676668@qq.comÁöÑÂ∑•‰ΩúÂå∫'}, 'mobile': '767676668', 'nickName': '767676668@qq.com', 'npsCollect': False, 'promoCode': 'e6a9981f9', 'randomEmail': False, 'recordedNewGuidePop': [], 'showProcessPersonal': False, 'signatureUrl': None, 'source': 'home_home', 'status': None, 'uid': 1864031}, 'userSecurityVO': {'authMethod': 0, 'beingUninitialized': False}}
{'beingInvited': False, 'corpName': None, 'loginToken': None, 'openId': None, 'token': '9ad08733-638d-4659-876e-8dbf999f8109', 'userInfo': {'beingBlackEmail': False, 'beingDisableExpiryRemind': False, 'beingExpand': None, 'beingInvited': False, 'beingLangFollowBrowser': True, 'beingOldVersion': None, 'beingPrivacyPolicy': True, 'beingSandBoxSuperAdmin': False, 'collectUserInfo': None, 'createTime': None, 'csShow': True, 'desktopRemind': True, 'email': '767676668@qq.com', 'firstLogin': None, 'grayLimit': 38, 'graySpecify': False, 'grayType': 1, 'hasPwdLoggedIn': False, 'havePassword': True, 'headImg': None, 'lang': None, 'lastWsInfo': {'accepted': None, 'accountLevel': 40, 'auth': 2, 'beingCustomizedAppSync': None, 'beingHideHelpDocument': False, 'beingSandbox': False, 'beingWatermark': False, 'biAuth': 'SUPER', 'canWorkWx': False, 'contactEnableNum': 1, 'contactNum': 1, 'departs': [], 'dynamic': None, 'exId': 'tAeLHd46LCJI2CoOqq1ZDg==', 'exUserId': '1864031', 'expireDate': 1692716441000, 'hideCopyright': False, 'logoutConfig': {'logOutToSso': False, 'serverName': None, 'ssoType': None}, 'memberId': 1693080, 'openConnectorList': [], 'openPluginList': [2, 3, 6, 7, 8, 9, 13, 14, 15, 16, 17, 25, 26, 27, 28, 29, 33, 34, 35, 36, 37, 38, 39, 42, 43, 44, 45, -2, 32], 'permissionStatus': None, 'pluginClickList': [], 'pluginLimitDetail': {'dashAllVisiableLimit': 4, 'dashAllVisiableNum': 0}, 'publicAccessAuthVO': {'beingAttachmentQuestion': False, 'beingPublicLink': False}, 'remark': '767676668@qq.com', 'showContact': True, 'trial': True, 'trialDays': '0', 'trialNotice': True, 'type': 'normal', 'useScheduledSync': False, 'watermarkConfig': {'showDate': False, 'showDeparts': False, 'showExUserId': False, 'showName': True, 'showPhoneNumber': False, 'showWsName': False}, 'wsDomain': None, 'wsFunction': 'platform', 'wsId': 432241, 'wsLimitDetail': {'canDashNum': -1, 'canFormNum': -1, 'canPackageNum': -1, 'currentDashNum': -1, 'currentFormNum': -1, 'currentPackageNum': -1}, 'wsName': '767676668@qq.comÁöÑÂ∑•‰ΩúÂå∫'}, 'mobile': '767676668', 'nickName': '767676668@qq.com', 'npsCollect': False, 'promoCode': 'e6a9981f9', 'randomEmail': False, 'recordedNewGuidePop': [], 'showProcessPersonal': False, 'signatureUrl': None, 'source': 'home_home', 'status': None, 'uid': 1864031}, 'userSecurityVO': {'authMethod': 0, 'beingUninitialized': False}}
118.25.243.250 - - [07/Aug/2023 23:00:41] "POST /mointor HTTP/1.1" 200 -
((549, datetime.datetime(2023, 8, 7, 23, 0, 41), 1, 120),)
669
yibukaishi
767676669@qq.com
767676669
{'beingInvited': False, 'corpName': None, 'loginToken': None, 'openId': None, 'token': '9dd3de77-d330-4646-8bbd-f2477cdca796', 'userInfo': {'beingBlackEmail': False, 'beingDisableExpiryRemind': False, 'beingExpand': None, 'beingInvited': False, 'beingLangFollowBrowser': True, 'beingOldVersion': None, 'beingPrivacyPolicy': True, 'beingSandBoxSuperAdmin': False, 'collectUserInfo': None, 'createTime': None, 'csShow': True, 'desktopRemind': True, 'email': '767676669@qq.com', 'firstLogin': None, 'grayLimit': 90, 'graySpecify': False, 'grayType': 1, 'hasPwdLoggedIn': False, 'havePassword': True, 'headImg': None, 'lang': None, 'lastWsInfo': {'accepted': None, 'accountLevel': 40, 'auth': 2, 'beingCustomizedAppSync': None, 'beingHideHelpDocument': False, 'beingSandbox': False, 'beingWatermark': False, 'biAuth': 'SUPER', 'canWorkWx': False, 'contactEnableNum': 1, 'contactNum': 1, 'departs': [], 'dynamic': None, 'exId': 'tAeLHd46LCKEFf/nFvsTwg==', 'exUserId': '1864059', 'expireDate': 1692720047000, 'hideCopyright': False, 'logoutConfig': {'logOutToSso': False, 'serverName': None, 'ssoType': None}, 'memberId': 1693105, 'openConnectorList': [], 'openPluginList': [2, 3, 6, 7, 8, 9, 13, 14, 15, 16, 17, 25, 26, 27, 28, 29, 33, 34, 35, 36, 37, 38, 39, 42, 43, 44, 45, -2, 32], 'permissionStatus': None, 'pluginClickList': [], 'pluginLimitDetail': {'dashAllVisiableLimit': 4, 'dashAllVisiableNum': 0}, 'publicAccessAuthVO': {'beingAttachmentQuestion': False, 'beingPublicLink': False}, 'remark': '767676669@qq.com', 'showContact': True, 'trial': True, 'trialDays': '0', 'trialNotice': True, 'type': 'normal', 'useScheduledSync': False, 'watermarkConfig': {'showDate': False, 'showDeparts': False, 'showExUserId': False, 'showName': True, 'showPhoneNumber': False, 'showWsName': False}, 'wsDomain': None, 'wsFunction': 'platform', 'wsId': 432256, 'wsLimitDetail': {'canDashNum': -1, 'canFormNum': -1, 'canPackageNum': -1, 'currentDashNum': -1, 'currentFormNum': -1, 'currentPackageNum': -1}, 'wsName': '767676669@qq.comÁöÑÂ∑•‰ΩúÂå∫'}, 'mobile': '767676669', 'nickName': '767676669@qq.com', 'npsCollect': False, 'promoCode': 'de393d98f', 'randomEmail': False, 'recordedNewGuidePop': [], 'showProcessPersonal': False, 'signatureUrl': None, 'source': 'home_home', 'status': None, 'uid': 1864059}, 'userSecurityVO': {'authMethod': 0, 'beingUninitialized': False}}
{'beingInvited': False, 'corpName': None, 'loginToken': None, 'openId': None, 'token': '9dd3de77-d330-4646-8bbd-f2477cdca796', 'userInfo': {'beingBlackEmail': False, 'beingDisableExpiryRemind': False, 'beingExpand': None, 'beingInvited': False, 'beingLangFollowBrowser': True, 'beingOldVersion': None, 'beingPrivacyPolicy': True, 'beingSandBoxSuperAdmin': False, 'collectUserInfo': None, 'createTime': None, 'csShow': True, 'desktopRemind': True, 'email': '767676669@qq.com', 'firstLogin': None, 'grayLimit': 90, 'graySpecify': False, 'grayType': 1, 'hasPwdLoggedIn': False, 'havePassword': True, 'headImg': None, 'lang': None, 'lastWsInfo': {'accepted': None, 'accountLevel': 40, 'auth': 2, 'beingCustomizedAppSync': None, 'beingHideHelpDocument': False, 'beingSandbox': False, 'beingWatermark': False, 'biAuth': 'SUPER', 'canWorkWx': False, 'contactEnableNum': 1, 'contactNum': 1, 'departs': [], 'dynamic': None, 'exId': 'tAeLHd46LCKEFf/nFvsTwg==', 'exUserId': '1864059', 'expireDate': 1692720047000, 'hideCopyright': False, 'logoutConfig': {'logOutToSso': False, 'serverName': None, 'ssoType': None}, 'memberId': 1693105, 'openConnectorList': [], 'openPluginList': [2, 3, 6, 7, 8, 9, 13, 14, 15, 16, 17, 25, 26, 27, 28, 29, 33, 34, 35, 36, 37, 38, 39, 42, 43, 44, 45, -2, 32], 'permissionStatus': None, 'pluginClickList': [], 'pluginLimitDetail': {'dashAllVisiableLimit': 4, 'dashAllVisiableNum': 0}, 'publicAccessAuthVO': {'beingAttachmentQuestion': False, 'beingPublicLink': False}, 'remark': '767676669@qq.com', 'showContact': True, 'trial': True, 'trialDays': '0', 'trialNotice': True, 'type': 'normal', 'useScheduledSync': False, 'watermarkConfig': {'showDate': False, 'showDeparts': False, 'showExUserId': False, 'showName': True, 'showPhoneNumber': False, 'showWsName': False}, 'wsDomain': None, 'wsFunction': 'platform', 'wsId': 432256, 'wsLimitDetail': {'canDashNum': -1, 'canFormNum': -1, 'canPackageNum': -1, 'currentDashNum': -1, 'currentFormNum': -1, 'currentPackageNum': -1}, 'wsName': '767676669@qq.comÁöÑÂ∑•‰ΩúÂå∫'}, 'mobile': '767676669', 'nickName': '767676669@qq.com', 'npsCollect': False, 'promoCode': 'de393d98f', 'randomEmail': False, 'recordedNewGuidePop': [], 'showProcessPersonal': False, 'signatureUrl': None, 'source': 'home_home', 'status': None, 'uid': 1864059}, 'userSecurityVO': {'authMethod': 0, 'beingUninitialized': False}}
118.25.243.250 - - [08/Aug/2023 00:00:47] "POST /mointor HTTP/1.1" 200 -
((550, datetime.datetime(2023, 8, 8, 0, 0, 47), 1, 120),)
670
yibukaishi
767676670@qq.com
767676670
{'beingInvited': False, 'corpName': None, 'loginToken': None, 'openId': None, 'token': 'dac044c4-7690-4061-b6b8-fa1a03139b02', 'userInfo': {'beingBlackEmail': False, 'beingDisableExpiryRemind': False, 'beingExpand': None, 'beingInvited': False, 'beingLangFollowBrowser': True, 'beingOldVersion': None, 'beingPrivacyPolicy': True, 'beingSandBoxSuperAdmin': False, 'collectUserInfo': None, 'createTime': None, 'csShow': True, 'desktopRemind': True, 'email': '767676670@qq.com', 'firstLogin': None, 'grayLimit': 57, 'graySpecify': False, 'grayType': 1, 'hasPwdLoggedIn': False, 'havePassword': True, 'headImg': None, 'lang': None, 'lastWsInfo': {'accepted': None, 'accountLevel': 40, 'auth': 2, 'beingCustomizedAppSync': None, 'beingHideHelpDocument': False, 'beingSandbox': False, 'beingWatermark': False, 'biAuth': 'SUPER', 'canWorkWx': False, 'contactEnableNum': 1, 'contactNum': 1, 'departs': [], 'dynamic': None, 'exId': 'tAeLHd46LCJDsuBbKfvpBw==', 'exUserId': '1864070', 'expireDate': 1692721810000, 'hideCopyright': False, 'logoutConfig': {'logOutToSso': False, 'serverName': None, 'ssoType': None}, 'memberId': 1693112, 'openConnectorList': [], 'openPluginList': [2, 3, 6, 7, 8, 9, 13, 14, 15, 16, 17, 25, 26, 27, 28, 29, 33, 34, 35, 36, 37, 38, 39, 42, 43, 44, 45, -2, 32], 'permissionStatus': None, 'pluginClickList': [], 'pluginLimitDetail': {'dashAllVisiableLimit': 4, 'dashAllVisiableNum': 0}, 'publicAccessAuthVO': {'beingAttachmentQuestion': False, 'beingPublicLink': False}, 'remark': '767676670@qq.com', 'showContact': True, 'trial': True, 'trialDays': '0', 'trialNotice': True, 'type': 'normal', 'useScheduledSync': False, 'watermarkConfig': {'showDate': False, 'showDeparts': False, 'showExUserId': False, 'showName': True, 'showPhoneNumber': False, 'showWsName': False}, 'wsDomain': None, 'wsFunction': 'platform', 'wsId': 432262, 'wsLimitDetail': {'canDashNum': -1, 'canFormNum': -1, 'canPackageNum': -1, 'currentDashNum': -1, 'currentFormNum': -1, 'currentPackageNum': -1}, 'wsName': '767676670@qq.comÁöÑÂ∑•‰ΩúÂå∫'}, 'mobile': '767676670', 'nickName': '767676670@qq.com', 'npsCollect': False, 'promoCode': '60dedd2e6', 'randomEmail': False, 'recordedNewGuidePop': [], 'showProcessPersonal': False, 'signatureUrl': None, 'source': 'home_home', 'status': None, 'uid': 1864070}, 'userSecurityVO': {'authMethod': 0, 'beingUninitialized': False}}
{'beingInvited': False, 'corpName': None, 'loginToken': None, 'openId': None, 'token': 'dac044c4-7690-4061-b6b8-fa1a03139b02', 'userInfo': {'beingBlackEmail': False, 'beingDisableExpiryRemind': False, 'beingExpand': None, 'beingInvited': False, 'beingLangFollowBrowser': True, 'beingOldVersion': None, 'beingPrivacyPolicy': True, 'beingSandBoxSuperAdmin': False, 'collectUserInfo': None, 'createTime': None, 'csShow': True, 'desktopRemind': True, 'email': '767676670@qq.com', 'firstLogin': None, 'grayLimit': 57, 'graySpecify': False, 'grayType': 1, 'hasPwdLoggedIn': False, 'havePassword': True, 'headImg': None, 'lang': None, 'lastWsInfo': {'accepted': None, 'accountLevel': 40, 'auth': 2, 'beingCustomizedAppSync': None, 'beingHideHelpDocument': False, 'beingSandbox': False, 'beingWatermark': False, 'biAuth': 'SUPER', 'canWorkWx': False, 'contactEnableNum': 1, 'contactNum': 1, 'departs': [], 'dynamic': None, 'exId': 'tAeLHd46LCJDsuBbKfvpBw==', 'exUserId': '1864070', 'expireDate': 1692721810000, 'hideCopyright': False, 'logoutConfig': {'logOutToSso': False, 'serverName': None, 'ssoType': None}, 'memberId': 1693112, 'openConnectorList': [], 'openPluginList': [2, 3, 6, 7, 8, 9, 13, 14, 15, 16, 17, 25, 26, 27, 28, 29, 33, 34, 35, 36, 37, 38, 39, 42, 43, 44, 45, -2, 32], 'permissionStatus': None, 'pluginClickList': [], 'pluginLimitDetail': {'dashAllVisiableLimit': 4, 'dashAllVisiableNum': 0}, 'publicAccessAuthVO': {'beingAttachmentQuestion': False, 'beingPublicLink': False}, 'remark': '767676670@qq.com', 'showContact': True, 'trial': True, 'trialDays': '0', 'trialNotice': True, 'type': 'normal', 'useScheduledSync': False, 'watermarkConfig': {'showDate': False, 'showDeparts': False, 'showExUserId': False, 'showName': True, 'showPhoneNumber': False, 'showWsName': False}, 'wsDomain': None, 'wsFunction': 'platform', 'wsId': 432262, 'wsLimitDetail': {'canDashNum': -1, 'canFormNum': -1, 'canPackageNum': -1, 'currentDashNum': -1, 'currentFormNum': -1, 'currentPackageNum': -1}, 'wsName': '767676670@qq.comÁöÑÂ∑•‰ΩúÂå∫'}, 'mobile': '767676670', 'nickName': '767676670@qq.com', 'npsCollect': False, 'promoCode': '60dedd2e6', 'randomEmail': False, 'recordedNewGuidePop': [], 'showProcessPersonal': False, 'signatureUrl': None, 'source': 'home_home', 'status': None, 'uid': 1864070}, 'userSecurityVO': {'authMethod': 0, 'beingUninitialized': False}}
118.25.243.250 - - [08/Aug/2023 00:30:10] "POST /mointor HTTP/1.1" 200 -
551
[2023-08-08 08:17:06,017] ERROR in app: Exception on / [GET]
Traceback (most recent call last):
  File "/usr/local/lib64/python3.6/site-packages/flask/app.py", line 2073, in wsgi_app
    response = self.full_dispatch_request()
  File "/usr/local/lib64/python3.6/site-packages/flask/app.py", line 1519, in full_dispatch_request
    return self.finalize_request(rv)
  File "/usr/local/lib64/python3.6/site-packages/flask/app.py", line 1538, in finalize_request
    response = self.make_response(rv)
  File "/usr/local/lib64/python3.6/site-packages/flask/app.py", line 1702, in make_response
    f"The view function for {request.endpoint!r} did not"
TypeError: The view function for 'result' did not return a valid response. The function either returned None or ended without a return statement.
167.94.138.127 - - [08/Aug/2023 08:17:06] "[35m[1mGET / HTTP/1.1[0m" 500 -
167.94.138.127 - - [08/Aug/2023 08:17:06] code 505, message Invalid HTTP version (2.0)
167.94.138.127 - - [08/Aug/2023 08:17:06] "[35m[1mPRI * HTTP/2.0[0m" HTTPStatus.HTTP_VERSION_NOT_SUPPORTED -
551
124.221.203.147 - - [08/Aug/2023 10:00:57] "GET /?password=wsj HTTP/1.1" 200 -
((551, datetime.datetime(2023, 8, 8, 0, 30, 10), 1, 120),)
671
yibukaishi
767676671@qq.com
767676671
{'beingInvited': False, 'corpName': None, 'loginToken': None, 'openId': None, 'token': '67218abd-93e0-413c-a068-4bf5e80eeaf2', 'userInfo': {'beingBlackEmail': False, 'beingDisableExpiryRemind': False, 'beingExpand': None, 'beingInvited': False, 'beingLangFollowBrowser': True, 'beingOldVersion': None, 'beingPrivacyPolicy': True, 'beingSandBoxSuperAdmin': False, 'collectUserInfo': None, 'createTime': None, 'csShow': True, 'desktopRemind': True, 'email': '767676671@qq.com', 'firstLogin': None, 'grayLimit': 64, 'graySpecify': False, 'grayType': 1, 'hasPwdLoggedIn': False, 'havePassword': True, 'headImg': None, 'lang': None, 'lastWsInfo': {'accepted': None, 'accountLevel': 40, 'auth': 2, 'beingCustomizedAppSync': None, 'beingHideHelpDocument': False, 'beingSandbox': False, 'beingWatermark': False, 'biAuth': 'SUPER', 'canWorkWx': False, 'contactEnableNum': 1, 'contactNum': 1, 'departs': [], 'dynamic': None, 'exId': 'tAeLHd46LCKoPGKqMntNQw==', 'exUserId': '1865496', 'expireDate': 1692799231000, 'hideCopyright': False, 'logoutConfig': {'logOutToSso': False, 'serverName': None, 'ssoType': None}, 'memberId': 1694109, 'openConnectorList': [], 'openPluginList': [2, 3, 6, 7, 8, 9, 13, 14, 15, 16, 17, 25, 26, 27, 28, 29, 33, 34, 35, 36, 37, 38, 39, 42, 43, 44, 45, -2, 32], 'permissionStatus': None, 'pluginClickList': [], 'pluginLimitDetail': {'dashAllVisiableLimit': 4, 'dashAllVisiableNum': 0}, 'publicAccessAuthVO': {'beingAttachmentQuestion': False, 'beingPublicLink': False}, 'remark': '767676671@qq.com', 'showContact': True, 'trial': True, 'trialDays': '0', 'trialNotice': True, 'type': 'normal', 'useScheduledSync': False, 'watermarkConfig': {'showDate': False, 'showDeparts': False, 'showExUserId': False, 'showName': True, 'showPhoneNumber': False, 'showWsName': False}, 'wsDomain': None, 'wsFunction': 'platform', 'wsId': 432840, 'wsLimitDetail': {'canDashNum': -1, 'canFormNum': -1, 'canPackageNum': -1, 'currentDashNum': -1, 'currentFormNum': -1, 'currentPackageNum': -1}, 'wsName': '767676671@qq.comÁöÑÂ∑•‰ΩúÂå∫'}, 'mobile': '767676671', 'nickName': '767676671@qq.com', 'npsCollect': False, 'promoCode': '3fadbf218', 'randomEmail': False, 'recordedNewGuidePop': [], 'showProcessPersonal': False, 'signatureUrl': None, 'source': 'home_home', 'status': None, 'uid': 1865496}, 'userSecurityVO': {'authMethod': 0, 'beingUninitialized': False}}
{'beingInvited': False, 'corpName': None, 'loginToken': None, 'openId': None, 'token': '67218abd-93e0-413c-a068-4bf5e80eeaf2', 'userInfo': {'beingBlackEmail': False, 'beingDisableExpiryRemind': False, 'beingExpand': None, 'beingInvited': False, 'beingLangFollowBrowser': True, 'beingOldVersion': None, 'beingPrivacyPolicy': True, 'beingSandBoxSuperAdmin': False, 'collectUserInfo': None, 'createTime': None, 'csShow': True, 'desktopRemind': True, 'email': '767676671@qq.com', 'firstLogin': None, 'grayLimit': 64, 'graySpecify': False, 'grayType': 1, 'hasPwdLoggedIn': False, 'havePassword': True, 'headImg': None, 'lang': None, 'lastWsInfo': {'accepted': None, 'accountLevel': 40, 'auth': 2, 'beingCustomizedAppSync': None, 'beingHideHelpDocument': False, 'beingSandbox': False, 'beingWatermark': False, 'biAuth': 'SUPER', 'canWorkWx': False, 'contactEnableNum': 1, 'contactNum': 1, 'departs': [], 'dynamic': None, 'exId': 'tAeLHd46LCKoPGKqMntNQw==', 'exUserId': '1865496', 'expireDate': 1692799231000, 'hideCopyright': False, 'logoutConfig': {'logOutToSso': False, 'serverName': None, 'ssoType': None}, 'memberId': 1694109, 'openConnectorList': [], 'openPluginList': [2, 3, 6, 7, 8, 9, 13, 14, 15, 16, 17, 25, 26, 27, 28, 29, 33, 34, 35, 36, 37, 38, 39, 42, 43, 44, 45, -2, 32], 'permissionStatus': None, 'pluginClickList': [], 'pluginLimitDetail': {'dashAllVisiableLimit': 4, 'dashAllVisiableNum': 0}, 'publicAccessAuthVO': {'beingAttachmentQuestion': False, 'beingPublicLink': False}, 'remark': '767676671@qq.com', 'showContact': True, 'trial': True, 'trialDays': '0', 'trialNotice': True, 'type': 'normal', 'useScheduledSync': False, 'watermarkConfig': {'showDate': False, 'showDeparts': False, 'showExUserId': False, 'showName': True, 'showPhoneNumber': False, 'showWsName': False}, 'wsDomain': None, 'wsFunction': 'platform', 'wsId': 432840, 'wsLimitDetail': {'canDashNum': -1, 'canFormNum': -1, 'canPackageNum': -1, 'currentDashNum': -1, 'currentFormNum': -1, 'currentPackageNum': -1}, 'wsName': '767676671@qq.comÁöÑÂ∑•‰ΩúÂå∫'}, 'mobile': '767676671', 'nickName': '767676671@qq.com', 'npsCollect': False, 'promoCode': '3fadbf218', 'randomEmail': False, 'recordedNewGuidePop': [], 'showProcessPersonal': False, 'signatureUrl': None, 'source': 'home_home', 'status': None, 'uid': 1865496}, 'userSecurityVO': {'authMethod': 0, 'beingUninitialized': False}}
118.25.243.250 - - [08/Aug/2023 22:00:31] "POST /mointor HTTP/1.1" 200 -
((552, datetime.datetime(2023, 8, 8, 22, 0, 31), 1, 120),)
672
yibukaishi
767676672@qq.com
767676672
{'beingInvited': False, 'corpName': None, 'loginToken': None, 'openId': None, 'token': '8bdd5559-7fa7-487b-88a1-d473ed02b0ca', 'userInfo': {'beingBlackEmail': False, 'beingDisableExpiryRemind': False, 'beingExpand': None, 'beingInvited': False, 'beingLangFollowBrowser': True, 'beingOldVersion': None, 'beingPrivacyPolicy': True, 'beingSandBoxSuperAdmin': False, 'collectUserInfo': None, 'createTime': None, 'csShow': True, 'desktopRemind': True, 'email': '767676672@qq.com', 'firstLogin': None, 'grayLimit': 15, 'graySpecify': False, 'grayType': 1, 'hasPwdLoggedIn': False, 'havePassword': True, 'headImg': None, 'lang': None, 'lastWsInfo': {'accepted': None, 'accountLevel': 40, 'auth': 2, 'beingCustomizedAppSync': None, 'beingHideHelpDocument': False, 'beingSandbox': False, 'beingWatermark': False, 'biAuth': 'SUPER', 'canWorkWx': False, 'contactEnableNum': 1, 'contactNum': 1, 'departs': [], 'dynamic': None, 'exId': 'tAeLHd46LCLgcjGcaz7bEA==', 'exUserId': '1865521', 'expireDate': 1692802841000, 'hideCopyright': False, 'logoutConfig': {'logOutToSso': False, 'serverName': None, 'ssoType': None}, 'memberId': 1694123, 'openConnectorList': [], 'openPluginList': [2, 3, 6, 7, 8, 9, 13, 14, 15, 16, 17, 25, 26, 27, 28, 29, 33, 34, 35, 36, 37, 38, 39, 42, 43, 44, 45, -2, 32], 'permissionStatus': None, 'pluginClickList': [], 'pluginLimitDetail': {'dashAllVisiableLimit': 4, 'dashAllVisiableNum': 0}, 'publicAccessAuthVO': {'beingAttachmentQuestion': False, 'beingPublicLink': False}, 'remark': '767676672@qq.com', 'showContact': True, 'trial': True, 'trialDays': '0', 'trialNotice': True, 'type': 'normal', 'useScheduledSync': False, 'watermarkConfig': {'showDate': False, 'showDeparts': False, 'showExUserId': False, 'showName': True, 'showPhoneNumber': False, 'showWsName': False}, 'wsDomain': None, 'wsFunction': 'platform', 'wsId': 432851, 'wsLimitDetail': {'canDashNum': -1, 'canFormNum': -1, 'canPackageNum': -1, 'currentDashNum': -1, 'currentFormNum': -1, 'currentPackageNum': -1}, 'wsName': '767676672@qq.comÁöÑÂ∑•‰ΩúÂå∫'}, 'mobile': '767676672', 'nickName': '767676672@qq.com', 'npsCollect': False, 'promoCode': '317343edb', 'randomEmail': False, 'recordedNewGuidePop': [], 'showProcessPersonal': False, 'signatureUrl': None, 'source': 'home_home', 'status': None, 'uid': 1865521}, 'userSecurityVO': {'authMethod': 0, 'beingUninitialized': False}}
{'beingInvited': False, 'corpName': None, 'loginToken': None, 'openId': None, 'token': '8bdd5559-7fa7-487b-88a1-d473ed02b0ca', 'userInfo': {'beingBlackEmail': False, 'beingDisableExpiryRemind': False, 'beingExpand': None, 'beingInvited': False, 'beingLangFollowBrowser': True, 'beingOldVersion': None, 'beingPrivacyPolicy': True, 'beingSandBoxSuperAdmin': False, 'collectUserInfo': None, 'createTime': None, 'csShow': True, 'desktopRemind': True, 'email': '767676672@qq.com', 'firstLogin': None, 'grayLimit': 15, 'graySpecify': False, 'grayType': 1, 'hasPwdLoggedIn': False, 'havePassword': True, 'headImg': None, 'lang': None, 'lastWsInfo': {'accepted': None, 'accountLevel': 40, 'auth': 2, 'beingCustomizedAppSync': None, 'beingHideHelpDocument': False, 'beingSandbox': False, 'beingWatermark': False, 'biAuth': 'SUPER', 'canWorkWx': False, 'contactEnableNum': 1, 'contactNum': 1, 'departs': [], 'dynamic': None, 'exId': 'tAeLHd46LCLgcjGcaz7bEA==', 'exUserId': '1865521', 'expireDate': 1692802841000, 'hideCopyright': False, 'logoutConfig': {'logOutToSso': False, 'serverName': None, 'ssoType': None}, 'memberId': 1694123, 'openConnectorList': [], 'openPluginList': [2, 3, 6, 7, 8, 9, 13, 14, 15, 16, 17, 25, 26, 27, 28, 29, 33, 34, 35, 36, 37, 38, 39, 42, 43, 44, 45, -2, 32], 'permissionStatus': None, 'pluginClickList': [], 'pluginLimitDetail': {'dashAllVisiableLimit': 4, 'dashAllVisiableNum': 0}, 'publicAccessAuthVO': {'beingAttachmentQuestion': False, 'beingPublicLink': False}, 'remark': '767676672@qq.com', 'showContact': True, 'trial': True, 'trialDays': '0', 'trialNotice': True, 'type': 'normal', 'useScheduledSync': False, 'watermarkConfig': {'showDate': False, 'showDeparts': False, 'showExUserId': False, 'showName': True, 'showPhoneNumber': False, 'showWsName': False}, 'wsDomain': None, 'wsFunction': 'platform', 'wsId': 432851, 'wsLimitDetail': {'canDashNum': -1, 'canFormNum': -1, 'canPackageNum': -1, 'currentDashNum': -1, 'currentFormNum': -1, 'currentPackageNum': -1}, 'wsName': '767676672@qq.comÁöÑÂ∑•‰ΩúÂå∫'}, 'mobile': '767676672', 'nickName': '767676672@qq.com', 'npsCollect': False, 'promoCode': '317343edb', 'randomEmail': False, 'recordedNewGuidePop': [], 'showProcessPersonal': False, 'signatureUrl': None, 'source': 'home_home', 'status': None, 'uid': 1865521}, 'userSecurityVO': {'authMethod': 0, 'beingUninitialized': False}}
118.25.243.250 - - [08/Aug/2023 23:00:41] "POST /mointor HTTP/1.1" 200 -
((553, datetime.datetime(2023, 8, 8, 23, 0, 41), 1, 120),)
673
yibukaishi
767676673@qq.com
767676673
{'beingInvited': False, 'corpName': None, 'loginToken': None, 'openId': None, 'token': 'be483df5-d1a6-4b15-a188-8ecc9ffe9fde', 'userInfo': {'beingBlackEmail': False, 'beingDisableExpiryRemind': False, 'beingExpand': None, 'beingInvited': False, 'beingLangFollowBrowser': True, 'beingOldVersion': None, 'beingPrivacyPolicy': True, 'beingSandBoxSuperAdmin': False, 'collectUserInfo': None, 'createTime': None, 'csShow': True, 'desktopRemind': True, 'email': '767676673@qq.com', 'firstLogin': None, 'grayLimit': 57, 'graySpecify': False, 'grayType': 1, 'hasPwdLoggedIn': False, 'havePassword': True, 'headImg': None, 'lang': None, 'lastWsInfo': {'accepted': None, 'accountLevel': 40, 'auth': 2, 'beingCustomizedAppSync': None, 'beingHideHelpDocument': False, 'beingSandbox': False, 'beingWatermark': False, 'biAuth': 'SUPER', 'canWorkWx': False, 'contactEnableNum': 1, 'contactNum': 1, 'departs': [], 'dynamic': None, 'exId': 'tAeLHd46LCKKlhDwlpuC5w==', 'exUserId': '1865542', 'expireDate': 1692806439000, 'hideCopyright': False, 'logoutConfig': {'logOutToSso': False, 'serverName': None, 'ssoType': None}, 'memberId': 1694137, 'openConnectorList': [], 'openPluginList': [2, 3, 6, 7, 8, 9, 13, 14, 15, 16, 17, 25, 26, 27, 28, 29, 33, 34, 35, 36, 37, 38, 39, 42, 43, 44, 45, -2, 32], 'permissionStatus': None, 'pluginClickList': [], 'pluginLimitDetail': {'dashAllVisiableLimit': 4, 'dashAllVisiableNum': 0}, 'publicAccessAuthVO': {'beingAttachmentQuestion': False, 'beingPublicLink': False}, 'remark': '767676673@qq.com', 'showContact': True, 'trial': True, 'trialDays': '0', 'trialNotice': True, 'type': 'normal', 'useScheduledSync': False, 'watermarkConfig': {'showDate': False, 'showDeparts': False, 'showExUserId': False, 'showName': True, 'showPhoneNumber': False, 'showWsName': False}, 'wsDomain': None, 'wsFunction': 'platform', 'wsId': 432865, 'wsLimitDetail': {'canDashNum': -1, 'canFormNum': -1, 'canPackageNum': -1, 'currentDashNum': -1, 'currentFormNum': -1, 'currentPackageNum': -1}, 'wsName': '767676673@qq.comÁöÑÂ∑•‰ΩúÂå∫'}, 'mobile': '767676673', 'nickName': '767676673@qq.com', 'npsCollect': False, 'promoCode': 'a149a9339', 'randomEmail': False, 'recordedNewGuidePop': [], 'showProcessPersonal': False, 'signatureUrl': None, 'source': 'home_home', 'status': None, 'uid': 1865542}, 'userSecurityVO': {'authMethod': 0, 'beingUninitialized': False}}
{'beingInvited': False, 'corpName': None, 'loginToken': None, 'openId': None, 'token': 'be483df5-d1a6-4b15-a188-8ecc9ffe9fde', 'userInfo': {'beingBlackEmail': False, 'beingDisableExpiryRemind': False, 'beingExpand': None, 'beingInvited': False, 'beingLangFollowBrowser': True, 'beingOldVersion': None, 'beingPrivacyPolicy': True, 'beingSandBoxSuperAdmin': False, 'collectUserInfo': None, 'createTime': None, 'csShow': True, 'desktopRemind': True, 'email': '767676673@qq.com', 'firstLogin': None, 'grayLimit': 57, 'graySpecify': False, 'grayType': 1, 'hasPwdLoggedIn': False, 'havePassword': True, 'headImg': None, 'lang': None, 'lastWsInfo': {'accepted': None, 'accountLevel': 40, 'auth': 2, 'beingCustomizedAppSync': None, 'beingHideHelpDocument': False, 'beingSandbox': False, 'beingWatermark': False, 'biAuth': 'SUPER', 'canWorkWx': False, 'contactEnableNum': 1, 'contactNum': 1, 'departs': [], 'dynamic': None, 'exId': 'tAeLHd46LCKKlhDwlpuC5w==', 'exUserId': '1865542', 'expireDate': 1692806439000, 'hideCopyright': False, 'logoutConfig': {'logOutToSso': False, 'serverName': None, 'ssoType': None}, 'memberId': 1694137, 'openConnectorList': [], 'openPluginList': [2, 3, 6, 7, 8, 9, 13, 14, 15, 16, 17, 25, 26, 27, 28, 29, 33, 34, 35, 36, 37, 38, 39, 42, 43, 44, 45, -2, 32], 'permissionStatus': None, 'pluginClickList': [], 'pluginLimitDetail': {'dashAllVisiableLimit': 4, 'dashAllVisiableNum': 0}, 'publicAccessAuthVO': {'beingAttachmentQuestion': False, 'beingPublicLink': False}, 'remark': '767676673@qq.com', 'showContact': True, 'trial': True, 'trialDays': '0', 'trialNotice': True, 'type': 'normal', 'useScheduledSync': False, 'watermarkConfig': {'showDate': False, 'showDeparts': False, 'showExUserId': False, 'showName': True, 'showPhoneNumber': False, 'showWsName': False}, 'wsDomain': None, 'wsFunction': 'platform', 'wsId': 432865, 'wsLimitDetail': {'canDashNum': -1, 'canFormNum': -1, 'canPackageNum': -1, 'currentDashNum': -1, 'currentFormNum': -1, 'currentPackageNum': -1}, 'wsName': '767676673@qq.comÁöÑÂ∑•‰ΩúÂå∫'}, 'mobile': '767676673', 'nickName': '767676673@qq.com', 'npsCollect': False, 'promoCode': 'a149a9339', 'randomEmail': False, 'recordedNewGuidePop': [], 'showProcessPersonal': False, 'signatureUrl': None, 'source': 'home_home', 'status': None, 'uid': 1865542}, 'userSecurityVO': {'authMethod': 0, 'beingUninitialized': False}}
118.25.243.250 - - [09/Aug/2023 00:00:39] "POST /mointor HTTP/1.1" 200 -
((554, datetime.datetime(2023, 8, 9, 0, 0, 39), 1, 120),)
674
yibukaishi
767676674@qq.com
767676674
{'beingInvited': False, 'corpName': None, 'loginToken': None, 'openId': None, 'token': '9592d937-d429-45a9-a13e-35fad89be6ee', 'userInfo': {'beingBlackEmail': False, 'beingDisableExpiryRemind': False, 'beingExpand': None, 'beingInvited': False, 'beingLangFollowBrowser': True, 'beingOldVersion': None, 'beingPrivacyPolicy': True, 'beingSandBoxSuperAdmin': False, 'collectUserInfo': None, 'createTime': None, 'csShow': True, 'desktopRemind': True, 'email': '767676674@qq.com', 'firstLogin': None, 'grayLimit': 100, 'graySpecify': False, 'grayType': 1, 'hasPwdLoggedIn': False, 'havePassword': True, 'headImg': None, 'lang': None, 'lastWsInfo': {'accepted': None, 'accountLevel': 40, 'auth': 2, 'beingCustomizedAppSync': None, 'beingHideHelpDocument': False, 'beingSandbox': False, 'beingWatermark': False, 'biAuth': 'SUPER', 'canWorkWx': False, 'contactEnableNum': 1, 'contactNum': 1, 'departs': [], 'dynamic': None, 'exId': 'tAeLHd46LCLrTNEPO9Owkw==', 'exUserId': '1865547', 'expireDate': 1692808209000, 'hideCopyright': False, 'logoutConfig': {'logOutToSso': False, 'serverName': None, 'ssoType': None}, 'memberId': 1694139, 'openConnectorList': [], 'openPluginList': [2, 3, 6, 7, 8, 9, 13, 14, 15, 16, 17, 25, 26, 27, 28, 29, 33, 34, 35, 36, 37, 38, 39, 42, 43, 44, 45, -2, 32], 'permissionStatus': None, 'pluginClickList': [], 'pluginLimitDetail': {'dashAllVisiableLimit': 4, 'dashAllVisiableNum': 0}, 'publicAccessAuthVO': {'beingAttachmentQuestion': False, 'beingPublicLink': False}, 'remark': '767676674@qq.com', 'showContact': True, 'trial': True, 'trialDays': '0', 'trialNotice': True, 'type': 'normal', 'useScheduledSync': False, 'watermarkConfig': {'showDate': False, 'showDeparts': False, 'showExUserId': False, 'showName': True, 'showPhoneNumber': False, 'showWsName': False}, 'wsDomain': None, 'wsFunction': 'platform', 'wsId': 432867, 'wsLimitDetail': {'canDashNum': -1, 'canFormNum': -1, 'canPackageNum': -1, 'currentDashNum': -1, 'currentFormNum': -1, 'currentPackageNum': -1}, 'wsName': '767676674@qq.comÁöÑÂ∑•‰ΩúÂå∫'}, 'mobile': '767676674', 'nickName': '767676674@qq.com', 'npsCollect': False, 'promoCode': '7c780ce98', 'randomEmail': False, 'recordedNewGuidePop': [], 'showProcessPersonal': False, 'signatureUrl': None, 'source': 'home_home', 'status': None, 'uid': 1865547}, 'userSecurityVO': {'authMethod': 0, 'beingUninitialized': False}}
{'beingInvited': False, 'corpName': None, 'loginToken': None, 'openId': None, 'token': '9592d937-d429-45a9-a13e-35fad89be6ee', 'userInfo': {'beingBlackEmail': False, 'beingDisableExpiryRemind': False, 'beingExpand': None, 'beingInvited': False, 'beingLangFollowBrowser': True, 'beingOldVersion': None, 'beingPrivacyPolicy': True, 'beingSandBoxSuperAdmin': False, 'collectUserInfo': None, 'createTime': None, 'csShow': True, 'desktopRemind': True, 'email': '767676674@qq.com', 'firstLogin': None, 'grayLimit': 100, 'graySpecify': False, 'grayType': 1, 'hasPwdLoggedIn': False, 'havePassword': True, 'headImg': None, 'lang': None, 'lastWsInfo': {'accepted': None, 'accountLevel': 40, 'auth': 2, 'beingCustomizedAppSync': None, 'beingHideHelpDocument': False, 'beingSandbox': False, 'beingWatermark': False, 'biAuth': 'SUPER', 'canWorkWx': False, 'contactEnableNum': 1, 'contactNum': 1, 'departs': [], 'dynamic': None, 'exId': 'tAeLHd46LCLrTNEPO9Owkw==', 'exUserId': '1865547', 'expireDate': 1692808209000, 'hideCopyright': False, 'logoutConfig': {'logOutToSso': False, 'serverName': None, 'ssoType': None}, 'memberId': 1694139, 'openConnectorList': [], 'openPluginList': [2, 3, 6, 7, 8, 9, 13, 14, 15, 16, 17, 25, 26, 27, 28, 29, 33, 34, 35, 36, 37, 38, 39, 42, 43, 44, 45, -2, 32], 'permissionStatus': None, 'pluginClickList': [], 'pluginLimitDetail': {'dashAllVisiableLimit': 4, 'dashAllVisiableNum': 0}, 'publicAccessAuthVO': {'beingAttachmentQuestion': False, 'beingPublicLink': False}, 'remark': '767676674@qq.com', 'showContact': True, 'trial': True, 'trialDays': '0', 'trialNotice': True, 'type': 'normal', 'useScheduledSync': False, 'watermarkConfig': {'showDate': False, 'showDeparts': False, 'showExUserId': False, 'showName': True, 'showPhoneNumber': False, 'showWsName': False}, 'wsDomain': None, 'wsFunction': 'platform', 'wsId': 432867, 'wsLimitDetail': {'canDashNum': -1, 'canFormNum': -1, 'canPackageNum': -1, 'currentDashNum': -1, 'currentFormNum': -1, 'currentPackageNum': -1}, 'wsName': '767676674@qq.comÁöÑÂ∑•‰ΩúÂå∫'}, 'mobile': '767676674', 'nickName': '767676674@qq.com', 'npsCollect': False, 'promoCode': '7c780ce98', 'randomEmail': False, 'recordedNewGuidePop': [], 'showProcessPersonal': False, 'signatureUrl': None, 'source': 'home_home', 'status': None, 'uid': 1865547}, 'userSecurityVO': {'authMethod': 0, 'beingUninitialized': False}}
118.25.243.250 - - [09/Aug/2023 00:30:09] "POST /mointor HTTP/1.1" 200 -
165.232.77.118 - - [09/Aug/2023 02:14:30] code 400, message Bad request syntax ('SSH-2.0-OpenSSH')
165.232.77.118 - - [09/Aug/2023 02:14:30] "[35m[1mSSH-2.0-OpenSSH[0m" HTTPStatus.BAD_REQUEST -
556
[2023-08-09 08:35:47,999] ERROR in app: Exception on / [GET]
Traceback (most recent call last):
  File "/usr/local/lib64/python3.6/site-packages/flask/app.py", line 2073, in wsgi_app
    response = self.full_dispatch_request()
  File "/usr/local/lib64/python3.6/site-packages/flask/app.py", line 1519, in full_dispatch_request
    return self.finalize_request(rv)
  File "/usr/local/lib64/python3.6/site-packages/flask/app.py", line 1538, in finalize_request
    response = self.make_response(rv)
  File "/usr/local/lib64/python3.6/site-packages/flask/app.py", line 1702, in make_response
    f"The view function for {request.endpoint!r} did not"
TypeError: The view function for 'result' did not return a valid response. The function either returned None or ended without a return statement.
199.254.199.244 - - [09/Aug/2023 08:35:48] "[35m[1mGET / HTTP/1.1[0m" 500 -
556
124.221.203.147 - - [09/Aug/2023 10:00:57] "GET /?password=wsj HTTP/1.1" 200 -
556
[2023-08-09 18:00:23,771] ERROR in app: Exception on / [GET]
Traceback (most recent call last):
  File "/usr/local/lib64/python3.6/site-packages/flask/app.py", line 2073, in wsgi_app
    response = self.full_dispatch_request()
  File "/usr/local/lib64/python3.6/site-packages/flask/app.py", line 1519, in full_dispatch_request
    return self.finalize_request(rv)
  File "/usr/local/lib64/python3.6/site-packages/flask/app.py", line 1538, in finalize_request
    response = self.make_response(rv)
  File "/usr/local/lib64/python3.6/site-packages/flask/app.py", line 1702, in make_response
    f"The view function for {request.endpoint!r} did not"
TypeError: The view function for 'result' did not return a valid response. The function either returned None or ended without a return statement.
94.102.61.5 - - [09/Aug/2023 18:00:23] "[35m[1mGET / HTTP/1.1[0m" 500 -
((555, datetime.datetime(2023, 8, 9, 0, 30, 9), 1, 120),)
675
yibukaishi
767676675@qq.com
767676675
{'beingInvited': False, 'corpName': None, 'loginToken': None, 'openId': None, 'token': '3c2caf1b-4504-4a21-b39c-1dd61b230a80', 'userInfo': {'beingBlackEmail': False, 'beingDisableExpiryRemind': False, 'beingExpand': None, 'beingInvited': False, 'beingLangFollowBrowser': True, 'beingOldVersion': None, 'beingPrivacyPolicy': True, 'beingSandBoxSuperAdmin': False, 'collectUserInfo': None, 'createTime': None, 'csShow': True, 'desktopRemind': True, 'email': '767676675@qq.com', 'firstLogin': None, 'grayLimit': 81, 'graySpecify': False, 'grayType': 1, 'hasPwdLoggedIn': False, 'havePassword': True, 'headImg': None, 'lang': None, 'lastWsInfo': {'accepted': None, 'accountLevel': 40, 'auth': 2, 'beingCustomizedAppSync': None, 'beingHideHelpDocument': False, 'beingSandbox': False, 'beingWatermark': False, 'biAuth': 'SUPER', 'canWorkWx': False, 'contactEnableNum': 1, 'contactNum': 1, 'departs': [], 'dynamic': None, 'exId': 'tAeLHd46LCL6v34GvHH7iw==', 'exUserId': '1866515', 'expireDate': 1692885631000, 'hideCopyright': False, 'logoutConfig': {'logOutToSso': False, 'serverName': None, 'ssoType': None}, 'memberId': 1694967, 'openConnectorList': [], 'openPluginList': [2, 3, 6, 7, 8, 9, 13, 14, 15, 16, 17, 25, 26, 27, 28, 29, 33, 34, 35, 36, 37, 38, 39, 42, 43, 44, 45, -2, 32], 'permissionStatus': None, 'pluginClickList': [], 'pluginLimitDetail': {'dashAllVisiableLimit': 4, 'dashAllVisiableNum': 0}, 'publicAccessAuthVO': {'beingAttachmentQuestion': False, 'beingPublicLink': False}, 'remark': '767676675@qq.com', 'showContact': True, 'trial': True, 'trialDays': '0', 'trialNotice': True, 'type': 'normal', 'useScheduledSync': False, 'watermarkConfig': {'showDate': False, 'showDeparts': False, 'showExUserId': False, 'showName': True, 'showPhoneNumber': False, 'showWsName': False}, 'wsDomain': None, 'wsFunction': 'platform', 'wsId': 433352, 'wsLimitDetail': {'canDashNum': -1, 'canFormNum': -1, 'canPackageNum': -1, 'currentDashNum': -1, 'currentFormNum': -1, 'currentPackageNum': -1}, 'wsName': '767676675@qq.comÁöÑÂ∑•‰ΩúÂå∫'}, 'mobile': '767676675', 'nickName': '767676675@qq.com', 'npsCollect': False, 'promoCode': '27334a497', 'randomEmail': False, 'recordedNewGuidePop': [], 'showProcessPersonal': False, 'signatureUrl': None, 'source': 'home_home', 'status': None, 'uid': 1866515}, 'userSecurityVO': {'authMethod': 0, 'beingUninitialized': False}}
{'beingInvited': False, 'corpName': None, 'loginToken': None, 'openId': None, 'token': '3c2caf1b-4504-4a21-b39c-1dd61b230a80', 'userInfo': {'beingBlackEmail': False, 'beingDisableExpiryRemind': False, 'beingExpand': None, 'beingInvited': False, 'beingLangFollowBrowser': True, 'beingOldVersion': None, 'beingPrivacyPolicy': True, 'beingSandBoxSuperAdmin': False, 'collectUserInfo': None, 'createTime': None, 'csShow': True, 'desktopRemind': True, 'email': '767676675@qq.com', 'firstLogin': None, 'grayLimit': 81, 'graySpecify': False, 'grayType': 1, 'hasPwdLoggedIn': False, 'havePassword': True, 'headImg': None, 'lang': None, 'lastWsInfo': {'accepted': None, 'accountLevel': 40, 'auth': 2, 'beingCustomizedAppSync': None, 'beingHideHelpDocument': False, 'beingSandbox': False, 'beingWatermark': False, 'biAuth': 'SUPER', 'canWorkWx': False, 'contactEnableNum': 1, 'contactNum': 1, 'departs': [], 'dynamic': None, 'exId': 'tAeLHd46LCL6v34GvHH7iw==', 'exUserId': '1866515', 'expireDate': 1692885631000, 'hideCopyright': False, 'logoutConfig': {'logOutToSso': False, 'serverName': None, 'ssoType': None}, 'memberId': 1694967, 'openConnectorList': [], 'openPluginList': [2, 3, 6, 7, 8, 9, 13, 14, 15, 16, 17, 25, 26, 27, 28, 29, 33, 34, 35, 36, 37, 38, 39, 42, 43, 44, 45, -2, 32], 'permissionStatus': None, 'pluginClickList': [], 'pluginLimitDetail': {'dashAllVisiableLimit': 4, 'dashAllVisiableNum': 0}, 'publicAccessAuthVO': {'beingAttachmentQuestion': False, 'beingPublicLink': False}, 'remark': '767676675@qq.com', 'showContact': True, 'trial': True, 'trialDays': '0', 'trialNotice': True, 'type': 'normal', 'useScheduledSync': False, 'watermarkConfig': {'showDate': False, 'showDeparts': False, 'showExUserId': False, 'showName': True, 'showPhoneNumber': False, 'showWsName': False}, 'wsDomain': None, 'wsFunction': 'platform', 'wsId': 433352, 'wsLimitDetail': {'canDashNum': -1, 'canFormNum': -1, 'canPackageNum': -1, 'currentDashNum': -1, 'currentFormNum': -1, 'currentPackageNum': -1}, 'wsName': '767676675@qq.comÁöÑÂ∑•‰ΩúÂå∫'}, 'mobile': '767676675', 'nickName': '767676675@qq.com', 'npsCollect': False, 'promoCode': '27334a497', 'randomEmail': False, 'recordedNewGuidePop': [], 'showProcessPersonal': False, 'signatureUrl': None, 'source': 'home_home', 'status': None, 'uid': 1866515}, 'userSecurityVO': {'authMethod': 0, 'beingUninitialized': False}}
118.25.243.250 - - [09/Aug/2023 22:00:31] "POST /mointor HTTP/1.1" 200 -
557
[2023-08-09 22:40:47,477] ERROR in app: Exception on / [GET]
Traceback (most recent call last):
  File "/usr/local/lib64/python3.6/site-packages/flask/app.py", line 2073, in wsgi_app
    response = self.full_dispatch_request()
  File "/usr/local/lib64/python3.6/site-packages/flask/app.py", line 1519, in full_dispatch_request
    return self.finalize_request(rv)
  File "/usr/local/lib64/python3.6/site-packages/flask/app.py", line 1538, in finalize_request
    response = self.make_response(rv)
  File "/usr/local/lib64/python3.6/site-packages/flask/app.py", line 1702, in make_response
    f"The view function for {request.endpoint!r} did not"
TypeError: The view function for 'result' did not return a valid response. The function either returned None or ended without a return statement.
167.94.138.124 - - [09/Aug/2023 22:40:47] "[35m[1mGET / HTTP/1.1[0m" 500 -
167.94.138.124 - - [09/Aug/2023 22:40:48] code 505, message Invalid HTTP version (2.0)
167.94.138.124 - - [09/Aug/2023 22:40:48] "[35m[1mPRI * HTTP/2.0[0m" HTTPStatus.HTTP_VERSION_NOT_SUPPORTED -
((556, datetime.datetime(2023, 8, 9, 22, 0, 31), 1, 120),)
676
yibukaishi
767676676@qq.com
767676676
{'beingInvited': False, 'corpName': None, 'loginToken': None, 'openId': None, 'token': '45e56c10-d7cf-4907-a25a-cb139a0e366e', 'userInfo': {'beingBlackEmail': False, 'beingDisableExpiryRemind': False, 'beingExpand': None, 'beingInvited': False, 'beingLangFollowBrowser': True, 'beingOldVersion': None, 'beingPrivacyPolicy': True, 'beingSandBoxSuperAdmin': False, 'collectUserInfo': None, 'createTime': None, 'csShow': True, 'desktopRemind': True, 'email': '767676676@qq.com', 'firstLogin': None, 'grayLimit': 44, 'graySpecify': False, 'grayType': 1, 'hasPwdLoggedIn': False, 'havePassword': True, 'headImg': None, 'lang': None, 'lastWsInfo': {'accepted': None, 'accountLevel': 40, 'auth': 2, 'beingCustomizedAppSync': None, 'beingHideHelpDocument': False, 'beingSandbox': False, 'beingWatermark': False, 'biAuth': 'SUPER', 'canWorkWx': False, 'contactEnableNum': 1, 'contactNum': 1, 'departs': [], 'dynamic': None, 'exId': 'tAeLHd46LCK3RDyauN4ofw==', 'exUserId': '1866543', 'expireDate': 1692889241000, 'hideCopyright': False, 'logoutConfig': {'logOutToSso': False, 'serverName': None, 'ssoType': None}, 'memberId': 1694981, 'openConnectorList': [], 'openPluginList': [2, 3, 6, 7, 8, 9, 13, 14, 15, 16, 17, 25, 26, 27, 28, 29, 33, 34, 35, 36, 37, 38, 39, 42, 43, 44, 45, -2, 32], 'permissionStatus': None, 'pluginClickList': [], 'pluginLimitDetail': {'dashAllVisiableLimit': 4, 'dashAllVisiableNum': 0}, 'publicAccessAuthVO': {'beingAttachmentQuestion': False, 'beingPublicLink': False}, 'remark': '767676676@qq.com', 'showContact': True, 'trial': True, 'trialDays': '0', 'trialNotice': True, 'type': 'normal', 'useScheduledSync': False, 'watermarkConfig': {'showDate': False, 'showDeparts': False, 'showExUserId': False, 'showName': True, 'showPhoneNumber': False, 'showWsName': False}, 'wsDomain': None, 'wsFunction': 'platform', 'wsId': 433366, 'wsLimitDetail': {'canDashNum': -1, 'canFormNum': -1, 'canPackageNum': -1, 'currentDashNum': -1, 'currentFormNum': -1, 'currentPackageNum': -1}, 'wsName': '767676676@qq.comÁöÑÂ∑•‰ΩúÂå∫'}, 'mobile': '767676676', 'nickName': '767676676@qq.com', 'npsCollect': False, 'promoCode': '4fe3ab723', 'randomEmail': False, 'recordedNewGuidePop': [], 'showProcessPersonal': False, 'signatureUrl': None, 'source': 'home_home', 'status': None, 'uid': 1866543}, 'userSecurityVO': {'authMethod': 0, 'beingUninitialized': False}}
{'beingInvited': False, 'corpName': None, 'loginToken': None, 'openId': None, 'token': '45e56c10-d7cf-4907-a25a-cb139a0e366e', 'userInfo': {'beingBlackEmail': False, 'beingDisableExpiryRemind': False, 'beingExpand': None, 'beingInvited': False, 'beingLangFollowBrowser': True, 'beingOldVersion': None, 'beingPrivacyPolicy': True, 'beingSandBoxSuperAdmin': False, 'collectUserInfo': None, 'createTime': None, 'csShow': True, 'desktopRemind': True, 'email': '767676676@qq.com', 'firstLogin': None, 'grayLimit': 44, 'graySpecify': False, 'grayType': 1, 'hasPwdLoggedIn': False, 'havePassword': True, 'headImg': None, 'lang': None, 'lastWsInfo': {'accepted': None, 'accountLevel': 40, 'auth': 2, 'beingCustomizedAppSync': None, 'beingHideHelpDocument': False, 'beingSandbox': False, 'beingWatermark': False, 'biAuth': 'SUPER', 'canWorkWx': False, 'contactEnableNum': 1, 'contactNum': 1, 'departs': [], 'dynamic': None, 'exId': 'tAeLHd46LCK3RDyauN4ofw==', 'exUserId': '1866543', 'expireDate': 1692889241000, 'hideCopyright': False, 'logoutConfig': {'logOutToSso': False, 'serverName': None, 'ssoType': None}, 'memberId': 1694981, 'openConnectorList': [], 'openPluginList': [2, 3, 6, 7, 8, 9, 13, 14, 15, 16, 17, 25, 26, 27, 28, 29, 33, 34, 35, 36, 37, 38, 39, 42, 43, 44, 45, -2, 32], 'permissionStatus': None, 'pluginClickList': [], 'pluginLimitDetail': {'dashAllVisiableLimit': 4, 'dashAllVisiableNum': 0}, 'publicAccessAuthVO': {'beingAttachmentQuestion': False, 'beingPublicLink': False}, 'remark': '767676676@qq.com', 'showContact': True, 'trial': True, 'trialDays': '0', 'trialNotice': True, 'type': 'normal', 'useScheduledSync': False, 'watermarkConfig': {'showDate': False, 'showDeparts': False, 'showExUserId': False, 'showName': True, 'showPhoneNumber': False, 'showWsName': False}, 'wsDomain': None, 'wsFunction': 'platform', 'wsId': 433366, 'wsLimitDetail': {'canDashNum': -1, 'canFormNum': -1, 'canPackageNum': -1, 'currentDashNum': -1, 'currentFormNum': -1, 'currentPackageNum': -1}, 'wsName': '767676676@qq.comÁöÑÂ∑•‰ΩúÂå∫'}, 'mobile': '767676676', 'nickName': '767676676@qq.com', 'npsCollect': False, 'promoCode': '4fe3ab723', 'randomEmail': False, 'recordedNewGuidePop': [], 'showProcessPersonal': False, 'signatureUrl': None, 'source': 'home_home', 'status': None, 'uid': 1866543}, 'userSecurityVO': {'authMethod': 0, 'beingUninitialized': False}}
118.25.243.250 - - [09/Aug/2023 23:00:41] "POST /mointor HTTP/1.1" 200 -
((557, datetime.datetime(2023, 8, 9, 23, 0, 41), 1, 120),)
677
yibukaishi
767676677@qq.com
767676677
{'beingInvited': False, 'corpName': None, 'loginToken': None, 'openId': None, 'token': 'e297f7f6-56d6-4096-b518-3378bda4fc4c', 'userInfo': {'beingBlackEmail': False, 'beingDisableExpiryRemind': False, 'beingExpand': None, 'beingInvited': False, 'beingLangFollowBrowser': True, 'beingOldVersion': None, 'beingPrivacyPolicy': True, 'beingSandBoxSuperAdmin': False, 'collectUserInfo': None, 'createTime': None, 'csShow': True, 'desktopRemind': True, 'email': '767676677@qq.com', 'firstLogin': None, 'grayLimit': 19, 'graySpecify': False, 'grayType': 1, 'hasPwdLoggedIn': False, 'havePassword': True, 'headImg': None, 'lang': None, 'lastWsInfo': {'accepted': None, 'accountLevel': 40, 'auth': 2, 'beingCustomizedAppSync': None, 'beingHideHelpDocument': False, 'beingSandbox': False, 'beingWatermark': False, 'biAuth': 'SUPER', 'canWorkWx': False, 'contactEnableNum': 1, 'contactNum': 1, 'departs': [], 'dynamic': None, 'exId': 'tAeLHd46LCJQULknZWRQHw==', 'exUserId': '1866559', 'expireDate': 1692892837000, 'hideCopyright': False, 'logoutConfig': {'logOutToSso': False, 'serverName': None, 'ssoType': None}, 'memberId': 1694990, 'openConnectorList': [], 'openPluginList': [2, 3, 6, 7, 8, 9, 13, 14, 15, 16, 17, 25, 26, 27, 28, 29, 33, 34, 35, 36, 37, 38, 39, 42, 43, 44, 45, -2, 32], 'permissionStatus': None, 'pluginClickList': [], 'pluginLimitDetail': {'dashAllVisiableLimit': 4, 'dashAllVisiableNum': 0}, 'publicAccessAuthVO': {'beingAttachmentQuestion': False, 'beingPublicLink': False}, 'remark': '767676677@qq.com', 'showContact': True, 'trial': True, 'trialDays': '0', 'trialNotice': True, 'type': 'normal', 'useScheduledSync': False, 'watermarkConfig': {'showDate': False, 'showDeparts': False, 'showExUserId': False, 'showName': True, 'showPhoneNumber': False, 'showWsName': False}, 'wsDomain': None, 'wsFunction': 'platform', 'wsId': 433375, 'wsLimitDetail': {'canDashNum': -1, 'canFormNum': -1, 'canPackageNum': -1, 'currentDashNum': -1, 'currentFormNum': -1, 'currentPackageNum': -1}, 'wsName': '767676677@qq.comÁöÑÂ∑•‰ΩúÂå∫'}, 'mobile': '767676677', 'nickName': '767676677@qq.com', 'npsCollect': False, 'promoCode': 'fcbbb6698', 'randomEmail': False, 'recordedNewGuidePop': [], 'showProcessPersonal': False, 'signatureUrl': None, 'source': 'home_home', 'status': None, 'uid': 1866559}, 'userSecurityVO': {'authMethod': 0, 'beingUninitialized': False}}
{'beingInvited': False, 'corpName': None, 'loginToken': None, 'openId': None, 'token': 'e297f7f6-56d6-4096-b518-3378bda4fc4c', 'userInfo': {'beingBlackEmail': False, 'beingDisableExpiryRemind': False, 'beingExpand': None, 'beingInvited': False, 'beingLangFollowBrowser': True, 'beingOldVersion': None, 'beingPrivacyPolicy': True, 'beingSandBoxSuperAdmin': False, 'collectUserInfo': None, 'createTime': None, 'csShow': True, 'desktopRemind': True, 'email': '767676677@qq.com', 'firstLogin': None, 'grayLimit': 19, 'graySpecify': False, 'grayType': 1, 'hasPwdLoggedIn': False, 'havePassword': True, 'headImg': None, 'lang': None, 'lastWsInfo': {'accepted': None, 'accountLevel': 40, 'auth': 2, 'beingCustomizedAppSync': None, 'beingHideHelpDocument': False, 'beingSandbox': False, 'beingWatermark': False, 'biAuth': 'SUPER', 'canWorkWx': False, 'contactEnableNum': 1, 'contactNum': 1, 'departs': [], 'dynamic': None, 'exId': 'tAeLHd46LCJQULknZWRQHw==', 'exUserId': '1866559', 'expireDate': 1692892837000, 'hideCopyright': False, 'logoutConfig': {'logOutToSso': False, 'serverName': None, 'ssoType': None}, 'memberId': 1694990, 'openConnectorList': [], 'openPluginList': [2, 3, 6, 7, 8, 9, 13, 14, 15, 16, 17, 25, 26, 27, 28, 29, 33, 34, 35, 36, 37, 38, 39, 42, 43, 44, 45, -2, 32], 'permissionStatus': None, 'pluginClickList': [], 'pluginLimitDetail': {'dashAllVisiableLimit': 4, 'dashAllVisiableNum': 0}, 'publicAccessAuthVO': {'beingAttachmentQuestion': False, 'beingPublicLink': False}, 'remark': '767676677@qq.com', 'showContact': True, 'trial': True, 'trialDays': '0', 'trialNotice': True, 'type': 'normal', 'useScheduledSync': False, 'watermarkConfig': {'showDate': False, 'showDeparts': False, 'showExUserId': False, 'showName': True, 'showPhoneNumber': False, 'showWsName': False}, 'wsDomain': None, 'wsFunction': 'platform', 'wsId': 433375, 'wsLimitDetail': {'canDashNum': -1, 'canFormNum': -1, 'canPackageNum': -1, 'currentDashNum': -1, 'currentFormNum': -1, 'currentPackageNum': -1}, 'wsName': '767676677@qq.comÁöÑÂ∑•‰ΩúÂå∫'}, 'mobile': '767676677', 'nickName': '767676677@qq.com', 'npsCollect': False, 'promoCode': 'fcbbb6698', 'randomEmail': False, 'recordedNewGuidePop': [], 'showProcessPersonal': False, 'signatureUrl': None, 'source': 'home_home', 'status': None, 'uid': 1866559}, 'userSecurityVO': {'authMethod': 0, 'beingUninitialized': False}}
118.25.243.250 - - [10/Aug/2023 00:00:37] "POST /mointor HTTP/1.1" 200 -
((558, datetime.datetime(2023, 8, 10, 0, 0, 37), 1, 120),)
678
yibukaishi
767676678@qq.com
767676678
{'beingInvited': False, 'corpName': None, 'loginToken': None, 'openId': None, 'token': '4e9362b3-9128-41be-b3a7-793c0c0cd874', 'userInfo': {'beingBlackEmail': False, 'beingDisableExpiryRemind': False, 'beingExpand': None, 'beingInvited': False, 'beingLangFollowBrowser': True, 'beingOldVersion': None, 'beingPrivacyPolicy': True, 'beingSandBoxSuperAdmin': False, 'collectUserInfo': None, 'createTime': None, 'csShow': True, 'desktopRemind': True, 'email': '767676678@qq.com', 'firstLogin': None, 'grayLimit': 20, 'graySpecify': False, 'grayType': 1, 'hasPwdLoggedIn': False, 'havePassword': True, 'headImg': None, 'lang': None, 'lastWsInfo': {'accepted': None, 'accountLevel': 40, 'auth': 2, 'beingCustomizedAppSync': None, 'beingHideHelpDocument': False, 'beingSandbox': False, 'beingWatermark': False, 'biAuth': 'SUPER', 'canWorkWx': False, 'contactEnableNum': 1, 'contactNum': 1, 'departs': [], 'dynamic': None, 'exId': 'tAeLHd46LCKpPhpRweqidg==', 'exUserId': '1866564', 'expireDate': 1692894609000, 'hideCopyright': False, 'logoutConfig': {'logOutToSso': False, 'serverName': None, 'ssoType': None}, 'memberId': 1694993, 'openConnectorList': [], 'openPluginList': [2, 3, 6, 7, 8, 9, 13, 14, 15, 16, 17, 25, 26, 27, 28, 29, 33, 34, 35, 36, 37, 38, 39, 42, 43, 44, 45, -2, 32], 'permissionStatus': None, 'pluginClickList': [], 'pluginLimitDetail': {'dashAllVisiableLimit': 4, 'dashAllVisiableNum': 0}, 'publicAccessAuthVO': {'beingAttachmentQuestion': False, 'beingPublicLink': False}, 'remark': '767676678@qq.com', 'showContact': True, 'trial': True, 'trialDays': '0', 'trialNotice': True, 'type': 'normal', 'useScheduledSync': False, 'watermarkConfig': {'showDate': False, 'showDeparts': False, 'showExUserId': False, 'showName': True, 'showPhoneNumber': False, 'showWsName': False}, 'wsDomain': None, 'wsFunction': 'platform', 'wsId': 433378, 'wsLimitDetail': {'canDashNum': -1, 'canFormNum': -1, 'canPackageNum': -1, 'currentDashNum': -1, 'currentFormNum': -1, 'currentPackageNum': -1}, 'wsName': '767676678@qq.comÁöÑÂ∑•‰ΩúÂå∫'}, 'mobile': '767676678', 'nickName': '767676678@qq.com', 'npsCollect': False, 'promoCode': 'f8e916339', 'randomEmail': False, 'recordedNewGuidePop': [], 'showProcessPersonal': False, 'signatureUrl': None, 'source': 'home_home', 'status': None, 'uid': 1866564}, 'userSecurityVO': {'authMethod': 0, 'beingUninitialized': False}}
{'beingInvited': False, 'corpName': None, 'loginToken': None, 'openId': None, 'token': '4e9362b3-9128-41be-b3a7-793c0c0cd874', 'userInfo': {'beingBlackEmail': False, 'beingDisableExpiryRemind': False, 'beingExpand': None, 'beingInvited': False, 'beingLangFollowBrowser': True, 'beingOldVersion': None, 'beingPrivacyPolicy': True, 'beingSandBoxSuperAdmin': False, 'collectUserInfo': None, 'createTime': None, 'csShow': True, 'desktopRemind': True, 'email': '767676678@qq.com', 'firstLogin': None, 'grayLimit': 20, 'graySpecify': False, 'grayType': 1, 'hasPwdLoggedIn': False, 'havePassword': True, 'headImg': None, 'lang': None, 'lastWsInfo': {'accepted': None, 'accountLevel': 40, 'auth': 2, 'beingCustomizedAppSync': None, 'beingHideHelpDocument': False, 'beingSandbox': False, 'beingWatermark': False, 'biAuth': 'SUPER', 'canWorkWx': False, 'contactEnableNum': 1, 'contactNum': 1, 'departs': [], 'dynamic': None, 'exId': 'tAeLHd46LCKpPhpRweqidg==', 'exUserId': '1866564', 'expireDate': 1692894609000, 'hideCopyright': False, 'logoutConfig': {'logOutToSso': False, 'serverName': None, 'ssoType': None}, 'memberId': 1694993, 'openConnectorList': [], 'openPluginList': [2, 3, 6, 7, 8, 9, 13, 14, 15, 16, 17, 25, 26, 27, 28, 29, 33, 34, 35, 36, 37, 38, 39, 42, 43, 44, 45, -2, 32], 'permissionStatus': None, 'pluginClickList': [], 'pluginLimitDetail': {'dashAllVisiableLimit': 4, 'dashAllVisiableNum': 0}, 'publicAccessAuthVO': {'beingAttachmentQuestion': False, 'beingPublicLink': False}, 'remark': '767676678@qq.com', 'showContact': True, 'trial': True, 'trialDays': '0', 'trialNotice': True, 'type': 'normal', 'useScheduledSync': False, 'watermarkConfig': {'showDate': False, 'showDeparts': False, 'showExUserId': False, 'showName': True, 'showPhoneNumber': False, 'showWsName': False}, 'wsDomain': None, 'wsFunction': 'platform', 'wsId': 433378, 'wsLimitDetail': {'canDashNum': -1, 'canFormNum': -1, 'canPackageNum': -1, 'currentDashNum': -1, 'currentFormNum': -1, 'currentPackageNum': -1}, 'wsName': '767676678@qq.comÁöÑÂ∑•‰ΩúÂå∫'}, 'mobile': '767676678', 'nickName': '767676678@qq.com', 'npsCollect': False, 'promoCode': 'f8e916339', 'randomEmail': False, 'recordedNewGuidePop': [], 'showProcessPersonal': False, 'signatureUrl': None, 'source': 'home_home', 'status': None, 'uid': 1866564}, 'userSecurityVO': {'authMethod': 0, 'beingUninitialized': False}}
118.25.243.250 - - [10/Aug/2023 00:30:09] "POST /mointor HTTP/1.1" 200 -
560
112.64.186.108 - - [10/Aug/2023 09:38:57] "GET /?password=wsj HTTP/1.1" 200 -
560
112.64.186.108 - - [10/Aug/2023 09:39:53] "GET /?password=wsj HTTP/1.1" 200 -
560
124.221.203.147 - - [10/Aug/2023 10:00:57] "GET /?password=wsj HTTP/1.1" 200 -
111.7.96.147 - - [10/Aug/2023 12:04:12] code 400, message Bad request version ('√Ä\x13√Ä')
111.7.96.147 - - [10/Aug/2023 12:04:12] "[35m[1m √Æ  √™I¬≤√π¬º¬ôi√ÄY√ª√∏¬∫e-¬ÉUd]¬ç¬∑b8¬¥g√Ü√ù9dZ8f g√Å¬Åi¬≥√∂√≤√ã¬∞¬©N√ñ¬Ω¬ïg|p√º√©<Z¬°¬êT¬∑√©¬•8'O; &√Ä+√Ä/√Ä,√Ä0√å¬©√å¬®√Ä	√Ä√Ä[0m" HTTPStatus.BAD_REQUEST -
560
[2023-08-10 12:04:22,920] ERROR in app: Exception on / [GET]
Traceback (most recent call last):
  File "/usr/local/lib64/python3.6/site-packages/flask/app.py", line 2073, in wsgi_app
    response = self.full_dispatch_request()
  File "/usr/local/lib64/python3.6/site-packages/flask/app.py", line 1519, in full_dispatch_request
    return self.finalize_request(rv)
  File "/usr/local/lib64/python3.6/site-packages/flask/app.py", line 1538, in finalize_request
    response = self.make_response(rv)
  File "/usr/local/lib64/python3.6/site-packages/flask/app.py", line 1702, in make_response
    f"The view function for {request.endpoint!r} did not"
TypeError: The view function for 'result' did not return a valid response. The function either returned None or ended without a return statement.
111.7.96.147 - - [10/Aug/2023 12:04:22] "[35m[1mGET / HTTP/1.1[0m" 500 -
560
[2023-08-10 12:05:03,741] ERROR in app: Exception on / [GET]
Traceback (most recent call last):
  File "/usr/local/lib64/python3.6/site-packages/flask/app.py", line 2073, in wsgi_app
    response = self.full_dispatch_request()
  File "/usr/local/lib64/python3.6/site-packages/flask/app.py", line 1519, in full_dispatch_request
    return self.finalize_request(rv)
  File "/usr/local/lib64/python3.6/site-packages/flask/app.py", line 1538, in finalize_request
    response = self.make_response(rv)
  File "/usr/local/lib64/python3.6/site-packages/flask/app.py", line 1702, in make_response
    f"The view function for {request.endpoint!r} did not"
TypeError: The view function for 'result' did not return a valid response. The function either returned None or ended without a return statement.
36.99.136.128 - - [10/Aug/2023 12:05:03] "[35m[1mGET / HTTP/1.1[0m" 500 -
560
[2023-08-10 12:05:09,086] ERROR in app: Exception on / [GET]
Traceback (most recent call last):
  File "/usr/local/lib64/python3.6/site-packages/flask/app.py", line 2073, in wsgi_app
    response = self.full_dispatch_request()
  File "/usr/local/lib64/python3.6/site-packages/flask/app.py", line 1519, in full_dispatch_request
    return self.finalize_request(rv)
  File "/usr/local/lib64/python3.6/site-packages/flask/app.py", line 1538, in finalize_request
    response = self.make_response(rv)
  File "/usr/local/lib64/python3.6/site-packages/flask/app.py", line 1702, in make_response
    f"The view function for {request.endpoint!r} did not"
TypeError: The view function for 'result' did not return a valid response. The function either returned None or ended without a return statement.
36.99.136.137 - - [10/Aug/2023 12:05:09] "[35m[1mGET / HTTP/1.1[0m" 500 -
560
[2023-08-10 12:08:32,163] ERROR in app: Exception on / [GET]
Traceback (most recent call last):
  File "/usr/local/lib64/python3.6/site-packages/flask/app.py", line 2073, in wsgi_app
    response = self.full_dispatch_request()
  File "/usr/local/lib64/python3.6/site-packages/flask/app.py", line 1519, in full_dispatch_request
    return self.finalize_request(rv)
  File "/usr/local/lib64/python3.6/site-packages/flask/app.py", line 1538, in finalize_request
    response = self.make_response(rv)
  File "/usr/local/lib64/python3.6/site-packages/flask/app.py", line 1702, in make_response
    f"The view function for {request.endpoint!r} did not"
TypeError: The view function for 'result' did not return a valid response. The function either returned None or ended without a return statement.
36.40.86.172 - - [10/Aug/2023 12:08:32] "[35m[1mGET / HTTP/1.1[0m" 500 -
((560, datetime.datetime(2023, 8, 10, 9, 39, 49), 1, 120),)
680
yibukaishi
767676680@qq.com
767676680
{'beingInvited': False, 'corpName': None, 'loginToken': None, 'openId': None, 'token': '6a373e3f-13d1-4274-bd4b-6e6dea51390a', 'userInfo': {'beingBlackEmail': False, 'beingDisableExpiryRemind': False, 'beingExpand': None, 'beingInvited': False, 'beingLangFollowBrowser': True, 'beingOldVersion': None, 'beingPrivacyPolicy': True, 'beingSandBoxSuperAdmin': False, 'collectUserInfo': None, 'createTime': None, 'csShow': True, 'desktopRemind': True, 'email': '767676680@qq.com', 'firstLogin': None, 'grayLimit': 10, 'graySpecify': False, 'grayType': 1, 'hasPwdLoggedIn': False, 'havePassword': True, 'headImg': None, 'lang': None, 'lastWsInfo': {'accepted': None, 'accountLevel': 40, 'auth': 2, 'beingCustomizedAppSync': None, 'beingHideHelpDocument': False, 'beingSandbox': False, 'beingWatermark': False, 'biAuth': 'SUPER', 'canWorkWx': False, 'contactEnableNum': 1, 'contactNum': 1, 'departs': [], 'dynamic': None, 'exId': 'tAeLHd46LCK6yBih/eQHig==', 'exUserId': '1867689', 'expireDate': 1692972031000, 'hideCopyright': False, 'logoutConfig': {'logOutToSso': False, 'serverName': None, 'ssoType': None}, 'memberId': 1695872, 'openConnectorList': [], 'openPluginList': [2, 3, 6, 7, 8, 9, 13, 14, 15, 16, 17, 25, 26, 27, 28, 29, 33, 34, 35, 36, 37, 38, 39, 42, 43, 44, 45, -2, 32], 'permissionStatus': None, 'pluginClickList': [], 'pluginLimitDetail': {'dashAllVisiableLimit': 4, 'dashAllVisiableNum': 0}, 'publicAccessAuthVO': {'beingAttachmentQuestion': False, 'beingPublicLink': False}, 'remark': '767676680@qq.com', 'showContact': True, 'trial': True, 'trialDays': '0', 'trialNotice': True, 'type': 'normal', 'useScheduledSync': False, 'watermarkConfig': {'showDate': False, 'showDeparts': False, 'showExUserId': False, 'showName': True, 'showPhoneNumber': False, 'showWsName': False}, 'wsDomain': None, 'wsFunction': 'platform', 'wsId': 433880, 'wsLimitDetail': {'canDashNum': -1, 'canFormNum': -1, 'canPackageNum': -1, 'currentDashNum': -1, 'currentFormNum': -1, 'currentPackageNum': -1}, 'wsName': '767676680@qq.comÁöÑÂ∑•‰ΩúÂå∫'}, 'mobile': '767676680', 'nickName': '767676680@qq.com', 'npsCollect': False, 'promoCode': '550751109', 'randomEmail': False, 'recordedNewGuidePop': [], 'showProcessPersonal': False, 'signatureUrl': None, 'source': 'home_home', 'status': None, 'uid': 1867689}, 'userSecurityVO': {'authMethod': 0, 'beingUninitialized': False}}
{'beingInvited': False, 'corpName': None, 'loginToken': None, 'openId': None, 'token': '6a373e3f-13d1-4274-bd4b-6e6dea51390a', 'userInfo': {'beingBlackEmail': False, 'beingDisableExpiryRemind': False, 'beingExpand': None, 'beingInvited': False, 'beingLangFollowBrowser': True, 'beingOldVersion': None, 'beingPrivacyPolicy': True, 'beingSandBoxSuperAdmin': False, 'collectUserInfo': None, 'createTime': None, 'csShow': True, 'desktopRemind': True, 'email': '767676680@qq.com', 'firstLogin': None, 'grayLimit': 10, 'graySpecify': False, 'grayType': 1, 'hasPwdLoggedIn': False, 'havePassword': True, 'headImg': None, 'lang': None, 'lastWsInfo': {'accepted': None, 'accountLevel': 40, 'auth': 2, 'beingCustomizedAppSync': None, 'beingHideHelpDocument': False, 'beingSandbox': False, 'beingWatermark': False, 'biAuth': 'SUPER', 'canWorkWx': False, 'contactEnableNum': 1, 'contactNum': 1, 'departs': [], 'dynamic': None, 'exId': 'tAeLHd46LCK6yBih/eQHig==', 'exUserId': '1867689', 'expireDate': 1692972031000, 'hideCopyright': False, 'logoutConfig': {'logOutToSso': False, 'serverName': None, 'ssoType': None}, 'memberId': 1695872, 'openConnectorList': [], 'openPluginList': [2, 3, 6, 7, 8, 9, 13, 14, 15, 16, 17, 25, 26, 27, 28, 29, 33, 34, 35, 36, 37, 38, 39, 42, 43, 44, 45, -2, 32], 'permissionStatus': None, 'pluginClickList': [], 'pluginLimitDetail': {'dashAllVisiableLimit': 4, 'dashAllVisiableNum': 0}, 'publicAccessAuthVO': {'beingAttachmentQuestion': False, 'beingPublicLink': False}, 'remark': '767676680@qq.com', 'showContact': True, 'trial': True, 'trialDays': '0', 'trialNotice': True, 'type': 'normal', 'useScheduledSync': False, 'watermarkConfig': {'showDate': False, 'showDeparts': False, 'showExUserId': False, 'showName': True, 'showPhoneNumber': False, 'showWsName': False}, 'wsDomain': None, 'wsFunction': 'platform', 'wsId': 433880, 'wsLimitDetail': {'canDashNum': -1, 'canFormNum': -1, 'canPackageNum': -1, 'currentDashNum': -1, 'currentFormNum': -1, 'currentPackageNum': -1}, 'wsName': '767676680@qq.comÁöÑÂ∑•‰ΩúÂå∫'}, 'mobile': '767676680', 'nickName': '767676680@qq.com', 'npsCollect': False, 'promoCode': '550751109', 'randomEmail': False, 'recordedNewGuidePop': [], 'showProcessPersonal': False, 'signatureUrl': None, 'source': 'home_home', 'status': None, 'uid': 1867689}, 'userSecurityVO': {'authMethod': 0, 'beingUninitialized': False}}
118.25.243.250 - - [10/Aug/2023 22:00:31] "POST /mointor HTTP/1.1" 200 -
((561, datetime.datetime(2023, 8, 10, 22, 0, 31), 1, 120),)
681
yibukaishi
767676681@qq.com
767676681
{'beingInvited': False, 'corpName': None, 'loginToken': None, 'openId': None, 'token': 'd327ceb3-a733-4771-a96d-4c0210460164', 'userInfo': {'beingBlackEmail': False, 'beingDisableExpiryRemind': False, 'beingExpand': None, 'beingInvited': False, 'beingLangFollowBrowser': True, 'beingOldVersion': None, 'beingPrivacyPolicy': True, 'beingSandBoxSuperAdmin': False, 'collectUserInfo': None, 'createTime': None, 'csShow': True, 'desktopRemind': True, 'email': '767676681@qq.com', 'firstLogin': None, 'grayLimit': 47, 'graySpecify': False, 'grayType': 1, 'hasPwdLoggedIn': False, 'havePassword': True, 'headImg': None, 'lang': None, 'lastWsInfo': {'accepted': None, 'accountLevel': 40, 'auth': 2, 'beingCustomizedAppSync': None, 'beingHideHelpDocument': False, 'beingSandbox': False, 'beingWatermark': False, 'biAuth': 'SUPER', 'canWorkWx': False, 'contactEnableNum': 1, 'contactNum': 1, 'departs': [], 'dynamic': None, 'exId': 'tAeLHd46LCLiVN+72x5chA==', 'exUserId': '1867726', 'expireDate': 1692975641000, 'hideCopyright': False, 'logoutConfig': {'logOutToSso': False, 'serverName': None, 'ssoType': None}, 'memberId': 1695894, 'openConnectorList': [], 'openPluginList': [2, 3, 6, 7, 8, 9, 13, 14, 15, 16, 17, 25, 26, 27, 28, 29, 33, 34, 35, 36, 37, 38, 39, 42, 43, 44, 45, -2, 32], 'permissionStatus': None, 'pluginClickList': [], 'pluginLimitDetail': {'dashAllVisiableLimit': 4, 'dashAllVisiableNum': 0}, 'publicAccessAuthVO': {'beingAttachmentQuestion': False, 'beingPublicLink': False}, 'remark': '767676681@qq.com', 'showContact': True, 'trial': True, 'trialDays': '0', 'trialNotice': True, 'type': 'normal', 'useScheduledSync': False, 'watermarkConfig': {'showDate': False, 'showDeparts': False, 'showExUserId': False, 'showName': True, 'showPhoneNumber': False, 'showWsName': False}, 'wsDomain': None, 'wsFunction': 'platform', 'wsId': 433895, 'wsLimitDetail': {'canDashNum': -1, 'canFormNum': -1, 'canPackageNum': -1, 'currentDashNum': -1, 'currentFormNum': -1, 'currentPackageNum': -1}, 'wsName': '767676681@qq.comÁöÑÂ∑•‰ΩúÂå∫'}, 'mobile': '767676681', 'nickName': '767676681@qq.com', 'npsCollect': False, 'promoCode': 'f694b0653', 'randomEmail': False, 'recordedNewGuidePop': [], 'showProcessPersonal': False, 'signatureUrl': None, 'source': 'home_home', 'status': None, 'uid': 1867726}, 'userSecurityVO': {'authMethod': 0, 'beingUninitialized': False}}
{'beingInvited': False, 'corpName': None, 'loginToken': None, 'openId': None, 'token': 'd327ceb3-a733-4771-a96d-4c0210460164', 'userInfo': {'beingBlackEmail': False, 'beingDisableExpiryRemind': False, 'beingExpand': None, 'beingInvited': False, 'beingLangFollowBrowser': True, 'beingOldVersion': None, 'beingPrivacyPolicy': True, 'beingSandBoxSuperAdmin': False, 'collectUserInfo': None, 'createTime': None, 'csShow': True, 'desktopRemind': True, 'email': '767676681@qq.com', 'firstLogin': None, 'grayLimit': 47, 'graySpecify': False, 'grayType': 1, 'hasPwdLoggedIn': False, 'havePassword': True, 'headImg': None, 'lang': None, 'lastWsInfo': {'accepted': None, 'accountLevel': 40, 'auth': 2, 'beingCustomizedAppSync': None, 'beingHideHelpDocument': False, 'beingSandbox': False, 'beingWatermark': False, 'biAuth': 'SUPER', 'canWorkWx': False, 'contactEnableNum': 1, 'contactNum': 1, 'departs': [], 'dynamic': None, 'exId': 'tAeLHd46LCLiVN+72x5chA==', 'exUserId': '1867726', 'expireDate': 1692975641000, 'hideCopyright': False, 'logoutConfig': {'logOutToSso': False, 'serverName': None, 'ssoType': None}, 'memberId': 1695894, 'openConnectorList': [], 'openPluginList': [2, 3, 6, 7, 8, 9, 13, 14, 15, 16, 17, 25, 26, 27, 28, 29, 33, 34, 35, 36, 37, 38, 39, 42, 43, 44, 45, -2, 32], 'permissionStatus': None, 'pluginClickList': [], 'pluginLimitDetail': {'dashAllVisiableLimit': 4, 'dashAllVisiableNum': 0}, 'publicAccessAuthVO': {'beingAttachmentQuestion': False, 'beingPublicLink': False}, 'remark': '767676681@qq.com', 'showContact': True, 'trial': True, 'trialDays': '0', 'trialNotice': True, 'type': 'normal', 'useScheduledSync': False, 'watermarkConfig': {'showDate': False, 'showDeparts': False, 'showExUserId': False, 'showName': True, 'showPhoneNumber': False, 'showWsName': False}, 'wsDomain': None, 'wsFunction': 'platform', 'wsId': 433895, 'wsLimitDetail': {'canDashNum': -1, 'canFormNum': -1, 'canPackageNum': -1, 'currentDashNum': -1, 'currentFormNum': -1, 'currentPackageNum': -1}, 'wsName': '767676681@qq.comÁöÑÂ∑•‰ΩúÂå∫'}, 'mobile': '767676681', 'nickName': '767676681@qq.com', 'npsCollect': False, 'promoCode': 'f694b0653', 'randomEmail': False, 'recordedNewGuidePop': [], 'showProcessPersonal': False, 'signatureUrl': None, 'source': 'home_home', 'status': None, 'uid': 1867726}, 'userSecurityVO': {'authMethod': 0, 'beingUninitialized': False}}
118.25.243.250 - - [10/Aug/2023 23:00:41] "POST /mointor HTTP/1.1" 200 -
((562, datetime.datetime(2023, 8, 10, 23, 0, 41), 1, 120),)
682
yibukaishi
767676682@qq.com
767676682
{'beingInvited': False, 'corpName': None, 'loginToken': None, 'openId': None, 'token': '89a0bece-3a32-4c62-9fb1-aa9509198240', 'userInfo': {'beingBlackEmail': False, 'beingDisableExpiryRemind': False, 'beingExpand': None, 'beingInvited': False, 'beingLangFollowBrowser': True, 'beingOldVersion': None, 'beingPrivacyPolicy': True, 'beingSandBoxSuperAdmin': False, 'collectUserInfo': None, 'createTime': None, 'csShow': True, 'desktopRemind': True, 'email': '767676682@qq.com', 'firstLogin': None, 'grayLimit': 52, 'graySpecify': False, 'grayType': 1, 'hasPwdLoggedIn': False, 'havePassword': True, 'headImg': None, 'lang': None, 'lastWsInfo': {'accepted': None, 'accountLevel': 40, 'auth': 2, 'beingCustomizedAppSync': None, 'beingHideHelpDocument': False, 'beingSandbox': False, 'beingWatermark': False, 'biAuth': 'SUPER', 'canWorkWx': False, 'contactEnableNum': 1, 'contactNum': 1, 'departs': [], 'dynamic': None, 'exId': 'tAeLHd46LCKJug8hfjKo/w==', 'exUserId': '1867749', 'expireDate': 1692979239000, 'hideCopyright': False, 'logoutConfig': {'logOutToSso': False, 'serverName': None, 'ssoType': None}, 'memberId': 1695910, 'openConnectorList': [], 'openPluginList': [2, 3, 6, 7, 8, 9, 13, 14, 15, 16, 17, 25, 26, 27, 28, 29, 33, 34, 35, 36, 37, 38, 39, 42, 43, 44, 45, -2, 32], 'permissionStatus': None, 'pluginClickList': [], 'pluginLimitDetail': {'dashAllVisiableLimit': 4, 'dashAllVisiableNum': 0}, 'publicAccessAuthVO': {'beingAttachmentQuestion': False, 'beingPublicLink': False}, 'remark': '767676682@qq.com', 'showContact': True, 'trial': True, 'trialDays': '0', 'trialNotice': True, 'type': 'normal', 'useScheduledSync': False, 'watermarkConfig': {'showDate': False, 'showDeparts': False, 'showExUserId': False, 'showName': True, 'showPhoneNumber': False, 'showWsName': False}, 'wsDomain': None, 'wsFunction': 'platform', 'wsId': 433908, 'wsLimitDetail': {'canDashNum': -1, 'canFormNum': -1, 'canPackageNum': -1, 'currentDashNum': -1, 'currentFormNum': -1, 'currentPackageNum': -1}, 'wsName': '767676682@qq.comÁöÑÂ∑•‰ΩúÂå∫'}, 'mobile': '767676682', 'nickName': '767676682@qq.com', 'npsCollect': False, 'promoCode': '2f9a20f35', 'randomEmail': False, 'recordedNewGuidePop': [], 'showProcessPersonal': False, 'signatureUrl': None, 'source': 'home_home', 'status': None, 'uid': 1867749}, 'userSecurityVO': {'authMethod': 0, 'beingUninitialized': False}}
{'beingInvited': False, 'corpName': None, 'loginToken': None, 'openId': None, 'token': '89a0bece-3a32-4c62-9fb1-aa9509198240', 'userInfo': {'beingBlackEmail': False, 'beingDisableExpiryRemind': False, 'beingExpand': None, 'beingInvited': False, 'beingLangFollowBrowser': True, 'beingOldVersion': None, 'beingPrivacyPolicy': True, 'beingSandBoxSuperAdmin': False, 'collectUserInfo': None, 'createTime': None, 'csShow': True, 'desktopRemind': True, 'email': '767676682@qq.com', 'firstLogin': None, 'grayLimit': 52, 'graySpecify': False, 'grayType': 1, 'hasPwdLoggedIn': False, 'havePassword': True, 'headImg': None, 'lang': None, 'lastWsInfo': {'accepted': None, 'accountLevel': 40, 'auth': 2, 'beingCustomizedAppSync': None, 'beingHideHelpDocument': False, 'beingSandbox': False, 'beingWatermark': False, 'biAuth': 'SUPER', 'canWorkWx': False, 'contactEnableNum': 1, 'contactNum': 1, 'departs': [], 'dynamic': None, 'exId': 'tAeLHd46LCKJug8hfjKo/w==', 'exUserId': '1867749', 'expireDate': 1692979239000, 'hideCopyright': False, 'logoutConfig': {'logOutToSso': False, 'serverName': None, 'ssoType': None}, 'memberId': 1695910, 'openConnectorList': [], 'openPluginList': [2, 3, 6, 7, 8, 9, 13, 14, 15, 16, 17, 25, 26, 27, 28, 29, 33, 34, 35, 36, 37, 38, 39, 42, 43, 44, 45, -2, 32], 'permissionStatus': None, 'pluginClickList': [], 'pluginLimitDetail': {'dashAllVisiableLimit': 4, 'dashAllVisiableNum': 0}, 'publicAccessAuthVO': {'beingAttachmentQuestion': False, 'beingPublicLink': False}, 'remark': '767676682@qq.com', 'showContact': True, 'trial': True, 'trialDays': '0', 'trialNotice': True, 'type': 'normal', 'useScheduledSync': False, 'watermarkConfig': {'showDate': False, 'showDeparts': False, 'showExUserId': False, 'showName': True, 'showPhoneNumber': False, 'showWsName': False}, 'wsDomain': None, 'wsFunction': 'platform', 'wsId': 433908, 'wsLimitDetail': {'canDashNum': -1, 'canFormNum': -1, 'canPackageNum': -1, 'currentDashNum': -1, 'currentFormNum': -1, 'currentPackageNum': -1}, 'wsName': '767676682@qq.comÁöÑÂ∑•‰ΩúÂå∫'}, 'mobile': '767676682', 'nickName': '767676682@qq.com', 'npsCollect': False, 'promoCode': '2f9a20f35', 'randomEmail': False, 'recordedNewGuidePop': [], 'showProcessPersonal': False, 'signatureUrl': None, 'source': 'home_home', 'status': None, 'uid': 1867749}, 'userSecurityVO': {'authMethod': 0, 'beingUninitialized': False}}
118.25.243.250 - - [11/Aug/2023 00:00:39] "POST /mointor HTTP/1.1" 200 -
((563, datetime.datetime(2023, 8, 11, 0, 0, 39), 1, 120),)
683
yibukaishi
767676683@qq.com
767676683
{'beingInvited': False, 'corpName': None, 'loginToken': None, 'openId': None, 'token': 'd727bce3-99d7-4034-a2ca-5af44ab6d60d', 'userInfo': {'beingBlackEmail': False, 'beingDisableExpiryRemind': False, 'beingExpand': None, 'beingInvited': False, 'beingLangFollowBrowser': True, 'beingOldVersion': None, 'beingPrivacyPolicy': True, 'beingSandBoxSuperAdmin': False, 'collectUserInfo': None, 'createTime': None, 'csShow': True, 'desktopRemind': True, 'email': '767676683@qq.com', 'firstLogin': None, 'grayLimit': 34, 'graySpecify': False, 'grayType': 1, 'hasPwdLoggedIn': False, 'havePassword': True, 'headImg': None, 'lang': None, 'lastWsInfo': {'accepted': None, 'accountLevel': 40, 'auth': 2, 'beingCustomizedAppSync': None, 'beingHideHelpDocument': False, 'beingSandbox': False, 'beingWatermark': False, 'biAuth': 'SUPER', 'canWorkWx': False, 'contactEnableNum': 1, 'contactNum': 1, 'dataRelatedStatus': 'NEW', 'departs': [], 'dynamic': None, 'exId': 'tAeLHd46LCIqssGm52GTdw==', 'exUserId': '1867754', 'expireDate': 1692981009000, 'hideCopyright': False, 'logoutConfig': {'logOutToSso': False, 'serverName': None, 'ssoType': None}, 'memberId': 1695915, 'openConnectorList': [], 'openPluginList': [2, 3, 6, 7, 8, 9, 13, 14, 15, 16, 17, 25, 26, 27, 28, 29, 33, 34, 35, 36, 37, 38, 39, 42, 43, 44, 45, -2, 32], 'permissionStatus': None, 'pluginClickList': [], 'pluginLimitDetail': {'dashAllVisiableLimit': 4, 'dashAllVisiableNum': 0}, 'publicAccessAuthVO': {'beingAttachmentQuestion': False, 'beingPublicLink': False}, 'remark': '767676683@qq.com', 'showContact': True, 'trial': True, 'trialDays': '0', 'trialNotice': True, 'type': 'normal', 'useScheduledSync': False, 'watermarkConfig': {'showDate': False, 'showDeparts': False, 'showExUserId': False, 'showName': True, 'showPhoneNumber': False, 'showWsName': False}, 'wsDomain': None, 'wsFunction': 'platform', 'wsId': 433913, 'wsLimitDetail': {'canDashNum': -1, 'canFormNum': -1, 'canPackageNum': -1, 'currentDashNum': -1, 'currentFormNum': -1, 'currentPackageNum': -1}, 'wsName': '767676683@qq.comÁöÑÂ∑•‰ΩúÂå∫'}, 'mobile': '767676683', 'nickName': '767676683@qq.com', 'npsCollect': False, 'promoCode': '2d80f1db8', 'randomEmail': False, 'recordedNewGuidePop': [], 'showProcessPersonal': False, 'signatureUrl': None, 'source': 'home_home', 'status': None, 'uid': 1867754}, 'userSecurityVO': {'authMethod': 0, 'beingUninitialized': False}}
{'beingInvited': False, 'corpName': None, 'loginToken': None, 'openId': None, 'token': 'd727bce3-99d7-4034-a2ca-5af44ab6d60d', 'userInfo': {'beingBlackEmail': False, 'beingDisableExpiryRemind': False, 'beingExpand': None, 'beingInvited': False, 'beingLangFollowBrowser': True, 'beingOldVersion': None, 'beingPrivacyPolicy': True, 'beingSandBoxSuperAdmin': False, 'collectUserInfo': None, 'createTime': None, 'csShow': True, 'desktopRemind': True, 'email': '767676683@qq.com', 'firstLogin': None, 'grayLimit': 34, 'graySpecify': False, 'grayType': 1, 'hasPwdLoggedIn': False, 'havePassword': True, 'headImg': None, 'lang': None, 'lastWsInfo': {'accepted': None, 'accountLevel': 40, 'auth': 2, 'beingCustomizedAppSync': None, 'beingHideHelpDocument': False, 'beingSandbox': False, 'beingWatermark': False, 'biAuth': 'SUPER', 'canWorkWx': False, 'contactEnableNum': 1, 'contactNum': 1, 'dataRelatedStatus': 'NEW', 'departs': [], 'dynamic': None, 'exId': 'tAeLHd46LCIqssGm52GTdw==', 'exUserId': '1867754', 'expireDate': 1692981009000, 'hideCopyright': False, 'logoutConfig': {'logOutToSso': False, 'serverName': None, 'ssoType': None}, 'memberId': 1695915, 'openConnectorList': [], 'openPluginList': [2, 3, 6, 7, 8, 9, 13, 14, 15, 16, 17, 25, 26, 27, 28, 29, 33, 34, 35, 36, 37, 38, 39, 42, 43, 44, 45, -2, 32], 'permissionStatus': None, 'pluginClickList': [], 'pluginLimitDetail': {'dashAllVisiableLimit': 4, 'dashAllVisiableNum': 0}, 'publicAccessAuthVO': {'beingAttachmentQuestion': False, 'beingPublicLink': False}, 'remark': '767676683@qq.com', 'showContact': True, 'trial': True, 'trialDays': '0', 'trialNotice': True, 'type': 'normal', 'useScheduledSync': False, 'watermarkConfig': {'showDate': False, 'showDeparts': False, 'showExUserId': False, 'showName': True, 'showPhoneNumber': False, 'showWsName': False}, 'wsDomain': None, 'wsFunction': 'platform', 'wsId': 433913, 'wsLimitDetail': {'canDashNum': -1, 'canFormNum': -1, 'canPackageNum': -1, 'currentDashNum': -1, 'currentFormNum': -1, 'currentPackageNum': -1}, 'wsName': '767676683@qq.comÁöÑÂ∑•‰ΩúÂå∫'}, 'mobile': '767676683', 'nickName': '767676683@qq.com', 'npsCollect': False, 'promoCode': '2d80f1db8', 'randomEmail': False, 'recordedNewGuidePop': [], 'showProcessPersonal': False, 'signatureUrl': None, 'source': 'home_home', 'status': None, 'uid': 1867754}, 'userSecurityVO': {'authMethod': 0, 'beingUninitialized': False}}
118.25.243.250 - - [11/Aug/2023 00:30:09] "POST /mointor HTTP/1.1" 200 -
141.98.11.119 - - [11/Aug/2023 04:11:17] code 400, message Bad HTTP/0.9 request type ('\x03\x00\x00/*√†\x00\x00\x00\x00\x00Cookie:')
141.98.11.119 - - [11/Aug/2023 04:11:17] "[35m[1m  /*√†     Cookie: mstshash=Administr[0m" HTTPStatus.BAD_REQUEST -
564
124.221.203.147 - - [11/Aug/2023 10:00:57] "GET /?password=wsj HTTP/1.1" 200 -
((564, datetime.datetime(2023, 8, 11, 0, 30, 9), 1, 120),)
684
yibukaishi
767676684@qq.com
767676684
{'beingInvited': False, 'corpName': None, 'loginToken': None, 'openId': None, 'token': 'a55e56a4-669b-4e2a-bdac-6f8b13f3e191', 'userInfo': {'beingBlackEmail': False, 'beingDisableExpiryRemind': False, 'beingExpand': None, 'beingInvited': False, 'beingLangFollowBrowser': True, 'beingOldVersion': None, 'beingPrivacyPolicy': True, 'beingSandBoxSuperAdmin': False, 'collectUserInfo': None, 'createTime': None, 'csShow': True, 'desktopRemind': True, 'email': '767676684@qq.com', 'firstLogin': None, 'grayLimit': 26, 'graySpecify': False, 'grayType': 1, 'hasPwdLoggedIn': False, 'havePassword': True, 'headImg': None, 'lang': None, 'lastWsInfo': {'accepted': None, 'accountLevel': 40, 'auth': 2, 'beingCustomizedAppSync': None, 'beingHideHelpDocument': False, 'beingSandbox': False, 'beingWatermark': False, 'biAuth': 'SUPER', 'canWorkWx': False, 'contactEnableNum': 1, 'contactNum': 1, 'dataRelatedStatus': 'NEW', 'departs': [], 'dynamic': None, 'exId': 'tAeLHd46LCJ/G7Yu5Izonw==', 'exUserId': '1868737', 'expireDate': 1693058432000, 'hideCopyright': False, 'logoutConfig': {'logOutToSso': False, 'serverName': None, 'ssoType': None}, 'memberId': 1696666, 'openConnectorList': [], 'openPluginList': [2, 3, 6, 7, 8, 9, 13, 14, 15, 16, 17, 25, 26, 27, 28, 29, 33, 34, 35, 36, 37, 38, 39, 42, 43, 44, 45, -2, 32], 'permissionStatus': None, 'pluginClickList': [], 'pluginLimitDetail': {'dashAllVisiableLimit': 4, 'dashAllVisiableNum': 0}, 'publicAccessAuthVO': {'beingAttachmentQuestion': False, 'beingPublicLink': False}, 'remark': '767676684@qq.com', 'showContact': True, 'trial': True, 'trialDays': '0', 'trialNotice': True, 'type': 'normal', 'useScheduledSync': False, 'watermarkConfig': {'showDate': False, 'showDeparts': False, 'showExUserId': False, 'showName': True, 'showPhoneNumber': False, 'showWsName': False}, 'wsDomain': None, 'wsFunction': 'platform', 'wsId': 434381, 'wsLimitDetail': {'canDashNum': -1, 'canFormNum': -1, 'canPackageNum': -1, 'currentDashNum': -1, 'currentFormNum': -1, 'currentPackageNum': -1}, 'wsName': '767676684@qq.comÁöÑÂ∑•‰ΩúÂå∫'}, 'mobile': '767676684', 'nickName': '767676684@qq.com', 'npsCollect': False, 'promoCode': '0ee7b6108', 'randomEmail': False, 'recordedNewGuidePop': [], 'showProcessPersonal': False, 'signatureUrl': None, 'source': 'home_home', 'status': None, 'uid': 1868737}, 'userSecurityVO': {'authMethod': 0, 'beingUninitialized': False}}
{'beingInvited': False, 'corpName': None, 'loginToken': None, 'openId': None, 'token': 'a55e56a4-669b-4e2a-bdac-6f8b13f3e191', 'userInfo': {'beingBlackEmail': False, 'beingDisableExpiryRemind': False, 'beingExpand': None, 'beingInvited': False, 'beingLangFollowBrowser': True, 'beingOldVersion': None, 'beingPrivacyPolicy': True, 'beingSandBoxSuperAdmin': False, 'collectUserInfo': None, 'createTime': None, 'csShow': True, 'desktopRemind': True, 'email': '767676684@qq.com', 'firstLogin': None, 'grayLimit': 26, 'graySpecify': False, 'grayType': 1, 'hasPwdLoggedIn': False, 'havePassword': True, 'headImg': None, 'lang': None, 'lastWsInfo': {'accepted': None, 'accountLevel': 40, 'auth': 2, 'beingCustomizedAppSync': None, 'beingHideHelpDocument': False, 'beingSandbox': False, 'beingWatermark': False, 'biAuth': 'SUPER', 'canWorkWx': False, 'contactEnableNum': 1, 'contactNum': 1, 'dataRelatedStatus': 'NEW', 'departs': [], 'dynamic': None, 'exId': 'tAeLHd46LCJ/G7Yu5Izonw==', 'exUserId': '1868737', 'expireDate': 1693058432000, 'hideCopyright': False, 'logoutConfig': {'logOutToSso': False, 'serverName': None, 'ssoType': None}, 'memberId': 1696666, 'openConnectorList': [], 'openPluginList': [2, 3, 6, 7, 8, 9, 13, 14, 15, 16, 17, 25, 26, 27, 28, 29, 33, 34, 35, 36, 37, 38, 39, 42, 43, 44, 45, -2, 32], 'permissionStatus': None, 'pluginClickList': [], 'pluginLimitDetail': {'dashAllVisiableLimit': 4, 'dashAllVisiableNum': 0}, 'publicAccessAuthVO': {'beingAttachmentQuestion': False, 'beingPublicLink': False}, 'remark': '767676684@qq.com', 'showContact': True, 'trial': True, 'trialDays': '0', 'trialNotice': True, 'type': 'normal', 'useScheduledSync': False, 'watermarkConfig': {'showDate': False, 'showDeparts': False, 'showExUserId': False, 'showName': True, 'showPhoneNumber': False, 'showWsName': False}, 'wsDomain': None, 'wsFunction': 'platform', 'wsId': 434381, 'wsLimitDetail': {'canDashNum': -1, 'canFormNum': -1, 'canPackageNum': -1, 'currentDashNum': -1, 'currentFormNum': -1, 'currentPackageNum': -1}, 'wsName': '767676684@qq.comÁöÑÂ∑•‰ΩúÂå∫'}, 'mobile': '767676684', 'nickName': '767676684@qq.com', 'npsCollect': False, 'promoCode': '0ee7b6108', 'randomEmail': False, 'recordedNewGuidePop': [], 'showProcessPersonal': False, 'signatureUrl': None, 'source': 'home_home', 'status': None, 'uid': 1868737}, 'userSecurityVO': {'authMethod': 0, 'beingUninitialized': False}}
118.25.243.250 - - [11/Aug/2023 22:00:31] "POST /mointor HTTP/1.1" 200 -
((565, datetime.datetime(2023, 8, 11, 22, 0, 31), 1, 120),)
685
yibukaishi
767676685@qq.com
767676685
{'beingInvited': False, 'corpName': None, 'loginToken': None, 'openId': None, 'token': '065a1721-268c-484b-8ebe-023a9736c4a7', 'userInfo': {'beingBlackEmail': False, 'beingDisableExpiryRemind': False, 'beingExpand': None, 'beingInvited': False, 'beingLangFollowBrowser': True, 'beingOldVersion': None, 'beingPrivacyPolicy': True, 'beingSandBoxSuperAdmin': False, 'collectUserInfo': None, 'createTime': None, 'csShow': True, 'desktopRemind': True, 'email': '767676685@qq.com', 'firstLogin': None, 'grayLimit': 45, 'graySpecify': False, 'grayType': 1, 'hasPwdLoggedIn': False, 'havePassword': True, 'headImg': None, 'lang': None, 'lastWsInfo': {'accepted': None, 'accountLevel': 40, 'auth': 2, 'beingCustomizedAppSync': None, 'beingHideHelpDocument': False, 'beingSandbox': False, 'beingWatermark': False, 'biAuth': 'SUPER', 'canWorkWx': False, 'contactEnableNum': 1, 'contactNum': 1, 'dataRelatedStatus': 'NEW', 'departs': [], 'dynamic': None, 'exId': 'tAeLHd46LCJpVWOAEKq1yw==', 'exUserId': '1868760', 'expireDate': 1693062041000, 'hideCopyright': False, 'logoutConfig': {'logOutToSso': False, 'serverName': None, 'ssoType': None}, 'memberId': 1696684, 'openConnectorList': [], 'openPluginList': [2, 3, 6, 7, 8, 9, 13, 14, 15, 16, 17, 25, 26, 27, 28, 29, 33, 34, 35, 36, 37, 38, 39, 42, 43, 44, 45, -2, 32], 'permissionStatus': None, 'pluginClickList': [], 'pluginLimitDetail': {'dashAllVisiableLimit': 4, 'dashAllVisiableNum': 0}, 'publicAccessAuthVO': {'beingAttachmentQuestion': False, 'beingPublicLink': False}, 'remark': '767676685@qq.com', 'showContact': True, 'trial': True, 'trialDays': '0', 'trialNotice': True, 'type': 'normal', 'useScheduledSync': False, 'watermarkConfig': {'showDate': False, 'showDeparts': False, 'showExUserId': False, 'showName': True, 'showPhoneNumber': False, 'showWsName': False}, 'wsDomain': None, 'wsFunction': 'platform', 'wsId': 434396, 'wsLimitDetail': {'canDashNum': -1, 'canFormNum': -1, 'canPackageNum': -1, 'currentDashNum': -1, 'currentFormNum': -1, 'currentPackageNum': -1}, 'wsName': '767676685@qq.comÁöÑÂ∑•‰ΩúÂå∫'}, 'mobile': '767676685', 'nickName': '767676685@qq.com', 'npsCollect': False, 'promoCode': 'db96cdb29', 'randomEmail': False, 'recordedNewGuidePop': [], 'showProcessPersonal': False, 'signatureUrl': None, 'source': 'home_home', 'status': None, 'uid': 1868760}, 'userSecurityVO': {'authMethod': 0, 'beingUninitialized': False}}
{'beingInvited': False, 'corpName': None, 'loginToken': None, 'openId': None, 'token': '065a1721-268c-484b-8ebe-023a9736c4a7', 'userInfo': {'beingBlackEmail': False, 'beingDisableExpiryRemind': False, 'beingExpand': None, 'beingInvited': False, 'beingLangFollowBrowser': True, 'beingOldVersion': None, 'beingPrivacyPolicy': True, 'beingSandBoxSuperAdmin': False, 'collectUserInfo': None, 'createTime': None, 'csShow': True, 'desktopRemind': True, 'email': '767676685@qq.com', 'firstLogin': None, 'grayLimit': 45, 'graySpecify': False, 'grayType': 1, 'hasPwdLoggedIn': False, 'havePassword': True, 'headImg': None, 'lang': None, 'lastWsInfo': {'accepted': None, 'accountLevel': 40, 'auth': 2, 'beingCustomizedAppSync': None, 'beingHideHelpDocument': False, 'beingSandbox': False, 'beingWatermark': False, 'biAuth': 'SUPER', 'canWorkWx': False, 'contactEnableNum': 1, 'contactNum': 1, 'dataRelatedStatus': 'NEW', 'departs': [], 'dynamic': None, 'exId': 'tAeLHd46LCJpVWOAEKq1yw==', 'exUserId': '1868760', 'expireDate': 1693062041000, 'hideCopyright': False, 'logoutConfig': {'logOutToSso': False, 'serverName': None, 'ssoType': None}, 'memberId': 1696684, 'openConnectorList': [], 'openPluginList': [2, 3, 6, 7, 8, 9, 13, 14, 15, 16, 17, 25, 26, 27, 28, 29, 33, 34, 35, 36, 37, 38, 39, 42, 43, 44, 45, -2, 32], 'permissionStatus': None, 'pluginClickList': [], 'pluginLimitDetail': {'dashAllVisiableLimit': 4, 'dashAllVisiableNum': 0}, 'publicAccessAuthVO': {'beingAttachmentQuestion': False, 'beingPublicLink': False}, 'remark': '767676685@qq.com', 'showContact': True, 'trial': True, 'trialDays': '0', 'trialNotice': True, 'type': 'normal', 'useScheduledSync': False, 'watermarkConfig': {'showDate': False, 'showDeparts': False, 'showExUserId': False, 'showName': True, 'showPhoneNumber': False, 'showWsName': False}, 'wsDomain': None, 'wsFunction': 'platform', 'wsId': 434396, 'wsLimitDetail': {'canDashNum': -1, 'canFormNum': -1, 'canPackageNum': -1, 'currentDashNum': -1, 'currentFormNum': -1, 'currentPackageNum': -1}, 'wsName': '767676685@qq.comÁöÑÂ∑•‰ΩúÂå∫'}, 'mobile': '767676685', 'nickName': '767676685@qq.com', 'npsCollect': False, 'promoCode': 'db96cdb29', 'randomEmail': False, 'recordedNewGuidePop': [], 'showProcessPersonal': False, 'signatureUrl': None, 'source': 'home_home', 'status': None, 'uid': 1868760}, 'userSecurityVO': {'authMethod': 0, 'beingUninitialized': False}}
118.25.243.250 - - [11/Aug/2023 23:00:41] "POST /mointor HTTP/1.1" 200 -
((566, datetime.datetime(2023, 8, 11, 23, 0, 41), 1, 120),)
686
yibukaishi
767676686@qq.com
767676686
{'beingInvited': False, 'corpName': None, 'loginToken': None, 'openId': None, 'token': '67bc0a1b-e29a-49ae-b7f6-dcee714df5b2', 'userInfo': {'beingBlackEmail': False, 'beingDisableExpiryRemind': False, 'beingExpand': None, 'beingInvited': False, 'beingLangFollowBrowser': True, 'beingOldVersion': None, 'beingPrivacyPolicy': True, 'beingSandBoxSuperAdmin': False, 'collectUserInfo': None, 'createTime': None, 'csShow': True, 'desktopRemind': True, 'email': '767676686@qq.com', 'firstLogin': None, 'grayLimit': 38, 'graySpecify': False, 'grayType': 1, 'hasPwdLoggedIn': False, 'havePassword': True, 'headImg': None, 'lang': None, 'lastWsInfo': {'accepted': None, 'accountLevel': 40, 'auth': 2, 'beingCustomizedAppSync': None, 'beingHideHelpDocument': False, 'beingSandbox': False, 'beingWatermark': False, 'biAuth': 'SUPER', 'canWorkWx': False, 'contactEnableNum': 1, 'contactNum': 1, 'dataRelatedStatus': 'NEW', 'departs': [], 'dynamic': None, 'exId': 'tAeLHd46LCK1D5EZOdUpzA==', 'exUserId': '1868776', 'expireDate': 1693065640000, 'hideCopyright': False, 'logoutConfig': {'logOutToSso': False, 'serverName': None, 'ssoType': None}, 'memberId': 1696696, 'openConnectorList': [], 'openPluginList': [2, 3, 6, 7, 8, 9, 13, 14, 15, 16, 17, 25, 26, 27, 28, 29, 33, 34, 35, 36, 37, 38, 39, 42, 43, 44, 45, -2, 32], 'permissionStatus': None, 'pluginClickList': [], 'pluginLimitDetail': {'dashAllVisiableLimit': 4, 'dashAllVisiableNum': 0}, 'publicAccessAuthVO': {'beingAttachmentQuestion': False, 'beingPublicLink': False}, 'remark': '767676686@qq.com', 'showContact': True, 'trial': True, 'trialDays': '0', 'trialNotice': True, 'type': 'normal', 'useScheduledSync': False, 'watermarkConfig': {'showDate': False, 'showDeparts': False, 'showExUserId': False, 'showName': True, 'showPhoneNumber': False, 'showWsName': False}, 'wsDomain': None, 'wsFunction': 'platform', 'wsId': 434402, 'wsLimitDetail': {'canDashNum': -1, 'canFormNum': -1, 'canPackageNum': -1, 'currentDashNum': -1, 'currentFormNum': -1, 'currentPackageNum': -1}, 'wsName': '767676686@qq.comÁöÑÂ∑•‰ΩúÂå∫'}, 'mobile': '767676686', 'nickName': '767676686@qq.com', 'npsCollect': False, 'promoCode': 'fc36c8e50', 'randomEmail': False, 'recordedNewGuidePop': [], 'showProcessPersonal': False, 'signatureUrl': None, 'source': 'home_home', 'status': None, 'uid': 1868776}, 'userSecurityVO': {'authMethod': 0, 'beingUninitialized': False}}
{'beingInvited': False, 'corpName': None, 'loginToken': None, 'openId': None, 'token': '67bc0a1b-e29a-49ae-b7f6-dcee714df5b2', 'userInfo': {'beingBlackEmail': False, 'beingDisableExpiryRemind': False, 'beingExpand': None, 'beingInvited': False, 'beingLangFollowBrowser': True, 'beingOldVersion': None, 'beingPrivacyPolicy': True, 'beingSandBoxSuperAdmin': False, 'collectUserInfo': None, 'createTime': None, 'csShow': True, 'desktopRemind': True, 'email': '767676686@qq.com', 'firstLogin': None, 'grayLimit': 38, 'graySpecify': False, 'grayType': 1, 'hasPwdLoggedIn': False, 'havePassword': True, 'headImg': None, 'lang': None, 'lastWsInfo': {'accepted': None, 'accountLevel': 40, 'auth': 2, 'beingCustomizedAppSync': None, 'beingHideHelpDocument': False, 'beingSandbox': False, 'beingWatermark': False, 'biAuth': 'SUPER', 'canWorkWx': False, 'contactEnableNum': 1, 'contactNum': 1, 'dataRelatedStatus': 'NEW', 'departs': [], 'dynamic': None, 'exId': 'tAeLHd46LCK1D5EZOdUpzA==', 'exUserId': '1868776', 'expireDate': 1693065640000, 'hideCopyright': False, 'logoutConfig': {'logOutToSso': False, 'serverName': None, 'ssoType': None}, 'memberId': 1696696, 'openConnectorList': [], 'openPluginList': [2, 3, 6, 7, 8, 9, 13, 14, 15, 16, 17, 25, 26, 27, 28, 29, 33, 34, 35, 36, 37, 38, 39, 42, 43, 44, 45, -2, 32], 'permissionStatus': None, 'pluginClickList': [], 'pluginLimitDetail': {'dashAllVisiableLimit': 4, 'dashAllVisiableNum': 0}, 'publicAccessAuthVO': {'beingAttachmentQuestion': False, 'beingPublicLink': False}, 'remark': '767676686@qq.com', 'showContact': True, 'trial': True, 'trialDays': '0', 'trialNotice': True, 'type': 'normal', 'useScheduledSync': False, 'watermarkConfig': {'showDate': False, 'showDeparts': False, 'showExUserId': False, 'showName': True, 'showPhoneNumber': False, 'showWsName': False}, 'wsDomain': None, 'wsFunction': 'platform', 'wsId': 434402, 'wsLimitDetail': {'canDashNum': -1, 'canFormNum': -1, 'canPackageNum': -1, 'currentDashNum': -1, 'currentFormNum': -1, 'currentPackageNum': -1}, 'wsName': '767676686@qq.comÁöÑÂ∑•‰ΩúÂå∫'}, 'mobile': '767676686', 'nickName': '767676686@qq.com', 'npsCollect': False, 'promoCode': 'fc36c8e50', 'randomEmail': False, 'recordedNewGuidePop': [], 'showProcessPersonal': False, 'signatureUrl': None, 'source': 'home_home', 'status': None, 'uid': 1868776}, 'userSecurityVO': {'authMethod': 0, 'beingUninitialized': False}}
118.25.243.250 - - [12/Aug/2023 00:00:40] "POST /mointor HTTP/1.1" 200 -
((567, datetime.datetime(2023, 8, 12, 0, 0, 40), 1, 120),)
687
yibukaishi
767676687@qq.com
767676687
{'beingInvited': False, 'corpName': None, 'loginToken': None, 'openId': None, 'token': '17395179-3c68-4155-ace8-622e7250e469', 'userInfo': {'beingBlackEmail': False, 'beingDisableExpiryRemind': False, 'beingExpand': None, 'beingInvited': False, 'beingLangFollowBrowser': True, 'beingOldVersion': None, 'beingPrivacyPolicy': True, 'beingSandBoxSuperAdmin': False, 'collectUserInfo': None, 'createTime': None, 'csShow': True, 'desktopRemind': True, 'email': '767676687@qq.com', 'firstLogin': None, 'grayLimit': 84, 'graySpecify': False, 'grayType': 1, 'hasPwdLoggedIn': False, 'havePassword': True, 'headImg': None, 'lang': None, 'lastWsInfo': {'accepted': None, 'accountLevel': 40, 'auth': 2, 'beingCustomizedAppSync': None, 'beingHideHelpDocument': False, 'beingSandbox': False, 'beingWatermark': False, 'biAuth': 'SUPER', 'canWorkWx': False, 'contactEnableNum': 1, 'contactNum': 1, 'dataRelatedStatus': 'NEW', 'departs': [], 'dynamic': None, 'exId': 'tAeLHd46LCKqw1oLZl31aA==', 'exUserId': '1868782', 'expireDate': 1693067410000, 'hideCopyright': False, 'logoutConfig': {'logOutToSso': False, 'serverName': None, 'ssoType': None}, 'memberId': 1696702, 'openConnectorList': [], 'openPluginList': [2, 3, 6, 7, 8, 9, 13, 14, 15, 16, 17, 25, 26, 27, 28, 29, 33, 34, 35, 36, 37, 38, 39, 42, 43, 44, 45, -2, 32], 'permissionStatus': None, 'pluginClickList': [], 'pluginLimitDetail': {'dashAllVisiableLimit': 4, 'dashAllVisiableNum': 0}, 'publicAccessAuthVO': {'beingAttachmentQuestion': False, 'beingPublicLink': False}, 'remark': '767676687@qq.com', 'showContact': True, 'trial': True, 'trialDays': '0', 'trialNotice': True, 'type': 'normal', 'useScheduledSync': False, 'watermarkConfig': {'showDate': False, 'showDeparts': False, 'showExUserId': False, 'showName': True, 'showPhoneNumber': False, 'showWsName': False}, 'wsDomain': None, 'wsFunction': 'platform', 'wsId': 434407, 'wsLimitDetail': {'canDashNum': -1, 'canFormNum': -1, 'canPackageNum': -1, 'currentDashNum': -1, 'currentFormNum': -1, 'currentPackageNum': -1}, 'wsName': '767676687@qq.comÁöÑÂ∑•‰ΩúÂå∫'}, 'mobile': '767676687', 'nickName': '767676687@qq.com', 'npsCollect': False, 'promoCode': '0a57c3fe0', 'randomEmail': False, 'recordedNewGuidePop': [], 'showProcessPersonal': False, 'signatureUrl': None, 'source': 'home_home', 'status': None, 'uid': 1868782}, 'userSecurityVO': {'authMethod': 0, 'beingUninitialized': False}}
{'beingInvited': False, 'corpName': None, 'loginToken': None, 'openId': None, 'token': '17395179-3c68-4155-ace8-622e7250e469', 'userInfo': {'beingBlackEmail': False, 'beingDisableExpiryRemind': False, 'beingExpand': None, 'beingInvited': False, 'beingLangFollowBrowser': True, 'beingOldVersion': None, 'beingPrivacyPolicy': True, 'beingSandBoxSuperAdmin': False, 'collectUserInfo': None, 'createTime': None, 'csShow': True, 'desktopRemind': True, 'email': '767676687@qq.com', 'firstLogin': None, 'grayLimit': 84, 'graySpecify': False, 'grayType': 1, 'hasPwdLoggedIn': False, 'havePassword': True, 'headImg': None, 'lang': None, 'lastWsInfo': {'accepted': None, 'accountLevel': 40, 'auth': 2, 'beingCustomizedAppSync': None, 'beingHideHelpDocument': False, 'beingSandbox': False, 'beingWatermark': False, 'biAuth': 'SUPER', 'canWorkWx': False, 'contactEnableNum': 1, 'contactNum': 1, 'dataRelatedStatus': 'NEW', 'departs': [], 'dynamic': None, 'exId': 'tAeLHd46LCKqw1oLZl31aA==', 'exUserId': '1868782', 'expireDate': 1693067410000, 'hideCopyright': False, 'logoutConfig': {'logOutToSso': False, 'serverName': None, 'ssoType': None}, 'memberId': 1696702, 'openConnectorList': [], 'openPluginList': [2, 3, 6, 7, 8, 9, 13, 14, 15, 16, 17, 25, 26, 27, 28, 29, 33, 34, 35, 36, 37, 38, 39, 42, 43, 44, 45, -2, 32], 'permissionStatus': None, 'pluginClickList': [], 'pluginLimitDetail': {'dashAllVisiableLimit': 4, 'dashAllVisiableNum': 0}, 'publicAccessAuthVO': {'beingAttachmentQuestion': False, 'beingPublicLink': False}, 'remark': '767676687@qq.com', 'showContact': True, 'trial': True, 'trialDays': '0', 'trialNotice': True, 'type': 'normal', 'useScheduledSync': False, 'watermarkConfig': {'showDate': False, 'showDeparts': False, 'showExUserId': False, 'showName': True, 'showPhoneNumber': False, 'showWsName': False}, 'wsDomain': None, 'wsFunction': 'platform', 'wsId': 434407, 'wsLimitDetail': {'canDashNum': -1, 'canFormNum': -1, 'canPackageNum': -1, 'currentDashNum': -1, 'currentFormNum': -1, 'currentPackageNum': -1}, 'wsName': '767676687@qq.comÁöÑÂ∑•‰ΩúÂå∫'}, 'mobile': '767676687', 'nickName': '767676687@qq.com', 'npsCollect': False, 'promoCode': '0a57c3fe0', 'randomEmail': False, 'recordedNewGuidePop': [], 'showProcessPersonal': False, 'signatureUrl': None, 'source': 'home_home', 'status': None, 'uid': 1868782}, 'userSecurityVO': {'authMethod': 0, 'beingUninitialized': False}}
118.25.243.250 - - [12/Aug/2023 00:30:10] "POST /mointor HTTP/1.1" 200 -
92.63.196.149 - - [12/Aug/2023 03:17:17] code 400, message Bad HTTP/0.9 request type ('\x03\x00\x00/*√†\x00\x00\x00\x00\x00Cookie:')
92.63.196.149 - - [12/Aug/2023 03:17:17] "[35m[1m  /*√†     Cookie: mstshash=Administr[0m" HTTPStatus.BAD_REQUEST -
568
124.221.203.147 - - [12/Aug/2023 10:00:56] "GET /?password=wsj HTTP/1.1" 200 -
568
[2023-08-12 11:32:13,819] ERROR in app: Exception on / [GET]
Traceback (most recent call last):
  File "/usr/local/lib64/python3.6/site-packages/flask/app.py", line 2073, in wsgi_app
    response = self.full_dispatch_request()
  File "/usr/local/lib64/python3.6/site-packages/flask/app.py", line 1519, in full_dispatch_request
    return self.finalize_request(rv)
  File "/usr/local/lib64/python3.6/site-packages/flask/app.py", line 1538, in finalize_request
    response = self.make_response(rv)
  File "/usr/local/lib64/python3.6/site-packages/flask/app.py", line 1702, in make_response
    f"The view function for {request.endpoint!r} did not"
TypeError: The view function for 'result' did not return a valid response. The function either returned None or ended without a return statement.
35.203.210.102 - - [12/Aug/2023 11:32:13] "[35m[1mGET / HTTP/1.1[0m" 500 -
568
[2023-08-12 12:12:59,241] ERROR in app: Exception on / [GET]
Traceback (most recent call last):
  File "/usr/local/lib64/python3.6/site-packages/flask/app.py", line 2073, in wsgi_app
    response = self.full_dispatch_request()
  File "/usr/local/lib64/python3.6/site-packages/flask/app.py", line 1519, in full_dispatch_request
    return self.finalize_request(rv)
  File "/usr/local/lib64/python3.6/site-packages/flask/app.py", line 1538, in finalize_request
    response = self.make_response(rv)
  File "/usr/local/lib64/python3.6/site-packages/flask/app.py", line 1702, in make_response
    f"The view function for {request.endpoint!r} did not"
TypeError: The view function for 'result' did not return a valid response. The function either returned None or ended without a return statement.
167.248.133.125 - - [12/Aug/2023 12:12:59] "[35m[1mGET / HTTP/1.1[0m" 500 -
167.248.133.125 - - [12/Aug/2023 12:13:00] code 505, message Invalid HTTP version (2.0)
167.248.133.125 - - [12/Aug/2023 12:13:00] "[35m[1mPRI * HTTP/2.0[0m" HTTPStatus.HTTP_VERSION_NOT_SUPPORTED -
((568, datetime.datetime(2023, 8, 12, 0, 30, 10), 1, 120),)
688
yibukaishi
767676688@qq.com
767676688
{'beingInvited': False, 'corpName': None, 'loginToken': None, 'openId': None, 'token': '9b5690fc-8ad3-454c-b024-a2593a17453d', 'userInfo': {'beingBlackEmail': False, 'beingDisableExpiryRemind': False, 'beingExpand': None, 'beingInvited': False, 'beingLangFollowBrowser': True, 'beingOldVersion': None, 'beingPrivacyPolicy': True, 'beingSandBoxSuperAdmin': False, 'collectUserInfo': None, 'createTime': None, 'csShow': True, 'desktopRemind': True, 'email': '767676688@qq.com', 'firstLogin': None, 'grayLimit': 14, 'graySpecify': False, 'grayType': 1, 'hasPwdLoggedIn': False, 'havePassword': True, 'headImg': None, 'lang': None, 'lastWsInfo': {'accepted': None, 'accountLevel': 40, 'auth': 2, 'beingCustomizedAppSync': None, 'beingHideHelpDocument': False, 'beingSandbox': False, 'beingWatermark': False, 'biAuth': 'SUPER', 'canWorkWx': False, 'contactEnableNum': 1, 'contactNum': 1, 'dataRelatedStatus': 'NEW', 'departs': [], 'dynamic': None, 'exId': 'tAeLHd46LCJSFGMbM2XO9A==', 'exUserId': '1869365', 'expireDate': 1693152063000, 'hideCopyright': False, 'logoutConfig': {'logOutToSso': False, 'serverName': None, 'ssoType': None}, 'memberId': 1697056, 'openConnectorList': [], 'openPluginList': [2, 3, 6, 7, 8, 9, 13, 14, 15, 16, 17, 25, 26, 27, 28, 29, 33, 34, 35, 36, 37, 38, 39, 42, 43, 44, 45, -2, 32], 'permissionStatus': None, 'pluginClickList': [], 'pluginLimitDetail': {'dashAllVisiableLimit': 4, 'dashAllVisiableNum': 0}, 'publicAccessAuthVO': {'beingAttachmentQuestion': False, 'beingPublicLink': False}, 'remark': '767676688@qq.com', 'showContact': True, 'trial': True, 'trialDays': '0', 'trialNotice': True, 'type': 'normal', 'useScheduledSync': False, 'watermarkConfig': {'showDate': False, 'showDeparts': False, 'showExUserId': False, 'showName': True, 'showPhoneNumber': False, 'showWsName': False}, 'wsDomain': None, 'wsFunction': 'platform', 'wsId': 434628, 'wsLimitDetail': {'canDashNum': -1, 'canFormNum': -1, 'canPackageNum': -1, 'currentDashNum': -1, 'currentFormNum': -1, 'currentPackageNum': -1}, 'wsName': '767676688@qq.comÁöÑÂ∑•‰ΩúÂå∫'}, 'mobile': '767676688', 'nickName': '767676688@qq.com', 'npsCollect': False, 'promoCode': '7abd722ea', 'randomEmail': False, 'recordedNewGuidePop': [], 'showProcessPersonal': False, 'signatureUrl': None, 'source': 'home_home', 'status': None, 'uid': 1869365}, 'userSecurityVO': {'authMethod': 0, 'beingUninitialized': False}}
{'beingInvited': False, 'corpName': None, 'loginToken': None, 'openId': None, 'token': '9b5690fc-8ad3-454c-b024-a2593a17453d', 'userInfo': {'beingBlackEmail': False, 'beingDisableExpiryRemind': False, 'beingExpand': None, 'beingInvited': False, 'beingLangFollowBrowser': True, 'beingOldVersion': None, 'beingPrivacyPolicy': True, 'beingSandBoxSuperAdmin': False, 'collectUserInfo': None, 'createTime': None, 'csShow': True, 'desktopRemind': True, 'email': '767676688@qq.com', 'firstLogin': None, 'grayLimit': 14, 'graySpecify': False, 'grayType': 1, 'hasPwdLoggedIn': False, 'havePassword': True, 'headImg': None, 'lang': None, 'lastWsInfo': {'accepted': None, 'accountLevel': 40, 'auth': 2, 'beingCustomizedAppSync': None, 'beingHideHelpDocument': False, 'beingSandbox': False, 'beingWatermark': False, 'biAuth': 'SUPER', 'canWorkWx': False, 'contactEnableNum': 1, 'contactNum': 1, 'dataRelatedStatus': 'NEW', 'departs': [], 'dynamic': None, 'exId': 'tAeLHd46LCJSFGMbM2XO9A==', 'exUserId': '1869365', 'expireDate': 1693152063000, 'hideCopyright': False, 'logoutConfig': {'logOutToSso': False, 'serverName': None, 'ssoType': None}, 'memberId': 1697056, 'openConnectorList': [], 'openPluginList': [2, 3, 6, 7, 8, 9, 13, 14, 15, 16, 17, 25, 26, 27, 28, 29, 33, 34, 35, 36, 37, 38, 39, 42, 43, 44, 45, -2, 32], 'permissionStatus': None, 'pluginClickList': [], 'pluginLimitDetail': {'dashAllVisiableLimit': 4, 'dashAllVisiableNum': 0}, 'publicAccessAuthVO': {'beingAttachmentQuestion': False, 'beingPublicLink': False}, 'remark': '767676688@qq.com', 'showContact': True, 'trial': True, 'trialDays': '0', 'trialNotice': True, 'type': 'normal', 'useScheduledSync': False, 'watermarkConfig': {'showDate': False, 'showDeparts': False, 'showExUserId': False, 'showName': True, 'showPhoneNumber': False, 'showWsName': False}, 'wsDomain': None, 'wsFunction': 'platform', 'wsId': 434628, 'wsLimitDetail': {'canDashNum': -1, 'canFormNum': -1, 'canPackageNum': -1, 'currentDashNum': -1, 'currentFormNum': -1, 'currentPackageNum': -1}, 'wsName': '767676688@qq.comÁöÑÂ∑•‰ΩúÂå∫'}, 'mobile': '767676688', 'nickName': '767676688@qq.com', 'npsCollect': False, 'promoCode': '7abd722ea', 'randomEmail': False, 'recordedNewGuidePop': [], 'showProcessPersonal': False, 'signatureUrl': None, 'source': 'home_home', 'status': None, 'uid': 1869365}, 'userSecurityVO': {'authMethod': 0, 'beingUninitialized': False}}
118.25.243.250 - - [13/Aug/2023 00:01:02] "POST /mointor HTTP/1.1" 200 -
((569, datetime.datetime(2023, 8, 13, 0, 1, 2), 1, 120),)
689
yibukaishi
767676689@qq.com
767676689
{'beingInvited': False, 'corpName': None, 'loginToken': None, 'openId': None, 'token': '7064341e-228f-4a9c-b12c-88872c02d5ea', 'userInfo': {'beingBlackEmail': False, 'beingDisableExpiryRemind': False, 'beingExpand': None, 'beingInvited': False, 'beingLangFollowBrowser': True, 'beingOldVersion': None, 'beingPrivacyPolicy': True, 'beingSandBoxSuperAdmin': False, 'collectUserInfo': None, 'createTime': None, 'csShow': True, 'desktopRemind': True, 'email': '767676689@qq.com', 'firstLogin': None, 'grayLimit': 63, 'graySpecify': False, 'grayType': 1, 'hasPwdLoggedIn': False, 'havePassword': True, 'headImg': None, 'lang': None, 'lastWsInfo': {'accepted': None, 'accountLevel': 40, 'auth': 2, 'beingCustomizedAppSync': None, 'beingHideHelpDocument': False, 'beingSandbox': False, 'beingWatermark': False, 'biAuth': 'SUPER', 'canWorkWx': False, 'contactEnableNum': 1, 'contactNum': 1, 'dataRelatedStatus': 'NEW', 'departs': [], 'dynamic': None, 'exId': 'tAeLHd46LCKHA3Tl1xNV5Q==', 'exUserId': '1869372', 'expireDate': 1693153809000, 'hideCopyright': False, 'logoutConfig': {'logOutToSso': False, 'serverName': None, 'ssoType': None}, 'memberId': 1697059, 'openConnectorList': [], 'openPluginList': [2, 3, 6, 7, 8, 9, 13, 14, 15, 16, 17, 25, 26, 27, 28, 29, 33, 34, 35, 36, 37, 38, 39, 42, 43, 44, 45, -2, 32], 'permissionStatus': None, 'pluginClickList': [], 'pluginLimitDetail': {'dashAllVisiableLimit': 4, 'dashAllVisiableNum': 0}, 'publicAccessAuthVO': {'beingAttachmentQuestion': False, 'beingPublicLink': False}, 'remark': '767676689@qq.com', 'showContact': True, 'trial': True, 'trialDays': '0', 'trialNotice': True, 'type': 'normal', 'useScheduledSync': False, 'watermarkConfig': {'showDate': False, 'showDeparts': False, 'showExUserId': False, 'showName': True, 'showPhoneNumber': False, 'showWsName': False}, 'wsDomain': None, 'wsFunction': 'platform', 'wsId': 434631, 'wsLimitDetail': {'canDashNum': -1, 'canFormNum': -1, 'canPackageNum': -1, 'currentDashNum': -1, 'currentFormNum': -1, 'currentPackageNum': -1}, 'wsName': '767676689@qq.comÁöÑÂ∑•‰ΩúÂå∫'}, 'mobile': '767676689', 'nickName': '767676689@qq.com', 'npsCollect': False, 'promoCode': '0cac08303', 'randomEmail': False, 'recordedNewGuidePop': [], 'showProcessPersonal': False, 'signatureUrl': None, 'source': 'home_home', 'status': None, 'uid': 1869372}, 'userSecurityVO': {'authMethod': 0, 'beingUninitialized': False}}
{'beingInvited': False, 'corpName': None, 'loginToken': None, 'openId': None, 'token': '7064341e-228f-4a9c-b12c-88872c02d5ea', 'userInfo': {'beingBlackEmail': False, 'beingDisableExpiryRemind': False, 'beingExpand': None, 'beingInvited': False, 'beingLangFollowBrowser': True, 'beingOldVersion': None, 'beingPrivacyPolicy': True, 'beingSandBoxSuperAdmin': False, 'collectUserInfo': None, 'createTime': None, 'csShow': True, 'desktopRemind': True, 'email': '767676689@qq.com', 'firstLogin': None, 'grayLimit': 63, 'graySpecify': False, 'grayType': 1, 'hasPwdLoggedIn': False, 'havePassword': True, 'headImg': None, 'lang': None, 'lastWsInfo': {'accepted': None, 'accountLevel': 40, 'auth': 2, 'beingCustomizedAppSync': None, 'beingHideHelpDocument': False, 'beingSandbox': False, 'beingWatermark': False, 'biAuth': 'SUPER', 'canWorkWx': False, 'contactEnableNum': 1, 'contactNum': 1, 'dataRelatedStatus': 'NEW', 'departs': [], 'dynamic': None, 'exId': 'tAeLHd46LCKHA3Tl1xNV5Q==', 'exUserId': '1869372', 'expireDate': 1693153809000, 'hideCopyright': False, 'logoutConfig': {'logOutToSso': False, 'serverName': None, 'ssoType': None}, 'memberId': 1697059, 'openConnectorList': [], 'openPluginList': [2, 3, 6, 7, 8, 9, 13, 14, 15, 16, 17, 25, 26, 27, 28, 29, 33, 34, 35, 36, 37, 38, 39, 42, 43, 44, 45, -2, 32], 'permissionStatus': None, 'pluginClickList': [], 'pluginLimitDetail': {'dashAllVisiableLimit': 4, 'dashAllVisiableNum': 0}, 'publicAccessAuthVO': {'beingAttachmentQuestion': False, 'beingPublicLink': False}, 'remark': '767676689@qq.com', 'showContact': True, 'trial': True, 'trialDays': '0', 'trialNotice': True, 'type': 'normal', 'useScheduledSync': False, 'watermarkConfig': {'showDate': False, 'showDeparts': False, 'showExUserId': False, 'showName': True, 'showPhoneNumber': False, 'showWsName': False}, 'wsDomain': None, 'wsFunction': 'platform', 'wsId': 434631, 'wsLimitDetail': {'canDashNum': -1, 'canFormNum': -1, 'canPackageNum': -1, 'currentDashNum': -1, 'currentFormNum': -1, 'currentPackageNum': -1}, 'wsName': '767676689@qq.comÁöÑÂ∑•‰ΩúÂå∫'}, 'mobile': '767676689', 'nickName': '767676689@qq.com', 'npsCollect': False, 'promoCode': '0cac08303', 'randomEmail': False, 'recordedNewGuidePop': [], 'showProcessPersonal': False, 'signatureUrl': None, 'source': 'home_home', 'status': None, 'uid': 1869372}, 'userSecurityVO': {'authMethod': 0, 'beingUninitialized': False}}
118.25.243.250 - - [13/Aug/2023 00:30:09] "POST /mointor HTTP/1.1" 200 -
570
124.221.203.147 - - [13/Aug/2023 10:00:56] "GET /?password=wsj HTTP/1.1" 200 -
((570, datetime.datetime(2023, 8, 13, 0, 30, 9), 1, 120),)
690
yibukaishi
767676690@qq.com
767676690
{'beingInvited': False, 'corpName': None, 'loginToken': None, 'openId': None, 'token': 'bfe102ed-46d3-4295-9be3-b3c57b6e6fee', 'userInfo': {'beingBlackEmail': False, 'beingDisableExpiryRemind': False, 'beingExpand': None, 'beingInvited': False, 'beingLangFollowBrowser': True, 'beingOldVersion': None, 'beingPrivacyPolicy': True, 'beingSandBoxSuperAdmin': False, 'collectUserInfo': None, 'createTime': None, 'csShow': True, 'desktopRemind': True, 'email': '767676690@qq.com', 'firstLogin': None, 'grayLimit': 15, 'graySpecify': False, 'grayType': 1, 'hasPwdLoggedIn': False, 'havePassword': True, 'headImg': None, 'lang': None, 'lastWsInfo': {'accepted': None, 'accountLevel': 40, 'auth': 2, 'beingCustomizedAppSync': None, 'beingHideHelpDocument': False, 'beingSandbox': False, 'beingWatermark': False, 'biAuth': 'SUPER', 'canWorkWx': False, 'contactEnableNum': 1, 'contactNum': 1, 'dataRelatedStatus': 'NEW', 'departs': [], 'dynamic': None, 'exId': 'tAeLHd46LCLY0ApjoTBR9A==', 'exUserId': '1869822', 'expireDate': 1693238463000, 'hideCopyright': False, 'logoutConfig': {'logOutToSso': False, 'serverName': None, 'ssoType': None}, 'memberId': 1697275, 'openConnectorList': [], 'openPluginList': [2, 3, 6, 7, 8, 9, 13, 14, 15, 16, 17, 25, 26, 27, 28, 29, 33, 34, 35, 36, 37, 38, 39, 42, 43, 44, 45, -2, 32], 'permissionStatus': None, 'pluginClickList': [], 'pluginLimitDetail': {'dashAllVisiableLimit': 4, 'dashAllVisiableNum': 0}, 'publicAccessAuthVO': {'beingAttachmentQuestion': False, 'beingPublicLink': False}, 'remark': '767676690@qq.com', 'showContact': True, 'trial': True, 'trialDays': '0', 'trialNotice': True, 'type': 'normal', 'useScheduledSync': False, 'watermarkConfig': {'showDate': False, 'showDeparts': False, 'showExUserId': False, 'showName': True, 'showPhoneNumber': False, 'showWsName': False}, 'wsDomain': None, 'wsFunction': 'platform', 'wsId': 434821, 'wsLimitDetail': {'canDashNum': -1, 'canFormNum': -1, 'canPackageNum': -1, 'currentDashNum': -1, 'currentFormNum': -1, 'currentPackageNum': -1}, 'wsName': '767676690@qq.comÁöÑÂ∑•‰ΩúÂå∫'}, 'mobile': '767676690', 'nickName': '767676690@qq.com', 'npsCollect': False, 'promoCode': 'aefc1df73', 'randomEmail': False, 'recordedNewGuidePop': [], 'showProcessPersonal': False, 'signatureUrl': None, 'source': 'home_home', 'status': None, 'uid': 1869822}, 'userSecurityVO': {'authMethod': 0, 'beingUninitialized': False}}
{'beingInvited': False, 'corpName': None, 'loginToken': None, 'openId': None, 'token': 'bfe102ed-46d3-4295-9be3-b3c57b6e6fee', 'userInfo': {'beingBlackEmail': False, 'beingDisableExpiryRemind': False, 'beingExpand': None, 'beingInvited': False, 'beingLangFollowBrowser': True, 'beingOldVersion': None, 'beingPrivacyPolicy': True, 'beingSandBoxSuperAdmin': False, 'collectUserInfo': None, 'createTime': None, 'csShow': True, 'desktopRemind': True, 'email': '767676690@qq.com', 'firstLogin': None, 'grayLimit': 15, 'graySpecify': False, 'grayType': 1, 'hasPwdLoggedIn': False, 'havePassword': True, 'headImg': None, 'lang': None, 'lastWsInfo': {'accepted': None, 'accountLevel': 40, 'auth': 2, 'beingCustomizedAppSync': None, 'beingHideHelpDocument': False, 'beingSandbox': False, 'beingWatermark': False, 'biAuth': 'SUPER', 'canWorkWx': False, 'contactEnableNum': 1, 'contactNum': 1, 'dataRelatedStatus': 'NEW', 'departs': [], 'dynamic': None, 'exId': 'tAeLHd46LCLY0ApjoTBR9A==', 'exUserId': '1869822', 'expireDate': 1693238463000, 'hideCopyright': False, 'logoutConfig': {'logOutToSso': False, 'serverName': None, 'ssoType': None}, 'memberId': 1697275, 'openConnectorList': [], 'openPluginList': [2, 3, 6, 7, 8, 9, 13, 14, 15, 16, 17, 25, 26, 27, 28, 29, 33, 34, 35, 36, 37, 38, 39, 42, 43, 44, 45, -2, 32], 'permissionStatus': None, 'pluginClickList': [], 'pluginLimitDetail': {'dashAllVisiableLimit': 4, 'dashAllVisiableNum': 0}, 'publicAccessAuthVO': {'beingAttachmentQuestion': False, 'beingPublicLink': False}, 'remark': '767676690@qq.com', 'showContact': True, 'trial': True, 'trialDays': '0', 'trialNotice': True, 'type': 'normal', 'useScheduledSync': False, 'watermarkConfig': {'showDate': False, 'showDeparts': False, 'showExUserId': False, 'showName': True, 'showPhoneNumber': False, 'showWsName': False}, 'wsDomain': None, 'wsFunction': 'platform', 'wsId': 434821, 'wsLimitDetail': {'canDashNum': -1, 'canFormNum': -1, 'canPackageNum': -1, 'currentDashNum': -1, 'currentFormNum': -1, 'currentPackageNum': -1}, 'wsName': '767676690@qq.comÁöÑÂ∑•‰ΩúÂå∫'}, 'mobile': '767676690', 'nickName': '767676690@qq.com', 'npsCollect': False, 'promoCode': 'aefc1df73', 'randomEmail': False, 'recordedNewGuidePop': [], 'showProcessPersonal': False, 'signatureUrl': None, 'source': 'home_home', 'status': None, 'uid': 1869822}, 'userSecurityVO': {'authMethod': 0, 'beingUninitialized': False}}
118.25.243.250 - - [14/Aug/2023 00:01:03] "POST /mointor HTTP/1.1" 200 -
((571, datetime.datetime(2023, 8, 14, 0, 1, 3), 1, 120),)
691
yibukaishi
767676691@qq.com
767676691
{'beingInvited': False, 'corpName': None, 'loginToken': None, 'openId': None, 'token': '88638eaf-24e0-47d2-b92c-49d6efbbce0f', 'userInfo': {'beingBlackEmail': False, 'beingDisableExpiryRemind': False, 'beingExpand': None, 'beingInvited': False, 'beingLangFollowBrowser': True, 'beingOldVersion': None, 'beingPrivacyPolicy': True, 'beingSandBoxSuperAdmin': False, 'collectUserInfo': None, 'createTime': None, 'csShow': True, 'desktopRemind': True, 'email': '767676691@qq.com', 'firstLogin': None, 'grayLimit': 90, 'graySpecify': False, 'grayType': 1, 'hasPwdLoggedIn': False, 'havePassword': True, 'headImg': None, 'lang': None, 'lastWsInfo': {'accepted': None, 'accountLevel': 40, 'auth': 2, 'beingCustomizedAppSync': None, 'beingHideHelpDocument': False, 'beingSandbox': False, 'beingWatermark': False, 'biAuth': 'SUPER', 'canWorkWx': False, 'contactEnableNum': 1, 'contactNum': 1, 'dataRelatedStatus': 'NEW', 'departs': [], 'dynamic': None, 'exId': 'tAeLHd46LCIlHoBOAycn5A==', 'exUserId': '1869827', 'expireDate': 1693240209000, 'hideCopyright': False, 'logoutConfig': {'logOutToSso': False, 'serverName': None, 'ssoType': None}, 'memberId': 1697279, 'openConnectorList': [], 'openPluginList': [2, 3, 6, 7, 8, 9, 13, 14, 15, 16, 17, 25, 26, 27, 28, 29, 33, 34, 35, 36, 37, 38, 39, 42, 43, 44, 45, -2, 32], 'permissionStatus': None, 'pluginClickList': [], 'pluginLimitDetail': {'dashAllVisiableLimit': 4, 'dashAllVisiableNum': 0}, 'publicAccessAuthVO': {'beingAttachmentQuestion': False, 'beingPublicLink': False}, 'remark': '767676691@qq.com', 'showContact': True, 'trial': True, 'trialDays': '0', 'trialNotice': True, 'type': 'normal', 'useScheduledSync': False, 'watermarkConfig': {'showDate': False, 'showDeparts': False, 'showExUserId': False, 'showName': True, 'showPhoneNumber': False, 'showWsName': False}, 'wsDomain': None, 'wsFunction': 'platform', 'wsId': 434824, 'wsLimitDetail': {'canDashNum': -1, 'canFormNum': -1, 'canPackageNum': -1, 'currentDashNum': -1, 'currentFormNum': -1, 'currentPackageNum': -1}, 'wsName': '767676691@qq.comÁöÑÂ∑•‰ΩúÂå∫'}, 'mobile': '767676691', 'nickName': '767676691@qq.com', 'npsCollect': False, 'promoCode': '1e517fc7c', 'randomEmail': False, 'recordedNewGuidePop': [], 'showProcessPersonal': False, 'signatureUrl': None, 'source': 'home_home', 'status': None, 'uid': 1869827}, 'userSecurityVO': {'authMethod': 0, 'beingUninitialized': False}}
{'beingInvited': False, 'corpName': None, 'loginToken': None, 'openId': None, 'token': '88638eaf-24e0-47d2-b92c-49d6efbbce0f', 'userInfo': {'beingBlackEmail': False, 'beingDisableExpiryRemind': False, 'beingExpand': None, 'beingInvited': False, 'beingLangFollowBrowser': True, 'beingOldVersion': None, 'beingPrivacyPolicy': True, 'beingSandBoxSuperAdmin': False, 'collectUserInfo': None, 'createTime': None, 'csShow': True, 'desktopRemind': True, 'email': '767676691@qq.com', 'firstLogin': None, 'grayLimit': 90, 'graySpecify': False, 'grayType': 1, 'hasPwdLoggedIn': False, 'havePassword': True, 'headImg': None, 'lang': None, 'lastWsInfo': {'accepted': None, 'accountLevel': 40, 'auth': 2, 'beingCustomizedAppSync': None, 'beingHideHelpDocument': False, 'beingSandbox': False, 'beingWatermark': False, 'biAuth': 'SUPER', 'canWorkWx': False, 'contactEnableNum': 1, 'contactNum': 1, 'dataRelatedStatus': 'NEW', 'departs': [], 'dynamic': None, 'exId': 'tAeLHd46LCIlHoBOAycn5A==', 'exUserId': '1869827', 'expireDate': 1693240209000, 'hideCopyright': False, 'logoutConfig': {'logOutToSso': False, 'serverName': None, 'ssoType': None}, 'memberId': 1697279, 'openConnectorList': [], 'openPluginList': [2, 3, 6, 7, 8, 9, 13, 14, 15, 16, 17, 25, 26, 27, 28, 29, 33, 34, 35, 36, 37, 38, 39, 42, 43, 44, 45, -2, 32], 'permissionStatus': None, 'pluginClickList': [], 'pluginLimitDetail': {'dashAllVisiableLimit': 4, 'dashAllVisiableNum': 0}, 'publicAccessAuthVO': {'beingAttachmentQuestion': False, 'beingPublicLink': False}, 'remark': '767676691@qq.com', 'showContact': True, 'trial': True, 'trialDays': '0', 'trialNotice': True, 'type': 'normal', 'useScheduledSync': False, 'watermarkConfig': {'showDate': False, 'showDeparts': False, 'showExUserId': False, 'showName': True, 'showPhoneNumber': False, 'showWsName': False}, 'wsDomain': None, 'wsFunction': 'platform', 'wsId': 434824, 'wsLimitDetail': {'canDashNum': -1, 'canFormNum': -1, 'canPackageNum': -1, 'currentDashNum': -1, 'currentFormNum': -1, 'currentPackageNum': -1}, 'wsName': '767676691@qq.comÁöÑÂ∑•‰ΩúÂå∫'}, 'mobile': '767676691', 'nickName': '767676691@qq.com', 'npsCollect': False, 'promoCode': '1e517fc7c', 'randomEmail': False, 'recordedNewGuidePop': [], 'showProcessPersonal': False, 'signatureUrl': None, 'source': 'home_home', 'status': None, 'uid': 1869827}, 'userSecurityVO': {'authMethod': 0, 'beingUninitialized': False}}
118.25.243.250 - - [14/Aug/2023 00:30:09] "POST /mointor HTTP/1.1" 200 -
141.98.11.58 - - [14/Aug/2023 00:40:41] code 400, message Bad HTTP/0.9 request type ('\x03\x00\x00/*√†\x00\x00\x00\x00\x00Cookie:')
141.98.11.58 - - [14/Aug/2023 00:40:41] "[35m[1m  /*√†     Cookie: mstshash=Administr[0m" HTTPStatus.BAD_REQUEST -
572
[2023-08-14 02:42:46,839] ERROR in app: Exception on / [GET]
Traceback (most recent call last):
  File "/usr/local/lib64/python3.6/site-packages/flask/app.py", line 2073, in wsgi_app
    response = self.full_dispatch_request()
  File "/usr/local/lib64/python3.6/site-packages/flask/app.py", line 1519, in full_dispatch_request
    return self.finalize_request(rv)
  File "/usr/local/lib64/python3.6/site-packages/flask/app.py", line 1538, in finalize_request
    response = self.make_response(rv)
  File "/usr/local/lib64/python3.6/site-packages/flask/app.py", line 1702, in make_response
    f"The view function for {request.endpoint!r} did not"
TypeError: The view function for 'result' did not return a valid response. The function either returned None or ended without a return statement.
162.142.125.14 - - [14/Aug/2023 02:42:46] "[35m[1mGET / HTTP/1.1[0m" 500 -
162.142.125.14 - - [14/Aug/2023 02:42:47] code 505, message Invalid HTTP version (2.0)
162.142.125.14 - - [14/Aug/2023 02:42:47] "[35m[1mPRI * HTTP/2.0[0m" HTTPStatus.HTTP_VERSION_NOT_SUPPORTED -
572
124.221.203.147 - - [14/Aug/2023 10:00:58] "GET /?password=wsj HTTP/1.1" 200 -
123.160.221.15 - - [14/Aug/2023 16:17:44] code 400, message Bad request version ('√Ä\x13√Ä')
123.160.221.15 - - [14/Aug/2023 16:17:44] "[35m[1m √Æ  √™I¬≤√π¬º¬ôi√ÄY√ª√∏¬∫e-¬ÉUd]¬ç¬∑b8¬¥g√Ü√ù9dZ8f g√Å¬Åi¬≥√∂√≤√ã¬∞¬©N√ñ¬Ω¬ïg|p√º√©<Z¬°¬êT¬∑√©¬•8'O; &√Ä+√Ä/√Ä,√Ä0√å¬©√å¬®√Ä	√Ä√Ä[0m" HTTPStatus.BAD_REQUEST -
572
[2023-08-14 16:17:55,175] ERROR in app: Exception on / [GET]
Traceback (most recent call last):
  File "/usr/local/lib64/python3.6/site-packages/flask/app.py", line 2073, in wsgi_app
    response = self.full_dispatch_request()
  File "/usr/local/lib64/python3.6/site-packages/flask/app.py", line 1519, in full_dispatch_request
    return self.finalize_request(rv)
  File "/usr/local/lib64/python3.6/site-packages/flask/app.py", line 1538, in finalize_request
    response = self.make_response(rv)
  File "/usr/local/lib64/python3.6/site-packages/flask/app.py", line 1702, in make_response
    f"The view function for {request.endpoint!r} did not"
TypeError: The view function for 'result' did not return a valid response. The function either returned None or ended without a return statement.
123.160.221.15 - - [14/Aug/2023 16:17:55] "[35m[1mGET / HTTP/1.1[0m" 500 -
572
[2023-08-14 16:18:31,631] ERROR in app: Exception on / [GET]
Traceback (most recent call last):
  File "/usr/local/lib64/python3.6/site-packages/flask/app.py", line 2073, in wsgi_app
    response = self.full_dispatch_request()
  File "/usr/local/lib64/python3.6/site-packages/flask/app.py", line 1519, in full_dispatch_request
    return self.finalize_request(rv)
  File "/usr/local/lib64/python3.6/site-packages/flask/app.py", line 1538, in finalize_request
    response = self.make_response(rv)
  File "/usr/local/lib64/python3.6/site-packages/flask/app.py", line 1702, in make_response
    f"The view function for {request.endpoint!r} did not"
TypeError: The view function for 'result' did not return a valid response. The function either returned None or ended without a return statement.
117.34.99.110 - - [14/Aug/2023 16:18:31] "[35m[1mGET / HTTP/1.1[0m" 500 -
572
[2023-08-14 16:22:28,839] ERROR in app: Exception on / [GET]
Traceback (most recent call last):
  File "/usr/local/lib64/python3.6/site-packages/flask/app.py", line 2073, in wsgi_app
    response = self.full_dispatch_request()
  File "/usr/local/lib64/python3.6/site-packages/flask/app.py", line 1519, in full_dispatch_request
    return self.finalize_request(rv)
  File "/usr/local/lib64/python3.6/site-packages/flask/app.py", line 1538, in finalize_request
    response = self.make_response(rv)
  File "/usr/local/lib64/python3.6/site-packages/flask/app.py", line 1702, in make_response
    f"The view function for {request.endpoint!r} did not"
TypeError: The view function for 'result' did not return a valid response. The function either returned None or ended without a return statement.
36.40.72.160 - - [14/Aug/2023 16:22:28] "[35m[1mGET / HTTP/1.1[0m" 500 -
572
[2023-08-14 16:24:09,402] ERROR in app: Exception on / [GET]
Traceback (most recent call last):
  File "/usr/local/lib64/python3.6/site-packages/flask/app.py", line 2073, in wsgi_app
    response = self.full_dispatch_request()
  File "/usr/local/lib64/python3.6/site-packages/flask/app.py", line 1519, in full_dispatch_request
    return self.finalize_request(rv)
  File "/usr/local/lib64/python3.6/site-packages/flask/app.py", line 1538, in finalize_request
    response = self.make_response(rv)
  File "/usr/local/lib64/python3.6/site-packages/flask/app.py", line 1702, in make_response
    f"The view function for {request.endpoint!r} did not"
TypeError: The view function for 'result' did not return a valid response. The function either returned None or ended without a return statement.
180.156.182.140 - - [14/Aug/2023 16:24:09] "[35m[1mGET / HTTP/1.1[0m" 500 -
((572, datetime.datetime(2023, 8, 14, 0, 30, 9), 1, 120),)
692
yibukaishi
767676692@qq.com
767676692
{'beingInvited': False, 'corpName': None, 'loginToken': None, 'openId': None, 'token': '0db68655-b385-4c67-b068-bd73478cebfb', 'userInfo': {'beingBlackEmail': False, 'beingDisableExpiryRemind': False, 'beingExpand': None, 'beingInvited': False, 'beingLangFollowBrowser': True, 'beingOldVersion': None, 'beingPrivacyPolicy': True, 'beingSandBoxSuperAdmin': False, 'collectUserInfo': None, 'createTime': None, 'csShow': True, 'desktopRemind': True, 'email': '767676692@qq.com', 'firstLogin': None, 'grayLimit': 62, 'graySpecify': False, 'grayType': 1, 'hasPwdLoggedIn': False, 'havePassword': True, 'headImg': None, 'lang': None, 'lastWsInfo': {'accepted': None, 'accountLevel': 40, 'auth': 2, 'beingCustomizedAppSync': None, 'beingHideHelpDocument': False, 'beingSandbox': False, 'beingWatermark': False, 'biAuth': 'SUPER', 'canWorkWx': False, 'contactEnableNum': 1, 'contactNum': 1, 'dataRelatedStatus': 'NEW', 'departs': [], 'dynamic': None, 'exId': 'tAeLHd46LCLshEEgKO2XXA==', 'exUserId': '1870948', 'expireDate': 1693317632000, 'hideCopyright': False, 'logoutConfig': {'logOutToSso': False, 'serverName': None, 'ssoType': None}, 'memberId': 1698201, 'openConnectorList': [], 'openPluginList': [2, 3, 6, 7, 8, 9, 13, 14, 15, 16, 17, 25, 26, 27, 28, 29, 33, 34, 35, 36, 37, 38, 39, 42, 43, 44, 45, -2, 32], 'permissionStatus': None, 'pluginClickList': [], 'pluginLimitDetail': {'dashAllVisiableLimit': 4, 'dashAllVisiableNum': 0}, 'publicAccessAuthVO': {'beingAttachmentQuestion': False, 'beingPublicLink': False}, 'remark': '767676692@qq.com', 'showContact': True, 'trial': True, 'trialDays': '0', 'trialNotice': True, 'type': 'normal', 'useScheduledSync': False, 'watermarkConfig': {'showDate': False, 'showDeparts': False, 'showExUserId': False, 'showName': True, 'showPhoneNumber': False, 'showWsName': False}, 'wsDomain': None, 'wsFunction': 'platform', 'wsId': 435288, 'wsLimitDetail': {'canDashNum': -1, 'canFormNum': -1, 'canPackageNum': -1, 'currentDashNum': -1, 'currentFormNum': -1, 'currentPackageNum': -1}, 'wsName': '767676692@qq.comÁöÑÂ∑•‰ΩúÂå∫'}, 'mobile': '767676692', 'nickName': '767676692@qq.com', 'npsCollect': False, 'promoCode': '71e677df7', 'randomEmail': False, 'recordedNewGuidePop': [], 'showProcessPersonal': False, 'signatureUrl': None, 'source': 'home_home', 'status': None, 'uid': 1870948}, 'userSecurityVO': {'authMethod': 0, 'beingUninitialized': False}}
{'beingInvited': False, 'corpName': None, 'loginToken': None, 'openId': None, 'token': '0db68655-b385-4c67-b068-bd73478cebfb', 'userInfo': {'beingBlackEmail': False, 'beingDisableExpiryRemind': False, 'beingExpand': None, 'beingInvited': False, 'beingLangFollowBrowser': True, 'beingOldVersion': None, 'beingPrivacyPolicy': True, 'beingSandBoxSuperAdmin': False, 'collectUserInfo': None, 'createTime': None, 'csShow': True, 'desktopRemind': True, 'email': '767676692@qq.com', 'firstLogin': None, 'grayLimit': 62, 'graySpecify': False, 'grayType': 1, 'hasPwdLoggedIn': False, 'havePassword': True, 'headImg': None, 'lang': None, 'lastWsInfo': {'accepted': None, 'accountLevel': 40, 'auth': 2, 'beingCustomizedAppSync': None, 'beingHideHelpDocument': False, 'beingSandbox': False, 'beingWatermark': False, 'biAuth': 'SUPER', 'canWorkWx': False, 'contactEnableNum': 1, 'contactNum': 1, 'dataRelatedStatus': 'NEW', 'departs': [], 'dynamic': None, 'exId': 'tAeLHd46LCLshEEgKO2XXA==', 'exUserId': '1870948', 'expireDate': 1693317632000, 'hideCopyright': False, 'logoutConfig': {'logOutToSso': False, 'serverName': None, 'ssoType': None}, 'memberId': 1698201, 'openConnectorList': [], 'openPluginList': [2, 3, 6, 7, 8, 9, 13, 14, 15, 16, 17, 25, 26, 27, 28, 29, 33, 34, 35, 36, 37, 38, 39, 42, 43, 44, 45, -2, 32], 'permissionStatus': None, 'pluginClickList': [], 'pluginLimitDetail': {'dashAllVisiableLimit': 4, 'dashAllVisiableNum': 0}, 'publicAccessAuthVO': {'beingAttachmentQuestion': False, 'beingPublicLink': False}, 'remark': '767676692@qq.com', 'showContact': True, 'trial': True, 'trialDays': '0', 'trialNotice': True, 'type': 'normal', 'useScheduledSync': False, 'watermarkConfig': {'showDate': False, 'showDeparts': False, 'showExUserId': False, 'showName': True, 'showPhoneNumber': False, 'showWsName': False}, 'wsDomain': None, 'wsFunction': 'platform', 'wsId': 435288, 'wsLimitDetail': {'canDashNum': -1, 'canFormNum': -1, 'canPackageNum': -1, 'currentDashNum': -1, 'currentFormNum': -1, 'currentPackageNum': -1}, 'wsName': '767676692@qq.comÁöÑÂ∑•‰ΩúÂå∫'}, 'mobile': '767676692', 'nickName': '767676692@qq.com', 'npsCollect': False, 'promoCode': '71e677df7', 'randomEmail': False, 'recordedNewGuidePop': [], 'showProcessPersonal': False, 'signatureUrl': None, 'source': 'home_home', 'status': None, 'uid': 1870948}, 'userSecurityVO': {'authMethod': 0, 'beingUninitialized': False}}
118.25.243.250 - - [14/Aug/2023 22:00:31] "POST /mointor HTTP/1.1" 200 -
((573, datetime.datetime(2023, 8, 14, 22, 0, 31), 1, 120),)
693
yibukaishi
767676693@qq.com
767676693
{'beingInvited': False, 'corpName': None, 'loginToken': None, 'openId': None, 'token': '4f7fe7de-8828-4150-ace1-a41d0b6dd63f', 'userInfo': {'beingBlackEmail': False, 'beingDisableExpiryRemind': False, 'beingExpand': None, 'beingInvited': False, 'beingLangFollowBrowser': True, 'beingOldVersion': None, 'beingPrivacyPolicy': True, 'beingSandBoxSuperAdmin': False, 'collectUserInfo': None, 'createTime': None, 'csShow': True, 'desktopRemind': True, 'email': '767676693@qq.com', 'firstLogin': None, 'grayLimit': 24, 'graySpecify': False, 'grayType': 1, 'hasPwdLoggedIn': False, 'havePassword': True, 'headImg': None, 'lang': None, 'lastWsInfo': {'accepted': None, 'accountLevel': 40, 'auth': 2, 'beingCustomizedAppSync': None, 'beingHideHelpDocument': False, 'beingSandbox': False, 'beingWatermark': False, 'biAuth': 'SUPER', 'canWorkWx': False, 'contactEnableNum': 1, 'contactNum': 1, 'dataRelatedStatus': 'NEW', 'departs': [], 'dynamic': None, 'exId': 'tAeLHd46LCI7Jd7X/6s7OA==', 'exUserId': '1870967', 'expireDate': 1693321241000, 'hideCopyright': False, 'logoutConfig': {'logOutToSso': False, 'serverName': None, 'ssoType': None}, 'memberId': 1698212, 'openConnectorList': [], 'openPluginList': [2, 3, 6, 7, 8, 9, 13, 14, 15, 16, 17, 25, 26, 27, 28, 29, 33, 34, 35, 36, 37, 38, 39, 42, 43, 44, 45, -2, 32], 'permissionStatus': None, 'pluginClickList': [], 'pluginLimitDetail': {'dashAllVisiableLimit': 4, 'dashAllVisiableNum': 0}, 'publicAccessAuthVO': {'beingAttachmentQuestion': False, 'beingPublicLink': False}, 'remark': '767676693@qq.com', 'showContact': True, 'trial': True, 'trialDays': '0', 'trialNotice': True, 'type': 'normal', 'useScheduledSync': False, 'watermarkConfig': {'showDate': False, 'showDeparts': False, 'showExUserId': False, 'showName': True, 'showPhoneNumber': False, 'showWsName': False}, 'wsDomain': None, 'wsFunction': 'platform', 'wsId': 435298, 'wsLimitDetail': {'canDashNum': -1, 'canFormNum': -1, 'canPackageNum': -1, 'currentDashNum': -1, 'currentFormNum': -1, 'currentPackageNum': -1}, 'wsName': '767676693@qq.comÁöÑÂ∑•‰ΩúÂå∫'}, 'mobile': '767676693', 'nickName': '767676693@qq.com', 'npsCollect': False, 'promoCode': '5794adea9', 'randomEmail': False, 'recordedNewGuidePop': [], 'showProcessPersonal': False, 'signatureUrl': None, 'source': 'home_home', 'status': None, 'uid': 1870967}, 'userSecurityVO': {'authMethod': 0, 'beingUninitialized': False}}
{'beingInvited': False, 'corpName': None, 'loginToken': None, 'openId': None, 'token': '4f7fe7de-8828-4150-ace1-a41d0b6dd63f', 'userInfo': {'beingBlackEmail': False, 'beingDisableExpiryRemind': False, 'beingExpand': None, 'beingInvited': False, 'beingLangFollowBrowser': True, 'beingOldVersion': None, 'beingPrivacyPolicy': True, 'beingSandBoxSuperAdmin': False, 'collectUserInfo': None, 'createTime': None, 'csShow': True, 'desktopRemind': True, 'email': '767676693@qq.com', 'firstLogin': None, 'grayLimit': 24, 'graySpecify': False, 'grayType': 1, 'hasPwdLoggedIn': False, 'havePassword': True, 'headImg': None, 'lang': None, 'lastWsInfo': {'accepted': None, 'accountLevel': 40, 'auth': 2, 'beingCustomizedAppSync': None, 'beingHideHelpDocument': False, 'beingSandbox': False, 'beingWatermark': False, 'biAuth': 'SUPER', 'canWorkWx': False, 'contactEnableNum': 1, 'contactNum': 1, 'dataRelatedStatus': 'NEW', 'departs': [], 'dynamic': None, 'exId': 'tAeLHd46LCI7Jd7X/6s7OA==', 'exUserId': '1870967', 'expireDate': 1693321241000, 'hideCopyright': False, 'logoutConfig': {'logOutToSso': False, 'serverName': None, 'ssoType': None}, 'memberId': 1698212, 'openConnectorList': [], 'openPluginList': [2, 3, 6, 7, 8, 9, 13, 14, 15, 16, 17, 25, 26, 27, 28, 29, 33, 34, 35, 36, 37, 38, 39, 42, 43, 44, 45, -2, 32], 'permissionStatus': None, 'pluginClickList': [], 'pluginLimitDetail': {'dashAllVisiableLimit': 4, 'dashAllVisiableNum': 0}, 'publicAccessAuthVO': {'beingAttachmentQuestion': False, 'beingPublicLink': False}, 'remark': '767676693@qq.com', 'showContact': True, 'trial': True, 'trialDays': '0', 'trialNotice': True, 'type': 'normal', 'useScheduledSync': False, 'watermarkConfig': {'showDate': False, 'showDeparts': False, 'showExUserId': False, 'showName': True, 'showPhoneNumber': False, 'showWsName': False}, 'wsDomain': None, 'wsFunction': 'platform', 'wsId': 435298, 'wsLimitDetail': {'canDashNum': -1, 'canFormNum': -1, 'canPackageNum': -1, 'currentDashNum': -1, 'currentFormNum': -1, 'currentPackageNum': -1}, 'wsName': '767676693@qq.comÁöÑÂ∑•‰ΩúÂå∫'}, 'mobile': '767676693', 'nickName': '767676693@qq.com', 'npsCollect': False, 'promoCode': '5794adea9', 'randomEmail': False, 'recordedNewGuidePop': [], 'showProcessPersonal': False, 'signatureUrl': None, 'source': 'home_home', 'status': None, 'uid': 1870967}, 'userSecurityVO': {'authMethod': 0, 'beingUninitialized': False}}
118.25.243.250 - - [14/Aug/2023 23:00:41] "POST /mointor HTTP/1.1" 200 -
52.83.92.55 - - [14/Aug/2023 23:16:38] code 400, message Bad request syntax ('333766643833656338616434363333643963363962386536653538383937393235613033653338636434')
52.83.92.55 - - [14/Aug/2023 23:16:38] "[35m[1m333766643833656338616434363333643963363962386536653538383937393235613033653338636434[0m" HTTPStatus.BAD_REQUEST -
((574, datetime.datetime(2023, 8, 14, 23, 0, 41), 1, 120),)
694
yibukaishi
767676694@qq.com
767676694
{'beingInvited': False, 'corpName': None, 'loginToken': None, 'openId': None, 'token': 'afee2c66-e0b9-42a8-8fe6-f9b6bf621437', 'userInfo': {'beingBlackEmail': False, 'beingDisableExpiryRemind': False, 'beingExpand': None, 'beingInvited': False, 'beingLangFollowBrowser': True, 'beingOldVersion': None, 'beingPrivacyPolicy': True, 'beingSandBoxSuperAdmin': False, 'collectUserInfo': None, 'createTime': None, 'csShow': True, 'desktopRemind': True, 'email': '767676694@qq.com', 'firstLogin': None, 'grayLimit': 90, 'graySpecify': False, 'grayType': 1, 'hasPwdLoggedIn': False, 'havePassword': True, 'headImg': None, 'lang': None, 'lastWsInfo': {'accepted': None, 'accountLevel': 40, 'auth': 2, 'beingCustomizedAppSync': None, 'beingHideHelpDocument': False, 'beingSandbox': False, 'beingWatermark': False, 'biAuth': 'SUPER', 'canWorkWx': False, 'contactEnableNum': 1, 'contactNum': 1, 'dataRelatedStatus': 'NEW', 'departs': [], 'dynamic': None, 'exId': 'tAeLHd46LCKeLZWfe8yUag==', 'exUserId': '1870985', 'expireDate': 1693324863000, 'hideCopyright': False, 'logoutConfig': {'logOutToSso': False, 'serverName': None, 'ssoType': None}, 'memberId': 1698219, 'openConnectorList': [], 'openPluginList': [2, 3, 6, 7, 8, 9, 13, 14, 15, 16, 17, 25, 26, 27, 28, 29, 33, 34, 35, 36, 37, 38, 39, 42, 43, 44, 45, -2, 32], 'permissionStatus': None, 'pluginClickList': [], 'pluginLimitDetail': {'dashAllVisiableLimit': 4, 'dashAllVisiableNum': 0}, 'publicAccessAuthVO': {'beingAttachmentQuestion': False, 'beingPublicLink': False}, 'remark': '767676694@qq.com', 'showContact': True, 'trial': True, 'trialDays': '0', 'trialNotice': True, 'type': 'normal', 'useScheduledSync': False, 'watermarkConfig': {'showDate': False, 'showDeparts': False, 'showExUserId': False, 'showName': True, 'showPhoneNumber': False, 'showWsName': False}, 'wsDomain': None, 'wsFunction': 'platform', 'wsId': 435304, 'wsLimitDetail': {'canDashNum': -1, 'canFormNum': -1, 'canPackageNum': -1, 'currentDashNum': -1, 'currentFormNum': -1, 'currentPackageNum': -1}, 'wsName': '767676694@qq.comÁöÑÂ∑•‰ΩúÂå∫'}, 'mobile': '767676694', 'nickName': '767676694@qq.com', 'npsCollect': False, 'promoCode': 'aa9d13ded', 'randomEmail': False, 'recordedNewGuidePop': [], 'showProcessPersonal': False, 'signatureUrl': None, 'source': 'home_home', 'status': None, 'uid': 1870985}, 'userSecurityVO': {'authMethod': 0, 'beingUninitialized': False}}
{'beingInvited': False, 'corpName': None, 'loginToken': None, 'openId': None, 'token': 'afee2c66-e0b9-42a8-8fe6-f9b6bf621437', 'userInfo': {'beingBlackEmail': False, 'beingDisableExpiryRemind': False, 'beingExpand': None, 'beingInvited': False, 'beingLangFollowBrowser': True, 'beingOldVersion': None, 'beingPrivacyPolicy': True, 'beingSandBoxSuperAdmin': False, 'collectUserInfo': None, 'createTime': None, 'csShow': True, 'desktopRemind': True, 'email': '767676694@qq.com', 'firstLogin': None, 'grayLimit': 90, 'graySpecify': False, 'grayType': 1, 'hasPwdLoggedIn': False, 'havePassword': True, 'headImg': None, 'lang': None, 'lastWsInfo': {'accepted': None, 'accountLevel': 40, 'auth': 2, 'beingCustomizedAppSync': None, 'beingHideHelpDocument': False, 'beingSandbox': False, 'beingWatermark': False, 'biAuth': 'SUPER', 'canWorkWx': False, 'contactEnableNum': 1, 'contactNum': 1, 'dataRelatedStatus': 'NEW', 'departs': [], 'dynamic': None, 'exId': 'tAeLHd46LCKeLZWfe8yUag==', 'exUserId': '1870985', 'expireDate': 1693324863000, 'hideCopyright': False, 'logoutConfig': {'logOutToSso': False, 'serverName': None, 'ssoType': None}, 'memberId': 1698219, 'openConnectorList': [], 'openPluginList': [2, 3, 6, 7, 8, 9, 13, 14, 15, 16, 17, 25, 26, 27, 28, 29, 33, 34, 35, 36, 37, 38, 39, 42, 43, 44, 45, -2, 32], 'permissionStatus': None, 'pluginClickList': [], 'pluginLimitDetail': {'dashAllVisiableLimit': 4, 'dashAllVisiableNum': 0}, 'publicAccessAuthVO': {'beingAttachmentQuestion': False, 'beingPublicLink': False}, 'remark': '767676694@qq.com', 'showContact': True, 'trial': True, 'trialDays': '0', 'trialNotice': True, 'type': 'normal', 'useScheduledSync': False, 'watermarkConfig': {'showDate': False, 'showDeparts': False, 'showExUserId': False, 'showName': True, 'showPhoneNumber': False, 'showWsName': False}, 'wsDomain': None, 'wsFunction': 'platform', 'wsId': 435304, 'wsLimitDetail': {'canDashNum': -1, 'canFormNum': -1, 'canPackageNum': -1, 'currentDashNum': -1, 'currentFormNum': -1, 'currentPackageNum': -1}, 'wsName': '767676694@qq.comÁöÑÂ∑•‰ΩúÂå∫'}, 'mobile': '767676694', 'nickName': '767676694@qq.com', 'npsCollect': False, 'promoCode': 'aa9d13ded', 'randomEmail': False, 'recordedNewGuidePop': [], 'showProcessPersonal': False, 'signatureUrl': None, 'source': 'home_home', 'status': None, 'uid': 1870985}, 'userSecurityVO': {'authMethod': 0, 'beingUninitialized': False}}
118.25.243.250 - - [15/Aug/2023 00:01:03] "POST /mointor HTTP/1.1" 200 -
((575, datetime.datetime(2023, 8, 15, 0, 1, 3), 1, 120),)
695
yibukaishi
767676695@qq.com
767676695
{'beingInvited': False, 'corpName': None, 'loginToken': None, 'openId': None, 'token': 'e2fab7f5-17a9-4f03-9fd7-5294739adf83', 'userInfo': {'beingBlackEmail': False, 'beingDisableExpiryRemind': False, 'beingExpand': None, 'beingInvited': False, 'beingLangFollowBrowser': True, 'beingOldVersion': None, 'beingPrivacyPolicy': True, 'beingSandBoxSuperAdmin': False, 'collectUserInfo': None, 'createTime': None, 'csShow': True, 'desktopRemind': True, 'email': '767676695@qq.com', 'firstLogin': None, 'grayLimit': 47, 'graySpecify': False, 'grayType': 1, 'hasPwdLoggedIn': False, 'havePassword': True, 'headImg': None, 'lang': None, 'lastWsInfo': {'accepted': None, 'accountLevel': 40, 'auth': 2, 'beingCustomizedAppSync': None, 'beingHideHelpDocument': False, 'beingSandbox': False, 'beingWatermark': False, 'biAuth': 'SUPER', 'canWorkWx': False, 'contactEnableNum': 1, 'contactNum': 1, 'dataRelatedStatus': 'NEW', 'departs': [], 'dynamic': None, 'exId': 'tAeLHd46LCLYUwUFYGOd5w==', 'exUserId': '1870992', 'expireDate': 1693326609000, 'hideCopyright': False, 'logoutConfig': {'logOutToSso': False, 'serverName': None, 'ssoType': None}, 'memberId': 1698224, 'openConnectorList': [], 'openPluginList': [2, 3, 6, 7, 8, 9, 13, 14, 15, 16, 17, 25, 26, 27, 28, 29, 33, 34, 35, 36, 37, 38, 39, 42, 43, 44, 45, -2, 32], 'permissionStatus': None, 'pluginClickList': [], 'pluginLimitDetail': {'dashAllVisiableLimit': 4, 'dashAllVisiableNum': 0}, 'publicAccessAuthVO': {'beingAttachmentQuestion': False, 'beingPublicLink': False}, 'remark': '767676695@qq.com', 'showContact': True, 'trial': True, 'trialDays': '0', 'trialNotice': True, 'type': 'normal', 'useScheduledSync': False, 'watermarkConfig': {'showDate': False, 'showDeparts': False, 'showExUserId': False, 'showName': True, 'showPhoneNumber': False, 'showWsName': False}, 'wsDomain': None, 'wsFunction': 'platform', 'wsId': 435307, 'wsLimitDetail': {'canDashNum': -1, 'canFormNum': -1, 'canPackageNum': -1, 'currentDashNum': -1, 'currentFormNum': -1, 'currentPackageNum': -1}, 'wsName': '767676695@qq.comÁöÑÂ∑•‰ΩúÂå∫'}, 'mobile': '767676695', 'nickName': '767676695@qq.com', 'npsCollect': False, 'promoCode': 'a978230a3', 'randomEmail': False, 'recordedNewGuidePop': [], 'showProcessPersonal': False, 'signatureUrl': None, 'source': 'home_home', 'status': None, 'uid': 1870992}, 'userSecurityVO': {'authMethod': 0, 'beingUninitialized': False}}
{'beingInvited': False, 'corpName': None, 'loginToken': None, 'openId': None, 'token': 'e2fab7f5-17a9-4f03-9fd7-5294739adf83', 'userInfo': {'beingBlackEmail': False, 'beingDisableExpiryRemind': False, 'beingExpand': None, 'beingInvited': False, 'beingLangFollowBrowser': True, 'beingOldVersion': None, 'beingPrivacyPolicy': True, 'beingSandBoxSuperAdmin': False, 'collectUserInfo': None, 'createTime': None, 'csShow': True, 'desktopRemind': True, 'email': '767676695@qq.com', 'firstLogin': None, 'grayLimit': 47, 'graySpecify': False, 'grayType': 1, 'hasPwdLoggedIn': False, 'havePassword': True, 'headImg': None, 'lang': None, 'lastWsInfo': {'accepted': None, 'accountLevel': 40, 'auth': 2, 'beingCustomizedAppSync': None, 'beingHideHelpDocument': False, 'beingSandbox': False, 'beingWatermark': False, 'biAuth': 'SUPER', 'canWorkWx': False, 'contactEnableNum': 1, 'contactNum': 1, 'dataRelatedStatus': 'NEW', 'departs': [], 'dynamic': None, 'exId': 'tAeLHd46LCLYUwUFYGOd5w==', 'exUserId': '1870992', 'expireDate': 1693326609000, 'hideCopyright': False, 'logoutConfig': {'logOutToSso': False, 'serverName': None, 'ssoType': None}, 'memberId': 1698224, 'openConnectorList': [], 'openPluginList': [2, 3, 6, 7, 8, 9, 13, 14, 15, 16, 17, 25, 26, 27, 28, 29, 33, 34, 35, 36, 37, 38, 39, 42, 43, 44, 45, -2, 32], 'permissionStatus': None, 'pluginClickList': [], 'pluginLimitDetail': {'dashAllVisiableLimit': 4, 'dashAllVisiableNum': 0}, 'publicAccessAuthVO': {'beingAttachmentQuestion': False, 'beingPublicLink': False}, 'remark': '767676695@qq.com', 'showContact': True, 'trial': True, 'trialDays': '0', 'trialNotice': True, 'type': 'normal', 'useScheduledSync': False, 'watermarkConfig': {'showDate': False, 'showDeparts': False, 'showExUserId': False, 'showName': True, 'showPhoneNumber': False, 'showWsName': False}, 'wsDomain': None, 'wsFunction': 'platform', 'wsId': 435307, 'wsLimitDetail': {'canDashNum': -1, 'canFormNum': -1, 'canPackageNum': -1, 'currentDashNum': -1, 'currentFormNum': -1, 'currentPackageNum': -1}, 'wsName': '767676695@qq.comÁöÑÂ∑•‰ΩúÂå∫'}, 'mobile': '767676695', 'nickName': '767676695@qq.com', 'npsCollect': False, 'promoCode': 'a978230a3', 'randomEmail': False, 'recordedNewGuidePop': [], 'showProcessPersonal': False, 'signatureUrl': None, 'source': 'home_home', 'status': None, 'uid': 1870992}, 'userSecurityVO': {'authMethod': 0, 'beingUninitialized': False}}
118.25.243.250 - - [15/Aug/2023 00:30:09] "POST /mointor HTTP/1.1" 200 -
576
124.221.203.147 - - [15/Aug/2023 10:00:58] "GET /?password=wsj HTTP/1.1" 200 -
((576, datetime.datetime(2023, 8, 15, 0, 30, 9), 1, 120),)
696
yibukaishi
767676696@qq.com
767676696
{'beingInvited': False, 'corpName': None, 'loginToken': None, 'openId': None, 'token': '78bc772a-87ba-4ec3-b92b-02375fa64324', 'userInfo': {'beingBlackEmail': False, 'beingDisableExpiryRemind': False, 'beingExpand': None, 'beingInvited': False, 'beingLangFollowBrowser': True, 'beingOldVersion': None, 'beingPrivacyPolicy': True, 'beingSandBoxSuperAdmin': False, 'collectUserInfo': None, 'createTime': None, 'csShow': True, 'desktopRemind': True, 'email': '767676696@qq.com', 'firstLogin': None, 'grayLimit': 59, 'graySpecify': False, 'grayType': 1, 'hasPwdLoggedIn': False, 'havePassword': True, 'headImg': None, 'lang': None, 'lastWsInfo': {'accepted': None, 'accountLevel': 40, 'auth': 2, 'beingCustomizedAppSync': None, 'beingHideHelpDocument': False, 'beingSandbox': False, 'beingWatermark': False, 'biAuth': 'SUPER', 'canWorkWx': False, 'contactEnableNum': 1, 'contactNum': 1, 'dataRelatedStatus': 'NEW', 'departs': [], 'dynamic': None, 'exId': 'tAeLHd46LCIbtVS5FhSbMA==', 'exUserId': '1872381', 'expireDate': 1693404031000, 'hideCopyright': False, 'logoutConfig': {'logOutToSso': False, 'serverName': None, 'ssoType': None}, 'memberId': 1699244, 'openConnectorList': [], 'openPluginList': [2, 3, 6, 7, 8, 9, 13, 14, 15, 16, 17, 25, 26, 27, 28, 29, 33, 34, 35, 36, 37, 38, 39, 42, 43, 44, 45, -2, 32], 'permissionStatus': None, 'pluginClickList': [], 'pluginLimitDetail': {'dashAllVisiableLimit': 4, 'dashAllVisiableNum': 0}, 'publicAccessAuthVO': {'beingAttachmentQuestion': False, 'beingPublicLink': False}, 'remark': '767676696@qq.com', 'showContact': True, 'trial': True, 'trialDays': '0', 'trialNotice': True, 'type': 'normal', 'useScheduledSync': False, 'watermarkConfig': {'showDate': False, 'showDeparts': False, 'showExUserId': False, 'showName': True, 'showPhoneNumber': False, 'showWsName': False}, 'wsDomain': None, 'wsFunction': 'platform', 'wsId': 435781, 'wsLimitDetail': {'canDashNum': -1, 'canFormNum': -1, 'canPackageNum': -1, 'currentDashNum': -1, 'currentFormNum': -1, 'currentPackageNum': -1}, 'wsName': '767676696@qq.comÁöÑÂ∑•‰ΩúÂå∫'}, 'mobile': '767676696', 'nickName': '767676696@qq.com', 'npsCollect': False, 'promoCode': '0a8be7ea6', 'randomEmail': False, 'recordedNewGuidePop': [], 'showProcessPersonal': False, 'signatureUrl': None, 'source': 'home_home', 'status': None, 'uid': 1872381}, 'userSecurityVO': {'authMethod': 0, 'beingUninitialized': False}}
{'beingInvited': False, 'corpName': None, 'loginToken': None, 'openId': None, 'token': '78bc772a-87ba-4ec3-b92b-02375fa64324', 'userInfo': {'beingBlackEmail': False, 'beingDisableExpiryRemind': False, 'beingExpand': None, 'beingInvited': False, 'beingLangFollowBrowser': True, 'beingOldVersion': None, 'beingPrivacyPolicy': True, 'beingSandBoxSuperAdmin': False, 'collectUserInfo': None, 'createTime': None, 'csShow': True, 'desktopRemind': True, 'email': '767676696@qq.com', 'firstLogin': None, 'grayLimit': 59, 'graySpecify': False, 'grayType': 1, 'hasPwdLoggedIn': False, 'havePassword': True, 'headImg': None, 'lang': None, 'lastWsInfo': {'accepted': None, 'accountLevel': 40, 'auth': 2, 'beingCustomizedAppSync': None, 'beingHideHelpDocument': False, 'beingSandbox': False, 'beingWatermark': False, 'biAuth': 'SUPER', 'canWorkWx': False, 'contactEnableNum': 1, 'contactNum': 1, 'dataRelatedStatus': 'NEW', 'departs': [], 'dynamic': None, 'exId': 'tAeLHd46LCIbtVS5FhSbMA==', 'exUserId': '1872381', 'expireDate': 1693404031000, 'hideCopyright': False, 'logoutConfig': {'logOutToSso': False, 'serverName': None, 'ssoType': None}, 'memberId': 1699244, 'openConnectorList': [], 'openPluginList': [2, 3, 6, 7, 8, 9, 13, 14, 15, 16, 17, 25, 26, 27, 28, 29, 33, 34, 35, 36, 37, 38, 39, 42, 43, 44, 45, -2, 32], 'permissionStatus': None, 'pluginClickList': [], 'pluginLimitDetail': {'dashAllVisiableLimit': 4, 'dashAllVisiableNum': 0}, 'publicAccessAuthVO': {'beingAttachmentQuestion': False, 'beingPublicLink': False}, 'remark': '767676696@qq.com', 'showContact': True, 'trial': True, 'trialDays': '0', 'trialNotice': True, 'type': 'normal', 'useScheduledSync': False, 'watermarkConfig': {'showDate': False, 'showDeparts': False, 'showExUserId': False, 'showName': True, 'showPhoneNumber': False, 'showWsName': False}, 'wsDomain': None, 'wsFunction': 'platform', 'wsId': 435781, 'wsLimitDetail': {'canDashNum': -1, 'canFormNum': -1, 'canPackageNum': -1, 'currentDashNum': -1, 'currentFormNum': -1, 'currentPackageNum': -1}, 'wsName': '767676696@qq.comÁöÑÂ∑•‰ΩúÂå∫'}, 'mobile': '767676696', 'nickName': '767676696@qq.com', 'npsCollect': False, 'promoCode': '0a8be7ea6', 'randomEmail': False, 'recordedNewGuidePop': [], 'showProcessPersonal': False, 'signatureUrl': None, 'source': 'home_home', 'status': None, 'uid': 1872381}, 'userSecurityVO': {'authMethod': 0, 'beingUninitialized': False}}
118.25.243.250 - - [15/Aug/2023 22:00:31] "POST /mointor HTTP/1.1" 200 -
((577, datetime.datetime(2023, 8, 15, 22, 0, 31), 1, 120),)
697
yibukaishi
767676697@qq.com
767676697
{'beingInvited': False, 'corpName': None, 'loginToken': None, 'openId': None, 'token': '98fdc336-2538-47e8-8276-33190e4408d4', 'userInfo': {'beingBlackEmail': False, 'beingDisableExpiryRemind': False, 'beingExpand': None, 'beingInvited': False, 'beingLangFollowBrowser': True, 'beingOldVersion': None, 'beingPrivacyPolicy': True, 'beingSandBoxSuperAdmin': False, 'collectUserInfo': None, 'createTime': None, 'csShow': True, 'desktopRemind': True, 'email': '767676697@qq.com', 'firstLogin': None, 'grayLimit': 30, 'graySpecify': False, 'grayType': 1, 'hasPwdLoggedIn': False, 'havePassword': True, 'headImg': None, 'lang': None, 'lastWsInfo': {'accepted': None, 'accountLevel': 40, 'auth': 2, 'beingCustomizedAppSync': None, 'beingHideHelpDocument': False, 'beingSandbox': False, 'beingWatermark': False, 'biAuth': 'SUPER', 'canWorkWx': False, 'contactEnableNum': 1, 'contactNum': 1, 'dataRelatedStatus': 'NEW', 'departs': [], 'dynamic': None, 'exId': 'tAeLHd46LCLMYPDBFERc0A==', 'exUserId': '1872414', 'expireDate': 1693407641000, 'hideCopyright': False, 'logoutConfig': {'logOutToSso': False, 'serverName': None, 'ssoType': None}, 'memberId': 1699266, 'openConnectorList': [], 'openPluginList': [2, 3, 6, 7, 8, 9, 13, 14, 15, 16, 17, 25, 26, 27, 28, 29, 33, 34, 35, 36, 37, 38, 39, 42, 43, 44, 45, -2, 32], 'permissionStatus': None, 'pluginClickList': [], 'pluginLimitDetail': {'dashAllVisiableLimit': 4, 'dashAllVisiableNum': 0}, 'publicAccessAuthVO': {'beingAttachmentQuestion': False, 'beingPublicLink': False}, 'remark': '767676697@qq.com', 'showContact': True, 'trial': True, 'trialDays': '0', 'trialNotice': True, 'type': 'normal', 'useScheduledSync': False, 'watermarkConfig': {'showDate': False, 'showDeparts': False, 'showExUserId': False, 'showName': True, 'showPhoneNumber': False, 'showWsName': False}, 'wsDomain': None, 'wsFunction': 'platform', 'wsId': 435798, 'wsLimitDetail': {'canDashNum': -1, 'canFormNum': -1, 'canPackageNum': -1, 'currentDashNum': -1, 'currentFormNum': -1, 'currentPackageNum': -1}, 'wsName': '767676697@qq.comÁöÑÂ∑•‰ΩúÂå∫'}, 'mobile': '767676697', 'nickName': '767676697@qq.com', 'npsCollect': False, 'promoCode': '4eba8fcb7', 'randomEmail': False, 'recordedNewGuidePop': [], 'showProcessPersonal': False, 'signatureUrl': None, 'source': 'home_home', 'status': None, 'uid': 1872414}, 'userSecurityVO': {'authMethod': 0, 'beingUninitialized': False}}
{'beingInvited': False, 'corpName': None, 'loginToken': None, 'openId': None, 'token': '98fdc336-2538-47e8-8276-33190e4408d4', 'userInfo': {'beingBlackEmail': False, 'beingDisableExpiryRemind': False, 'beingExpand': None, 'beingInvited': False, 'beingLangFollowBrowser': True, 'beingOldVersion': None, 'beingPrivacyPolicy': True, 'beingSandBoxSuperAdmin': False, 'collectUserInfo': None, 'createTime': None, 'csShow': True, 'desktopRemind': True, 'email': '767676697@qq.com', 'firstLogin': None, 'grayLimit': 30, 'graySpecify': False, 'grayType': 1, 'hasPwdLoggedIn': False, 'havePassword': True, 'headImg': None, 'lang': None, 'lastWsInfo': {'accepted': None, 'accountLevel': 40, 'auth': 2, 'beingCustomizedAppSync': None, 'beingHideHelpDocument': False, 'beingSandbox': False, 'beingWatermark': False, 'biAuth': 'SUPER', 'canWorkWx': False, 'contactEnableNum': 1, 'contactNum': 1, 'dataRelatedStatus': 'NEW', 'departs': [], 'dynamic': None, 'exId': 'tAeLHd46LCLMYPDBFERc0A==', 'exUserId': '1872414', 'expireDate': 1693407641000, 'hideCopyright': False, 'logoutConfig': {'logOutToSso': False, 'serverName': None, 'ssoType': None}, 'memberId': 1699266, 'openConnectorList': [], 'openPluginList': [2, 3, 6, 7, 8, 9, 13, 14, 15, 16, 17, 25, 26, 27, 28, 29, 33, 34, 35, 36, 37, 38, 39, 42, 43, 44, 45, -2, 32], 'permissionStatus': None, 'pluginClickList': [], 'pluginLimitDetail': {'dashAllVisiableLimit': 4, 'dashAllVisiableNum': 0}, 'publicAccessAuthVO': {'beingAttachmentQuestion': False, 'beingPublicLink': False}, 'remark': '767676697@qq.com', 'showContact': True, 'trial': True, 'trialDays': '0', 'trialNotice': True, 'type': 'normal', 'useScheduledSync': False, 'watermarkConfig': {'showDate': False, 'showDeparts': False, 'showExUserId': False, 'showName': True, 'showPhoneNumber': False, 'showWsName': False}, 'wsDomain': None, 'wsFunction': 'platform', 'wsId': 435798, 'wsLimitDetail': {'canDashNum': -1, 'canFormNum': -1, 'canPackageNum': -1, 'currentDashNum': -1, 'currentFormNum': -1, 'currentPackageNum': -1}, 'wsName': '767676697@qq.comÁöÑÂ∑•‰ΩúÂå∫'}, 'mobile': '767676697', 'nickName': '767676697@qq.com', 'npsCollect': False, 'promoCode': '4eba8fcb7', 'randomEmail': False, 'recordedNewGuidePop': [], 'showProcessPersonal': False, 'signatureUrl': None, 'source': 'home_home', 'status': None, 'uid': 1872414}, 'userSecurityVO': {'authMethod': 0, 'beingUninitialized': False}}
118.25.243.250 - - [15/Aug/2023 23:00:41] "POST /mointor HTTP/1.1" 200 -
((578, datetime.datetime(2023, 8, 15, 23, 0, 41), 1, 120),)
698
yibukaishi
767676698@qq.com
767676698
{'beingInvited': False, 'corpName': None, 'loginToken': None, 'openId': None, 'token': '4bed5431-3d1f-4e41-b7bb-daba40ebe9d7', 'userInfo': {'beingBlackEmail': False, 'beingDisableExpiryRemind': False, 'beingExpand': None, 'beingInvited': False, 'beingLangFollowBrowser': True, 'beingOldVersion': None, 'beingPrivacyPolicy': True, 'beingSandBoxSuperAdmin': False, 'collectUserInfo': None, 'createTime': None, 'csShow': True, 'desktopRemind': True, 'email': '767676698@qq.com', 'firstLogin': None, 'grayLimit': 45, 'graySpecify': False, 'grayType': 1, 'hasPwdLoggedIn': False, 'havePassword': True, 'headImg': None, 'lang': None, 'lastWsInfo': {'accepted': None, 'accountLevel': 40, 'auth': 2, 'beingCustomizedAppSync': None, 'beingHideHelpDocument': False, 'beingSandbox': False, 'beingWatermark': False, 'biAuth': 'SUPER', 'canWorkWx': False, 'contactEnableNum': 1, 'contactNum': 1, 'dataRelatedStatus': 'NEW', 'departs': [], 'dynamic': None, 'exId': 'tAeLHd46LCKMXClwN15tmw==', 'exUserId': '1872429', 'expireDate': 1693411257000, 'hideCopyright': False, 'logoutConfig': {'logOutToSso': False, 'serverName': None, 'ssoType': None}, 'memberId': 1699274, 'openConnectorList': [], 'openPluginList': [2, 3, 6, 7, 8, 9, 13, 14, 15, 16, 17, 25, 26, 27, 28, 29, 33, 34, 35, 36, 37, 38, 39, 42, 43, 44, 45, -2, 32], 'permissionStatus': None, 'pluginClickList': [], 'pluginLimitDetail': {'dashAllVisiableLimit': 4, 'dashAllVisiableNum': 0}, 'publicAccessAuthVO': {'beingAttachmentQuestion': False, 'beingPublicLink': False}, 'remark': '767676698@qq.com', 'showContact': True, 'trial': True, 'trialDays': '0', 'trialNotice': True, 'type': 'normal', 'useScheduledSync': False, 'watermarkConfig': {'showDate': False, 'showDeparts': False, 'showExUserId': False, 'showName': True, 'showPhoneNumber': False, 'showWsName': False}, 'wsDomain': None, 'wsFunction': 'platform', 'wsId': 435806, 'wsLimitDetail': {'canDashNum': -1, 'canFormNum': -1, 'canPackageNum': -1, 'currentDashNum': -1, 'currentFormNum': -1, 'currentPackageNum': -1}, 'wsName': '767676698@qq.comÁöÑÂ∑•‰ΩúÂå∫'}, 'mobile': '767676698', 'nickName': '767676698@qq.com', 'npsCollect': False, 'promoCode': '51e4399f5', 'randomEmail': False, 'recordedNewGuidePop': [], 'showProcessPersonal': False, 'signatureUrl': None, 'source': 'home_home', 'status': None, 'uid': 1872429}, 'userSecurityVO': {'authMethod': 0, 'beingUninitialized': False}}
{'beingInvited': False, 'corpName': None, 'loginToken': None, 'openId': None, 'token': '4bed5431-3d1f-4e41-b7bb-daba40ebe9d7', 'userInfo': {'beingBlackEmail': False, 'beingDisableExpiryRemind': False, 'beingExpand': None, 'beingInvited': False, 'beingLangFollowBrowser': True, 'beingOldVersion': None, 'beingPrivacyPolicy': True, 'beingSandBoxSuperAdmin': False, 'collectUserInfo': None, 'createTime': None, 'csShow': True, 'desktopRemind': True, 'email': '767676698@qq.com', 'firstLogin': None, 'grayLimit': 45, 'graySpecify': False, 'grayType': 1, 'hasPwdLoggedIn': False, 'havePassword': True, 'headImg': None, 'lang': None, 'lastWsInfo': {'accepted': None, 'accountLevel': 40, 'auth': 2, 'beingCustomizedAppSync': None, 'beingHideHelpDocument': False, 'beingSandbox': False, 'beingWatermark': False, 'biAuth': 'SUPER', 'canWorkWx': False, 'contactEnableNum': 1, 'contactNum': 1, 'dataRelatedStatus': 'NEW', 'departs': [], 'dynamic': None, 'exId': 'tAeLHd46LCKMXClwN15tmw==', 'exUserId': '1872429', 'expireDate': 1693411257000, 'hideCopyright': False, 'logoutConfig': {'logOutToSso': False, 'serverName': None, 'ssoType': None}, 'memberId': 1699274, 'openConnectorList': [], 'openPluginList': [2, 3, 6, 7, 8, 9, 13, 14, 15, 16, 17, 25, 26, 27, 28, 29, 33, 34, 35, 36, 37, 38, 39, 42, 43, 44, 45, -2, 32], 'permissionStatus': None, 'pluginClickList': [], 'pluginLimitDetail': {'dashAllVisiableLimit': 4, 'dashAllVisiableNum': 0}, 'publicAccessAuthVO': {'beingAttachmentQuestion': False, 'beingPublicLink': False}, 'remark': '767676698@qq.com', 'showContact': True, 'trial': True, 'trialDays': '0', 'trialNotice': True, 'type': 'normal', 'useScheduledSync': False, 'watermarkConfig': {'showDate': False, 'showDeparts': False, 'showExUserId': False, 'showName': True, 'showPhoneNumber': False, 'showWsName': False}, 'wsDomain': None, 'wsFunction': 'platform', 'wsId': 435806, 'wsLimitDetail': {'canDashNum': -1, 'canFormNum': -1, 'canPackageNum': -1, 'currentDashNum': -1, 'currentFormNum': -1, 'currentPackageNum': -1}, 'wsName': '767676698@qq.comÁöÑÂ∑•‰ΩúÂå∫'}, 'mobile': '767676698', 'nickName': '767676698@qq.com', 'npsCollect': False, 'promoCode': '51e4399f5', 'randomEmail': False, 'recordedNewGuidePop': [], 'showProcessPersonal': False, 'signatureUrl': None, 'source': 'home_home', 'status': None, 'uid': 1872429}, 'userSecurityVO': {'authMethod': 0, 'beingUninitialized': False}}
118.25.243.250 - - [16/Aug/2023 00:00:57] "POST /mointor HTTP/1.1" 200 -
((579, datetime.datetime(2023, 8, 16, 0, 0, 57), 1, 120),)
699
yibukaishi
767676699@qq.com
767676699
{'beingInvited': False, 'corpName': None, 'loginToken': None, 'openId': None, 'token': 'edc13d65-3077-4c0a-b10b-fbff29ff2f9a', 'userInfo': {'beingBlackEmail': False, 'beingDisableExpiryRemind': False, 'beingExpand': None, 'beingInvited': False, 'beingLangFollowBrowser': True, 'beingOldVersion': None, 'beingPrivacyPolicy': True, 'beingSandBoxSuperAdmin': False, 'collectUserInfo': None, 'createTime': None, 'csShow': True, 'desktopRemind': True, 'email': '767676699@qq.com', 'firstLogin': None, 'grayLimit': 44, 'graySpecify': False, 'grayType': 1, 'hasPwdLoggedIn': False, 'havePassword': True, 'headImg': None, 'lang': None, 'lastWsInfo': {'accepted': None, 'accountLevel': 40, 'auth': 2, 'beingCustomizedAppSync': None, 'beingHideHelpDocument': False, 'beingSandbox': False, 'beingWatermark': False, 'biAuth': 'SUPER', 'canWorkWx': False, 'contactEnableNum': 1, 'contactNum': 1, 'dataRelatedStatus': 'NEW', 'departs': [], 'dynamic': None, 'exId': 'tAeLHd46LCKkMOLYE/aeZg==', 'exUserId': '1872437', 'expireDate': 1693413009000, 'hideCopyright': False, 'logoutConfig': {'logOutToSso': False, 'serverName': None, 'ssoType': None}, 'memberId': 1699318, 'openConnectorList': [], 'openPluginList': [2, 3, 6, 7, 8, 9, 13, 14, 15, 16, 17, 25, 26, 27, 28, 29, 33, 34, 35, 36, 37, 38, 39, 42, 43, 44, 45, -2, 32], 'permissionStatus': None, 'pluginClickList': [], 'pluginLimitDetail': {'dashAllVisiableLimit': 4, 'dashAllVisiableNum': 0}, 'publicAccessAuthVO': {'beingAttachmentQuestion': False, 'beingPublicLink': False}, 'remark': '767676699@qq.com', 'showContact': True, 'trial': True, 'trialDays': '0', 'trialNotice': True, 'type': 'normal', 'useScheduledSync': False, 'watermarkConfig': {'showDate': False, 'showDeparts': False, 'showExUserId': False, 'showName': True, 'showPhoneNumber': False, 'showWsName': False}, 'wsDomain': None, 'wsFunction': 'platform', 'wsId': 435811, 'wsLimitDetail': {'canDashNum': -1, 'canFormNum': -1, 'canPackageNum': -1, 'currentDashNum': -1, 'currentFormNum': -1, 'currentPackageNum': -1}, 'wsName': '767676699@qq.comÁöÑÂ∑•‰ΩúÂå∫'}, 'mobile': '767676699', 'nickName': '767676699@qq.com', 'npsCollect': False, 'promoCode': 'fb24b15c5', 'randomEmail': False, 'recordedNewGuidePop': [], 'showProcessPersonal': False, 'signatureUrl': None, 'source': 'home_home', 'status': None, 'uid': 1872437}, 'userSecurityVO': {'authMethod': 0, 'beingUninitialized': False}}
{'beingInvited': False, 'corpName': None, 'loginToken': None, 'openId': None, 'token': 'edc13d65-3077-4c0a-b10b-fbff29ff2f9a', 'userInfo': {'beingBlackEmail': False, 'beingDisableExpiryRemind': False, 'beingExpand': None, 'beingInvited': False, 'beingLangFollowBrowser': True, 'beingOldVersion': None, 'beingPrivacyPolicy': True, 'beingSandBoxSuperAdmin': False, 'collectUserInfo': None, 'createTime': None, 'csShow': True, 'desktopRemind': True, 'email': '767676699@qq.com', 'firstLogin': None, 'grayLimit': 44, 'graySpecify': False, 'grayType': 1, 'hasPwdLoggedIn': False, 'havePassword': True, 'headImg': None, 'lang': None, 'lastWsInfo': {'accepted': None, 'accountLevel': 40, 'auth': 2, 'beingCustomizedAppSync': None, 'beingHideHelpDocument': False, 'beingSandbox': False, 'beingWatermark': False, 'biAuth': 'SUPER', 'canWorkWx': False, 'contactEnableNum': 1, 'contactNum': 1, 'dataRelatedStatus': 'NEW', 'departs': [], 'dynamic': None, 'exId': 'tAeLHd46LCKkMOLYE/aeZg==', 'exUserId': '1872437', 'expireDate': 1693413009000, 'hideCopyright': False, 'logoutConfig': {'logOutToSso': False, 'serverName': None, 'ssoType': None}, 'memberId': 1699318, 'openConnectorList': [], 'openPluginList': [2, 3, 6, 7, 8, 9, 13, 14, 15, 16, 17, 25, 26, 27, 28, 29, 33, 34, 35, 36, 37, 38, 39, 42, 43, 44, 45, -2, 32], 'permissionStatus': None, 'pluginClickList': [], 'pluginLimitDetail': {'dashAllVisiableLimit': 4, 'dashAllVisiableNum': 0}, 'publicAccessAuthVO': {'beingAttachmentQuestion': False, 'beingPublicLink': False}, 'remark': '767676699@qq.com', 'showContact': True, 'trial': True, 'trialDays': '0', 'trialNotice': True, 'type': 'normal', 'useScheduledSync': False, 'watermarkConfig': {'showDate': False, 'showDeparts': False, 'showExUserId': False, 'showName': True, 'showPhoneNumber': False, 'showWsName': False}, 'wsDomain': None, 'wsFunction': 'platform', 'wsId': 435811, 'wsLimitDetail': {'canDashNum': -1, 'canFormNum': -1, 'canPackageNum': -1, 'currentDashNum': -1, 'currentFormNum': -1, 'currentPackageNum': -1}, 'wsName': '767676699@qq.comÁöÑÂ∑•‰ΩúÂå∫'}, 'mobile': '767676699', 'nickName': '767676699@qq.com', 'npsCollect': False, 'promoCode': 'fb24b15c5', 'randomEmail': False, 'recordedNewGuidePop': [], 'showProcessPersonal': False, 'signatureUrl': None, 'source': 'home_home', 'status': None, 'uid': 1872437}, 'userSecurityVO': {'authMethod': 0, 'beingUninitialized': False}}
118.25.243.250 - - [16/Aug/2023 00:30:09] "POST /mointor HTTP/1.1" 200 -
580
[2023-08-16 04:29:32,726] ERROR in app: Exception on / [GET]
Traceback (most recent call last):
  File "/usr/local/lib64/python3.6/site-packages/flask/app.py", line 2073, in wsgi_app
    response = self.full_dispatch_request()
  File "/usr/local/lib64/python3.6/site-packages/flask/app.py", line 1519, in full_dispatch_request
    return self.finalize_request(rv)
  File "/usr/local/lib64/python3.6/site-packages/flask/app.py", line 1538, in finalize_request
    response = self.make_response(rv)
  File "/usr/local/lib64/python3.6/site-packages/flask/app.py", line 1702, in make_response
    f"The view function for {request.endpoint!r} did not"
TypeError: The view function for 'result' did not return a valid response. The function either returned None or ended without a return statement.
167.248.133.125 - - [16/Aug/2023 04:29:32] "[35m[1mGET / HTTP/1.1[0m" 500 -
167.248.133.125 - - [16/Aug/2023 04:29:33] code 505, message Invalid HTTP version (2.0)
167.248.133.125 - - [16/Aug/2023 04:29:33] "[35m[1mPRI * HTTP/2.0[0m" HTTPStatus.HTTP_VERSION_NOT_SUPPORTED -
580
124.221.203.147 - - [16/Aug/2023 10:00:57] "GET /?password=wsj HTTP/1.1" 200 -
580
[2023-08-16 11:53:06,974] ERROR in app: Exception on / [GET]
Traceback (most recent call last):
  File "/usr/local/lib64/python3.6/site-packages/flask/app.py", line 2073, in wsgi_app
    response = self.full_dispatch_request()
  File "/usr/local/lib64/python3.6/site-packages/flask/app.py", line 1519, in full_dispatch_request
    return self.finalize_request(rv)
  File "/usr/local/lib64/python3.6/site-packages/flask/app.py", line 1538, in finalize_request
    response = self.make_response(rv)
  File "/usr/local/lib64/python3.6/site-packages/flask/app.py", line 1702, in make_response
    f"The view function for {request.endpoint!r} did not"
TypeError: The view function for 'result' did not return a valid response. The function either returned None or ended without a return statement.
94.102.61.5 - - [16/Aug/2023 11:53:06] "[35m[1mGET / HTTP/1.1[0m" 500 -
((580, datetime.datetime(2023, 8, 16, 0, 30, 9), 1, 120),)
700
yibukaishi
767676700@qq.com
767676700
{'beingInvited': False, 'corpName': None, 'loginToken': None, 'openId': None, 'token': '687d735c-0c08-47bb-b035-5232fb6f6a16', 'userInfo': {'beingBlackEmail': False, 'beingDisableExpiryRemind': False, 'beingExpand': None, 'beingInvited': False, 'beingLangFollowBrowser': True, 'beingOldVersion': None, 'beingPrivacyPolicy': True, 'beingSandBoxSuperAdmin': False, 'collectUserInfo': None, 'createTime': None, 'csShow': True, 'desktopRemind': True, 'email': '767676700@qq.com', 'firstLogin': None, 'grayLimit': 2, 'graySpecify': False, 'grayType': 1, 'hasPwdLoggedIn': False, 'havePassword': True, 'headImg': None, 'lang': None, 'lastWsInfo': {'accepted': None, 'accountLevel': 40, 'auth': 2, 'beingCustomizedAppSync': None, 'beingHideHelpDocument': False, 'beingSandbox': False, 'beingWatermark': False, 'biAuth': 'SUPER', 'canWorkWx': False, 'contactEnableNum': 1, 'contactNum': 1, 'dataRelatedStatus': 'NEW', 'departs': [], 'dynamic': None, 'exId': 'tAeLHd46LCJ8n6fFg+qCvg==', 'exUserId': '1873591', 'expireDate': 1693490431000, 'hideCopyright': False, 'logoutConfig': {'logOutToSso': False, 'serverName': None, 'ssoType': None}, 'memberId': 1700195, 'openConnectorList': [], 'openPluginList': [2, 3, 6, 7, 8, 9, 13, 14, 15, 16, 17, 25, 26, 27, 28, 29, 33, 34, 35, 36, 37, 38, 39, 42, 43, 44, 45, -2, 32], 'permissionStatus': None, 'pluginClickList': [], 'pluginLimitDetail': {'dashAllVisiableLimit': 4, 'dashAllVisiableNum': 0}, 'publicAccessAuthVO': {'beingAttachmentQuestion': False, 'beingPublicLink': False}, 'remark': '767676700@qq.com', 'showContact': True, 'trial': True, 'trialDays': '0', 'trialNotice': True, 'type': 'normal', 'useScheduledSync': False, 'watermarkConfig': {'showDate': False, 'showDeparts': False, 'showExUserId': False, 'showName': True, 'showPhoneNumber': False, 'showWsName': False}, 'wsDomain': None, 'wsFunction': 'platform', 'wsId': 436356, 'wsLimitDetail': {'canDashNum': -1, 'canFormNum': -1, 'canPackageNum': -1, 'currentDashNum': -1, 'currentFormNum': -1, 'currentPackageNum': -1}, 'wsName': '767676700@qq.comÁöÑÂ∑•‰ΩúÂå∫'}, 'mobile': '767676700', 'nickName': '767676700@qq.com', 'npsCollect': False, 'promoCode': 'a3f658214', 'randomEmail': False, 'recordedNewGuidePop': [], 'showProcessPersonal': False, 'signatureUrl': None, 'source': 'home_home', 'status': None, 'uid': 1873591}, 'userSecurityVO': {'authMethod': 0, 'beingUninitialized': False}}
{'beingInvited': False, 'corpName': None, 'loginToken': None, 'openId': None, 'token': '687d735c-0c08-47bb-b035-5232fb6f6a16', 'userInfo': {'beingBlackEmail': False, 'beingDisableExpiryRemind': False, 'beingExpand': None, 'beingInvited': False, 'beingLangFollowBrowser': True, 'beingOldVersion': None, 'beingPrivacyPolicy': True, 'beingSandBoxSuperAdmin': False, 'collectUserInfo': None, 'createTime': None, 'csShow': True, 'desktopRemind': True, 'email': '767676700@qq.com', 'firstLogin': None, 'grayLimit': 2, 'graySpecify': False, 'grayType': 1, 'hasPwdLoggedIn': False, 'havePassword': True, 'headImg': None, 'lang': None, 'lastWsInfo': {'accepted': None, 'accountLevel': 40, 'auth': 2, 'beingCustomizedAppSync': None, 'beingHideHelpDocument': False, 'beingSandbox': False, 'beingWatermark': False, 'biAuth': 'SUPER', 'canWorkWx': False, 'contactEnableNum': 1, 'contactNum': 1, 'dataRelatedStatus': 'NEW', 'departs': [], 'dynamic': None, 'exId': 'tAeLHd46LCJ8n6fFg+qCvg==', 'exUserId': '1873591', 'expireDate': 1693490431000, 'hideCopyright': False, 'logoutConfig': {'logOutToSso': False, 'serverName': None, 'ssoType': None}, 'memberId': 1700195, 'openConnectorList': [], 'openPluginList': [2, 3, 6, 7, 8, 9, 13, 14, 15, 16, 17, 25, 26, 27, 28, 29, 33, 34, 35, 36, 37, 38, 39, 42, 43, 44, 45, -2, 32], 'permissionStatus': None, 'pluginClickList': [], 'pluginLimitDetail': {'dashAllVisiableLimit': 4, 'dashAllVisiableNum': 0}, 'publicAccessAuthVO': {'beingAttachmentQuestion': False, 'beingPublicLink': False}, 'remark': '767676700@qq.com', 'showContact': True, 'trial': True, 'trialDays': '0', 'trialNotice': True, 'type': 'normal', 'useScheduledSync': False, 'watermarkConfig': {'showDate': False, 'showDeparts': False, 'showExUserId': False, 'showName': True, 'showPhoneNumber': False, 'showWsName': False}, 'wsDomain': None, 'wsFunction': 'platform', 'wsId': 436356, 'wsLimitDetail': {'canDashNum': -1, 'canFormNum': -1, 'canPackageNum': -1, 'currentDashNum': -1, 'currentFormNum': -1, 'currentPackageNum': -1}, 'wsName': '767676700@qq.comÁöÑÂ∑•‰ΩúÂå∫'}, 'mobile': '767676700', 'nickName': '767676700@qq.com', 'npsCollect': False, 'promoCode': 'a3f658214', 'randomEmail': False, 'recordedNewGuidePop': [], 'showProcessPersonal': False, 'signatureUrl': None, 'source': 'home_home', 'status': None, 'uid': 1873591}, 'userSecurityVO': {'authMethod': 0, 'beingUninitialized': False}}
118.25.243.250 - - [16/Aug/2023 22:00:31] "POST /mointor HTTP/1.1" 200 -
((581, datetime.datetime(2023, 8, 16, 22, 0, 31), 1, 120),)
701
yibukaishi
767676701@qq.com
767676701
{'beingInvited': False, 'corpName': None, 'loginToken': None, 'openId': None, 'token': 'd2eebcb5-5fb8-4b2d-899d-651402d54223', 'userInfo': {'beingBlackEmail': False, 'beingDisableExpiryRemind': False, 'beingExpand': None, 'beingInvited': False, 'beingLangFollowBrowser': True, 'beingOldVersion': None, 'beingPrivacyPolicy': True, 'beingSandBoxSuperAdmin': False, 'collectUserInfo': None, 'createTime': None, 'csShow': True, 'desktopRemind': True, 'email': '767676701@qq.com', 'firstLogin': None, 'grayLimit': 46, 'graySpecify': False, 'grayType': 1, 'hasPwdLoggedIn': False, 'havePassword': True, 'headImg': None, 'lang': None, 'lastWsInfo': {'accepted': None, 'accountLevel': 40, 'auth': 2, 'beingCustomizedAppSync': None, 'beingHideHelpDocument': False, 'beingSandbox': False, 'beingWatermark': False, 'biAuth': 'SUPER', 'canWorkWx': False, 'contactEnableNum': 1, 'contactNum': 1, 'dataRelatedStatus': 'NEW', 'departs': [], 'dynamic': None, 'exId': 'tAeLHd46LCIRBffX6g2uQg==', 'exUserId': '1873621', 'expireDate': 1693494041000, 'hideCopyright': False, 'logoutConfig': {'logOutToSso': False, 'serverName': None, 'ssoType': None}, 'memberId': 1700214, 'openConnectorList': [], 'openPluginList': [2, 3, 6, 7, 8, 9, 13, 14, 15, 16, 17, 25, 26, 27, 28, 29, 33, 34, 35, 36, 37, 38, 39, 42, 43, 44, 45, -2, 32], 'permissionStatus': None, 'pluginClickList': [], 'pluginLimitDetail': {'dashAllVisiableLimit': 4, 'dashAllVisiableNum': 0}, 'publicAccessAuthVO': {'beingAttachmentQuestion': False, 'beingPublicLink': False}, 'remark': '767676701@qq.com', 'showContact': True, 'trial': True, 'trialDays': '0', 'trialNotice': True, 'type': 'normal', 'useScheduledSync': False, 'watermarkConfig': {'showDate': False, 'showDeparts': False, 'showExUserId': False, 'showName': True, 'showPhoneNumber': False, 'showWsName': False}, 'wsDomain': None, 'wsFunction': 'platform', 'wsId': 436373, 'wsLimitDetail': {'canDashNum': -1, 'canFormNum': -1, 'canPackageNum': -1, 'currentDashNum': -1, 'currentFormNum': -1, 'currentPackageNum': -1}, 'wsName': '767676701@qq.comÁöÑÂ∑•‰ΩúÂå∫'}, 'mobile': '767676701', 'nickName': '767676701@qq.com', 'npsCollect': False, 'promoCode': '0ce97323a', 'randomEmail': False, 'recordedNewGuidePop': [], 'showProcessPersonal': False, 'signatureUrl': None, 'source': 'home_home', 'status': None, 'uid': 1873621}, 'userSecurityVO': {'authMethod': 0, 'beingUninitialized': False}}
{'beingInvited': False, 'corpName': None, 'loginToken': None, 'openId': None, 'token': 'd2eebcb5-5fb8-4b2d-899d-651402d54223', 'userInfo': {'beingBlackEmail': False, 'beingDisableExpiryRemind': False, 'beingExpand': None, 'beingInvited': False, 'beingLangFollowBrowser': True, 'beingOldVersion': None, 'beingPrivacyPolicy': True, 'beingSandBoxSuperAdmin': False, 'collectUserInfo': None, 'createTime': None, 'csShow': True, 'desktopRemind': True, 'email': '767676701@qq.com', 'firstLogin': None, 'grayLimit': 46, 'graySpecify': False, 'grayType': 1, 'hasPwdLoggedIn': False, 'havePassword': True, 'headImg': None, 'lang': None, 'lastWsInfo': {'accepted': None, 'accountLevel': 40, 'auth': 2, 'beingCustomizedAppSync': None, 'beingHideHelpDocument': False, 'beingSandbox': False, 'beingWatermark': False, 'biAuth': 'SUPER', 'canWorkWx': False, 'contactEnableNum': 1, 'contactNum': 1, 'dataRelatedStatus': 'NEW', 'departs': [], 'dynamic': None, 'exId': 'tAeLHd46LCIRBffX6g2uQg==', 'exUserId': '1873621', 'expireDate': 1693494041000, 'hideCopyright': False, 'logoutConfig': {'logOutToSso': False, 'serverName': None, 'ssoType': None}, 'memberId': 1700214, 'openConnectorList': [], 'openPluginList': [2, 3, 6, 7, 8, 9, 13, 14, 15, 16, 17, 25, 26, 27, 28, 29, 33, 34, 35, 36, 37, 38, 39, 42, 43, 44, 45, -2, 32], 'permissionStatus': None, 'pluginClickList': [], 'pluginLimitDetail': {'dashAllVisiableLimit': 4, 'dashAllVisiableNum': 0}, 'publicAccessAuthVO': {'beingAttachmentQuestion': False, 'beingPublicLink': False}, 'remark': '767676701@qq.com', 'showContact': True, 'trial': True, 'trialDays': '0', 'trialNotice': True, 'type': 'normal', 'useScheduledSync': False, 'watermarkConfig': {'showDate': False, 'showDeparts': False, 'showExUserId': False, 'showName': True, 'showPhoneNumber': False, 'showWsName': False}, 'wsDomain': None, 'wsFunction': 'platform', 'wsId': 436373, 'wsLimitDetail': {'canDashNum': -1, 'canFormNum': -1, 'canPackageNum': -1, 'currentDashNum': -1, 'currentFormNum': -1, 'currentPackageNum': -1}, 'wsName': '767676701@qq.comÁöÑÂ∑•‰ΩúÂå∫'}, 'mobile': '767676701', 'nickName': '767676701@qq.com', 'npsCollect': False, 'promoCode': '0ce97323a', 'randomEmail': False, 'recordedNewGuidePop': [], 'showProcessPersonal': False, 'signatureUrl': None, 'source': 'home_home', 'status': None, 'uid': 1873621}, 'userSecurityVO': {'authMethod': 0, 'beingUninitialized': False}}
118.25.243.250 - - [16/Aug/2023 23:00:41] "POST /mointor HTTP/1.1" 200 -
((582, datetime.datetime(2023, 8, 16, 23, 0, 41), 1, 120),)
702
yibukaishi
767676702@qq.com
767676702
{'beingInvited': False, 'corpName': None, 'loginToken': None, 'openId': None, 'token': 'cc615176-3cbc-4d7b-b32b-2eae8d8f75bf', 'userInfo': {'beingBlackEmail': False, 'beingDisableExpiryRemind': False, 'beingExpand': None, 'beingInvited': False, 'beingLangFollowBrowser': True, 'beingOldVersion': None, 'beingPrivacyPolicy': True, 'beingSandBoxSuperAdmin': False, 'collectUserInfo': None, 'createTime': None, 'csShow': True, 'desktopRemind': True, 'email': '767676702@qq.com', 'firstLogin': None, 'grayLimit': 84, 'graySpecify': False, 'grayType': 1, 'hasPwdLoggedIn': False, 'havePassword': True, 'headImg': None, 'lang': None, 'lastWsInfo': {'accepted': None, 'accountLevel': 40, 'auth': 2, 'beingCustomizedAppSync': None, 'beingHideHelpDocument': False, 'beingSandbox': False, 'beingWatermark': False, 'biAuth': 'SUPER', 'canWorkWx': False, 'contactEnableNum': 1, 'contactNum': 1, 'dataRelatedStatus': 'NEW', 'departs': [], 'dynamic': None, 'exId': 'tAeLHd46LCLsasSwyH/A4w==', 'exUserId': '1873638', 'expireDate': 1693497646000, 'hideCopyright': False, 'logoutConfig': {'logOutToSso': False, 'serverName': None, 'ssoType': None}, 'memberId': 1700225, 'openConnectorList': [], 'openPluginList': [2, 3, 6, 7, 8, 9, 13, 14, 15, 16, 17, 25, 26, 27, 28, 29, 33, 34, 35, 36, 37, 38, 39, 42, 43, 44, 45, -2, 32], 'permissionStatus': None, 'pluginClickList': [], 'pluginLimitDetail': {'dashAllVisiableLimit': 4, 'dashAllVisiableNum': 0}, 'publicAccessAuthVO': {'beingAttachmentQuestion': False, 'beingPublicLink': False}, 'remark': '767676702@qq.com', 'showContact': True, 'trial': True, 'trialDays': '0', 'trialNotice': True, 'type': 'normal', 'useScheduledSync': False, 'watermarkConfig': {'showDate': False, 'showDeparts': False, 'showExUserId': False, 'showName': True, 'showPhoneNumber': False, 'showWsName': False}, 'wsDomain': None, 'wsFunction': 'platform', 'wsId': 436379, 'wsLimitDetail': {'canDashNum': -1, 'canFormNum': -1, 'canPackageNum': -1, 'currentDashNum': -1, 'currentFormNum': -1, 'currentPackageNum': -1}, 'wsName': '767676702@qq.comÁöÑÂ∑•‰ΩúÂå∫'}, 'mobile': '767676702', 'nickName': '767676702@qq.com', 'npsCollect': False, 'promoCode': '5ad46fc91', 'randomEmail': False, 'recordedNewGuidePop': [], 'showProcessPersonal': False, 'signatureUrl': None, 'source': 'home_home', 'status': None, 'uid': 1873638}, 'userSecurityVO': {'authMethod': 0, 'beingUninitialized': False}}
{'beingInvited': False, 'corpName': None, 'loginToken': None, 'openId': None, 'token': 'cc615176-3cbc-4d7b-b32b-2eae8d8f75bf', 'userInfo': {'beingBlackEmail': False, 'beingDisableExpiryRemind': False, 'beingExpand': None, 'beingInvited': False, 'beingLangFollowBrowser': True, 'beingOldVersion': None, 'beingPrivacyPolicy': True, 'beingSandBoxSuperAdmin': False, 'collectUserInfo': None, 'createTime': None, 'csShow': True, 'desktopRemind': True, 'email': '767676702@qq.com', 'firstLogin': None, 'grayLimit': 84, 'graySpecify': False, 'grayType': 1, 'hasPwdLoggedIn': False, 'havePassword': True, 'headImg': None, 'lang': None, 'lastWsInfo': {'accepted': None, 'accountLevel': 40, 'auth': 2, 'beingCustomizedAppSync': None, 'beingHideHelpDocument': False, 'beingSandbox': False, 'beingWatermark': False, 'biAuth': 'SUPER', 'canWorkWx': False, 'contactEnableNum': 1, 'contactNum': 1, 'dataRelatedStatus': 'NEW', 'departs': [], 'dynamic': None, 'exId': 'tAeLHd46LCLsasSwyH/A4w==', 'exUserId': '1873638', 'expireDate': 1693497646000, 'hideCopyright': False, 'logoutConfig': {'logOutToSso': False, 'serverName': None, 'ssoType': None}, 'memberId': 1700225, 'openConnectorList': [], 'openPluginList': [2, 3, 6, 7, 8, 9, 13, 14, 15, 16, 17, 25, 26, 27, 28, 29, 33, 34, 35, 36, 37, 38, 39, 42, 43, 44, 45, -2, 32], 'permissionStatus': None, 'pluginClickList': [], 'pluginLimitDetail': {'dashAllVisiableLimit': 4, 'dashAllVisiableNum': 0}, 'publicAccessAuthVO': {'beingAttachmentQuestion': False, 'beingPublicLink': False}, 'remark': '767676702@qq.com', 'showContact': True, 'trial': True, 'trialDays': '0', 'trialNotice': True, 'type': 'normal', 'useScheduledSync': False, 'watermarkConfig': {'showDate': False, 'showDeparts': False, 'showExUserId': False, 'showName': True, 'showPhoneNumber': False, 'showWsName': False}, 'wsDomain': None, 'wsFunction': 'platform', 'wsId': 436379, 'wsLimitDetail': {'canDashNum': -1, 'canFormNum': -1, 'canPackageNum': -1, 'currentDashNum': -1, 'currentFormNum': -1, 'currentPackageNum': -1}, 'wsName': '767676702@qq.comÁöÑÂ∑•‰ΩúÂå∫'}, 'mobile': '767676702', 'nickName': '767676702@qq.com', 'npsCollect': False, 'promoCode': '5ad46fc91', 'randomEmail': False, 'recordedNewGuidePop': [], 'showProcessPersonal': False, 'signatureUrl': None, 'source': 'home_home', 'status': None, 'uid': 1873638}, 'userSecurityVO': {'authMethod': 0, 'beingUninitialized': False}}
118.25.243.250 - - [17/Aug/2023 00:00:46] "POST /mointor HTTP/1.1" 200 -
((583, datetime.datetime(2023, 8, 17, 0, 0, 46), 1, 120),)
703
yibukaishi
767676703@qq.com
767676703
{'beingInvited': False, 'corpName': None, 'loginToken': None, 'openId': None, 'token': '917071bd-b8a3-4c31-9fd2-4429d36ea8e6', 'userInfo': {'beingBlackEmail': False, 'beingDisableExpiryRemind': False, 'beingExpand': None, 'beingInvited': False, 'beingLangFollowBrowser': True, 'beingOldVersion': None, 'beingPrivacyPolicy': True, 'beingSandBoxSuperAdmin': False, 'collectUserInfo': None, 'createTime': None, 'csShow': True, 'desktopRemind': True, 'email': '767676703@qq.com', 'firstLogin': None, 'grayLimit': 99, 'graySpecify': False, 'grayType': 1, 'hasPwdLoggedIn': False, 'havePassword': True, 'headImg': None, 'lang': None, 'lastWsInfo': {'accepted': None, 'accountLevel': 40, 'auth': 2, 'beingCustomizedAppSync': None, 'beingHideHelpDocument': False, 'beingSandbox': False, 'beingWatermark': False, 'biAuth': 'SUPER', 'canWorkWx': False, 'contactEnableNum': 1, 'contactNum': 1, 'dataRelatedStatus': 'NEW', 'departs': [], 'dynamic': None, 'exId': 'tAeLHd46LCIIdhHeg33G5w==', 'exUserId': '1873642', 'expireDate': 1693499410000, 'hideCopyright': False, 'logoutConfig': {'logOutToSso': False, 'serverName': None, 'ssoType': None}, 'memberId': 1700229, 'openConnectorList': [], 'openPluginList': [2, 3, 6, 7, 8, 9, 13, 14, 15, 16, 17, 25, 26, 27, 28, 29, 33, 34, 35, 36, 37, 38, 39, 42, 43, 44, 45, -2, 32], 'permissionStatus': None, 'pluginClickList': [], 'pluginLimitDetail': {'dashAllVisiableLimit': 4, 'dashAllVisiableNum': 0}, 'publicAccessAuthVO': {'beingAttachmentQuestion': False, 'beingPublicLink': False}, 'remark': '767676703@qq.com', 'showContact': True, 'trial': True, 'trialDays': '0', 'trialNotice': True, 'type': 'normal', 'useScheduledSync': False, 'watermarkConfig': {'showDate': False, 'showDeparts': False, 'showExUserId': False, 'showName': True, 'showPhoneNumber': False, 'showWsName': False}, 'wsDomain': None, 'wsFunction': 'platform', 'wsId': 436382, 'wsLimitDetail': {'canDashNum': -1, 'canFormNum': -1, 'canPackageNum': -1, 'currentDashNum': -1, 'currentFormNum': -1, 'currentPackageNum': -1}, 'wsName': '767676703@qq.comÁöÑÂ∑•‰ΩúÂå∫'}, 'mobile': '767676703', 'nickName': '767676703@qq.com', 'npsCollect': False, 'promoCode': 'f028f6a68', 'randomEmail': False, 'recordedNewGuidePop': [], 'showProcessPersonal': False, 'signatureUrl': None, 'source': 'home_home', 'status': None, 'uid': 1873642}, 'userSecurityVO': {'authMethod': 0, 'beingUninitialized': False}}
{'beingInvited': False, 'corpName': None, 'loginToken': None, 'openId': None, 'token': '917071bd-b8a3-4c31-9fd2-4429d36ea8e6', 'userInfo': {'beingBlackEmail': False, 'beingDisableExpiryRemind': False, 'beingExpand': None, 'beingInvited': False, 'beingLangFollowBrowser': True, 'beingOldVersion': None, 'beingPrivacyPolicy': True, 'beingSandBoxSuperAdmin': False, 'collectUserInfo': None, 'createTime': None, 'csShow': True, 'desktopRemind': True, 'email': '767676703@qq.com', 'firstLogin': None, 'grayLimit': 99, 'graySpecify': False, 'grayType': 1, 'hasPwdLoggedIn': False, 'havePassword': True, 'headImg': None, 'lang': None, 'lastWsInfo': {'accepted': None, 'accountLevel': 40, 'auth': 2, 'beingCustomizedAppSync': None, 'beingHideHelpDocument': False, 'beingSandbox': False, 'beingWatermark': False, 'biAuth': 'SUPER', 'canWorkWx': False, 'contactEnableNum': 1, 'contactNum': 1, 'dataRelatedStatus': 'NEW', 'departs': [], 'dynamic': None, 'exId': 'tAeLHd46LCIIdhHeg33G5w==', 'exUserId': '1873642', 'expireDate': 1693499410000, 'hideCopyright': False, 'logoutConfig': {'logOutToSso': False, 'serverName': None, 'ssoType': None}, 'memberId': 1700229, 'openConnectorList': [], 'openPluginList': [2, 3, 6, 7, 8, 9, 13, 14, 15, 16, 17, 25, 26, 27, 28, 29, 33, 34, 35, 36, 37, 38, 39, 42, 43, 44, 45, -2, 32], 'permissionStatus': None, 'pluginClickList': [], 'pluginLimitDetail': {'dashAllVisiableLimit': 4, 'dashAllVisiableNum': 0}, 'publicAccessAuthVO': {'beingAttachmentQuestion': False, 'beingPublicLink': False}, 'remark': '767676703@qq.com', 'showContact': True, 'trial': True, 'trialDays': '0', 'trialNotice': True, 'type': 'normal', 'useScheduledSync': False, 'watermarkConfig': {'showDate': False, 'showDeparts': False, 'showExUserId': False, 'showName': True, 'showPhoneNumber': False, 'showWsName': False}, 'wsDomain': None, 'wsFunction': 'platform', 'wsId': 436382, 'wsLimitDetail': {'canDashNum': -1, 'canFormNum': -1, 'canPackageNum': -1, 'currentDashNum': -1, 'currentFormNum': -1, 'currentPackageNum': -1}, 'wsName': '767676703@qq.comÁöÑÂ∑•‰ΩúÂå∫'}, 'mobile': '767676703', 'nickName': '767676703@qq.com', 'npsCollect': False, 'promoCode': 'f028f6a68', 'randomEmail': False, 'recordedNewGuidePop': [], 'showProcessPersonal': False, 'signatureUrl': None, 'source': 'home_home', 'status': None, 'uid': 1873642}, 'userSecurityVO': {'authMethod': 0, 'beingUninitialized': False}}
118.25.243.250 - - [17/Aug/2023 00:30:10] "POST /mointor HTTP/1.1" 200 -
584
[2023-08-17 01:07:21,089] ERROR in app: Exception on / [GET]
Traceback (most recent call last):
  File "/usr/local/lib64/python3.6/site-packages/flask/app.py", line 2073, in wsgi_app
    response = self.full_dispatch_request()
  File "/usr/local/lib64/python3.6/site-packages/flask/app.py", line 1519, in full_dispatch_request
    return self.finalize_request(rv)
  File "/usr/local/lib64/python3.6/site-packages/flask/app.py", line 1538, in finalize_request
    response = self.make_response(rv)
  File "/usr/local/lib64/python3.6/site-packages/flask/app.py", line 1702, in make_response
    f"The view function for {request.endpoint!r} did not"
TypeError: The view function for 'result' did not return a valid response. The function either returned None or ended without a return statement.
95.214.53.99 - - [17/Aug/2023 01:07:21] "[35m[1mGET / HTTP/1.1[0m" 500 -
584
124.221.203.147 - - [17/Aug/2023 10:00:57] "GET /?password=wsj HTTP/1.1" 200 -
((584, datetime.datetime(2023, 8, 17, 0, 30, 10), 1, 120),)
704
yibukaishi
767676704@qq.com
767676704
{'beingInvited': False, 'corpName': None, 'loginToken': None, 'openId': None, 'token': '03820440-29e3-4291-a8f3-b991be77f92e', 'userInfo': {'beingBlackEmail': False, 'beingDisableExpiryRemind': False, 'beingExpand': None, 'beingInvited': False, 'beingLangFollowBrowser': True, 'beingOldVersion': None, 'beingPrivacyPolicy': True, 'beingSandBoxSuperAdmin': False, 'collectUserInfo': None, 'createTime': None, 'csShow': True, 'desktopRemind': True, 'email': '767676704@qq.com', 'firstLogin': None, 'grayLimit': 64, 'graySpecify': False, 'grayType': 1, 'hasPwdLoggedIn': False, 'havePassword': True, 'headImg': None, 'lang': None, 'lastWsInfo': {'accepted': None, 'accountLevel': 40, 'auth': 2, 'beingCustomizedAppSync': None, 'beingHideHelpDocument': False, 'beingSandbox': False, 'beingWatermark': False, 'biAuth': 'SUPER', 'canWorkWx': False, 'contactEnableNum': 1, 'contactNum': 1, 'dataRelatedStatus': 'NEW', 'departs': [], 'dynamic': None, 'exId': 'tAeLHd46LCImaG0/mB7aVQ==', 'exUserId': '1874965', 'expireDate': 1693576831000, 'hideCopyright': False, 'logoutConfig': {'logOutToSso': False, 'serverName': None, 'ssoType': None}, 'memberId': 1701334, 'openConnectorList': [], 'openPluginList': [2, 3, 6, 7, 8, 9, 13, 14, 15, 16, 17, 25, 26, 27, 28, 29, 33, 34, 35, 36, 37, 38, 39, 42, 43, 44, 45, -2, 32], 'permissionStatus': None, 'pluginClickList': [], 'pluginLimitDetail': {'dashAllVisiableLimit': 4, 'dashAllVisiableNum': 0}, 'publicAccessAuthVO': {'beingAttachmentQuestion': False, 'beingPublicLink': False}, 'remark': '767676704@qq.com', 'showContact': True, 'trial': True, 'trialDays': '0', 'trialNotice': True, 'type': 'normal', 'useScheduledSync': False, 'watermarkConfig': {'showDate': False, 'showDeparts': False, 'showExUserId': False, 'showName': True, 'showPhoneNumber': False, 'showWsName': False}, 'wsDomain': None, 'wsFunction': 'platform', 'wsId': 436883, 'wsLimitDetail': {'canDashNum': -1, 'canFormNum': -1, 'canPackageNum': -1, 'currentDashNum': -1, 'currentFormNum': -1, 'currentPackageNum': -1}, 'wsName': '767676704@qq.comÁöÑÂ∑•‰ΩúÂå∫'}, 'mobile': '767676704', 'nickName': '767676704@qq.com', 'npsCollect': False, 'promoCode': '41c0b5e4c', 'randomEmail': False, 'recordedNewGuidePop': [], 'showProcessPersonal': False, 'signatureUrl': None, 'source': 'home_home', 'status': None, 'uid': 1874965}, 'userSecurityVO': {'authMethod': 0, 'beingUninitialized': False}}
{'beingInvited': False, 'corpName': None, 'loginToken': None, 'openId': None, 'token': '03820440-29e3-4291-a8f3-b991be77f92e', 'userInfo': {'beingBlackEmail': False, 'beingDisableExpiryRemind': False, 'beingExpand': None, 'beingInvited': False, 'beingLangFollowBrowser': True, 'beingOldVersion': None, 'beingPrivacyPolicy': True, 'beingSandBoxSuperAdmin': False, 'collectUserInfo': None, 'createTime': None, 'csShow': True, 'desktopRemind': True, 'email': '767676704@qq.com', 'firstLogin': None, 'grayLimit': 64, 'graySpecify': False, 'grayType': 1, 'hasPwdLoggedIn': False, 'havePassword': True, 'headImg': None, 'lang': None, 'lastWsInfo': {'accepted': None, 'accountLevel': 40, 'auth': 2, 'beingCustomizedAppSync': None, 'beingHideHelpDocument': False, 'beingSandbox': False, 'beingWatermark': False, 'biAuth': 'SUPER', 'canWorkWx': False, 'contactEnableNum': 1, 'contactNum': 1, 'dataRelatedStatus': 'NEW', 'departs': [], 'dynamic': None, 'exId': 'tAeLHd46LCImaG0/mB7aVQ==', 'exUserId': '1874965', 'expireDate': 1693576831000, 'hideCopyright': False, 'logoutConfig': {'logOutToSso': False, 'serverName': None, 'ssoType': None}, 'memberId': 1701334, 'openConnectorList': [], 'openPluginList': [2, 3, 6, 7, 8, 9, 13, 14, 15, 16, 17, 25, 26, 27, 28, 29, 33, 34, 35, 36, 37, 38, 39, 42, 43, 44, 45, -2, 32], 'permissionStatus': None, 'pluginClickList': [], 'pluginLimitDetail': {'dashAllVisiableLimit': 4, 'dashAllVisiableNum': 0}, 'publicAccessAuthVO': {'beingAttachmentQuestion': False, 'beingPublicLink': False}, 'remark': '767676704@qq.com', 'showContact': True, 'trial': True, 'trialDays': '0', 'trialNotice': True, 'type': 'normal', 'useScheduledSync': False, 'watermarkConfig': {'showDate': False, 'showDeparts': False, 'showExUserId': False, 'showName': True, 'showPhoneNumber': False, 'showWsName': False}, 'wsDomain': None, 'wsFunction': 'platform', 'wsId': 436883, 'wsLimitDetail': {'canDashNum': -1, 'canFormNum': -1, 'canPackageNum': -1, 'currentDashNum': -1, 'currentFormNum': -1, 'currentPackageNum': -1}, 'wsName': '767676704@qq.comÁöÑÂ∑•‰ΩúÂå∫'}, 'mobile': '767676704', 'nickName': '767676704@qq.com', 'npsCollect': False, 'promoCode': '41c0b5e4c', 'randomEmail': False, 'recordedNewGuidePop': [], 'showProcessPersonal': False, 'signatureUrl': None, 'source': 'home_home', 'status': None, 'uid': 1874965}, 'userSecurityVO': {'authMethod': 0, 'beingUninitialized': False}}
118.25.243.250 - - [17/Aug/2023 22:00:31] "POST /mointor HTTP/1.1" 200 -
((585, datetime.datetime(2023, 8, 17, 22, 0, 31), 1, 120),)
705
yibukaishi
767676705@qq.com
767676705
{'beingInvited': False, 'corpName': None, 'loginToken': None, 'openId': None, 'token': '3917ff74-95d4-49a4-b656-f9de8c4d20b1', 'userInfo': {'beingBlackEmail': False, 'beingDisableExpiryRemind': False, 'beingExpand': None, 'beingInvited': False, 'beingLangFollowBrowser': True, 'beingOldVersion': None, 'beingPrivacyPolicy': True, 'beingSandBoxSuperAdmin': False, 'collectUserInfo': None, 'createTime': None, 'csShow': True, 'desktopRemind': True, 'email': '767676705@qq.com', 'firstLogin': None, 'grayLimit': 66, 'graySpecify': False, 'grayType': 1, 'hasPwdLoggedIn': False, 'havePassword': True, 'headImg': None, 'lang': None, 'lastWsInfo': {'accepted': None, 'accountLevel': 40, 'auth': 2, 'beingCustomizedAppSync': None, 'beingHideHelpDocument': False, 'beingSandbox': False, 'beingWatermark': False, 'biAuth': 'SUPER', 'canWorkWx': False, 'contactEnableNum': 1, 'contactNum': 1, 'dataRelatedStatus': 'NEW', 'departs': [], 'dynamic': None, 'exId': 'tAeLHd46LCLE/UoA2K3eGQ==', 'exUserId': '1874991', 'expireDate': 1693580441000, 'hideCopyright': False, 'logoutConfig': {'logOutToSso': False, 'serverName': None, 'ssoType': None}, 'memberId': 1701348, 'openConnectorList': [], 'openPluginList': [2, 3, 6, 7, 8, 9, 13, 14, 15, 16, 17, 25, 26, 27, 28, 29, 33, 34, 35, 36, 37, 38, 39, 42, 43, 44, 45, -2, 32], 'permissionStatus': None, 'pluginClickList': [], 'pluginLimitDetail': {'dashAllVisiableLimit': 4, 'dashAllVisiableNum': 0}, 'publicAccessAuthVO': {'beingAttachmentQuestion': False, 'beingPublicLink': False}, 'remark': '767676705@qq.com', 'showContact': True, 'trial': True, 'trialDays': '0', 'trialNotice': True, 'type': 'normal', 'useScheduledSync': False, 'watermarkConfig': {'showDate': False, 'showDeparts': False, 'showExUserId': False, 'showName': True, 'showPhoneNumber': False, 'showWsName': False}, 'wsDomain': None, 'wsFunction': 'platform', 'wsId': 436895, 'wsLimitDetail': {'canDashNum': -1, 'canFormNum': -1, 'canPackageNum': -1, 'currentDashNum': -1, 'currentFormNum': -1, 'currentPackageNum': -1}, 'wsName': '767676705@qq.comÁöÑÂ∑•‰ΩúÂå∫'}, 'mobile': '767676705', 'nickName': '767676705@qq.com', 'npsCollect': False, 'promoCode': '4d4da67ad', 'randomEmail': False, 'recordedNewGuidePop': [], 'showProcessPersonal': False, 'signatureUrl': None, 'source': 'home_home', 'status': None, 'uid': 1874991}, 'userSecurityVO': {'authMethod': 0, 'beingUninitialized': False}}
{'beingInvited': False, 'corpName': None, 'loginToken': None, 'openId': None, 'token': '3917ff74-95d4-49a4-b656-f9de8c4d20b1', 'userInfo': {'beingBlackEmail': False, 'beingDisableExpiryRemind': False, 'beingExpand': None, 'beingInvited': False, 'beingLangFollowBrowser': True, 'beingOldVersion': None, 'beingPrivacyPolicy': True, 'beingSandBoxSuperAdmin': False, 'collectUserInfo': None, 'createTime': None, 'csShow': True, 'desktopRemind': True, 'email': '767676705@qq.com', 'firstLogin': None, 'grayLimit': 66, 'graySpecify': False, 'grayType': 1, 'hasPwdLoggedIn': False, 'havePassword': True, 'headImg': None, 'lang': None, 'lastWsInfo': {'accepted': None, 'accountLevel': 40, 'auth': 2, 'beingCustomizedAppSync': None, 'beingHideHelpDocument': False, 'beingSandbox': False, 'beingWatermark': False, 'biAuth': 'SUPER', 'canWorkWx': False, 'contactEnableNum': 1, 'contactNum': 1, 'dataRelatedStatus': 'NEW', 'departs': [], 'dynamic': None, 'exId': 'tAeLHd46LCLE/UoA2K3eGQ==', 'exUserId': '1874991', 'expireDate': 1693580441000, 'hideCopyright': False, 'logoutConfig': {'logOutToSso': False, 'serverName': None, 'ssoType': None}, 'memberId': 1701348, 'openConnectorList': [], 'openPluginList': [2, 3, 6, 7, 8, 9, 13, 14, 15, 16, 17, 25, 26, 27, 28, 29, 33, 34, 35, 36, 37, 38, 39, 42, 43, 44, 45, -2, 32], 'permissionStatus': None, 'pluginClickList': [], 'pluginLimitDetail': {'dashAllVisiableLimit': 4, 'dashAllVisiableNum': 0}, 'publicAccessAuthVO': {'beingAttachmentQuestion': False, 'beingPublicLink': False}, 'remark': '767676705@qq.com', 'showContact': True, 'trial': True, 'trialDays': '0', 'trialNotice': True, 'type': 'normal', 'useScheduledSync': False, 'watermarkConfig': {'showDate': False, 'showDeparts': False, 'showExUserId': False, 'showName': True, 'showPhoneNumber': False, 'showWsName': False}, 'wsDomain': None, 'wsFunction': 'platform', 'wsId': 436895, 'wsLimitDetail': {'canDashNum': -1, 'canFormNum': -1, 'canPackageNum': -1, 'currentDashNum': -1, 'currentFormNum': -1, 'currentPackageNum': -1}, 'wsName': '767676705@qq.comÁöÑÂ∑•‰ΩúÂå∫'}, 'mobile': '767676705', 'nickName': '767676705@qq.com', 'npsCollect': False, 'promoCode': '4d4da67ad', 'randomEmail': False, 'recordedNewGuidePop': [], 'showProcessPersonal': False, 'signatureUrl': None, 'source': 'home_home', 'status': None, 'uid': 1874991}, 'userSecurityVO': {'authMethod': 0, 'beingUninitialized': False}}
118.25.243.250 - - [17/Aug/2023 23:00:41] "POST /mointor HTTP/1.1" 200 -
((586, datetime.datetime(2023, 8, 17, 23, 0, 41), 1, 120),)
706
yibukaishi
767676706@qq.com
767676706
{'beingInvited': False, 'corpName': None, 'loginToken': None, 'openId': None, 'token': 'afa2e784-6bec-46f4-ae41-c277b32b8215', 'userInfo': {'beingBlackEmail': False, 'beingDisableExpiryRemind': False, 'beingExpand': None, 'beingInvited': False, 'beingLangFollowBrowser': True, 'beingOldVersion': None, 'beingPrivacyPolicy': True, 'beingSandBoxSuperAdmin': False, 'collectUserInfo': None, 'createTime': None, 'csShow': True, 'desktopRemind': True, 'email': '767676706@qq.com', 'firstLogin': None, 'grayLimit': 17, 'graySpecify': False, 'grayType': 1, 'hasPwdLoggedIn': False, 'havePassword': True, 'headImg': None, 'lang': None, 'lastWsInfo': {'accepted': None, 'accountLevel': 40, 'auth': 2, 'beingCustomizedAppSync': None, 'beingHideHelpDocument': False, 'beingSandbox': False, 'beingWatermark': False, 'biAuth': 'SUPER', 'canWorkWx': False, 'contactEnableNum': 1, 'contactNum': 1, 'dataRelatedStatus': 'NEW', 'departs': [], 'dynamic': None, 'exId': 'tAeLHd46LCLEPk+AvtmbmA==', 'exUserId': '1875012', 'expireDate': 1693584044000, 'hideCopyright': False, 'logoutConfig': {'logOutToSso': False, 'serverName': None, 'ssoType': None}, 'memberId': 1701363, 'openConnectorList': [], 'openPluginList': [2, 3, 6, 7, 8, 9, 13, 14, 15, 16, 17, 25, 26, 27, 28, 29, 33, 34, 35, 36, 37, 38, 39, 42, 43, 44, 45, -2, 32], 'permissionStatus': None, 'pluginClickList': [], 'pluginLimitDetail': {'dashAllVisiableLimit': 4, 'dashAllVisiableNum': 0}, 'publicAccessAuthVO': {'beingAttachmentQuestion': False, 'beingPublicLink': False}, 'remark': '767676706@qq.com', 'showContact': True, 'trial': True, 'trialDays': '0', 'trialNotice': True, 'type': 'normal', 'useScheduledSync': False, 'watermarkConfig': {'showDate': False, 'showDeparts': False, 'showExUserId': False, 'showName': True, 'showPhoneNumber': False, 'showWsName': False}, 'wsDomain': None, 'wsFunction': 'platform', 'wsId': 436910, 'wsLimitDetail': {'canDashNum': -1, 'canFormNum': -1, 'canPackageNum': -1, 'currentDashNum': -1, 'currentFormNum': -1, 'currentPackageNum': -1}, 'wsName': '767676706@qq.comÁöÑÂ∑•‰ΩúÂå∫'}, 'mobile': '767676706', 'nickName': '767676706@qq.com', 'npsCollect': False, 'promoCode': '1caa5c1a4', 'randomEmail': False, 'recordedNewGuidePop': [], 'showProcessPersonal': False, 'signatureUrl': None, 'source': 'home_home', 'status': None, 'uid': 1875012}, 'userSecurityVO': {'authMethod': 0, 'beingUninitialized': False}}
{'beingInvited': False, 'corpName': None, 'loginToken': None, 'openId': None, 'token': 'afa2e784-6bec-46f4-ae41-c277b32b8215', 'userInfo': {'beingBlackEmail': False, 'beingDisableExpiryRemind': False, 'beingExpand': None, 'beingInvited': False, 'beingLangFollowBrowser': True, 'beingOldVersion': None, 'beingPrivacyPolicy': True, 'beingSandBoxSuperAdmin': False, 'collectUserInfo': None, 'createTime': None, 'csShow': True, 'desktopRemind': True, 'email': '767676706@qq.com', 'firstLogin': None, 'grayLimit': 17, 'graySpecify': False, 'grayType': 1, 'hasPwdLoggedIn': False, 'havePassword': True, 'headImg': None, 'lang': None, 'lastWsInfo': {'accepted': None, 'accountLevel': 40, 'auth': 2, 'beingCustomizedAppSync': None, 'beingHideHelpDocument': False, 'beingSandbox': False, 'beingWatermark': False, 'biAuth': 'SUPER', 'canWorkWx': False, 'contactEnableNum': 1, 'contactNum': 1, 'dataRelatedStatus': 'NEW', 'departs': [], 'dynamic': None, 'exId': 'tAeLHd46LCLEPk+AvtmbmA==', 'exUserId': '1875012', 'expireDate': 1693584044000, 'hideCopyright': False, 'logoutConfig': {'logOutToSso': False, 'serverName': None, 'ssoType': None}, 'memberId': 1701363, 'openConnectorList': [], 'openPluginList': [2, 3, 6, 7, 8, 9, 13, 14, 15, 16, 17, 25, 26, 27, 28, 29, 33, 34, 35, 36, 37, 38, 39, 42, 43, 44, 45, -2, 32], 'permissionStatus': None, 'pluginClickList': [], 'pluginLimitDetail': {'dashAllVisiableLimit': 4, 'dashAllVisiableNum': 0}, 'publicAccessAuthVO': {'beingAttachmentQuestion': False, 'beingPublicLink': False}, 'remark': '767676706@qq.com', 'showContact': True, 'trial': True, 'trialDays': '0', 'trialNotice': True, 'type': 'normal', 'useScheduledSync': False, 'watermarkConfig': {'showDate': False, 'showDeparts': False, 'showExUserId': False, 'showName': True, 'showPhoneNumber': False, 'showWsName': False}, 'wsDomain': None, 'wsFunction': 'platform', 'wsId': 436910, 'wsLimitDetail': {'canDashNum': -1, 'canFormNum': -1, 'canPackageNum': -1, 'currentDashNum': -1, 'currentFormNum': -1, 'currentPackageNum': -1}, 'wsName': '767676706@qq.comÁöÑÂ∑•‰ΩúÂå∫'}, 'mobile': '767676706', 'nickName': '767676706@qq.com', 'npsCollect': False, 'promoCode': '1caa5c1a4', 'randomEmail': False, 'recordedNewGuidePop': [], 'showProcessPersonal': False, 'signatureUrl': None, 'source': 'home_home', 'status': None, 'uid': 1875012}, 'userSecurityVO': {'authMethod': 0, 'beingUninitialized': False}}
118.25.243.250 - - [18/Aug/2023 00:00:43] "POST /mointor HTTP/1.1" 200 -
((587, datetime.datetime(2023, 8, 18, 0, 0, 43), 1, 120),)
707
yibukaishi
767676707@qq.com
767676707
{'beingInvited': False, 'corpName': None, 'loginToken': None, 'openId': None, 'token': 'a7c32307-9042-4c19-9341-f339e733c275', 'userInfo': {'beingBlackEmail': False, 'beingDisableExpiryRemind': False, 'beingExpand': None, 'beingInvited': False, 'beingLangFollowBrowser': True, 'beingOldVersion': None, 'beingPrivacyPolicy': True, 'beingSandBoxSuperAdmin': False, 'collectUserInfo': None, 'createTime': None, 'csShow': True, 'desktopRemind': True, 'email': '767676707@qq.com', 'firstLogin': None, 'grayLimit': 6, 'graySpecify': False, 'grayType': 1, 'hasPwdLoggedIn': False, 'havePassword': True, 'headImg': None, 'lang': None, 'lastWsInfo': {'accepted': None, 'accountLevel': 40, 'auth': 2, 'beingCustomizedAppSync': None, 'beingHideHelpDocument': False, 'beingSandbox': False, 'beingWatermark': False, 'biAuth': 'SUPER', 'canWorkWx': False, 'contactEnableNum': 1, 'contactNum': 1, 'dataRelatedStatus': 'NEW', 'departs': [], 'dynamic': None, 'exId': 'tAeLHd46LCInAkZ+qanIiw==', 'exUserId': '1875016', 'expireDate': 1693585810000, 'hideCopyright': False, 'logoutConfig': {'logOutToSso': False, 'serverName': None, 'ssoType': None}, 'memberId': 1701365, 'openConnectorList': [], 'openPluginList': [2, 3, 6, 7, 8, 9, 13, 14, 15, 16, 17, 25, 26, 27, 28, 29, 33, 34, 35, 36, 37, 38, 39, 42, 43, 44, 45, -2, 32], 'permissionStatus': None, 'pluginClickList': [], 'pluginLimitDetail': {'dashAllVisiableLimit': 4, 'dashAllVisiableNum': 0}, 'publicAccessAuthVO': {'beingAttachmentQuestion': False, 'beingPublicLink': False}, 'remark': '767676707@qq.com', 'showContact': True, 'trial': True, 'trialDays': '0', 'trialNotice': True, 'type': 'normal', 'useScheduledSync': False, 'watermarkConfig': {'showDate': False, 'showDeparts': False, 'showExUserId': False, 'showName': True, 'showPhoneNumber': False, 'showWsName': False}, 'wsDomain': None, 'wsFunction': 'platform', 'wsId': 436911, 'wsLimitDetail': {'canDashNum': -1, 'canFormNum': -1, 'canPackageNum': -1, 'currentDashNum': -1, 'currentFormNum': -1, 'currentPackageNum': -1}, 'wsName': '767676707@qq.comÁöÑÂ∑•‰ΩúÂå∫'}, 'mobile': '767676707', 'nickName': '767676707@qq.com', 'npsCollect': False, 'promoCode': 'cc089ab85', 'randomEmail': False, 'recordedNewGuidePop': [], 'showProcessPersonal': False, 'signatureUrl': None, 'source': 'home_home', 'status': None, 'uid': 1875016}, 'userSecurityVO': {'authMethod': 0, 'beingUninitialized': False}}
{'beingInvited': False, 'corpName': None, 'loginToken': None, 'openId': None, 'token': 'a7c32307-9042-4c19-9341-f339e733c275', 'userInfo': {'beingBlackEmail': False, 'beingDisableExpiryRemind': False, 'beingExpand': None, 'beingInvited': False, 'beingLangFollowBrowser': True, 'beingOldVersion': None, 'beingPrivacyPolicy': True, 'beingSandBoxSuperAdmin': False, 'collectUserInfo': None, 'createTime': None, 'csShow': True, 'desktopRemind': True, 'email': '767676707@qq.com', 'firstLogin': None, 'grayLimit': 6, 'graySpecify': False, 'grayType': 1, 'hasPwdLoggedIn': False, 'havePassword': True, 'headImg': None, 'lang': None, 'lastWsInfo': {'accepted': None, 'accountLevel': 40, 'auth': 2, 'beingCustomizedAppSync': None, 'beingHideHelpDocument': False, 'beingSandbox': False, 'beingWatermark': False, 'biAuth': 'SUPER', 'canWorkWx': False, 'contactEnableNum': 1, 'contactNum': 1, 'dataRelatedStatus': 'NEW', 'departs': [], 'dynamic': None, 'exId': 'tAeLHd46LCInAkZ+qanIiw==', 'exUserId': '1875016', 'expireDate': 1693585810000, 'hideCopyright': False, 'logoutConfig': {'logOutToSso': False, 'serverName': None, 'ssoType': None}, 'memberId': 1701365, 'openConnectorList': [], 'openPluginList': [2, 3, 6, 7, 8, 9, 13, 14, 15, 16, 17, 25, 26, 27, 28, 29, 33, 34, 35, 36, 37, 38, 39, 42, 43, 44, 45, -2, 32], 'permissionStatus': None, 'pluginClickList': [], 'pluginLimitDetail': {'dashAllVisiableLimit': 4, 'dashAllVisiableNum': 0}, 'publicAccessAuthVO': {'beingAttachmentQuestion': False, 'beingPublicLink': False}, 'remark': '767676707@qq.com', 'showContact': True, 'trial': True, 'trialDays': '0', 'trialNotice': True, 'type': 'normal', 'useScheduledSync': False, 'watermarkConfig': {'showDate': False, 'showDeparts': False, 'showExUserId': False, 'showName': True, 'showPhoneNumber': False, 'showWsName': False}, 'wsDomain': None, 'wsFunction': 'platform', 'wsId': 436911, 'wsLimitDetail': {'canDashNum': -1, 'canFormNum': -1, 'canPackageNum': -1, 'currentDashNum': -1, 'currentFormNum': -1, 'currentPackageNum': -1}, 'wsName': '767676707@qq.comÁöÑÂ∑•‰ΩúÂå∫'}, 'mobile': '767676707', 'nickName': '767676707@qq.com', 'npsCollect': False, 'promoCode': 'cc089ab85', 'randomEmail': False, 'recordedNewGuidePop': [], 'showProcessPersonal': False, 'signatureUrl': None, 'source': 'home_home', 'status': None, 'uid': 1875016}, 'userSecurityVO': {'authMethod': 0, 'beingUninitialized': False}}
118.25.243.250 - - [18/Aug/2023 00:30:09] "POST /mointor HTTP/1.1" 200 -
588
124.221.203.147 - - [18/Aug/2023 10:00:57] "GET /?password=wsj HTTP/1.1" 200 -
588
[2023-08-18 10:28:48,259] ERROR in app: Exception on / [GET]
Traceback (most recent call last):
  File "/usr/local/lib64/python3.6/site-packages/flask/app.py", line 2073, in wsgi_app
    response = self.full_dispatch_request()
  File "/usr/local/lib64/python3.6/site-packages/flask/app.py", line 1519, in full_dispatch_request
    return self.finalize_request(rv)
  File "/usr/local/lib64/python3.6/site-packages/flask/app.py", line 1538, in finalize_request
    response = self.make_response(rv)
  File "/usr/local/lib64/python3.6/site-packages/flask/app.py", line 1702, in make_response
    f"The view function for {request.endpoint!r} did not"
TypeError: The view function for 'result' did not return a valid response. The function either returned None or ended without a return statement.
167.248.133.38 - - [18/Aug/2023 10:28:48] "[35m[1mGET / HTTP/1.1[0m" 500 -
167.248.133.38 - - [18/Aug/2023 10:28:48] code 505, message Invalid HTTP version (2.0)
167.248.133.38 - - [18/Aug/2023 10:28:48] "[35m[1mPRI * HTTP/2.0[0m" HTTPStatus.HTTP_VERSION_NOT_SUPPORTED -
((588, datetime.datetime(2023, 8, 18, 0, 30, 9), 1, 120),)
708
yibukaishi
767676708@qq.com
767676708
{'beingInvited': False, 'corpName': None, 'loginToken': None, 'openId': None, 'token': '39520405-b8d4-4522-83c4-44f5d734a200', 'userInfo': {'beingBlackEmail': False, 'beingDisableExpiryRemind': False, 'beingExpand': None, 'beingInvited': False, 'beingLangFollowBrowser': True, 'beingOldVersion': None, 'beingPrivacyPolicy': True, 'beingSandBoxSuperAdmin': False, 'collectUserInfo': None, 'createTime': None, 'csShow': True, 'desktopRemind': True, 'email': '767676708@qq.com', 'firstLogin': None, 'grayLimit': 92, 'graySpecify': False, 'grayType': 1, 'hasPwdLoggedIn': False, 'havePassword': True, 'headImg': None, 'lang': None, 'lastWsInfo': {'accepted': None, 'accountLevel': 40, 'auth': 2, 'beingCustomizedAppSync': None, 'beingHideHelpDocument': False, 'beingSandbox': False, 'beingWatermark': False, 'biAuth': 'SUPER', 'canWorkWx': False, 'contactEnableNum': 1, 'contactNum': 1, 'dataRelatedStatus': 'NEW', 'departs': [], 'dynamic': None, 'exId': 'tAeLHd46LCL+V41t8L1UqA==', 'exUserId': '1876212', 'expireDate': 1693663231000, 'hideCopyright': False, 'logoutConfig': {'logOutToSso': False, 'serverName': None, 'ssoType': None}, 'memberId': 1702048, 'openConnectorList': [], 'openPluginList': [2, 3, 6, 7, 8, 9, 13, 14, 15, 16, 17, 25, 26, 27, 28, 29, 33, 34, 35, 36, 37, 38, 39, 42, 43, 44, 45, -2, 32], 'permissionStatus': None, 'pluginClickList': [], 'pluginLimitDetail': {'dashAllVisiableLimit': 4, 'dashAllVisiableNum': 0}, 'publicAccessAuthVO': {'beingAttachmentQuestion': False, 'beingPublicLink': False}, 'remark': '767676708@qq.com', 'showContact': True, 'trial': True, 'trialDays': '0', 'trialNotice': True, 'type': 'normal', 'useScheduledSync': False, 'watermarkConfig': {'showDate': False, 'showDeparts': False, 'showExUserId': False, 'showName': True, 'showPhoneNumber': False, 'showWsName': False}, 'wsDomain': None, 'wsFunction': 'platform', 'wsId': 437310, 'wsLimitDetail': {'canDashNum': -1, 'canFormNum': -1, 'canPackageNum': -1, 'currentDashNum': -1, 'currentFormNum': -1, 'currentPackageNum': -1}, 'wsName': '767676708@qq.comÁöÑÂ∑•‰ΩúÂå∫'}, 'mobile': '767676708', 'nickName': '767676708@qq.com', 'npsCollect': False, 'promoCode': 'f4a330c2b', 'randomEmail': False, 'recordedNewGuidePop': [], 'showProcessPersonal': False, 'signatureUrl': None, 'source': 'home_home', 'status': None, 'uid': 1876212}, 'userSecurityVO': {'authMethod': 0, 'beingUninitialized': False}}
{'beingInvited': False, 'corpName': None, 'loginToken': None, 'openId': None, 'token': '39520405-b8d4-4522-83c4-44f5d734a200', 'userInfo': {'beingBlackEmail': False, 'beingDisableExpiryRemind': False, 'beingExpand': None, 'beingInvited': False, 'beingLangFollowBrowser': True, 'beingOldVersion': None, 'beingPrivacyPolicy': True, 'beingSandBoxSuperAdmin': False, 'collectUserInfo': None, 'createTime': None, 'csShow': True, 'desktopRemind': True, 'email': '767676708@qq.com', 'firstLogin': None, 'grayLimit': 92, 'graySpecify': False, 'grayType': 1, 'hasPwdLoggedIn': False, 'havePassword': True, 'headImg': None, 'lang': None, 'lastWsInfo': {'accepted': None, 'accountLevel': 40, 'auth': 2, 'beingCustomizedAppSync': None, 'beingHideHelpDocument': False, 'beingSandbox': False, 'beingWatermark': False, 'biAuth': 'SUPER', 'canWorkWx': False, 'contactEnableNum': 1, 'contactNum': 1, 'dataRelatedStatus': 'NEW', 'departs': [], 'dynamic': None, 'exId': 'tAeLHd46LCL+V41t8L1UqA==', 'exUserId': '1876212', 'expireDate': 1693663231000, 'hideCopyright': False, 'logoutConfig': {'logOutToSso': False, 'serverName': None, 'ssoType': None}, 'memberId': 1702048, 'openConnectorList': [], 'openPluginList': [2, 3, 6, 7, 8, 9, 13, 14, 15, 16, 17, 25, 26, 27, 28, 29, 33, 34, 35, 36, 37, 38, 39, 42, 43, 44, 45, -2, 32], 'permissionStatus': None, 'pluginClickList': [], 'pluginLimitDetail': {'dashAllVisiableLimit': 4, 'dashAllVisiableNum': 0}, 'publicAccessAuthVO': {'beingAttachmentQuestion': False, 'beingPublicLink': False}, 'remark': '767676708@qq.com', 'showContact': True, 'trial': True, 'trialDays': '0', 'trialNotice': True, 'type': 'normal', 'useScheduledSync': False, 'watermarkConfig': {'showDate': False, 'showDeparts': False, 'showExUserId': False, 'showName': True, 'showPhoneNumber': False, 'showWsName': False}, 'wsDomain': None, 'wsFunction': 'platform', 'wsId': 437310, 'wsLimitDetail': {'canDashNum': -1, 'canFormNum': -1, 'canPackageNum': -1, 'currentDashNum': -1, 'currentFormNum': -1, 'currentPackageNum': -1}, 'wsName': '767676708@qq.comÁöÑÂ∑•‰ΩúÂå∫'}, 'mobile': '767676708', 'nickName': '767676708@qq.com', 'npsCollect': False, 'promoCode': 'f4a330c2b', 'randomEmail': False, 'recordedNewGuidePop': [], 'showProcessPersonal': False, 'signatureUrl': None, 'source': 'home_home', 'status': None, 'uid': 1876212}, 'userSecurityVO': {'authMethod': 0, 'beingUninitialized': False}}
118.25.243.250 - - [18/Aug/2023 22:00:31] "POST /mointor HTTP/1.1" 200 -
((589, datetime.datetime(2023, 8, 18, 22, 0, 31), 1, 120),)
709
yibukaishi
767676709@qq.com
767676709
{'beingInvited': False, 'corpName': None, 'loginToken': None, 'openId': None, 'token': '0a76c42b-c2da-4d81-b8ab-4274a12e2e91', 'userInfo': {'beingBlackEmail': False, 'beingDisableExpiryRemind': False, 'beingExpand': None, 'beingInvited': False, 'beingLangFollowBrowser': True, 'beingOldVersion': None, 'beingPrivacyPolicy': True, 'beingSandBoxSuperAdmin': False, 'collectUserInfo': None, 'createTime': None, 'csShow': True, 'desktopRemind': True, 'email': '767676709@qq.com', 'firstLogin': None, 'grayLimit': 93, 'graySpecify': False, 'grayType': 1, 'hasPwdLoggedIn': False, 'havePassword': True, 'headImg': None, 'lang': None, 'lastWsInfo': {'accepted': None, 'accountLevel': 40, 'auth': 2, 'beingCustomizedAppSync': None, 'beingHideHelpDocument': False, 'beingSandbox': False, 'beingWatermark': False, 'biAuth': 'SUPER', 'canWorkWx': False, 'contactEnableNum': 1, 'contactNum': 1, 'dataRelatedStatus': 'NEW', 'departs': [], 'dynamic': None, 'exId': 'tAeLHd46LCKjyAuvG93uTw==', 'exUserId': '1876242', 'expireDate': 1693666842000, 'hideCopyright': False, 'logoutConfig': {'logOutToSso': False, 'serverName': None, 'ssoType': None}, 'memberId': 1702066, 'openConnectorList': [], 'openPluginList': [2, 3, 6, 7, 8, 9, 13, 14, 15, 16, 17, 25, 26, 27, 28, 29, 33, 34, 35, 36, 37, 38, 39, 42, 43, 44, 45, -2, 32], 'permissionStatus': None, 'pluginClickList': [], 'pluginLimitDetail': {'dashAllVisiableLimit': 4, 'dashAllVisiableNum': 0}, 'publicAccessAuthVO': {'beingAttachmentQuestion': False, 'beingPublicLink': False}, 'remark': '767676709@qq.com', 'showContact': True, 'trial': True, 'trialDays': '0', 'trialNotice': True, 'type': 'normal', 'useScheduledSync': False, 'watermarkConfig': {'showDate': False, 'showDeparts': False, 'showExUserId': False, 'showName': True, 'showPhoneNumber': False, 'showWsName': False}, 'wsDomain': None, 'wsFunction': 'platform', 'wsId': 437320, 'wsLimitDetail': {'canDashNum': -1, 'canFormNum': -1, 'canPackageNum': -1, 'currentDashNum': -1, 'currentFormNum': -1, 'currentPackageNum': -1}, 'wsName': '767676709@qq.comÁöÑÂ∑•‰ΩúÂå∫'}, 'mobile': '767676709', 'nickName': '767676709@qq.com', 'npsCollect': False, 'promoCode': 'cea39435a', 'randomEmail': False, 'recordedNewGuidePop': [], 'showProcessPersonal': False, 'signatureUrl': None, 'source': 'home_home', 'status': None, 'uid': 1876242}, 'userSecurityVO': {'authMethod': 0, 'beingUninitialized': False}}
{'beingInvited': False, 'corpName': None, 'loginToken': None, 'openId': None, 'token': '0a76c42b-c2da-4d81-b8ab-4274a12e2e91', 'userInfo': {'beingBlackEmail': False, 'beingDisableExpiryRemind': False, 'beingExpand': None, 'beingInvited': False, 'beingLangFollowBrowser': True, 'beingOldVersion': None, 'beingPrivacyPolicy': True, 'beingSandBoxSuperAdmin': False, 'collectUserInfo': None, 'createTime': None, 'csShow': True, 'desktopRemind': True, 'email': '767676709@qq.com', 'firstLogin': None, 'grayLimit': 93, 'graySpecify': False, 'grayType': 1, 'hasPwdLoggedIn': False, 'havePassword': True, 'headImg': None, 'lang': None, 'lastWsInfo': {'accepted': None, 'accountLevel': 40, 'auth': 2, 'beingCustomizedAppSync': None, 'beingHideHelpDocument': False, 'beingSandbox': False, 'beingWatermark': False, 'biAuth': 'SUPER', 'canWorkWx': False, 'contactEnableNum': 1, 'contactNum': 1, 'dataRelatedStatus': 'NEW', 'departs': [], 'dynamic': None, 'exId': 'tAeLHd46LCKjyAuvG93uTw==', 'exUserId': '1876242', 'expireDate': 1693666842000, 'hideCopyright': False, 'logoutConfig': {'logOutToSso': False, 'serverName': None, 'ssoType': None}, 'memberId': 1702066, 'openConnectorList': [], 'openPluginList': [2, 3, 6, 7, 8, 9, 13, 14, 15, 16, 17, 25, 26, 27, 28, 29, 33, 34, 35, 36, 37, 38, 39, 42, 43, 44, 45, -2, 32], 'permissionStatus': None, 'pluginClickList': [], 'pluginLimitDetail': {'dashAllVisiableLimit': 4, 'dashAllVisiableNum': 0}, 'publicAccessAuthVO': {'beingAttachmentQuestion': False, 'beingPublicLink': False}, 'remark': '767676709@qq.com', 'showContact': True, 'trial': True, 'trialDays': '0', 'trialNotice': True, 'type': 'normal', 'useScheduledSync': False, 'watermarkConfig': {'showDate': False, 'showDeparts': False, 'showExUserId': False, 'showName': True, 'showPhoneNumber': False, 'showWsName': False}, 'wsDomain': None, 'wsFunction': 'platform', 'wsId': 437320, 'wsLimitDetail': {'canDashNum': -1, 'canFormNum': -1, 'canPackageNum': -1, 'currentDashNum': -1, 'currentFormNum': -1, 'currentPackageNum': -1}, 'wsName': '767676709@qq.comÁöÑÂ∑•‰ΩúÂå∫'}, 'mobile': '767676709', 'nickName': '767676709@qq.com', 'npsCollect': False, 'promoCode': 'cea39435a', 'randomEmail': False, 'recordedNewGuidePop': [], 'showProcessPersonal': False, 'signatureUrl': None, 'source': 'home_home', 'status': None, 'uid': 1876242}, 'userSecurityVO': {'authMethod': 0, 'beingUninitialized': False}}
118.25.243.250 - - [18/Aug/2023 23:00:42] "POST /mointor HTTP/1.1" 200 -
((590, datetime.datetime(2023, 8, 18, 23, 0, 42), 1, 120),)
710
yibukaishi
767676710@qq.com
767676710
{'beingInvited': False, 'corpName': None, 'loginToken': None, 'openId': None, 'token': '07bc5617-a852-462d-9055-21d3fe528c76', 'userInfo': {'beingBlackEmail': False, 'beingDisableExpiryRemind': False, 'beingExpand': None, 'beingInvited': False, 'beingLangFollowBrowser': True, 'beingOldVersion': None, 'beingPrivacyPolicy': True, 'beingSandBoxSuperAdmin': False, 'collectUserInfo': None, 'createTime': None, 'csShow': True, 'desktopRemind': True, 'email': '767676710@qq.com', 'firstLogin': None, 'grayLimit': 19, 'graySpecify': False, 'grayType': 1, 'hasPwdLoggedIn': False, 'havePassword': True, 'headImg': None, 'lang': None, 'lastWsInfo': {'accepted': None, 'accountLevel': 40, 'auth': 2, 'beingCustomizedAppSync': None, 'beingHideHelpDocument': False, 'beingSandbox': False, 'beingWatermark': False, 'biAuth': 'SUPER', 'canWorkWx': False, 'contactEnableNum': 1, 'contactNum': 1, 'dataRelatedStatus': 'NEW', 'departs': [], 'dynamic': None, 'exId': 'tAeLHd46LCIfatLBRN129g==', 'exUserId': '1876256', 'expireDate': 1693670429000, 'hideCopyright': False, 'logoutConfig': {'logOutToSso': False, 'serverName': None, 'ssoType': None}, 'memberId': 1702074, 'openConnectorList': [], 'openPluginList': [2, 3, 6, 7, 8, 9, 13, 14, 15, 16, 17, 25, 26, 27, 28, 29, 33, 34, 35, 36, 37, 38, 39, 42, 43, 44, 45, -2, 32], 'permissionStatus': None, 'pluginClickList': [], 'pluginLimitDetail': {'dashAllVisiableLimit': 4, 'dashAllVisiableNum': 0}, 'publicAccessAuthVO': {'beingAttachmentQuestion': False, 'beingPublicLink': False}, 'remark': '767676710@qq.com', 'showContact': True, 'trial': True, 'trialDays': '0', 'trialNotice': True, 'type': 'normal', 'useScheduledSync': False, 'watermarkConfig': {'showDate': False, 'showDeparts': False, 'showExUserId': False, 'showName': True, 'showPhoneNumber': False, 'showWsName': False}, 'wsDomain': None, 'wsFunction': 'platform', 'wsId': 437327, 'wsLimitDetail': {'canDashNum': -1, 'canFormNum': -1, 'canPackageNum': -1, 'currentDashNum': -1, 'currentFormNum': -1, 'currentPackageNum': -1}, 'wsName': '767676710@qq.comÁöÑÂ∑•‰ΩúÂå∫'}, 'mobile': '767676710', 'nickName': '767676710@qq.com', 'npsCollect': False, 'promoCode': '17c0e4569', 'randomEmail': False, 'recordedNewGuidePop': [], 'showProcessPersonal': False, 'signatureUrl': None, 'source': 'home_home', 'status': None, 'uid': 1876256}, 'userSecurityVO': {'authMethod': 0, 'beingUninitialized': False}}
{'beingInvited': False, 'corpName': None, 'loginToken': None, 'openId': None, 'token': '07bc5617-a852-462d-9055-21d3fe528c76', 'userInfo': {'beingBlackEmail': False, 'beingDisableExpiryRemind': False, 'beingExpand': None, 'beingInvited': False, 'beingLangFollowBrowser': True, 'beingOldVersion': None, 'beingPrivacyPolicy': True, 'beingSandBoxSuperAdmin': False, 'collectUserInfo': None, 'createTime': None, 'csShow': True, 'desktopRemind': True, 'email': '767676710@qq.com', 'firstLogin': None, 'grayLimit': 19, 'graySpecify': False, 'grayType': 1, 'hasPwdLoggedIn': False, 'havePassword': True, 'headImg': None, 'lang': None, 'lastWsInfo': {'accepted': None, 'accountLevel': 40, 'auth': 2, 'beingCustomizedAppSync': None, 'beingHideHelpDocument': False, 'beingSandbox': False, 'beingWatermark': False, 'biAuth': 'SUPER', 'canWorkWx': False, 'contactEnableNum': 1, 'contactNum': 1, 'dataRelatedStatus': 'NEW', 'departs': [], 'dynamic': None, 'exId': 'tAeLHd46LCIfatLBRN129g==', 'exUserId': '1876256', 'expireDate': 1693670429000, 'hideCopyright': False, 'logoutConfig': {'logOutToSso': False, 'serverName': None, 'ssoType': None}, 'memberId': 1702074, 'openConnectorList': [], 'openPluginList': [2, 3, 6, 7, 8, 9, 13, 14, 15, 16, 17, 25, 26, 27, 28, 29, 33, 34, 35, 36, 37, 38, 39, 42, 43, 44, 45, -2, 32], 'permissionStatus': None, 'pluginClickList': [], 'pluginLimitDetail': {'dashAllVisiableLimit': 4, 'dashAllVisiableNum': 0}, 'publicAccessAuthVO': {'beingAttachmentQuestion': False, 'beingPublicLink': False}, 'remark': '767676710@qq.com', 'showContact': True, 'trial': True, 'trialDays': '0', 'trialNotice': True, 'type': 'normal', 'useScheduledSync': False, 'watermarkConfig': {'showDate': False, 'showDeparts': False, 'showExUserId': False, 'showName': True, 'showPhoneNumber': False, 'showWsName': False}, 'wsDomain': None, 'wsFunction': 'platform', 'wsId': 437327, 'wsLimitDetail': {'canDashNum': -1, 'canFormNum': -1, 'canPackageNum': -1, 'currentDashNum': -1, 'currentFormNum': -1, 'currentPackageNum': -1}, 'wsName': '767676710@qq.comÁöÑÂ∑•‰ΩúÂå∫'}, 'mobile': '767676710', 'nickName': '767676710@qq.com', 'npsCollect': False, 'promoCode': '17c0e4569', 'randomEmail': False, 'recordedNewGuidePop': [], 'showProcessPersonal': False, 'signatureUrl': None, 'source': 'home_home', 'status': None, 'uid': 1876256}, 'userSecurityVO': {'authMethod': 0, 'beingUninitialized': False}}
118.25.243.250 - - [19/Aug/2023 00:00:29] "POST /mointor HTTP/1.1" 200 -
((591, datetime.datetime(2023, 8, 19, 0, 0, 29), 1, 120),)
711
yibukaishi
767676711@qq.com
767676711
{'beingInvited': False, 'corpName': None, 'loginToken': None, 'openId': None, 'token': '69829055-0b85-4a34-92e1-425ab58d33b5', 'userInfo': {'beingBlackEmail': False, 'beingDisableExpiryRemind': False, 'beingExpand': None, 'beingInvited': False, 'beingLangFollowBrowser': True, 'beingOldVersion': None, 'beingPrivacyPolicy': True, 'beingSandBoxSuperAdmin': False, 'collectUserInfo': None, 'createTime': None, 'csShow': True, 'desktopRemind': True, 'email': '767676711@qq.com', 'firstLogin': None, 'grayLimit': 29, 'graySpecify': False, 'grayType': 1, 'hasPwdLoggedIn': False, 'havePassword': True, 'headImg': None, 'lang': None, 'lastWsInfo': {'accepted': None, 'accountLevel': 40, 'auth': 2, 'beingCustomizedAppSync': None, 'beingHideHelpDocument': False, 'beingSandbox': False, 'beingWatermark': False, 'biAuth': 'SUPER', 'canWorkWx': False, 'contactEnableNum': 1, 'contactNum': 1, 'dataRelatedStatus': 'NEW', 'departs': [], 'dynamic': None, 'exId': 'tAeLHd46LCLGY3EfiXEeNA==', 'exUserId': '1876264', 'expireDate': 1693672209000, 'hideCopyright': False, 'logoutConfig': {'logOutToSso': False, 'serverName': None, 'ssoType': None}, 'memberId': 1702101, 'openConnectorList': [], 'openPluginList': [2, 3, 6, 7, 8, 9, 13, 14, 15, 16, 17, 25, 26, 27, 28, 29, 33, 34, 35, 36, 37, 38, 39, 42, 43, 44, 45, -2, 32], 'permissionStatus': None, 'pluginClickList': [], 'pluginLimitDetail': {'dashAllVisiableLimit': 4, 'dashAllVisiableNum': 0}, 'publicAccessAuthVO': {'beingAttachmentQuestion': False, 'beingPublicLink': False}, 'remark': '767676711@qq.com', 'showContact': True, 'trial': True, 'trialDays': '0', 'trialNotice': True, 'type': 'normal', 'useScheduledSync': False, 'watermarkConfig': {'showDate': False, 'showDeparts': False, 'showExUserId': False, 'showName': True, 'showPhoneNumber': False, 'showWsName': False}, 'wsDomain': None, 'wsFunction': 'platform', 'wsId': 437330, 'wsLimitDetail': {'canDashNum': -1, 'canFormNum': -1, 'canPackageNum': -1, 'currentDashNum': -1, 'currentFormNum': -1, 'currentPackageNum': -1}, 'wsName': '767676711@qq.comÁöÑÂ∑•‰ΩúÂå∫'}, 'mobile': '767676711', 'nickName': '767676711@qq.com', 'npsCollect': False, 'promoCode': '78803375a', 'randomEmail': False, 'recordedNewGuidePop': [], 'showProcessPersonal': False, 'signatureUrl': None, 'source': 'home_home', 'status': None, 'uid': 1876264}, 'userSecurityVO': {'authMethod': 0, 'beingUninitialized': False}}
{'beingInvited': False, 'corpName': None, 'loginToken': None, 'openId': None, 'token': '69829055-0b85-4a34-92e1-425ab58d33b5', 'userInfo': {'beingBlackEmail': False, 'beingDisableExpiryRemind': False, 'beingExpand': None, 'beingInvited': False, 'beingLangFollowBrowser': True, 'beingOldVersion': None, 'beingPrivacyPolicy': True, 'beingSandBoxSuperAdmin': False, 'collectUserInfo': None, 'createTime': None, 'csShow': True, 'desktopRemind': True, 'email': '767676711@qq.com', 'firstLogin': None, 'grayLimit': 29, 'graySpecify': False, 'grayType': 1, 'hasPwdLoggedIn': False, 'havePassword': True, 'headImg': None, 'lang': None, 'lastWsInfo': {'accepted': None, 'accountLevel': 40, 'auth': 2, 'beingCustomizedAppSync': None, 'beingHideHelpDocument': False, 'beingSandbox': False, 'beingWatermark': False, 'biAuth': 'SUPER', 'canWorkWx': False, 'contactEnableNum': 1, 'contactNum': 1, 'dataRelatedStatus': 'NEW', 'departs': [], 'dynamic': None, 'exId': 'tAeLHd46LCLGY3EfiXEeNA==', 'exUserId': '1876264', 'expireDate': 1693672209000, 'hideCopyright': False, 'logoutConfig': {'logOutToSso': False, 'serverName': None, 'ssoType': None}, 'memberId': 1702101, 'openConnectorList': [], 'openPluginList': [2, 3, 6, 7, 8, 9, 13, 14, 15, 16, 17, 25, 26, 27, 28, 29, 33, 34, 35, 36, 37, 38, 39, 42, 43, 44, 45, -2, 32], 'permissionStatus': None, 'pluginClickList': [], 'pluginLimitDetail': {'dashAllVisiableLimit': 4, 'dashAllVisiableNum': 0}, 'publicAccessAuthVO': {'beingAttachmentQuestion': False, 'beingPublicLink': False}, 'remark': '767676711@qq.com', 'showContact': True, 'trial': True, 'trialDays': '0', 'trialNotice': True, 'type': 'normal', 'useScheduledSync': False, 'watermarkConfig': {'showDate': False, 'showDeparts': False, 'showExUserId': False, 'showName': True, 'showPhoneNumber': False, 'showWsName': False}, 'wsDomain': None, 'wsFunction': 'platform', 'wsId': 437330, 'wsLimitDetail': {'canDashNum': -1, 'canFormNum': -1, 'canPackageNum': -1, 'currentDashNum': -1, 'currentFormNum': -1, 'currentPackageNum': -1}, 'wsName': '767676711@qq.comÁöÑÂ∑•‰ΩúÂå∫'}, 'mobile': '767676711', 'nickName': '767676711@qq.com', 'npsCollect': False, 'promoCode': '78803375a', 'randomEmail': False, 'recordedNewGuidePop': [], 'showProcessPersonal': False, 'signatureUrl': None, 'source': 'home_home', 'status': None, 'uid': 1876264}, 'userSecurityVO': {'authMethod': 0, 'beingUninitialized': False}}
118.25.243.250 - - [19/Aug/2023 00:30:09] "POST /mointor HTTP/1.1" 200 -
592
124.221.203.147 - - [19/Aug/2023 10:00:57] "GET /?password=wsj HTTP/1.1" 200 -
185.233.19.224 - - [19/Aug/2023 20:05:16] code 400, message Bad request syntax ("\x16\x03\x01\x00√Æ\x01\x00\x00√™\x03\x03¬æ√õ¬≤TH'W√≥¬≤√¢¬º√∞\x8a¬ºH√î¬π!j\x02√ú\x95[Q√ìZ}f// \x18 2√¨√¥X4√±6[\x99~W¬Ø>j\x8b¬´\x9fu\x97\x12\x9byU\x8e\x86@\x0e¬º4\x8a\x0b√â\x00&√Ä+√Ä/√Ä,√Ä0√å¬©√å¬®√Ä\t√Ä\x13√Ä")
185.233.19.224 - - [19/Aug/2023 20:05:16] "[35m[1m √Æ  √™¬æ√õ¬≤TH'W√≥¬≤√¢¬º√∞¬ä¬ºH√î¬π!j√ú¬ï[Q√ìZ}f//  2√¨√¥X4√±6[¬ô~W¬Ø>j¬ã¬´¬üu¬ó¬õyU¬é¬Ü@¬º4¬ä√â &√Ä+√Ä/√Ä,√Ä0√å¬©√å¬®√Ä	√Ä√Ä[0m" HTTPStatus.BAD_REQUEST -
185.233.19.224 - - [19/Aug/2023 20:05:17] code 400, message Bad request syntax ('\x16\x03\x01\x00√Æ\x01\x00\x00√™\x03\x03gbo\x9a/<$¬ª\\\x07√Ü]\x04J>\x87T√ó√û√±√†\x9b\x08√õ\x9c\x10√πx>\x86:¬ø \x13√ûN(:\x89\x97\x17\x90V√â\x96\x1fn\x9c*¬ß√úT√Ün¬∂√©6\x9b√§\x91[kX\x19¬∂\x00&√Ä+√Ä/√Ä,√Ä0√å¬©√å¬®√Ä\t√Ä\x13√Ä')
185.233.19.224 - - [19/Aug/2023 20:05:17] "[35m[1m √Æ  √™gbo¬ö/<$¬ª\√Ü]J>¬áT√ó√û√±√†¬õ√õ¬ú√πx>¬Ü:¬ø √ûN(:¬â¬ó¬êV√â¬ñn¬ú*¬ß√úT√Ün¬∂√©6¬õ√§¬ë[kX¬∂ &√Ä+√Ä/√Ä,√Ä0√å¬©√å¬®√Ä	√Ä√Ä[0m" HTTPStatus.BAD_REQUEST -
592
[2023-08-19 20:05:18,357] ERROR in app: Exception on / [GET]
Traceback (most recent call last):
  File "/usr/local/lib64/python3.6/site-packages/flask/app.py", line 2073, in wsgi_app
    response = self.full_dispatch_request()
  File "/usr/local/lib64/python3.6/site-packages/flask/app.py", line 1519, in full_dispatch_request
    return self.finalize_request(rv)
  File "/usr/local/lib64/python3.6/site-packages/flask/app.py", line 1538, in finalize_request
    response = self.make_response(rv)
  File "/usr/local/lib64/python3.6/site-packages/flask/app.py", line 1702, in make_response
    f"The view function for {request.endpoint!r} did not"
TypeError: The view function for 'result' did not return a valid response. The function either returned None or ended without a return statement.
185.233.19.224 - - [19/Aug/2023 20:05:18] "[35m[1mGET / HTTP/1.1[0m" 500 -
592
[2023-08-19 20:05:35,082] ERROR in app: Exception on / [GET]
Traceback (most recent call last):
  File "/usr/local/lib64/python3.6/site-packages/flask/app.py", line 2073, in wsgi_app
    response = self.full_dispatch_request()
  File "/usr/local/lib64/python3.6/site-packages/flask/app.py", line 1519, in full_dispatch_request
    return self.finalize_request(rv)
  File "/usr/local/lib64/python3.6/site-packages/flask/app.py", line 1538, in finalize_request
    response = self.make_response(rv)
  File "/usr/local/lib64/python3.6/site-packages/flask/app.py", line 1702, in make_response
    f"The view function for {request.endpoint!r} did not"
TypeError: The view function for 'result' did not return a valid response. The function either returned None or ended without a return statement.
185.233.19.236 - - [19/Aug/2023 20:05:35] "[35m[1mGET / HTTP/1.1[0m" 500 -
185.233.19.236 - - [19/Aug/2023 20:05:35] "[33mGET /favicon.ico HTTP/1.1[0m" 404 -
((592, datetime.datetime(2023, 8, 19, 0, 30, 9), 1, 120),)
712
yibukaishi
767676712@qq.com
767676712
{'beingInvited': False, 'corpName': None, 'loginToken': None, 'openId': None, 'token': '87e0e528-8f5b-4c75-b8d4-923e6feb26d9', 'userInfo': {'beingBlackEmail': False, 'beingDisableExpiryRemind': False, 'beingExpand': None, 'beingInvited': False, 'beingLangFollowBrowser': True, 'beingOldVersion': None, 'beingPrivacyPolicy': True, 'beingSandBoxSuperAdmin': False, 'collectUserInfo': None, 'createTime': None, 'csShow': True, 'desktopRemind': True, 'email': '767676712@qq.com', 'firstLogin': None, 'grayLimit': 47, 'graySpecify': False, 'grayType': 1, 'hasPwdLoggedIn': False, 'havePassword': True, 'headImg': None, 'lang': None, 'lastWsInfo': {'accepted': None, 'accountLevel': 40, 'auth': 2, 'beingCustomizedAppSync': None, 'beingHideHelpDocument': False, 'beingSandbox': False, 'beingWatermark': False, 'biAuth': 'SUPER', 'canWorkWx': False, 'contactEnableNum': 1, 'contactNum': 1, 'dataRelatedStatus': 'NEW', 'departs': [], 'dynamic': None, 'exId': 'tAeLHd46LCJTFZ426Dt3IQ==', 'exUserId': '1876920', 'expireDate': 1693756863000, 'hideCopyright': False, 'logoutConfig': {'logOutToSso': False, 'serverName': None, 'ssoType': None}, 'memberId': 1702512, 'openConnectorList': [], 'openPluginList': [2, 3, 6, 7, 8, 9, 13, 14, 15, 16, 17, 25, 26, 27, 28, 29, 33, 34, 35, 36, 37, 38, 39, 42, 43, 44, 45, -2, 32], 'permissionStatus': None, 'pluginClickList': [], 'pluginLimitDetail': {'dashAllVisiableLimit': 4, 'dashAllVisiableNum': 0}, 'publicAccessAuthVO': {'beingAttachmentQuestion': False, 'beingPublicLink': False}, 'remark': '767676712@qq.com', 'showContact': True, 'trial': True, 'trialDays': '0', 'trialNotice': True, 'type': 'normal', 'useScheduledSync': False, 'watermarkConfig': {'showDate': False, 'showDeparts': False, 'showExUserId': False, 'showName': True, 'showPhoneNumber': False, 'showWsName': False}, 'wsDomain': None, 'wsFunction': 'platform', 'wsId': 437579, 'wsLimitDetail': {'canDashNum': -1, 'canFormNum': -1, 'canPackageNum': -1, 'currentDashNum': -1, 'currentFormNum': -1, 'currentPackageNum': -1}, 'wsName': '767676712@qq.comÁöÑÂ∑•‰ΩúÂå∫'}, 'mobile': '767676712', 'nickName': '767676712@qq.com', 'npsCollect': False, 'promoCode': 'ce78231d7', 'randomEmail': False, 'recordedNewGuidePop': [], 'showProcessPersonal': False, 'signatureUrl': None, 'source': 'home_home', 'status': None, 'uid': 1876920}, 'userSecurityVO': {'authMethod': 0, 'beingUninitialized': False}}
{'beingInvited': False, 'corpName': None, 'loginToken': None, 'openId': None, 'token': '87e0e528-8f5b-4c75-b8d4-923e6feb26d9', 'userInfo': {'beingBlackEmail': False, 'beingDisableExpiryRemind': False, 'beingExpand': None, 'beingInvited': False, 'beingLangFollowBrowser': True, 'beingOldVersion': None, 'beingPrivacyPolicy': True, 'beingSandBoxSuperAdmin': False, 'collectUserInfo': None, 'createTime': None, 'csShow': True, 'desktopRemind': True, 'email': '767676712@qq.com', 'firstLogin': None, 'grayLimit': 47, 'graySpecify': False, 'grayType': 1, 'hasPwdLoggedIn': False, 'havePassword': True, 'headImg': None, 'lang': None, 'lastWsInfo': {'accepted': None, 'accountLevel': 40, 'auth': 2, 'beingCustomizedAppSync': None, 'beingHideHelpDocument': False, 'beingSandbox': False, 'beingWatermark': False, 'biAuth': 'SUPER', 'canWorkWx': False, 'contactEnableNum': 1, 'contactNum': 1, 'dataRelatedStatus': 'NEW', 'departs': [], 'dynamic': None, 'exId': 'tAeLHd46LCJTFZ426Dt3IQ==', 'exUserId': '1876920', 'expireDate': 1693756863000, 'hideCopyright': False, 'logoutConfig': {'logOutToSso': False, 'serverName': None, 'ssoType': None}, 'memberId': 1702512, 'openConnectorList': [], 'openPluginList': [2, 3, 6, 7, 8, 9, 13, 14, 15, 16, 17, 25, 26, 27, 28, 29, 33, 34, 35, 36, 37, 38, 39, 42, 43, 44, 45, -2, 32], 'permissionStatus': None, 'pluginClickList': [], 'pluginLimitDetail': {'dashAllVisiableLimit': 4, 'dashAllVisiableNum': 0}, 'publicAccessAuthVO': {'beingAttachmentQuestion': False, 'beingPublicLink': False}, 'remark': '767676712@qq.com', 'showContact': True, 'trial': True, 'trialDays': '0', 'trialNotice': True, 'type': 'normal', 'useScheduledSync': False, 'watermarkConfig': {'showDate': False, 'showDeparts': False, 'showExUserId': False, 'showName': True, 'showPhoneNumber': False, 'showWsName': False}, 'wsDomain': None, 'wsFunction': 'platform', 'wsId': 437579, 'wsLimitDetail': {'canDashNum': -1, 'canFormNum': -1, 'canPackageNum': -1, 'currentDashNum': -1, 'currentFormNum': -1, 'currentPackageNum': -1}, 'wsName': '767676712@qq.comÁöÑÂ∑•‰ΩúÂå∫'}, 'mobile': '767676712', 'nickName': '767676712@qq.com', 'npsCollect': False, 'promoCode': 'ce78231d7', 'randomEmail': False, 'recordedNewGuidePop': [], 'showProcessPersonal': False, 'signatureUrl': None, 'source': 'home_home', 'status': None, 'uid': 1876920}, 'userSecurityVO': {'authMethod': 0, 'beingUninitialized': False}}
118.25.243.250 - - [20/Aug/2023 00:01:03] "POST /mointor HTTP/1.1" 200 -
((593, datetime.datetime(2023, 8, 20, 0, 1, 3), 1, 120),)
713
yibukaishi
767676713@qq.com
767676713
{'beingInvited': False, 'corpName': None, 'loginToken': None, 'openId': None, 'token': '52513e64-316b-48ba-a360-1b51c9dac4c5', 'userInfo': {'beingBlackEmail': False, 'beingDisableExpiryRemind': False, 'beingExpand': None, 'beingInvited': False, 'beingLangFollowBrowser': True, 'beingOldVersion': None, 'beingPrivacyPolicy': True, 'beingSandBoxSuperAdmin': False, 'collectUserInfo': None, 'createTime': None, 'csShow': True, 'desktopRemind': True, 'email': '767676713@qq.com', 'firstLogin': None, 'grayLimit': 50, 'graySpecify': False, 'grayType': 1, 'hasPwdLoggedIn': False, 'havePassword': True, 'headImg': None, 'lang': None, 'lastWsInfo': {'accepted': None, 'accountLevel': 40, 'auth': 2, 'beingCustomizedAppSync': None, 'beingHideHelpDocument': False, 'beingSandbox': False, 'beingWatermark': False, 'biAuth': 'SUPER', 'canWorkWx': False, 'contactEnableNum': 1, 'contactNum': 1, 'dataRelatedStatus': 'NEW', 'departs': [], 'dynamic': None, 'exId': 'tAeLHd46LCIeHRVBitsNgw==', 'exUserId': '1876923', 'expireDate': 1693758609000, 'hideCopyright': False, 'logoutConfig': {'logOutToSso': False, 'serverName': None, 'ssoType': None}, 'memberId': 1702513, 'openConnectorList': [], 'openPluginList': [2, 3, 6, 7, 8, 9, 13, 14, 15, 16, 17, 25, 26, 27, 28, 29, 33, 34, 35, 36, 37, 38, 39, 42, 43, 44, 45, -2, 32], 'permissionStatus': None, 'pluginClickList': [], 'pluginLimitDetail': {'dashAllVisiableLimit': 4, 'dashAllVisiableNum': 0}, 'publicAccessAuthVO': {'beingAttachmentQuestion': False, 'beingPublicLink': False}, 'remark': '767676713@qq.com', 'showContact': True, 'trial': True, 'trialDays': '0', 'trialNotice': True, 'type': 'normal', 'useScheduledSync': False, 'watermarkConfig': {'showDate': False, 'showDeparts': False, 'showExUserId': False, 'showName': True, 'showPhoneNumber': False, 'showWsName': False}, 'wsDomain': None, 'wsFunction': 'platform', 'wsId': 437580, 'wsLimitDetail': {'canDashNum': -1, 'canFormNum': -1, 'canPackageNum': -1, 'currentDashNum': -1, 'currentFormNum': -1, 'currentPackageNum': -1}, 'wsName': '767676713@qq.comÁöÑÂ∑•‰ΩúÂå∫'}, 'mobile': '767676713', 'nickName': '767676713@qq.com', 'npsCollect': False, 'promoCode': '8b3d39544', 'randomEmail': False, 'recordedNewGuidePop': [], 'showProcessPersonal': False, 'signatureUrl': None, 'source': 'home_home', 'status': None, 'uid': 1876923}, 'userSecurityVO': {'authMethod': 0, 'beingUninitialized': False}}
{'beingInvited': False, 'corpName': None, 'loginToken': None, 'openId': None, 'token': '52513e64-316b-48ba-a360-1b51c9dac4c5', 'userInfo': {'beingBlackEmail': False, 'beingDisableExpiryRemind': False, 'beingExpand': None, 'beingInvited': False, 'beingLangFollowBrowser': True, 'beingOldVersion': None, 'beingPrivacyPolicy': True, 'beingSandBoxSuperAdmin': False, 'collectUserInfo': None, 'createTime': None, 'csShow': True, 'desktopRemind': True, 'email': '767676713@qq.com', 'firstLogin': None, 'grayLimit': 50, 'graySpecify': False, 'grayType': 1, 'hasPwdLoggedIn': False, 'havePassword': True, 'headImg': None, 'lang': None, 'lastWsInfo': {'accepted': None, 'accountLevel': 40, 'auth': 2, 'beingCustomizedAppSync': None, 'beingHideHelpDocument': False, 'beingSandbox': False, 'beingWatermark': False, 'biAuth': 'SUPER', 'canWorkWx': False, 'contactEnableNum': 1, 'contactNum': 1, 'dataRelatedStatus': 'NEW', 'departs': [], 'dynamic': None, 'exId': 'tAeLHd46LCIeHRVBitsNgw==', 'exUserId': '1876923', 'expireDate': 1693758609000, 'hideCopyright': False, 'logoutConfig': {'logOutToSso': False, 'serverName': None, 'ssoType': None}, 'memberId': 1702513, 'openConnectorList': [], 'openPluginList': [2, 3, 6, 7, 8, 9, 13, 14, 15, 16, 17, 25, 26, 27, 28, 29, 33, 34, 35, 36, 37, 38, 39, 42, 43, 44, 45, -2, 32], 'permissionStatus': None, 'pluginClickList': [], 'pluginLimitDetail': {'dashAllVisiableLimit': 4, 'dashAllVisiableNum': 0}, 'publicAccessAuthVO': {'beingAttachmentQuestion': False, 'beingPublicLink': False}, 'remark': '767676713@qq.com', 'showContact': True, 'trial': True, 'trialDays': '0', 'trialNotice': True, 'type': 'normal', 'useScheduledSync': False, 'watermarkConfig': {'showDate': False, 'showDeparts': False, 'showExUserId': False, 'showName': True, 'showPhoneNumber': False, 'showWsName': False}, 'wsDomain': None, 'wsFunction': 'platform', 'wsId': 437580, 'wsLimitDetail': {'canDashNum': -1, 'canFormNum': -1, 'canPackageNum': -1, 'currentDashNum': -1, 'currentFormNum': -1, 'currentPackageNum': -1}, 'wsName': '767676713@qq.comÁöÑÂ∑•‰ΩúÂå∫'}, 'mobile': '767676713', 'nickName': '767676713@qq.com', 'npsCollect': False, 'promoCode': '8b3d39544', 'randomEmail': False, 'recordedNewGuidePop': [], 'showProcessPersonal': False, 'signatureUrl': None, 'source': 'home_home', 'status': None, 'uid': 1876923}, 'userSecurityVO': {'authMethod': 0, 'beingUninitialized': False}}
118.25.243.250 - - [20/Aug/2023 00:30:09] "POST /mointor HTTP/1.1" 200 -
594
[2023-08-20 01:19:17,300] ERROR in app: Exception on / [GET]
Traceback (most recent call last):
  File "/usr/local/lib64/python3.6/site-packages/flask/app.py", line 2073, in wsgi_app
    response = self.full_dispatch_request()
  File "/usr/local/lib64/python3.6/site-packages/flask/app.py", line 1519, in full_dispatch_request
    return self.finalize_request(rv)
  File "/usr/local/lib64/python3.6/site-packages/flask/app.py", line 1538, in finalize_request
    response = self.make_response(rv)
  File "/usr/local/lib64/python3.6/site-packages/flask/app.py", line 1702, in make_response
    f"The view function for {request.endpoint!r} did not"
TypeError: The view function for 'result' did not return a valid response. The function either returned None or ended without a return statement.
162.142.125.11 - - [20/Aug/2023 01:19:17] "[35m[1mGET / HTTP/1.1[0m" 500 -
162.142.125.11 - - [20/Aug/2023 01:19:17] code 505, message Invalid HTTP version (2.0)
162.142.125.11 - - [20/Aug/2023 01:19:17] "[35m[1mPRI * HTTP/2.0[0m" HTTPStatus.HTTP_VERSION_NOT_SUPPORTED -
594
124.221.203.147 - - [20/Aug/2023 10:00:58] "GET /?password=wsj HTTP/1.1" 200 -
594
[2023-08-20 16:35:37,740] ERROR in app: Exception on / [GET]
Traceback (most recent call last):
  File "/usr/local/lib64/python3.6/site-packages/flask/app.py", line 2073, in wsgi_app
    response = self.full_dispatch_request()
  File "/usr/local/lib64/python3.6/site-packages/flask/app.py", line 1519, in full_dispatch_request
    return self.finalize_request(rv)
  File "/usr/local/lib64/python3.6/site-packages/flask/app.py", line 1538, in finalize_request
    response = self.make_response(rv)
  File "/usr/local/lib64/python3.6/site-packages/flask/app.py", line 1702, in make_response
    f"The view function for {request.endpoint!r} did not"
TypeError: The view function for 'result' did not return a valid response. The function either returned None or ended without a return statement.
123.56.155.157 - - [20/Aug/2023 16:35:37] "[35m[1mGET / HTTP/1.0[0m" 500 -
123.56.155.157 - - [20/Aug/2023 16:35:47] "[33mGET /index.asp HTTP/1.1[0m" 404 -
123.56.155.157 - - [20/Aug/2023 16:35:47] "[33mGET /default.aspx HTTP/1.1[0m" 404 -
123.56.155.157 - - [20/Aug/2023 16:35:48] "[33mGET /menu.pl HTTP/1.1[0m" 404 -
594
[2023-08-20 16:35:48,034] ERROR in app: Exception on / [GET]
Traceback (most recent call last):
  File "/usr/local/lib64/python3.6/site-packages/flask/app.py", line 2073, in wsgi_app
    response = self.full_dispatch_request()
  File "/usr/local/lib64/python3.6/site-packages/flask/app.py", line 1519, in full_dispatch_request
    return self.finalize_request(rv)
  File "/usr/local/lib64/python3.6/site-packages/flask/app.py", line 1538, in finalize_request
    response = self.make_response(rv)
  File "/usr/local/lib64/python3.6/site-packages/flask/app.py", line 1702, in make_response
    f"The view function for {request.endpoint!r} did not"
TypeError: The view function for 'result' did not return a valid response. The function either returned None or ended without a return statement.
123.56.155.157 - - [20/Aug/2023 16:35:48] "[35m[1mGET / HTTP/1.1[0m" 500 -
123.56.155.157 - - [20/Aug/2023 16:35:48] "[33mGET /localstart.shtml HTTP/1.1[0m" 404 -
123.56.155.157 - - [20/Aug/2023 16:35:48] "[33mGET /Portal0000.htm HTTP/1.1[0m" 404 -
123.56.155.157 - - [20/Aug/2023 16:35:48] "[33mGET /CSS/Miniweb.css HTTP/1.1[0m" 404 -
123.56.155.157 - - [20/Aug/2023 16:35:48] "[33mGET /Portal/Portal.mwsl HTTP/1.1[0m" 404 -
123.56.155.157 - - [20/Aug/2023 16:35:48] "[33mGET /base.asp HTTP/1.1[0m" 404 -
123.56.155.157 - - [20/Aug/2023 16:35:48] "[33mGET /ObjA HTTP/1.1[0m" 404 -
123.56.155.157 - - [20/Aug/2023 16:35:48] "[33mGET /__Additional HTTP/1.1[0m" 404 -
123.56.155.157 - - [20/Aug/2023 16:35:48] "[33mGET /docs/cplugError.html/ HTTP/1.1[0m" 404 -
123.56.155.157 - - [20/Aug/2023 16:35:48] "[33mGET /menu.jsa HTTP/1.1[0m" 404 -
123.56.155.157 - - [20/Aug/2023 16:35:48] "[33mPOST /sdk HTTP/1.1[0m" 404 -
123.56.155.157 - - [20/Aug/2023 16:35:48] "[33mGET /default.php HTTP/1.1[0m" 404 -
123.56.155.157 - - [20/Aug/2023 16:35:48] "[33mGET /localstart.php HTTP/1.1[0m" 404 -
123.56.155.157 - - [20/Aug/2023 16:35:48] "[33mGET /default.jhtml HTTP/1.1[0m" 404 -
123.56.155.157 - - [20/Aug/2023 16:35:49] "[33mGET /.git/HEAD HTTP/1.1[0m" 404 -
594
[2023-08-20 16:35:49,094] ERROR in app: Exception on / [HEAD]
Traceback (most recent call last):
  File "/usr/local/lib64/python3.6/site-packages/flask/app.py", line 2073, in wsgi_app
    response = self.full_dispatch_request()
  File "/usr/local/lib64/python3.6/site-packages/flask/app.py", line 1519, in full_dispatch_request
    return self.finalize_request(rv)
  File "/usr/local/lib64/python3.6/site-packages/flask/app.py", line 1538, in finalize_request
    response = self.make_response(rv)
  File "/usr/local/lib64/python3.6/site-packages/flask/app.py", line 1702, in make_response
    f"The view function for {request.endpoint!r} did not"
TypeError: The view function for 'result' did not return a valid response. The function either returned None or ended without a return statement.
123.56.155.157 - - [20/Aug/2023 16:35:49] "[35m[1mHEAD / HTTP/1.1[0m" 500 -
123.56.155.157 - - [20/Aug/2023 16:35:49] "[33mGET /inicio.jsa HTTP/1.1[0m" 404 -
594
[2023-08-20 16:35:49,117] ERROR in app: Exception on / [GET]
Traceback (most recent call last):
  File "/usr/local/lib64/python3.6/site-packages/flask/app.py", line 2073, in wsgi_app
    response = self.full_dispatch_request()
  File "/usr/local/lib64/python3.6/site-packages/flask/app.py", line 1519, in full_dispatch_request
    return self.finalize_request(rv)
  File "/usr/local/lib64/python3.6/site-packages/flask/app.py", line 1538, in finalize_request
    response = self.make_response(rv)
  File "/usr/local/lib64/python3.6/site-packages/flask/app.py", line 1702, in make_response
    f"The view function for {request.endpoint!r} did not"
TypeError: The view function for 'result' did not return a valid response. The function either returned None or ended without a return statement.
123.56.155.157 - - [20/Aug/2023 16:35:49] "[35m[1mGET /?=PHPE9568F36-D428-11d2-A769-00AA001ACF42 HTTP/1.1[0m" 500 -
123.56.155.157 - - [20/Aug/2023 16:35:49] "[33mGET /admin.shtml HTTP/1.1[0m" 404 -
594
[2023-08-20 16:35:49,362] ERROR in app: Exception on / [GET]
Traceback (most recent call last):
  File "/usr/local/lib64/python3.6/site-packages/flask/app.py", line 2073, in wsgi_app
    response = self.full_dispatch_request()
  File "/usr/local/lib64/python3.6/site-packages/flask/app.py", line 1519, in full_dispatch_request
    return self.finalize_request(rv)
  File "/usr/local/lib64/python3.6/site-packages/flask/app.py", line 1538, in finalize_request
    response = self.make_response(rv)
  File "/usr/local/lib64/python3.6/site-packages/flask/app.py", line 1702, in make_response
    f"The view function for {request.endpoint!r} did not"
TypeError: The view function for 'result' did not return a valid response. The function either returned None or ended without a return statement.
123.56.155.157 - - [20/Aug/2023 16:35:49] "[35m[1mGET / HTTP/1.1[0m" 500 -
594
[2023-08-20 16:35:49,419] ERROR in app: Exception on / [GET]
Traceback (most recent call last):
  File "/usr/local/lib64/python3.6/site-packages/flask/app.py", line 2073, in wsgi_app
    response = self.full_dispatch_request()
  File "/usr/local/lib64/python3.6/site-packages/flask/app.py", line 1519, in full_dispatch_request
    return self.finalize_request(rv)
  File "/usr/local/lib64/python3.6/site-packages/flask/app.py", line 1538, in finalize_request
    response = self.make_response(rv)
  File "/usr/local/lib64/python3.6/site-packages/flask/app.py", line 1702, in make_response
    f"The view function for {request.endpoint!r} did not"
TypeError: The view function for 'result' did not return a valid response. The function either returned None or ended without a return statement.
123.56.155.157 - - [20/Aug/2023 16:35:49] "[35m[1mGET /?=PHPB8B5F2A0-3C92-11d3-A3A9-4C7B08C10000 HTTP/1.1[0m" 500 -
123.56.155.157 - - [20/Aug/2023 16:35:49] "[33mGET /admin.asp HTTP/1.1[0m" 404 -
594
[2023-08-20 16:35:49,518] ERROR in app: Exception on / [GET]
Traceback (most recent call last):
  File "/usr/local/lib64/python3.6/site-packages/flask/app.py", line 2073, in wsgi_app
    response = self.full_dispatch_request()
  File "/usr/local/lib64/python3.6/site-packages/flask/app.py", line 1519, in full_dispatch_request
    return self.finalize_request(rv)
  File "/usr/local/lib64/python3.6/site-packages/flask/app.py", line 1538, in finalize_request
    response = self.make_response(rv)
  File "/usr/local/lib64/python3.6/site-packages/flask/app.py", line 1702, in make_response
    f"The view function for {request.endpoint!r} did not"
TypeError: The view function for 'result' did not return a valid response. The function either returned None or ended without a return statement.
123.56.155.157 - - [20/Aug/2023 16:35:49] "[35m[1mGET / HTTP/1.1[0m" 500 -
123.56.155.157 - - [20/Aug/2023 16:35:49] "[33mGET /main.jsp HTTP/1.1[0m" 404 -
123.56.155.157 - - [20/Aug/2023 16:35:49] "[33mGET /nmaplowercheck1692520547 HTTP/1.1[0m" 404 -
123.56.155.157 - - [20/Aug/2023 16:35:49] "[33mGET /HNAP1 HTTP/1.1[0m" 404 -
123.56.155.157 - - [20/Aug/2023 16:35:49] "[33mGET /favicon.ico HTTP/1.1[0m" 404 -
123.56.155.157 - - [20/Aug/2023 16:35:49] "[33mGET /admin.pl HTTP/1.1[0m" 404 -
123.56.155.157 - - [20/Aug/2023 16:35:49] "[33mGET /default.cgi HTTP/1.1[0m" 404 -
123.56.155.157 - - [20/Aug/2023 16:35:50] "[33mGET /admin.php HTTP/1.1[0m" 404 -
123.56.155.157 - - [20/Aug/2023 16:35:50] "[33mGET /start.html HTTP/1.1[0m" 404 -
123.56.155.157 - - [20/Aug/2023 16:35:50] "[33mGET /base.jsa HTTP/1.1[0m" 404 -
123.56.155.157 - - [20/Aug/2023 16:35:50] "[33mGET /index.pl HTTP/1.1[0m" 404 -
123.56.155.157 - - [20/Aug/2023 16:35:50] "[33mGET /admin.jsa HTTP/1.1[0m" 404 -
123.56.155.157 - - [20/Aug/2023 16:35:50] "[33mGET /inicio.pl HTTP/1.1[0m" 404 -
123.56.155.157 - - [20/Aug/2023 16:35:50] "[33mGET /index.html HTTP/1.1[0m" 404 -
123.56.155.157 - - [20/Aug/2023 16:35:51] "[33mGET /default.jsa HTTP/1.1[0m" 404 -
123.56.155.157 - - [20/Aug/2023 16:35:51] "[33mGET /inicio.jsp HTTP/1.1[0m" 404 -
123.56.155.157 - - [20/Aug/2023 16:35:51] "[33mGET /admin.cgi HTTP/1.1[0m" 404 -
123.56.155.157 - - [20/Aug/2023 16:35:51] "[33mGET /indice.shtml HTTP/1.1[0m" 404 -
123.56.155.157 - - [20/Aug/2023 16:35:51] "[33mGET /menu.cgi HTTP/1.1[0m" 404 -
123.56.155.157 - - [20/Aug/2023 16:35:51] "[33mGET /admin.cfm HTTP/1.1[0m" 404 -
123.56.155.157 - - [20/Aug/2023 16:35:52] "[33mGET /start.jsa HTTP/1.1[0m" 404 -
123.56.155.157 - - [20/Aug/2023 16:35:52] "[33mGET /admin.aspx HTTP/1.1[0m" 404 -
123.56.155.157 - - [20/Aug/2023 16:35:52] "[33mGET /indice.jsa HTTP/1.1[0m" 404 -
123.56.155.157 - - [20/Aug/2023 16:35:52] "[33mGET /base.pl HTTP/1.1[0m" 404 -
123.56.155.157 - - [20/Aug/2023 16:35:52] "[33mGET /base.php HTTP/1.1[0m" 404 -
123.56.155.157 - - [20/Aug/2023 16:35:52] "[33mGET /base.jsp HTTP/1.1[0m" 404 -
123.56.155.157 - - [20/Aug/2023 16:35:53] "[33mGET /admin.jsp HTTP/1.1[0m" 404 -
123.56.155.157 - - [20/Aug/2023 16:35:53] "[33mGET /start.cgi HTTP/1.1[0m" 404 -
123.56.155.157 - - [20/Aug/2023 16:35:53] "[33mGET /index.jhtml HTTP/1.1[0m" 404 -
594
[2023-08-20 16:35:53,459] ERROR in app: Exception on / [GET]
Traceback (most recent call last):
  File "/usr/local/lib64/python3.6/site-packages/flask/app.py", line 2073, in wsgi_app
    response = self.full_dispatch_request()
  File "/usr/local/lib64/python3.6/site-packages/flask/app.py", line 1519, in full_dispatch_request
    return self.finalize_request(rv)
  File "/usr/local/lib64/python3.6/site-packages/flask/app.py", line 1538, in finalize_request
    response = self.make_response(rv)
  File "/usr/local/lib64/python3.6/site-packages/flask/app.py", line 1702, in make_response
    f"The view function for {request.endpoint!r} did not"
TypeError: The view function for 'result' did not return a valid response. The function either returned None or ended without a return statement.
123.56.155.157 - - [20/Aug/2023 16:35:53] "[35m[1mGET / HTTP/1.1[0m" 500 -
123.56.155.157 - - [20/Aug/2023 16:35:53] "[33mGET /default.cfm HTTP/1.1[0m" 404 -
123.56.155.157 - - [20/Aug/2023 16:35:53] "[33mGET /base.jhtml HTTP/1.1[0m" 404 -
123.56.155.157 - - [20/Aug/2023 16:35:53] "[33mGET /base.inc HTTP/1.1[0m" 404 -
123.56.155.157 - - [20/Aug/2023 16:35:53] "[33mGET /default.html HTTP/1.1[0m" 404 -
123.56.155.157 - - [20/Aug/2023 16:35:54] "[33mGET /default.asp HTTP/1.1[0m" 404 -
123.56.155.157 - - [20/Aug/2023 16:35:54] "[33mGET /localstart.cgi HTTP/1.1[0m" 404 -
123.56.155.157 - - [20/Aug/2023 16:35:54] "[33mGET /inicio.html HTTP/1.1[0m" 404 -
123.56.155.157 - - [20/Aug/2023 16:35:54] "[33mGET /menu.cfm HTTP/1.1[0m" 404 -
123.56.155.157 - - [20/Aug/2023 16:35:54] "[33mGET /base.cfm HTTP/1.1[0m" 404 -
123.56.155.157 - - [20/Aug/2023 16:35:54] "[33mGET /base.cgi HTTP/1.1[0m" 404 -
123.56.155.157 - - [20/Aug/2023 16:35:55] "[33mGET /localstart.html HTTP/1.1[0m" 404 -
123.56.155.157 - - [20/Aug/2023 16:35:55] "[33mGET /menu.shtml HTTP/1.1[0m" 404 -
123.56.155.157 - - [20/Aug/2023 16:35:55] "[33mGET /home.shtml HTTP/1.1[0m" 404 -
123.56.155.157 - - [20/Aug/2023 16:35:55] "[33mGET /indice.php HTTP/1.1[0m" 404 -
123.56.155.157 - - [20/Aug/2023 16:35:55] "[33mGET /indice.jsp HTTP/1.1[0m" 404 -
123.56.155.157 - - [20/Aug/2023 16:35:55] "[33mGET /indice.cfm HTTP/1.1[0m" 404 -
123.56.155.157 - - [20/Aug/2023 16:35:56] "[33mGET /pools/default/buckets HTTP/1.1[0m" 404 -
123.56.155.157 - - [20/Aug/2023 16:35:56] "[33mGET /base.shtml HTTP/1.1[0m" 404 -
123.56.155.157 - - [20/Aug/2023 16:35:56] "[33mGET /main.shtml HTTP/1.1[0m" 404 -
123.56.155.157 - - [20/Aug/2023 16:35:56] "[33mGET /pools HTTP/1.1[0m" 404 -
123.56.155.157 - - [20/Aug/2023 16:35:56] "[33mGET /inicio.asp HTTP/1.1[0m" 404 -
123.56.155.157 - - [20/Aug/2023 16:35:56] "[33mGET /indice.html HTTP/1.1[0m" 404 -
123.56.155.157 - - [20/Aug/2023 16:35:56] "[33mGET /home.jsp HTTP/1.1[0m" 404 -
123.56.155.157 - - [20/Aug/2023 16:35:56] "[33mGET /main.jhtml HTTP/1.1[0m" 404 -
123.56.155.157 - - [20/Aug/2023 16:35:56] "[33mGET /main.aspx HTTP/1.1[0m" 404 -
123.56.155.157 - - [20/Aug/2023 16:35:57] "[33mGET /index.jsp HTTP/1.1[0m" 404 -
123.56.155.157 - - [20/Aug/2023 16:35:57] "[33mGET /indice.cgi HTTP/1.1[0m" 404 -
123.56.155.157 - - [20/Aug/2023 16:35:57] "[33mGET /start.php HTTP/1.1[0m" 404 -
123.56.155.157 - - [20/Aug/2023 16:35:57] "[33mGET /home.jhtml HTTP/1.1[0m" 404 -
123.56.155.157 - - [20/Aug/2023 16:35:57] "[33mGET /start.cfm HTTP/1.1[0m" 404 -
123.56.155.157 - - [20/Aug/2023 16:35:57] "[33mGET /indice.aspx HTTP/1.1[0m" 404 -
123.56.155.157 - - [20/Aug/2023 16:35:58] "[33mGET /localstart.jhtml HTTP/1.1[0m" 404 -
123.56.155.157 - - [20/Aug/2023 16:35:58] "[33mGET /start.aspx HTTP/1.1[0m" 404 -
123.56.155.157 - - [20/Aug/2023 16:35:58] "[33mGET default.asp HTTP/1.1[0m" 404 -
123.56.155.157 - - [20/Aug/2023 16:35:58] "[33mGET /main.html HTTP/1.1[0m" 404 -
123.56.155.157 - - [20/Aug/2023 16:35:58] "[33mGET /menu.aspx HTTP/1.1[0m" 404 -
123.56.155.157 - - [20/Aug/2023 16:35:58] "[33mGET /main.jsa HTTP/1.1[0m" 404 -
123.56.155.157 - - [20/Aug/2023 16:35:59] "[33mGET /start.jsp HTTP/1.1[0m" 404 -
123.56.155.157 - - [20/Aug/2023 16:35:59] "[33mGET /inicio.shtml HTTP/1.1[0m" 404 -
123.56.155.157 - - [20/Aug/2023 16:35:59] "[33mGET /index.cgi HTTP/1.1[0m" 404 -
123.56.155.157 - - [20/Aug/2023 16:35:59] "[33mGET /admin.jhtml HTTP/1.1[0m" 404 -
123.56.155.157 - - [20/Aug/2023 16:35:59] "[33mGET /main.cfm HTTP/1.1[0m" 404 -
123.56.155.157 - - [20/Aug/2023 16:35:59] "[33mGET /inicio.php HTTP/1.1[0m" 404 -
123.56.155.157 - - [20/Aug/2023 16:36:00] "[33mGET /admin.html HTTP/1.1[0m" 404 -
123.56.155.157 - - [20/Aug/2023 16:36:00] "[33mGET /indice.jhtml HTTP/1.1[0m" 404 -
123.56.155.157 - - [20/Aug/2023 16:36:00] "[33mGET /inicio.aspx HTTP/1.1[0m" 404 -
123.56.155.157 - - [20/Aug/2023 16:36:00] "[33mGET /start.pl HTTP/1.1[0m" 404 -
123.56.155.157 - - [20/Aug/2023 16:36:00] "[33mGET /home.pl HTTP/1.1[0m" 404 -
123.56.155.157 - - [20/Aug/2023 16:36:00] "[33mGET /inicio.cfm HTTP/1.1[0m" 404 -
123.56.155.157 - - [20/Aug/2023 16:36:00] "[33mGET /home.jsa HTTP/1.1[0m" 404 -
123.56.155.157 - - [20/Aug/2023 16:36:01] "[33mGET /inicio.jhtml HTTP/1.1[0m" 404 -
123.56.155.157 - - [20/Aug/2023 16:36:01] "[33mGET /index.jsa HTTP/1.1[0m" 404 -
123.56.155.157 - - [20/Aug/2023 16:36:01] "[33mGET /menu.asp HTTP/1.1[0m" 404 -
123.56.155.157 - - [20/Aug/2023 16:36:01] "[33mGET /main.asp HTTP/1.1[0m" 404 -
123.56.155.157 - - [20/Aug/2023 16:36:01] "[33mGET /main.cgi HTTP/1.1[0m" 404 -
123.56.155.157 - - [20/Aug/2023 16:36:01] "[33mGET /home.cfm HTTP/1.1[0m" 404 -
123.56.155.157 - - [20/Aug/2023 16:36:02] "[33mGET /robots.txt HTTP/1.1[0m" 404 -
123.56.155.157 - - [20/Aug/2023 16:36:02] "[33mGET /index.cfm HTTP/1.1[0m" 404 -
123.56.155.157 - - [20/Aug/2023 16:36:02] "[33mGET /localstart.pl HTTP/1.1[0m" 404 -
123.56.155.157 - - [20/Aug/2023 16:36:02] "[33mGET /base.html HTTP/1.1[0m" 404 -
123.56.155.157 - - [20/Aug/2023 16:36:02] "[33mGET /start.jhtml HTTP/1.1[0m" 404 -
123.56.155.157 - - [20/Aug/2023 16:36:02] "[33mGET /indice.pl HTTP/1.1[0m" 404 -
123.56.155.157 - - [20/Aug/2023 16:36:02] "[33mGET /base.aspx HTTP/1.1[0m" 404 -
123.56.155.157 - - [20/Aug/2023 16:36:03] "[33mGET /main.pl HTTP/1.1[0m" 404 -
123.56.155.157 - - [20/Aug/2023 16:36:03] "[33mGET /localstart.cfm HTTP/1.1[0m" 404 -
123.56.155.157 - - [20/Aug/2023 16:36:03] "[33mGET /localstart.aspx HTTP/1.1[0m" 404 -
123.56.155.157 - - [20/Aug/2023 16:36:03] "[33mGET /localstart.asp HTTP/1.1[0m" 404 -
123.56.155.157 - - [20/Aug/2023 16:36:03] "[33mGET /start.shtml HTTP/1.1[0m" 404 -
123.56.155.157 - - [20/Aug/2023 16:36:03] "[33mGET /inicio.cgi HTTP/1.1[0m" 404 -
123.56.155.157 - - [20/Aug/2023 16:36:04] "[33mGET /localstart.jsa HTTP/1.1[0m" 404 -
123.56.155.157 - - [20/Aug/2023 16:36:04] "[33mGET /readme.txt HTTP/1.1[0m" 404 -
123.56.155.157 - - [20/Aug/2023 16:36:04] "[33mGET /default.shtml HTTP/1.1[0m" 404 -
123.56.155.157 - - [20/Aug/2023 16:36:04] "[33mGET /home.php HTTP/1.1[0m" 404 -
123.56.155.157 - - [20/Aug/2023 16:36:04] "[33mGET /index.php HTTP/1.1[0m" 404 -
123.56.155.157 - - [20/Aug/2023 16:36:04] "[33mGET /menu.html HTTP/1.1[0m" 404 -
123.56.155.157 - - [20/Aug/2023 16:36:05] "[33mGET /start.asp HTTP/1.1[0m" 404 -
123.56.155.157 - - [20/Aug/2023 16:36:05] "[33mGET /menu.php HTTP/1.1[0m" 404 -
123.56.155.157 - - [20/Aug/2023 16:36:05] "[33mGET /menu.jsp HTTP/1.1[0m" 404 -
123.56.155.157 - - [20/Aug/2023 16:36:05] "[33mGET /localstart.jsp HTTP/1.1[0m" 404 -
123.56.155.157 - - [20/Aug/2023 16:36:05] "[33mGET /index.shtml HTTP/1.1[0m" 404 -
123.56.155.157 - - [20/Aug/2023 16:36:05] "[33mGET /main.php HTTP/1.1[0m" 404 -
123.56.155.157 - - [20/Aug/2023 16:36:05] "[33mGET /index.aspx HTTP/1.1[0m" 404 -
123.56.155.157 - - [20/Aug/2023 16:36:06] "[33mGET /default.jsp HTTP/1.1[0m" 404 -
123.56.155.157 - - [20/Aug/2023 16:36:06] "[33mGET /menu.jhtml HTTP/1.1[0m" 404 -
123.56.155.157 - - [20/Aug/2023 16:36:06] "[33mGET /home.html HTTP/1.1[0m" 404 -
123.56.155.157 - - [20/Aug/2023 16:36:06] "[33mGET /home.aspx HTTP/1.1[0m" 404 -
123.56.155.157 - - [20/Aug/2023 16:36:06] "[33mGET /indice.asp HTTP/1.1[0m" 404 -
123.56.155.157 - - [20/Aug/2023 16:36:06] "[33mGET /default.pl HTTP/1.1[0m" 404 -
123.56.155.157 - - [20/Aug/2023 16:36:07] "[33mGET /home.asp HTTP/1.1[0m" 404 -
123.56.155.157 - - [20/Aug/2023 16:36:07] "[33mGET /home.cgi HTTP/1.1[0m" 404 -
123.56.155.157 - - [20/Aug/2023 16:36:13] code 400, message Bad request syntax ('\x0e\x00\x00\x00\x00\x00\x00\x00\x00\x00\x00\x00\x00\x00\x00\x00bbbb0100000001')
123.56.155.157 - - [20/Aug/2023 16:36:13] "[35m[1m               bbbb0100000001[0m" HTTPStatus.BAD_REQUEST -
594
[2023-08-20 16:36:13,262] ERROR in app: Exception on / [GET]
Traceback (most recent call last):
  File "/usr/local/lib64/python3.6/site-packages/flask/app.py", line 2073, in wsgi_app
    response = self.full_dispatch_request()
  File "/usr/local/lib64/python3.6/site-packages/flask/app.py", line 1519, in full_dispatch_request
    return self.finalize_request(rv)
  File "/usr/local/lib64/python3.6/site-packages/flask/app.py", line 1538, in finalize_request
    response = self.make_response(rv)
  File "/usr/local/lib64/python3.6/site-packages/flask/app.py", line 1702, in make_response
    f"The view function for {request.endpoint!r} did not"
TypeError: The view function for 'result' did not return a valid response. The function either returned None or ended without a return statement.
123.56.155.157 - - [20/Aug/2023 16:36:13] "[35m[1mGET / HTTP/1.0[0m" 500 -
594
[2023-08-20 16:36:13,467] ERROR in app: Exception on / [GET]
Traceback (most recent call last):
  File "/usr/local/lib64/python3.6/site-packages/flask/app.py", line 2073, in wsgi_app
    response = self.full_dispatch_request()
  File "/usr/local/lib64/python3.6/site-packages/flask/app.py", line 1519, in full_dispatch_request
    return self.finalize_request(rv)
  File "/usr/local/lib64/python3.6/site-packages/flask/app.py", line 1538, in finalize_request
    response = self.make_response(rv)
  File "/usr/local/lib64/python3.6/site-packages/flask/app.py", line 1702, in make_response
    f"The view function for {request.endpoint!r} did not"
TypeError: The view function for 'result' did not return a valid response. The function either returned None or ended without a return statement.
123.56.155.157 - - [20/Aug/2023 16:36:13] "[35m[1mGET / HTTP/1.1[0m" 500 -
594
[2023-08-20 22:33:26,264] ERROR in app: Exception on / [GET]
Traceback (most recent call last):
  File "/usr/local/lib64/python3.6/site-packages/flask/app.py", line 2073, in wsgi_app
    response = self.full_dispatch_request()
  File "/usr/local/lib64/python3.6/site-packages/flask/app.py", line 1519, in full_dispatch_request
    return self.finalize_request(rv)
  File "/usr/local/lib64/python3.6/site-packages/flask/app.py", line 1538, in finalize_request
    response = self.make_response(rv)
  File "/usr/local/lib64/python3.6/site-packages/flask/app.py", line 1702, in make_response
    f"The view function for {request.endpoint!r} did not"
TypeError: The view function for 'result' did not return a valid response. The function either returned None or ended without a return statement.
35.203.211.24 - - [20/Aug/2023 22:33:26] "[35m[1mGET / HTTP/1.1[0m" 500 -
((594, datetime.datetime(2023, 8, 20, 0, 30, 9), 1, 120),)
714
yibukaishi
767676714@qq.com
767676714
{'beingInvited': False, 'corpName': None, 'loginToken': None, 'openId': None, 'token': '13576913-3622-461a-9734-2f07c7bbbf8d', 'userInfo': {'beingBlackEmail': False, 'beingDisableExpiryRemind': False, 'beingExpand': None, 'beingInvited': False, 'beingLangFollowBrowser': True, 'beingOldVersion': None, 'beingPrivacyPolicy': True, 'beingSandBoxSuperAdmin': False, 'collectUserInfo': None, 'createTime': None, 'csShow': True, 'desktopRemind': True, 'email': '767676714@qq.com', 'firstLogin': None, 'grayLimit': 27, 'graySpecify': False, 'grayType': 1, 'hasPwdLoggedIn': False, 'havePassword': True, 'headImg': None, 'lang': None, 'lastWsInfo': {'accepted': None, 'accountLevel': 40, 'auth': 2, 'beingCustomizedAppSync': None, 'beingHideHelpDocument': False, 'beingSandbox': False, 'beingWatermark': False, 'biAuth': 'SUPER', 'canWorkWx': False, 'contactEnableNum': 1, 'contactNum': 1, 'dataRelatedStatus': 'NEW', 'departs': [], 'dynamic': None, 'exId': 'tAeLHd46LCI5RKKjRYSBhQ==', 'exUserId': '1877438', 'expireDate': 1693843255000, 'hideCopyright': False, 'logoutConfig': {'logOutToSso': False, 'serverName': None, 'ssoType': None}, 'memberId': 1702801, 'openConnectorList': [], 'openPluginList': [2, 3, 6, 7, 8, 9, 13, 14, 15, 16, 17, 25, 26, 27, 28, 29, 33, 34, 35, 36, 37, 38, 39, 42, 43, 44, 45, -2, 32], 'permissionStatus': None, 'pluginClickList': [], 'pluginLimitDetail': {'dashAllVisiableLimit': 4, 'dashAllVisiableNum': 0}, 'publicAccessAuthVO': {'beingAttachmentQuestion': False, 'beingPublicLink': False}, 'remark': '767676714@qq.com', 'showContact': True, 'trial': True, 'trialDays': '0', 'trialNotice': True, 'type': 'normal', 'useScheduledSync': False, 'watermarkConfig': {'showDate': False, 'showDeparts': False, 'showExUserId': False, 'showName': True, 'showPhoneNumber': False, 'showWsName': False}, 'wsDomain': None, 'wsFunction': 'platform', 'wsId': 437812, 'wsLimitDetail': {'canDashNum': -1, 'canFormNum': -1, 'canPackageNum': -1, 'currentDashNum': -1, 'currentFormNum': -1, 'currentPackageNum': -1}, 'wsName': '767676714@qq.comÁöÑÂ∑•‰ΩúÂå∫'}, 'mobile': '767676714', 'nickName': '767676714@qq.com', 'npsCollect': False, 'promoCode': 'cd5fe0f4f', 'randomEmail': False, 'recordedNewGuidePop': [], 'showProcessPersonal': False, 'signatureUrl': None, 'source': 'home_home', 'status': None, 'uid': 1877438}, 'userSecurityVO': {'authMethod': 0, 'beingUninitialized': False}}
{'beingInvited': False, 'corpName': None, 'loginToken': None, 'openId': None, 'token': '13576913-3622-461a-9734-2f07c7bbbf8d', 'userInfo': {'beingBlackEmail': False, 'beingDisableExpiryRemind': False, 'beingExpand': None, 'beingInvited': False, 'beingLangFollowBrowser': True, 'beingOldVersion': None, 'beingPrivacyPolicy': True, 'beingSandBoxSuperAdmin': False, 'collectUserInfo': None, 'createTime': None, 'csShow': True, 'desktopRemind': True, 'email': '767676714@qq.com', 'firstLogin': None, 'grayLimit': 27, 'graySpecify': False, 'grayType': 1, 'hasPwdLoggedIn': False, 'havePassword': True, 'headImg': None, 'lang': None, 'lastWsInfo': {'accepted': None, 'accountLevel': 40, 'auth': 2, 'beingCustomizedAppSync': None, 'beingHideHelpDocument': False, 'beingSandbox': False, 'beingWatermark': False, 'biAuth': 'SUPER', 'canWorkWx': False, 'contactEnableNum': 1, 'contactNum': 1, 'dataRelatedStatus': 'NEW', 'departs': [], 'dynamic': None, 'exId': 'tAeLHd46LCI5RKKjRYSBhQ==', 'exUserId': '1877438', 'expireDate': 1693843255000, 'hideCopyright': False, 'logoutConfig': {'logOutToSso': False, 'serverName': None, 'ssoType': None}, 'memberId': 1702801, 'openConnectorList': [], 'openPluginList': [2, 3, 6, 7, 8, 9, 13, 14, 15, 16, 17, 25, 26, 27, 28, 29, 33, 34, 35, 36, 37, 38, 39, 42, 43, 44, 45, -2, 32], 'permissionStatus': None, 'pluginClickList': [], 'pluginLimitDetail': {'dashAllVisiableLimit': 4, 'dashAllVisiableNum': 0}, 'publicAccessAuthVO': {'beingAttachmentQuestion': False, 'beingPublicLink': False}, 'remark': '767676714@qq.com', 'showContact': True, 'trial': True, 'trialDays': '0', 'trialNotice': True, 'type': 'normal', 'useScheduledSync': False, 'watermarkConfig': {'showDate': False, 'showDeparts': False, 'showExUserId': False, 'showName': True, 'showPhoneNumber': False, 'showWsName': False}, 'wsDomain': None, 'wsFunction': 'platform', 'wsId': 437812, 'wsLimitDetail': {'canDashNum': -1, 'canFormNum': -1, 'canPackageNum': -1, 'currentDashNum': -1, 'currentFormNum': -1, 'currentPackageNum': -1}, 'wsName': '767676714@qq.comÁöÑÂ∑•‰ΩúÂå∫'}, 'mobile': '767676714', 'nickName': '767676714@qq.com', 'npsCollect': False, 'promoCode': 'cd5fe0f4f', 'randomEmail': False, 'recordedNewGuidePop': [], 'showProcessPersonal': False, 'signatureUrl': None, 'source': 'home_home', 'status': None, 'uid': 1877438}, 'userSecurityVO': {'authMethod': 0, 'beingUninitialized': False}}
118.25.243.250 - - [21/Aug/2023 00:00:54] "POST /mointor HTTP/1.1" 200 -
((595, datetime.datetime(2023, 8, 21, 0, 0, 54), 1, 120),)
715
yibukaishi
767676715@qq.com
767676715
{'beingInvited': False, 'corpName': None, 'loginToken': None, 'openId': None, 'token': '8cb5859e-1887-4d23-9152-1c6f17e64c3a', 'userInfo': {'beingBlackEmail': False, 'beingDisableExpiryRemind': False, 'beingExpand': None, 'beingInvited': False, 'beingLangFollowBrowser': True, 'beingOldVersion': None, 'beingPrivacyPolicy': True, 'beingSandBoxSuperAdmin': False, 'collectUserInfo': None, 'createTime': None, 'csShow': True, 'desktopRemind': True, 'email': '767676715@qq.com', 'firstLogin': None, 'grayLimit': 66, 'graySpecify': False, 'grayType': 1, 'hasPwdLoggedIn': False, 'havePassword': True, 'headImg': None, 'lang': None, 'lastWsInfo': {'accepted': None, 'accountLevel': 40, 'auth': 2, 'beingCustomizedAppSync': None, 'beingHideHelpDocument': False, 'beingSandbox': False, 'beingWatermark': False, 'biAuth': 'SUPER', 'canWorkWx': False, 'contactEnableNum': 1, 'contactNum': 1, 'dataRelatedStatus': 'NEW', 'departs': [], 'dynamic': None, 'exId': 'tAeLHd46LCIJ4FoWP47jAA==', 'exUserId': '1877444', 'expireDate': 1693845009000, 'hideCopyright': False, 'logoutConfig': {'logOutToSso': False, 'serverName': None, 'ssoType': None}, 'memberId': 1702804, 'openConnectorList': [], 'openPluginList': [2, 3, 6, 7, 8, 9, 13, 14, 15, 16, 17, 25, 26, 27, 28, 29, 33, 34, 35, 36, 37, 38, 39, 42, 43, 44, 45, -2, 32], 'permissionStatus': None, 'pluginClickList': [], 'pluginLimitDetail': {'dashAllVisiableLimit': 4, 'dashAllVisiableNum': 0}, 'publicAccessAuthVO': {'beingAttachmentQuestion': False, 'beingPublicLink': False}, 'remark': '767676715@qq.com', 'showContact': True, 'trial': True, 'trialDays': '0', 'trialNotice': True, 'type': 'normal', 'useScheduledSync': False, 'watermarkConfig': {'showDate': False, 'showDeparts': False, 'showExUserId': False, 'showName': True, 'showPhoneNumber': False, 'showWsName': False}, 'wsDomain': None, 'wsFunction': 'platform', 'wsId': 437815, 'wsLimitDetail': {'canDashNum': -1, 'canFormNum': -1, 'canPackageNum': -1, 'currentDashNum': -1, 'currentFormNum': -1, 'currentPackageNum': -1}, 'wsName': '767676715@qq.comÁöÑÂ∑•‰ΩúÂå∫'}, 'mobile': '767676715', 'nickName': '767676715@qq.com', 'npsCollect': False, 'promoCode': '05d14d151', 'randomEmail': False, 'recordedNewGuidePop': [], 'showProcessPersonal': False, 'signatureUrl': None, 'source': 'home_home', 'status': None, 'uid': 1877444}, 'userSecurityVO': {'authMethod': 0, 'beingUninitialized': False}}
{'beingInvited': False, 'corpName': None, 'loginToken': None, 'openId': None, 'token': '8cb5859e-1887-4d23-9152-1c6f17e64c3a', 'userInfo': {'beingBlackEmail': False, 'beingDisableExpiryRemind': False, 'beingExpand': None, 'beingInvited': False, 'beingLangFollowBrowser': True, 'beingOldVersion': None, 'beingPrivacyPolicy': True, 'beingSandBoxSuperAdmin': False, 'collectUserInfo': None, 'createTime': None, 'csShow': True, 'desktopRemind': True, 'email': '767676715@qq.com', 'firstLogin': None, 'grayLimit': 66, 'graySpecify': False, 'grayType': 1, 'hasPwdLoggedIn': False, 'havePassword': True, 'headImg': None, 'lang': None, 'lastWsInfo': {'accepted': None, 'accountLevel': 40, 'auth': 2, 'beingCustomizedAppSync': None, 'beingHideHelpDocument': False, 'beingSandbox': False, 'beingWatermark': False, 'biAuth': 'SUPER', 'canWorkWx': False, 'contactEnableNum': 1, 'contactNum': 1, 'dataRelatedStatus': 'NEW', 'departs': [], 'dynamic': None, 'exId': 'tAeLHd46LCIJ4FoWP47jAA==', 'exUserId': '1877444', 'expireDate': 1693845009000, 'hideCopyright': False, 'logoutConfig': {'logOutToSso': False, 'serverName': None, 'ssoType': None}, 'memberId': 1702804, 'openConnectorList': [], 'openPluginList': [2, 3, 6, 7, 8, 9, 13, 14, 15, 16, 17, 25, 26, 27, 28, 29, 33, 34, 35, 36, 37, 38, 39, 42, 43, 44, 45, -2, 32], 'permissionStatus': None, 'pluginClickList': [], 'pluginLimitDetail': {'dashAllVisiableLimit': 4, 'dashAllVisiableNum': 0}, 'publicAccessAuthVO': {'beingAttachmentQuestion': False, 'beingPublicLink': False}, 'remark': '767676715@qq.com', 'showContact': True, 'trial': True, 'trialDays': '0', 'trialNotice': True, 'type': 'normal', 'useScheduledSync': False, 'watermarkConfig': {'showDate': False, 'showDeparts': False, 'showExUserId': False, 'showName': True, 'showPhoneNumber': False, 'showWsName': False}, 'wsDomain': None, 'wsFunction': 'platform', 'wsId': 437815, 'wsLimitDetail': {'canDashNum': -1, 'canFormNum': -1, 'canPackageNum': -1, 'currentDashNum': -1, 'currentFormNum': -1, 'currentPackageNum': -1}, 'wsName': '767676715@qq.comÁöÑÂ∑•‰ΩúÂå∫'}, 'mobile': '767676715', 'nickName': '767676715@qq.com', 'npsCollect': False, 'promoCode': '05d14d151', 'randomEmail': False, 'recordedNewGuidePop': [], 'showProcessPersonal': False, 'signatureUrl': None, 'source': 'home_home', 'status': None, 'uid': 1877444}, 'userSecurityVO': {'authMethod': 0, 'beingUninitialized': False}}
118.25.243.250 - - [21/Aug/2023 00:30:09] "POST /mointor HTTP/1.1" 200 -
596
124.221.203.147 - - [21/Aug/2023 10:00:57] "GET /?password=wsj HTTP/1.1" 200 -
((596, datetime.datetime(2023, 8, 21, 0, 30, 9), 1, 120),)
716
yibukaishi
767676716@qq.com
767676716
{'beingInvited': False, 'corpName': None, 'loginToken': None, 'openId': None, 'token': '2a85ce60-441c-4618-b29a-64700762c0f6', 'userInfo': {'beingBlackEmail': False, 'beingDisableExpiryRemind': False, 'beingExpand': None, 'beingInvited': False, 'beingLangFollowBrowser': True, 'beingOldVersion': None, 'beingPrivacyPolicy': True, 'beingSandBoxSuperAdmin': False, 'collectUserInfo': None, 'createTime': None, 'csShow': True, 'desktopRemind': True, 'email': '767676716@qq.com', 'firstLogin': None, 'grayLimit': 71, 'graySpecify': False, 'grayType': 1, 'hasPwdLoggedIn': False, 'havePassword': True, 'headImg': None, 'lang': None, 'lastWsInfo': {'accepted': None, 'accountLevel': 40, 'auth': 2, 'beingCustomizedAppSync': None, 'beingHideHelpDocument': False, 'beingSandbox': False, 'beingWatermark': False, 'biAuth': 'SUPER', 'canWorkWx': False, 'contactEnableNum': 1, 'contactNum': 1, 'dataRelatedStatus': 'NEW', 'departs': [], 'dynamic': None, 'exId': 'tAeLHd46LCKKZ7WIW7M0TQ==', 'exUserId': '1878607', 'expireDate': 1693922431000, 'hideCopyright': False, 'logoutConfig': {'logOutToSso': False, 'serverName': None, 'ssoType': None}, 'memberId': 1703726, 'openConnectorList': [], 'openPluginList': [2, 3, 6, 7, 8, 9, 13, 14, 15, 16, 17, 25, 26, 27, 28, 29, 33, 34, 35, 36, 37, 38, 39, 42, 43, 44, 45, -2, 32], 'permissionStatus': None, 'pluginClickList': [], 'pluginLimitDetail': {'dashAllVisiableLimit': 4, 'dashAllVisiableNum': 0}, 'publicAccessAuthVO': {'beingAttachmentQuestion': False, 'beingPublicLink': False}, 'remark': '767676716@qq.com', 'showContact': True, 'trial': True, 'trialDays': '0', 'trialNotice': True, 'type': 'normal', 'useScheduledSync': False, 'watermarkConfig': {'showDate': False, 'showDeparts': False, 'showExUserId': False, 'showName': True, 'showPhoneNumber': False, 'showWsName': False}, 'wsDomain': None, 'wsFunction': 'platform', 'wsId': 438272, 'wsLimitDetail': {'canDashNum': -1, 'canFormNum': -1, 'canPackageNum': -1, 'currentDashNum': -1, 'currentFormNum': -1, 'currentPackageNum': -1}, 'wsName': '767676716@qq.comÁöÑÂ∑•‰ΩúÂå∫'}, 'mobile': '767676716', 'nickName': '767676716@qq.com', 'npsCollect': False, 'promoCode': '15f999582', 'randomEmail': False, 'recordedNewGuidePop': [], 'showProcessPersonal': False, 'signatureUrl': None, 'source': 'home_home', 'status': None, 'uid': 1878607}, 'userSecurityVO': {'authMethod': 0, 'beingUninitialized': False}}
{'beingInvited': False, 'corpName': None, 'loginToken': None, 'openId': None, 'token': '2a85ce60-441c-4618-b29a-64700762c0f6', 'userInfo': {'beingBlackEmail': False, 'beingDisableExpiryRemind': False, 'beingExpand': None, 'beingInvited': False, 'beingLangFollowBrowser': True, 'beingOldVersion': None, 'beingPrivacyPolicy': True, 'beingSandBoxSuperAdmin': False, 'collectUserInfo': None, 'createTime': None, 'csShow': True, 'desktopRemind': True, 'email': '767676716@qq.com', 'firstLogin': None, 'grayLimit': 71, 'graySpecify': False, 'grayType': 1, 'hasPwdLoggedIn': False, 'havePassword': True, 'headImg': None, 'lang': None, 'lastWsInfo': {'accepted': None, 'accountLevel': 40, 'auth': 2, 'beingCustomizedAppSync': None, 'beingHideHelpDocument': False, 'beingSandbox': False, 'beingWatermark': False, 'biAuth': 'SUPER', 'canWorkWx': False, 'contactEnableNum': 1, 'contactNum': 1, 'dataRelatedStatus': 'NEW', 'departs': [], 'dynamic': None, 'exId': 'tAeLHd46LCKKZ7WIW7M0TQ==', 'exUserId': '1878607', 'expireDate': 1693922431000, 'hideCopyright': False, 'logoutConfig': {'logOutToSso': False, 'serverName': None, 'ssoType': None}, 'memberId': 1703726, 'openConnectorList': [], 'openPluginList': [2, 3, 6, 7, 8, 9, 13, 14, 15, 16, 17, 25, 26, 27, 28, 29, 33, 34, 35, 36, 37, 38, 39, 42, 43, 44, 45, -2, 32], 'permissionStatus': None, 'pluginClickList': [], 'pluginLimitDetail': {'dashAllVisiableLimit': 4, 'dashAllVisiableNum': 0}, 'publicAccessAuthVO': {'beingAttachmentQuestion': False, 'beingPublicLink': False}, 'remark': '767676716@qq.com', 'showContact': True, 'trial': True, 'trialDays': '0', 'trialNotice': True, 'type': 'normal', 'useScheduledSync': False, 'watermarkConfig': {'showDate': False, 'showDeparts': False, 'showExUserId': False, 'showName': True, 'showPhoneNumber': False, 'showWsName': False}, 'wsDomain': None, 'wsFunction': 'platform', 'wsId': 438272, 'wsLimitDetail': {'canDashNum': -1, 'canFormNum': -1, 'canPackageNum': -1, 'currentDashNum': -1, 'currentFormNum': -1, 'currentPackageNum': -1}, 'wsName': '767676716@qq.comÁöÑÂ∑•‰ΩúÂå∫'}, 'mobile': '767676716', 'nickName': '767676716@qq.com', 'npsCollect': False, 'promoCode': '15f999582', 'randomEmail': False, 'recordedNewGuidePop': [], 'showProcessPersonal': False, 'signatureUrl': None, 'source': 'home_home', 'status': None, 'uid': 1878607}, 'userSecurityVO': {'authMethod': 0, 'beingUninitialized': False}}
118.25.243.250 - - [21/Aug/2023 22:00:31] "POST /mointor HTTP/1.1" 200 -
((597, datetime.datetime(2023, 8, 21, 22, 0, 31), 1, 120),)
717
yibukaishi
767676717@qq.com
767676717
{'beingInvited': False, 'corpName': None, 'loginToken': None, 'openId': None, 'token': '1aa9af37-a3f2-4e92-95b3-b9eaa5ce3e9c', 'userInfo': {'beingBlackEmail': False, 'beingDisableExpiryRemind': False, 'beingExpand': None, 'beingInvited': False, 'beingLangFollowBrowser': True, 'beingOldVersion': None, 'beingPrivacyPolicy': True, 'beingSandBoxSuperAdmin': False, 'collectUserInfo': None, 'createTime': None, 'csShow': True, 'desktopRemind': True, 'email': '767676717@qq.com', 'firstLogin': None, 'grayLimit': 53, 'graySpecify': False, 'grayType': 1, 'hasPwdLoggedIn': False, 'havePassword': True, 'headImg': None, 'lang': None, 'lastWsInfo': {'accepted': None, 'accountLevel': 40, 'auth': 2, 'beingCustomizedAppSync': None, 'beingHideHelpDocument': False, 'beingSandbox': False, 'beingWatermark': False, 'biAuth': 'SUPER', 'canWorkWx': False, 'contactEnableNum': 1, 'contactNum': 1, 'dataRelatedStatus': 'NEW', 'departs': [], 'dynamic': None, 'exId': 'tAeLHd46LCKvKHjthy8x0Q==', 'exUserId': '1878636', 'expireDate': 1693926041000, 'hideCopyright': False, 'logoutConfig': {'logOutToSso': False, 'serverName': None, 'ssoType': None}, 'memberId': 1703744, 'openConnectorList': [], 'openPluginList': [2, 3, 6, 7, 8, 9, 13, 14, 15, 16, 17, 25, 26, 27, 28, 29, 33, 34, 35, 36, 37, 38, 39, 42, 43, 44, 45, -2, 32], 'permissionStatus': None, 'pluginClickList': [], 'pluginLimitDetail': {'dashAllVisiableLimit': 4, 'dashAllVisiableNum': 0}, 'publicAccessAuthVO': {'beingAttachmentQuestion': False, 'beingPublicLink': False}, 'remark': '767676717@qq.com', 'showContact': True, 'trial': True, 'trialDays': '0', 'trialNotice': True, 'type': 'normal', 'useScheduledSync': False, 'watermarkConfig': {'showDate': False, 'showDeparts': False, 'showExUserId': False, 'showName': True, 'showPhoneNumber': False, 'showWsName': False}, 'wsDomain': None, 'wsFunction': 'platform', 'wsId': 438289, 'wsLimitDetail': {'canDashNum': -1, 'canFormNum': -1, 'canPackageNum': -1, 'currentDashNum': -1, 'currentFormNum': -1, 'currentPackageNum': -1}, 'wsName': '767676717@qq.comÁöÑÂ∑•‰ΩúÂå∫'}, 'mobile': '767676717', 'nickName': '767676717@qq.com', 'npsCollect': False, 'promoCode': '5c8eacefe', 'randomEmail': False, 'recordedNewGuidePop': [], 'showProcessPersonal': False, 'signatureUrl': None, 'source': 'home_home', 'status': None, 'uid': 1878636}, 'userSecurityVO': {'authMethod': 0, 'beingUninitialized': False}}
{'beingInvited': False, 'corpName': None, 'loginToken': None, 'openId': None, 'token': '1aa9af37-a3f2-4e92-95b3-b9eaa5ce3e9c', 'userInfo': {'beingBlackEmail': False, 'beingDisableExpiryRemind': False, 'beingExpand': None, 'beingInvited': False, 'beingLangFollowBrowser': True, 'beingOldVersion': None, 'beingPrivacyPolicy': True, 'beingSandBoxSuperAdmin': False, 'collectUserInfo': None, 'createTime': None, 'csShow': True, 'desktopRemind': True, 'email': '767676717@qq.com', 'firstLogin': None, 'grayLimit': 53, 'graySpecify': False, 'grayType': 1, 'hasPwdLoggedIn': False, 'havePassword': True, 'headImg': None, 'lang': None, 'lastWsInfo': {'accepted': None, 'accountLevel': 40, 'auth': 2, 'beingCustomizedAppSync': None, 'beingHideHelpDocument': False, 'beingSandbox': False, 'beingWatermark': False, 'biAuth': 'SUPER', 'canWorkWx': False, 'contactEnableNum': 1, 'contactNum': 1, 'dataRelatedStatus': 'NEW', 'departs': [], 'dynamic': None, 'exId': 'tAeLHd46LCKvKHjthy8x0Q==', 'exUserId': '1878636', 'expireDate': 1693926041000, 'hideCopyright': False, 'logoutConfig': {'logOutToSso': False, 'serverName': None, 'ssoType': None}, 'memberId': 1703744, 'openConnectorList': [], 'openPluginList': [2, 3, 6, 7, 8, 9, 13, 14, 15, 16, 17, 25, 26, 27, 28, 29, 33, 34, 35, 36, 37, 38, 39, 42, 43, 44, 45, -2, 32], 'permissionStatus': None, 'pluginClickList': [], 'pluginLimitDetail': {'dashAllVisiableLimit': 4, 'dashAllVisiableNum': 0}, 'publicAccessAuthVO': {'beingAttachmentQuestion': False, 'beingPublicLink': False}, 'remark': '767676717@qq.com', 'showContact': True, 'trial': True, 'trialDays': '0', 'trialNotice': True, 'type': 'normal', 'useScheduledSync': False, 'watermarkConfig': {'showDate': False, 'showDeparts': False, 'showExUserId': False, 'showName': True, 'showPhoneNumber': False, 'showWsName': False}, 'wsDomain': None, 'wsFunction': 'platform', 'wsId': 438289, 'wsLimitDetail': {'canDashNum': -1, 'canFormNum': -1, 'canPackageNum': -1, 'currentDashNum': -1, 'currentFormNum': -1, 'currentPackageNum': -1}, 'wsName': '767676717@qq.comÁöÑÂ∑•‰ΩúÂå∫'}, 'mobile': '767676717', 'nickName': '767676717@qq.com', 'npsCollect': False, 'promoCode': '5c8eacefe', 'randomEmail': False, 'recordedNewGuidePop': [], 'showProcessPersonal': False, 'signatureUrl': None, 'source': 'home_home', 'status': None, 'uid': 1878636}, 'userSecurityVO': {'authMethod': 0, 'beingUninitialized': False}}
118.25.243.250 - - [21/Aug/2023 23:00:41] "POST /mointor HTTP/1.1" 200 -
((598, datetime.datetime(2023, 8, 21, 23, 0, 41), 1, 120),)
718
yibukaishi
767676718@qq.com
767676718
{'beingInvited': False, 'corpName': None, 'loginToken': None, 'openId': None, 'token': '0e45dcf2-9cb7-4877-b4fb-121a580cf968', 'userInfo': {'beingBlackEmail': False, 'beingDisableExpiryRemind': False, 'beingExpand': None, 'beingInvited': False, 'beingLangFollowBrowser': True, 'beingOldVersion': None, 'beingPrivacyPolicy': True, 'beingSandBoxSuperAdmin': False, 'collectUserInfo': None, 'createTime': None, 'csShow': True, 'desktopRemind': True, 'email': '767676718@qq.com', 'firstLogin': None, 'grayLimit': 1, 'graySpecify': False, 'grayType': 1, 'hasPwdLoggedIn': False, 'havePassword': True, 'headImg': None, 'lang': None, 'lastWsInfo': {'accepted': None, 'accountLevel': 40, 'auth': 2, 'beingCustomizedAppSync': None, 'beingHideHelpDocument': False, 'beingSandbox': False, 'beingWatermark': False, 'biAuth': 'SUPER', 'canWorkWx': False, 'contactEnableNum': 1, 'contactNum': 1, 'dataRelatedStatus': 'NEW', 'departs': [], 'dynamic': None, 'exId': 'tAeLHd46LCKcGP0y5FBJGw==', 'exUserId': '1878661', 'expireDate': 1693929659000, 'hideCopyright': False, 'logoutConfig': {'logOutToSso': False, 'serverName': None, 'ssoType': None}, 'memberId': 1703757, 'openConnectorList': [], 'openPluginList': [2, 3, 6, 7, 8, 9, 13, 14, 15, 16, 17, 25, 26, 27, 28, 29, 33, 34, 35, 36, 37, 38, 39, 42, 43, 44, 45, -2, 32], 'permissionStatus': None, 'pluginClickList': [], 'pluginLimitDetail': {'dashAllVisiableLimit': 4, 'dashAllVisiableNum': 0}, 'publicAccessAuthVO': {'beingAttachmentQuestion': False, 'beingPublicLink': False}, 'remark': '767676718@qq.com', 'showContact': True, 'trial': True, 'trialDays': '0', 'trialNotice': True, 'type': 'normal', 'useScheduledSync': False, 'watermarkConfig': {'showDate': False, 'showDeparts': False, 'showExUserId': False, 'showName': True, 'showPhoneNumber': False, 'showWsName': False}, 'wsDomain': None, 'wsFunction': 'platform', 'wsId': 438298, 'wsLimitDetail': {'canDashNum': -1, 'canFormNum': -1, 'canPackageNum': -1, 'currentDashNum': -1, 'currentFormNum': -1, 'currentPackageNum': -1}, 'wsName': '767676718@qq.comÁöÑÂ∑•‰ΩúÂå∫'}, 'mobile': '767676718', 'nickName': '767676718@qq.com', 'npsCollect': False, 'promoCode': '633f8bee4', 'randomEmail': False, 'recordedNewGuidePop': [], 'showProcessPersonal': False, 'signatureUrl': None, 'source': 'home_home', 'status': None, 'uid': 1878661}, 'userSecurityVO': {'authMethod': 0, 'beingUninitialized': False}}
{'beingInvited': False, 'corpName': None, 'loginToken': None, 'openId': None, 'token': '0e45dcf2-9cb7-4877-b4fb-121a580cf968', 'userInfo': {'beingBlackEmail': False, 'beingDisableExpiryRemind': False, 'beingExpand': None, 'beingInvited': False, 'beingLangFollowBrowser': True, 'beingOldVersion': None, 'beingPrivacyPolicy': True, 'beingSandBoxSuperAdmin': False, 'collectUserInfo': None, 'createTime': None, 'csShow': True, 'desktopRemind': True, 'email': '767676718@qq.com', 'firstLogin': None, 'grayLimit': 1, 'graySpecify': False, 'grayType': 1, 'hasPwdLoggedIn': False, 'havePassword': True, 'headImg': None, 'lang': None, 'lastWsInfo': {'accepted': None, 'accountLevel': 40, 'auth': 2, 'beingCustomizedAppSync': None, 'beingHideHelpDocument': False, 'beingSandbox': False, 'beingWatermark': False, 'biAuth': 'SUPER', 'canWorkWx': False, 'contactEnableNum': 1, 'contactNum': 1, 'dataRelatedStatus': 'NEW', 'departs': [], 'dynamic': None, 'exId': 'tAeLHd46LCKcGP0y5FBJGw==', 'exUserId': '1878661', 'expireDate': 1693929659000, 'hideCopyright': False, 'logoutConfig': {'logOutToSso': False, 'serverName': None, 'ssoType': None}, 'memberId': 1703757, 'openConnectorList': [], 'openPluginList': [2, 3, 6, 7, 8, 9, 13, 14, 15, 16, 17, 25, 26, 27, 28, 29, 33, 34, 35, 36, 37, 38, 39, 42, 43, 44, 45, -2, 32], 'permissionStatus': None, 'pluginClickList': [], 'pluginLimitDetail': {'dashAllVisiableLimit': 4, 'dashAllVisiableNum': 0}, 'publicAccessAuthVO': {'beingAttachmentQuestion': False, 'beingPublicLink': False}, 'remark': '767676718@qq.com', 'showContact': True, 'trial': True, 'trialDays': '0', 'trialNotice': True, 'type': 'normal', 'useScheduledSync': False, 'watermarkConfig': {'showDate': False, 'showDeparts': False, 'showExUserId': False, 'showName': True, 'showPhoneNumber': False, 'showWsName': False}, 'wsDomain': None, 'wsFunction': 'platform', 'wsId': 438298, 'wsLimitDetail': {'canDashNum': -1, 'canFormNum': -1, 'canPackageNum': -1, 'currentDashNum': -1, 'currentFormNum': -1, 'currentPackageNum': -1}, 'wsName': '767676718@qq.comÁöÑÂ∑•‰ΩúÂå∫'}, 'mobile': '767676718', 'nickName': '767676718@qq.com', 'npsCollect': False, 'promoCode': '633f8bee4', 'randomEmail': False, 'recordedNewGuidePop': [], 'showProcessPersonal': False, 'signatureUrl': None, 'source': 'home_home', 'status': None, 'uid': 1878661}, 'userSecurityVO': {'authMethod': 0, 'beingUninitialized': False}}
118.25.243.250 - - [22/Aug/2023 00:00:59] "POST /mointor HTTP/1.1" 200 -
((599, datetime.datetime(2023, 8, 22, 0, 0, 59), 1, 120),)
719
yibukaishi
767676719@qq.com
767676719
{'beingInvited': False, 'corpName': None, 'loginToken': None, 'openId': None, 'token': '6bd218be-8063-49ac-a6f2-a24c7f110cce', 'userInfo': {'beingBlackEmail': False, 'beingDisableExpiryRemind': False, 'beingExpand': None, 'beingInvited': False, 'beingLangFollowBrowser': True, 'beingOldVersion': None, 'beingPrivacyPolicy': True, 'beingSandBoxSuperAdmin': False, 'collectUserInfo': None, 'createTime': None, 'csShow': True, 'desktopRemind': True, 'email': '767676719@qq.com', 'firstLogin': None, 'grayLimit': 6, 'graySpecify': False, 'grayType': 1, 'hasPwdLoggedIn': False, 'havePassword': True, 'headImg': None, 'lang': None, 'lastWsInfo': {'accepted': None, 'accountLevel': 40, 'auth': 2, 'beingCustomizedAppSync': None, 'beingHideHelpDocument': False, 'beingSandbox': False, 'beingWatermark': False, 'biAuth': 'SUPER', 'canWorkWx': False, 'contactEnableNum': 1, 'contactNum': 1, 'dataRelatedStatus': 'NEW', 'departs': [], 'dynamic': None, 'exId': 'tAeLHd46LCLDulQ/3MFtrQ==', 'exUserId': '1878669', 'expireDate': 1693931409000, 'hideCopyright': False, 'logoutConfig': {'logOutToSso': False, 'serverName': None, 'ssoType': None}, 'memberId': 1703762, 'openConnectorList': [], 'openPluginList': [2, 3, 6, 7, 8, 9, 13, 14, 15, 16, 17, 25, 26, 27, 28, 29, 33, 34, 35, 36, 37, 38, 39, 42, 43, 44, 45, -2, 32], 'permissionStatus': None, 'pluginClickList': [], 'pluginLimitDetail': {'dashAllVisiableLimit': 4, 'dashAllVisiableNum': 0}, 'publicAccessAuthVO': {'beingAttachmentQuestion': False, 'beingPublicLink': False}, 'remark': '767676719@qq.com', 'showContact': True, 'trial': True, 'trialDays': '0', 'trialNotice': True, 'type': 'normal', 'useScheduledSync': False, 'watermarkConfig': {'showDate': False, 'showDeparts': False, 'showExUserId': False, 'showName': True, 'showPhoneNumber': False, 'showWsName': False}, 'wsDomain': None, 'wsFunction': 'platform', 'wsId': 438303, 'wsLimitDetail': {'canDashNum': -1, 'canFormNum': -1, 'canPackageNum': -1, 'currentDashNum': -1, 'currentFormNum': -1, 'currentPackageNum': -1}, 'wsName': '767676719@qq.comÁöÑÂ∑•‰ΩúÂå∫'}, 'mobile': '767676719', 'nickName': '767676719@qq.com', 'npsCollect': False, 'promoCode': 'e4f6b84ca', 'randomEmail': False, 'recordedNewGuidePop': [], 'showProcessPersonal': False, 'signatureUrl': None, 'source': 'home_home', 'status': None, 'uid': 1878669}, 'userSecurityVO': {'authMethod': 0, 'beingUninitialized': False}}
{'beingInvited': False, 'corpName': None, 'loginToken': None, 'openId': None, 'token': '6bd218be-8063-49ac-a6f2-a24c7f110cce', 'userInfo': {'beingBlackEmail': False, 'beingDisableExpiryRemind': False, 'beingExpand': None, 'beingInvited': False, 'beingLangFollowBrowser': True, 'beingOldVersion': None, 'beingPrivacyPolicy': True, 'beingSandBoxSuperAdmin': False, 'collectUserInfo': None, 'createTime': None, 'csShow': True, 'desktopRemind': True, 'email': '767676719@qq.com', 'firstLogin': None, 'grayLimit': 6, 'graySpecify': False, 'grayType': 1, 'hasPwdLoggedIn': False, 'havePassword': True, 'headImg': None, 'lang': None, 'lastWsInfo': {'accepted': None, 'accountLevel': 40, 'auth': 2, 'beingCustomizedAppSync': None, 'beingHideHelpDocument': False, 'beingSandbox': False, 'beingWatermark': False, 'biAuth': 'SUPER', 'canWorkWx': False, 'contactEnableNum': 1, 'contactNum': 1, 'dataRelatedStatus': 'NEW', 'departs': [], 'dynamic': None, 'exId': 'tAeLHd46LCLDulQ/3MFtrQ==', 'exUserId': '1878669', 'expireDate': 1693931409000, 'hideCopyright': False, 'logoutConfig': {'logOutToSso': False, 'serverName': None, 'ssoType': None}, 'memberId': 1703762, 'openConnectorList': [], 'openPluginList': [2, 3, 6, 7, 8, 9, 13, 14, 15, 16, 17, 25, 26, 27, 28, 29, 33, 34, 35, 36, 37, 38, 39, 42, 43, 44, 45, -2, 32], 'permissionStatus': None, 'pluginClickList': [], 'pluginLimitDetail': {'dashAllVisiableLimit': 4, 'dashAllVisiableNum': 0}, 'publicAccessAuthVO': {'beingAttachmentQuestion': False, 'beingPublicLink': False}, 'remark': '767676719@qq.com', 'showContact': True, 'trial': True, 'trialDays': '0', 'trialNotice': True, 'type': 'normal', 'useScheduledSync': False, 'watermarkConfig': {'showDate': False, 'showDeparts': False, 'showExUserId': False, 'showName': True, 'showPhoneNumber': False, 'showWsName': False}, 'wsDomain': None, 'wsFunction': 'platform', 'wsId': 438303, 'wsLimitDetail': {'canDashNum': -1, 'canFormNum': -1, 'canPackageNum': -1, 'currentDashNum': -1, 'currentFormNum': -1, 'currentPackageNum': -1}, 'wsName': '767676719@qq.comÁöÑÂ∑•‰ΩúÂå∫'}, 'mobile': '767676719', 'nickName': '767676719@qq.com', 'npsCollect': False, 'promoCode': 'e4f6b84ca', 'randomEmail': False, 'recordedNewGuidePop': [], 'showProcessPersonal': False, 'signatureUrl': None, 'source': 'home_home', 'status': None, 'uid': 1878669}, 'userSecurityVO': {'authMethod': 0, 'beingUninitialized': False}}
118.25.243.250 - - [22/Aug/2023 00:30:09] "POST /mointor HTTP/1.1" 200 -
600
[2023-08-22 08:19:21,212] ERROR in app: Exception on / [GET]
Traceback (most recent call last):
  File "/usr/local/lib64/python3.6/site-packages/flask/app.py", line 2073, in wsgi_app
    response = self.full_dispatch_request()
  File "/usr/local/lib64/python3.6/site-packages/flask/app.py", line 1519, in full_dispatch_request
    return self.finalize_request(rv)
  File "/usr/local/lib64/python3.6/site-packages/flask/app.py", line 1538, in finalize_request
    response = self.make_response(rv)
  File "/usr/local/lib64/python3.6/site-packages/flask/app.py", line 1702, in make_response
    f"The view function for {request.endpoint!r} did not"
TypeError: The view function for 'result' did not return a valid response. The function either returned None or ended without a return statement.
167.248.133.37 - - [22/Aug/2023 08:19:21] "[35m[1mGET / HTTP/1.1[0m" 500 -
167.248.133.37 - - [22/Aug/2023 08:19:21] code 505, message Invalid HTTP version (2.0)
167.248.133.37 - - [22/Aug/2023 08:19:21] "[35m[1mPRI * HTTP/2.0[0m" HTTPStatus.HTTP_VERSION_NOT_SUPPORTED -
600
124.221.203.147 - - [22/Aug/2023 10:00:57] "GET /?password=wsj HTTP/1.1" 200 -
68.79.21.118 - - [22/Aug/2023 18:01:58] code 400, message Bad request syntax ('333766643833656338616434363333643963363962386536653538383937393235613033653338636434')
68.79.21.118 - - [22/Aug/2023 18:01:58] "[35m[1m333766643833656338616434363333643963363962386536653538383937393235613033653338636434[0m" HTTPStatus.BAD_REQUEST -
((600, datetime.datetime(2023, 8, 22, 0, 30, 9), 1, 120),)
720
yibukaishi
767676720@qq.com
767676720
{'beingInvited': False, 'corpName': None, 'loginToken': None, 'openId': None, 'token': 'e64a3bdb-35a5-4209-834b-da3a0ed2a91d', 'userInfo': {'beingBlackEmail': False, 'beingDisableExpiryRemind': False, 'beingExpand': None, 'beingInvited': False, 'beingLangFollowBrowser': True, 'beingOldVersion': None, 'beingPrivacyPolicy': True, 'beingSandBoxSuperAdmin': False, 'collectUserInfo': None, 'createTime': None, 'csShow': True, 'desktopRemind': True, 'email': '767676720@qq.com', 'firstLogin': None, 'grayLimit': 20, 'graySpecify': False, 'grayType': 1, 'hasPwdLoggedIn': False, 'havePassword': True, 'headImg': None, 'lang': None, 'lastWsInfo': {'accepted': None, 'accountLevel': 40, 'auth': 2, 'beingCustomizedAppSync': None, 'beingHideHelpDocument': False, 'beingSandbox': False, 'beingWatermark': False, 'biAuth': 'SUPER', 'canWorkWx': False, 'contactEnableNum': 1, 'contactNum': 1, 'dataRelatedStatus': 'NEW', 'departs': [], 'dynamic': None, 'exId': 'tAeLHd46LCKyQ8JEf9qo1w==', 'exUserId': '1879682', 'expireDate': 1694008831000, 'hideCopyright': False, 'logoutConfig': {'logOutToSso': False, 'serverName': None, 'ssoType': None}, 'memberId': 1704561, 'openConnectorList': [], 'openPluginList': [2, 3, 6, 7, 8, 9, 13, 14, 15, 16, 17, 25, 26, 27, 28, 29, 33, 34, 35, 36, 37, 38, 39, 42, 43, 44, 45, -2, 32], 'permissionStatus': None, 'pluginClickList': [], 'pluginLimitDetail': {'dashAllVisiableLimit': 4, 'dashAllVisiableNum': 0}, 'publicAccessAuthVO': {'beingAttachmentQuestion': False, 'beingPublicLink': False}, 'remark': '767676720@qq.com', 'showContact': True, 'trial': True, 'trialDays': '0', 'trialNotice': True, 'type': 'normal', 'useScheduledSync': False, 'watermarkConfig': {'showDate': False, 'showDeparts': False, 'showExUserId': False, 'showName': True, 'showPhoneNumber': False, 'showWsName': False}, 'wsDomain': None, 'wsFunction': 'platform', 'wsId': 438782, 'wsLimitDetail': {'canDashNum': -1, 'canFormNum': -1, 'canPackageNum': -1, 'currentDashNum': -1, 'currentFormNum': -1, 'currentPackageNum': -1}, 'wsName': '767676720@qq.comÁöÑÂ∑•‰ΩúÂå∫'}, 'mobile': '767676720', 'nickName': '767676720@qq.com', 'npsCollect': False, 'promoCode': '654f79388', 'randomEmail': False, 'recordedNewGuidePop': [], 'showProcessPersonal': False, 'signatureUrl': None, 'source': 'home_home', 'status': None, 'uid': 1879682}, 'userSecurityVO': {'authMethod': 0, 'beingUninitialized': False}}
{'beingInvited': False, 'corpName': None, 'loginToken': None, 'openId': None, 'token': 'e64a3bdb-35a5-4209-834b-da3a0ed2a91d', 'userInfo': {'beingBlackEmail': False, 'beingDisableExpiryRemind': False, 'beingExpand': None, 'beingInvited': False, 'beingLangFollowBrowser': True, 'beingOldVersion': None, 'beingPrivacyPolicy': True, 'beingSandBoxSuperAdmin': False, 'collectUserInfo': None, 'createTime': None, 'csShow': True, 'desktopRemind': True, 'email': '767676720@qq.com', 'firstLogin': None, 'grayLimit': 20, 'graySpecify': False, 'grayType': 1, 'hasPwdLoggedIn': False, 'havePassword': True, 'headImg': None, 'lang': None, 'lastWsInfo': {'accepted': None, 'accountLevel': 40, 'auth': 2, 'beingCustomizedAppSync': None, 'beingHideHelpDocument': False, 'beingSandbox': False, 'beingWatermark': False, 'biAuth': 'SUPER', 'canWorkWx': False, 'contactEnableNum': 1, 'contactNum': 1, 'dataRelatedStatus': 'NEW', 'departs': [], 'dynamic': None, 'exId': 'tAeLHd46LCKyQ8JEf9qo1w==', 'exUserId': '1879682', 'expireDate': 1694008831000, 'hideCopyright': False, 'logoutConfig': {'logOutToSso': False, 'serverName': None, 'ssoType': None}, 'memberId': 1704561, 'openConnectorList': [], 'openPluginList': [2, 3, 6, 7, 8, 9, 13, 14, 15, 16, 17, 25, 26, 27, 28, 29, 33, 34, 35, 36, 37, 38, 39, 42, 43, 44, 45, -2, 32], 'permissionStatus': None, 'pluginClickList': [], 'pluginLimitDetail': {'dashAllVisiableLimit': 4, 'dashAllVisiableNum': 0}, 'publicAccessAuthVO': {'beingAttachmentQuestion': False, 'beingPublicLink': False}, 'remark': '767676720@qq.com', 'showContact': True, 'trial': True, 'trialDays': '0', 'trialNotice': True, 'type': 'normal', 'useScheduledSync': False, 'watermarkConfig': {'showDate': False, 'showDeparts': False, 'showExUserId': False, 'showName': True, 'showPhoneNumber': False, 'showWsName': False}, 'wsDomain': None, 'wsFunction': 'platform', 'wsId': 438782, 'wsLimitDetail': {'canDashNum': -1, 'canFormNum': -1, 'canPackageNum': -1, 'currentDashNum': -1, 'currentFormNum': -1, 'currentPackageNum': -1}, 'wsName': '767676720@qq.comÁöÑÂ∑•‰ΩúÂå∫'}, 'mobile': '767676720', 'nickName': '767676720@qq.com', 'npsCollect': False, 'promoCode': '654f79388', 'randomEmail': False, 'recordedNewGuidePop': [], 'showProcessPersonal': False, 'signatureUrl': None, 'source': 'home_home', 'status': None, 'uid': 1879682}, 'userSecurityVO': {'authMethod': 0, 'beingUninitialized': False}}
118.25.243.250 - - [22/Aug/2023 22:00:31] "POST /mointor HTTP/1.1" 200 -
((601, datetime.datetime(2023, 8, 22, 22, 0, 31), 1, 120),)
721
yibukaishi
767676721@qq.com
767676721
{'beingInvited': False, 'corpName': None, 'loginToken': None, 'openId': None, 'token': '0dd17431-be23-4cff-94ff-cc8e0bb1bc77', 'userInfo': {'beingBlackEmail': False, 'beingDisableExpiryRemind': False, 'beingExpand': None, 'beingInvited': False, 'beingLangFollowBrowser': True, 'beingOldVersion': None, 'beingPrivacyPolicy': True, 'beingSandBoxSuperAdmin': False, 'collectUserInfo': None, 'createTime': None, 'csShow': True, 'desktopRemind': True, 'email': '767676721@qq.com', 'firstLogin': None, 'grayLimit': 82, 'graySpecify': False, 'grayType': 1, 'hasPwdLoggedIn': False, 'havePassword': True, 'headImg': None, 'lang': None, 'lastWsInfo': {'accepted': None, 'accountLevel': 40, 'auth': 2, 'beingCustomizedAppSync': None, 'beingHideHelpDocument': False, 'beingSandbox': False, 'beingWatermark': False, 'biAuth': 'SUPER', 'canWorkWx': False, 'contactEnableNum': 1, 'contactNum': 1, 'dataRelatedStatus': 'NEW', 'departs': [], 'dynamic': None, 'exId': 'tAeLHd46LCIVJntpS0hfng==', 'exUserId': '1879720', 'expireDate': 1694012441000, 'hideCopyright': False, 'logoutConfig': {'logOutToSso': False, 'serverName': None, 'ssoType': None}, 'memberId': 1704580, 'openConnectorList': [], 'openPluginList': [2, 3, 6, 7, 8, 9, 13, 14, 15, 16, 17, 25, 26, 27, 28, 29, 33, 34, 35, 36, 37, 38, 39, 42, 43, 44, 45, -2, 32], 'permissionStatus': None, 'pluginClickList': [], 'pluginLimitDetail': {'dashAllVisiableLimit': 4, 'dashAllVisiableNum': 0}, 'publicAccessAuthVO': {'beingAttachmentQuestion': False, 'beingPublicLink': False}, 'remark': '767676721@qq.com', 'showContact': True, 'trial': True, 'trialDays': '0', 'trialNotice': True, 'type': 'normal', 'useScheduledSync': False, 'watermarkConfig': {'showDate': False, 'showDeparts': False, 'showExUserId': False, 'showName': True, 'showPhoneNumber': False, 'showWsName': False}, 'wsDomain': None, 'wsFunction': 'platform', 'wsId': 438796, 'wsLimitDetail': {'canDashNum': -1, 'canFormNum': -1, 'canPackageNum': -1, 'currentDashNum': -1, 'currentFormNum': -1, 'currentPackageNum': -1}, 'wsName': '767676721@qq.comÁöÑÂ∑•‰ΩúÂå∫'}, 'mobile': '767676721', 'nickName': '767676721@qq.com', 'npsCollect': False, 'promoCode': 'fe31db9b8', 'randomEmail': False, 'recordedNewGuidePop': [], 'showProcessPersonal': False, 'signatureUrl': None, 'source': 'home_home', 'status': None, 'uid': 1879720}, 'userSecurityVO': {'authMethod': 0, 'beingUninitialized': False}}
{'beingInvited': False, 'corpName': None, 'loginToken': None, 'openId': None, 'token': '0dd17431-be23-4cff-94ff-cc8e0bb1bc77', 'userInfo': {'beingBlackEmail': False, 'beingDisableExpiryRemind': False, 'beingExpand': None, 'beingInvited': False, 'beingLangFollowBrowser': True, 'beingOldVersion': None, 'beingPrivacyPolicy': True, 'beingSandBoxSuperAdmin': False, 'collectUserInfo': None, 'createTime': None, 'csShow': True, 'desktopRemind': True, 'email': '767676721@qq.com', 'firstLogin': None, 'grayLimit': 82, 'graySpecify': False, 'grayType': 1, 'hasPwdLoggedIn': False, 'havePassword': True, 'headImg': None, 'lang': None, 'lastWsInfo': {'accepted': None, 'accountLevel': 40, 'auth': 2, 'beingCustomizedAppSync': None, 'beingHideHelpDocument': False, 'beingSandbox': False, 'beingWatermark': False, 'biAuth': 'SUPER', 'canWorkWx': False, 'contactEnableNum': 1, 'contactNum': 1, 'dataRelatedStatus': 'NEW', 'departs': [], 'dynamic': None, 'exId': 'tAeLHd46LCIVJntpS0hfng==', 'exUserId': '1879720', 'expireDate': 1694012441000, 'hideCopyright': False, 'logoutConfig': {'logOutToSso': False, 'serverName': None, 'ssoType': None}, 'memberId': 1704580, 'openConnectorList': [], 'openPluginList': [2, 3, 6, 7, 8, 9, 13, 14, 15, 16, 17, 25, 26, 27, 28, 29, 33, 34, 35, 36, 37, 38, 39, 42, 43, 44, 45, -2, 32], 'permissionStatus': None, 'pluginClickList': [], 'pluginLimitDetail': {'dashAllVisiableLimit': 4, 'dashAllVisiableNum': 0}, 'publicAccessAuthVO': {'beingAttachmentQuestion': False, 'beingPublicLink': False}, 'remark': '767676721@qq.com', 'showContact': True, 'trial': True, 'trialDays': '0', 'trialNotice': True, 'type': 'normal', 'useScheduledSync': False, 'watermarkConfig': {'showDate': False, 'showDeparts': False, 'showExUserId': False, 'showName': True, 'showPhoneNumber': False, 'showWsName': False}, 'wsDomain': None, 'wsFunction': 'platform', 'wsId': 438796, 'wsLimitDetail': {'canDashNum': -1, 'canFormNum': -1, 'canPackageNum': -1, 'currentDashNum': -1, 'currentFormNum': -1, 'currentPackageNum': -1}, 'wsName': '767676721@qq.comÁöÑÂ∑•‰ΩúÂå∫'}, 'mobile': '767676721', 'nickName': '767676721@qq.com', 'npsCollect': False, 'promoCode': 'fe31db9b8', 'randomEmail': False, 'recordedNewGuidePop': [], 'showProcessPersonal': False, 'signatureUrl': None, 'source': 'home_home', 'status': None, 'uid': 1879720}, 'userSecurityVO': {'authMethod': 0, 'beingUninitialized': False}}
118.25.243.250 - - [22/Aug/2023 23:00:41] "POST /mointor HTTP/1.1" 200 -
((602, datetime.datetime(2023, 8, 22, 23, 0, 41), 1, 120),)
722
yibukaishi
767676722@qq.com
767676722
{'beingInvited': False, 'corpName': None, 'loginToken': None, 'openId': None, 'token': '14238230-9d31-4931-bbb4-44326ef4fd0f', 'userInfo': {'beingBlackEmail': False, 'beingDisableExpiryRemind': False, 'beingExpand': None, 'beingInvited': False, 'beingLangFollowBrowser': True, 'beingOldVersion': None, 'beingPrivacyPolicy': True, 'beingSandBoxSuperAdmin': False, 'collectUserInfo': None, 'createTime': None, 'csShow': True, 'desktopRemind': True, 'email': '767676722@qq.com', 'firstLogin': None, 'grayLimit': 29, 'graySpecify': False, 'grayType': 1, 'hasPwdLoggedIn': False, 'havePassword': True, 'headImg': None, 'lang': None, 'lastWsInfo': {'accepted': None, 'accountLevel': 40, 'auth': 2, 'beingCustomizedAppSync': None, 'beingHideHelpDocument': False, 'beingSandbox': False, 'beingWatermark': False, 'biAuth': 'SUPER', 'canWorkWx': False, 'contactEnableNum': 1, 'contactNum': 1, 'dataRelatedStatus': 'NEW', 'departs': [], 'dynamic': None, 'exId': 'tAeLHd46LCJx5r16Z0SCqQ==', 'exUserId': '1879735', 'expireDate': 1694016071000, 'hideCopyright': False, 'logoutConfig': {'logOutToSso': False, 'serverName': None, 'ssoType': None}, 'memberId': 1704592, 'openConnectorList': [], 'openPluginList': [2, 3, 6, 7, 8, 9, 13, 14, 15, 16, 17, 25, 26, 27, 28, 29, 33, 34, 35, 36, 37, 38, 39, 42, 43, 44, 45, -2, 32], 'permissionStatus': None, 'pluginClickList': [], 'pluginLimitDetail': {'dashAllVisiableLimit': 4, 'dashAllVisiableNum': 0}, 'publicAccessAuthVO': {'beingAttachmentQuestion': False, 'beingPublicLink': False}, 'remark': '767676722@qq.com', 'showContact': True, 'trial': True, 'trialDays': '0', 'trialNotice': True, 'type': 'normal', 'useScheduledSync': False, 'watermarkConfig': {'showDate': False, 'showDeparts': False, 'showExUserId': False, 'showName': True, 'showPhoneNumber': False, 'showWsName': False}, 'wsDomain': None, 'wsFunction': 'platform', 'wsId': 438806, 'wsLimitDetail': {'canDashNum': -1, 'canFormNum': -1, 'canPackageNum': -1, 'currentDashNum': -1, 'currentFormNum': -1, 'currentPackageNum': -1}, 'wsName': '767676722@qq.comÁöÑÂ∑•‰ΩúÂå∫'}, 'mobile': '767676722', 'nickName': '767676722@qq.com', 'npsCollect': False, 'promoCode': '9f7fb7b96', 'randomEmail': False, 'recordedNewGuidePop': [], 'showProcessPersonal': False, 'signatureUrl': None, 'source': 'home_home', 'status': None, 'uid': 1879735}, 'userSecurityVO': {'authMethod': 0, 'beingUninitialized': False}}
{'beingInvited': False, 'corpName': None, 'loginToken': None, 'openId': None, 'token': '14238230-9d31-4931-bbb4-44326ef4fd0f', 'userInfo': {'beingBlackEmail': False, 'beingDisableExpiryRemind': False, 'beingExpand': None, 'beingInvited': False, 'beingLangFollowBrowser': True, 'beingOldVersion': None, 'beingPrivacyPolicy': True, 'beingSandBoxSuperAdmin': False, 'collectUserInfo': None, 'createTime': None, 'csShow': True, 'desktopRemind': True, 'email': '767676722@qq.com', 'firstLogin': None, 'grayLimit': 29, 'graySpecify': False, 'grayType': 1, 'hasPwdLoggedIn': False, 'havePassword': True, 'headImg': None, 'lang': None, 'lastWsInfo': {'accepted': None, 'accountLevel': 40, 'auth': 2, 'beingCustomizedAppSync': None, 'beingHideHelpDocument': False, 'beingSandbox': False, 'beingWatermark': False, 'biAuth': 'SUPER', 'canWorkWx': False, 'contactEnableNum': 1, 'contactNum': 1, 'dataRelatedStatus': 'NEW', 'departs': [], 'dynamic': None, 'exId': 'tAeLHd46LCJx5r16Z0SCqQ==', 'exUserId': '1879735', 'expireDate': 1694016071000, 'hideCopyright': False, 'logoutConfig': {'logOutToSso': False, 'serverName': None, 'ssoType': None}, 'memberId': 1704592, 'openConnectorList': [], 'openPluginList': [2, 3, 6, 7, 8, 9, 13, 14, 15, 16, 17, 25, 26, 27, 28, 29, 33, 34, 35, 36, 37, 38, 39, 42, 43, 44, 45, -2, 32], 'permissionStatus': None, 'pluginClickList': [], 'pluginLimitDetail': {'dashAllVisiableLimit': 4, 'dashAllVisiableNum': 0}, 'publicAccessAuthVO': {'beingAttachmentQuestion': False, 'beingPublicLink': False}, 'remark': '767676722@qq.com', 'showContact': True, 'trial': True, 'trialDays': '0', 'trialNotice': True, 'type': 'normal', 'useScheduledSync': False, 'watermarkConfig': {'showDate': False, 'showDeparts': False, 'showExUserId': False, 'showName': True, 'showPhoneNumber': False, 'showWsName': False}, 'wsDomain': None, 'wsFunction': 'platform', 'wsId': 438806, 'wsLimitDetail': {'canDashNum': -1, 'canFormNum': -1, 'canPackageNum': -1, 'currentDashNum': -1, 'currentFormNum': -1, 'currentPackageNum': -1}, 'wsName': '767676722@qq.comÁöÑÂ∑•‰ΩúÂå∫'}, 'mobile': '767676722', 'nickName': '767676722@qq.com', 'npsCollect': False, 'promoCode': '9f7fb7b96', 'randomEmail': False, 'recordedNewGuidePop': [], 'showProcessPersonal': False, 'signatureUrl': None, 'source': 'home_home', 'status': None, 'uid': 1879735}, 'userSecurityVO': {'authMethod': 0, 'beingUninitialized': False}}
118.25.243.250 - - [23/Aug/2023 00:01:11] "POST /mointor HTTP/1.1" 200 -
((603, datetime.datetime(2023, 8, 23, 0, 1, 11), 1, 120),)
723
yibukaishi
767676723@qq.com
767676723
{'beingInvited': False, 'corpName': None, 'loginToken': None, 'openId': None, 'token': '7e719b77-f399-4327-b5c2-dcdccc881af9', 'userInfo': {'beingBlackEmail': False, 'beingDisableExpiryRemind': False, 'beingExpand': None, 'beingInvited': False, 'beingLangFollowBrowser': True, 'beingOldVersion': None, 'beingPrivacyPolicy': True, 'beingSandBoxSuperAdmin': False, 'collectUserInfo': None, 'createTime': None, 'csShow': True, 'desktopRemind': True, 'email': '767676723@qq.com', 'firstLogin': None, 'grayLimit': 74, 'graySpecify': False, 'grayType': 1, 'hasPwdLoggedIn': False, 'havePassword': True, 'headImg': None, 'lang': None, 'lastWsInfo': {'accepted': None, 'accountLevel': 40, 'auth': 2, 'beingCustomizedAppSync': None, 'beingHideHelpDocument': False, 'beingSandbox': False, 'beingWatermark': False, 'biAuth': 'SUPER', 'canWorkWx': False, 'contactEnableNum': 1, 'contactNum': 1, 'dataRelatedStatus': 'NEW', 'departs': [], 'dynamic': None, 'exId': 'tAeLHd46LCI/0WZzKVe8sw==', 'exUserId': '1879738', 'expireDate': 1694017810000, 'hideCopyright': False, 'logoutConfig': {'logOutToSso': False, 'serverName': None, 'ssoType': None}, 'memberId': 1704594, 'openConnectorList': [], 'openPluginList': [2, 3, 6, 7, 8, 9, 13, 14, 15, 16, 17, 25, 26, 27, 28, 29, 33, 34, 35, 36, 37, 38, 39, 42, 43, 44, 45, -2, 32], 'permissionStatus': None, 'pluginClickList': [], 'pluginLimitDetail': {'dashAllVisiableLimit': 4, 'dashAllVisiableNum': 0}, 'publicAccessAuthVO': {'beingAttachmentQuestion': False, 'beingPublicLink': False}, 'remark': '767676723@qq.com', 'showContact': True, 'trial': True, 'trialDays': '0', 'trialNotice': True, 'type': 'normal', 'useScheduledSync': False, 'watermarkConfig': {'showDate': False, 'showDeparts': False, 'showExUserId': False, 'showName': True, 'showPhoneNumber': False, 'showWsName': False}, 'wsDomain': None, 'wsFunction': 'platform', 'wsId': 438808, 'wsLimitDetail': {'canDashNum': -1, 'canFormNum': -1, 'canPackageNum': -1, 'currentDashNum': -1, 'currentFormNum': -1, 'currentPackageNum': -1}, 'wsName': '767676723@qq.comÁöÑÂ∑•‰ΩúÂå∫'}, 'mobile': '767676723', 'nickName': '767676723@qq.com', 'npsCollect': False, 'promoCode': '222d0ffbf', 'randomEmail': False, 'recordedNewGuidePop': [], 'showProcessPersonal': False, 'signatureUrl': None, 'source': 'home_home', 'status': None, 'uid': 1879738}, 'userSecurityVO': {'authMethod': 0, 'beingUninitialized': False}}
{'beingInvited': False, 'corpName': None, 'loginToken': None, 'openId': None, 'token': '7e719b77-f399-4327-b5c2-dcdccc881af9', 'userInfo': {'beingBlackEmail': False, 'beingDisableExpiryRemind': False, 'beingExpand': None, 'beingInvited': False, 'beingLangFollowBrowser': True, 'beingOldVersion': None, 'beingPrivacyPolicy': True, 'beingSandBoxSuperAdmin': False, 'collectUserInfo': None, 'createTime': None, 'csShow': True, 'desktopRemind': True, 'email': '767676723@qq.com', 'firstLogin': None, 'grayLimit': 74, 'graySpecify': False, 'grayType': 1, 'hasPwdLoggedIn': False, 'havePassword': True, 'headImg': None, 'lang': None, 'lastWsInfo': {'accepted': None, 'accountLevel': 40, 'auth': 2, 'beingCustomizedAppSync': None, 'beingHideHelpDocument': False, 'beingSandbox': False, 'beingWatermark': False, 'biAuth': 'SUPER', 'canWorkWx': False, 'contactEnableNum': 1, 'contactNum': 1, 'dataRelatedStatus': 'NEW', 'departs': [], 'dynamic': None, 'exId': 'tAeLHd46LCI/0WZzKVe8sw==', 'exUserId': '1879738', 'expireDate': 1694017810000, 'hideCopyright': False, 'logoutConfig': {'logOutToSso': False, 'serverName': None, 'ssoType': None}, 'memberId': 1704594, 'openConnectorList': [], 'openPluginList': [2, 3, 6, 7, 8, 9, 13, 14, 15, 16, 17, 25, 26, 27, 28, 29, 33, 34, 35, 36, 37, 38, 39, 42, 43, 44, 45, -2, 32], 'permissionStatus': None, 'pluginClickList': [], 'pluginLimitDetail': {'dashAllVisiableLimit': 4, 'dashAllVisiableNum': 0}, 'publicAccessAuthVO': {'beingAttachmentQuestion': False, 'beingPublicLink': False}, 'remark': '767676723@qq.com', 'showContact': True, 'trial': True, 'trialDays': '0', 'trialNotice': True, 'type': 'normal', 'useScheduledSync': False, 'watermarkConfig': {'showDate': False, 'showDeparts': False, 'showExUserId': False, 'showName': True, 'showPhoneNumber': False, 'showWsName': False}, 'wsDomain': None, 'wsFunction': 'platform', 'wsId': 438808, 'wsLimitDetail': {'canDashNum': -1, 'canFormNum': -1, 'canPackageNum': -1, 'currentDashNum': -1, 'currentFormNum': -1, 'currentPackageNum': -1}, 'wsName': '767676723@qq.comÁöÑÂ∑•‰ΩúÂå∫'}, 'mobile': '767676723', 'nickName': '767676723@qq.com', 'npsCollect': False, 'promoCode': '222d0ffbf', 'randomEmail': False, 'recordedNewGuidePop': [], 'showProcessPersonal': False, 'signatureUrl': None, 'source': 'home_home', 'status': None, 'uid': 1879738}, 'userSecurityVO': {'authMethod': 0, 'beingUninitialized': False}}
118.25.243.250 - - [23/Aug/2023 00:30:10] "POST /mointor HTTP/1.1" 200 -
179.60.147.13 - - [23/Aug/2023 07:04:22] code 400, message Bad HTTP/0.9 request type ('\x03\x00\x00/*√†\x00\x00\x00\x00\x00Cookie:')
179.60.147.13 - - [23/Aug/2023 07:04:22] "[35m[1m  /*√†     Cookie: mstshash=Administr[0m" HTTPStatus.BAD_REQUEST -
179.60.147.13 - - [23/Aug/2023 07:04:22] code 400, message Bad HTTP/0.9 request type ('\x03\x00\x00/*√†\x00\x00\x00\x00\x00Cookie:')
179.60.147.13 - - [23/Aug/2023 07:04:22] "[35m[1m  /*√†     Cookie: mstshash=Administr[0m" HTTPStatus.BAD_REQUEST -
604
124.221.203.147 - - [23/Aug/2023 10:00:57] "GET /?password=wsj HTTP/1.1" 200 -
604
[2023-08-23 11:11:19,467] ERROR in app: Exception on / [GET]
Traceback (most recent call last):
  File "/usr/local/lib64/python3.6/site-packages/flask/app.py", line 2073, in wsgi_app
    response = self.full_dispatch_request()
  File "/usr/local/lib64/python3.6/site-packages/flask/app.py", line 1519, in full_dispatch_request
    return self.finalize_request(rv)
  File "/usr/local/lib64/python3.6/site-packages/flask/app.py", line 1538, in finalize_request
    response = self.make_response(rv)
  File "/usr/local/lib64/python3.6/site-packages/flask/app.py", line 1702, in make_response
    f"The view function for {request.endpoint!r} did not"
TypeError: The view function for 'result' did not return a valid response. The function either returned None or ended without a return statement.
94.102.61.5 - - [23/Aug/2023 11:11:19] "[35m[1mGET / HTTP/1.1[0m" 500 -
((604, datetime.datetime(2023, 8, 23, 0, 30, 10), 1, 120),)
724
yibukaishi
767676724@qq.com
767676724
{'beingInvited': False, 'corpName': None, 'loginToken': None, 'openId': None, 'token': 'f0dfeee7-d740-4ce5-898c-481a15362dd2', 'userInfo': {'beingBlackEmail': False, 'beingDisableExpiryRemind': False, 'beingExpand': None, 'beingInvited': False, 'beingLangFollowBrowser': True, 'beingOldVersion': None, 'beingPrivacyPolicy': True, 'beingSandBoxSuperAdmin': False, 'collectUserInfo': None, 'createTime': None, 'csShow': True, 'desktopRemind': True, 'email': '767676724@qq.com', 'firstLogin': None, 'grayLimit': 68, 'graySpecify': False, 'grayType': 1, 'hasPwdLoggedIn': False, 'havePassword': True, 'headImg': None, 'lang': None, 'lastWsInfo': {'accepted': None, 'accountLevel': 40, 'auth': 2, 'beingCustomizedAppSync': None, 'beingHideHelpDocument': False, 'beingSandbox': False, 'beingWatermark': False, 'biAuth': 'SUPER', 'canWorkWx': False, 'contactEnableNum': 1, 'contactNum': 1, 'dataRelatedStatus': 'NEW', 'departs': [], 'dynamic': None, 'exId': 'tAeLHd46LCIfzrGtnKlTIw==', 'exUserId': '1881147', 'expireDate': 1694095231000, 'hideCopyright': False, 'logoutConfig': {'logOutToSso': False, 'serverName': None, 'ssoType': None}, 'memberId': 1705723, 'openConnectorList': [], 'openPluginList': [2, 3, 6, 7, 8, 9, 13, 14, 15, 16, 17, 25, 26, 27, 28, 29, 33, 34, 35, 36, 37, 38, 39, 42, 43, 44, 45, -2, 32], 'permissionStatus': None, 'pluginClickList': [], 'pluginLimitDetail': {'dashAllVisiableLimit': 4, 'dashAllVisiableNum': 0}, 'publicAccessAuthVO': {'beingAttachmentQuestion': False, 'beingPublicLink': False}, 'remark': '767676724@qq.com', 'showContact': True, 'trial': True, 'trialDays': '0', 'trialNotice': True, 'type': 'normal', 'useScheduledSync': False, 'watermarkConfig': {'showDate': False, 'showDeparts': False, 'showExUserId': False, 'showName': True, 'showPhoneNumber': False, 'showWsName': False}, 'wsDomain': None, 'wsFunction': 'platform', 'wsId': 439277, 'wsLimitDetail': {'canDashNum': -1, 'canFormNum': -1, 'canPackageNum': -1, 'currentDashNum': -1, 'currentFormNum': -1, 'currentPackageNum': -1}, 'wsName': '767676724@qq.comÁöÑÂ∑•‰ΩúÂå∫'}, 'mobile': '767676724', 'nickName': '767676724@qq.com', 'npsCollect': False, 'promoCode': 'd6cbc7ed2', 'randomEmail': False, 'recordedNewGuidePop': [], 'showProcessPersonal': False, 'signatureUrl': None, 'source': 'home_home', 'status': None, 'uid': 1881147}, 'userSecurityVO': {'authMethod': 0, 'beingUninitialized': False}}
{'beingInvited': False, 'corpName': None, 'loginToken': None, 'openId': None, 'token': 'f0dfeee7-d740-4ce5-898c-481a15362dd2', 'userInfo': {'beingBlackEmail': False, 'beingDisableExpiryRemind': False, 'beingExpand': None, 'beingInvited': False, 'beingLangFollowBrowser': True, 'beingOldVersion': None, 'beingPrivacyPolicy': True, 'beingSandBoxSuperAdmin': False, 'collectUserInfo': None, 'createTime': None, 'csShow': True, 'desktopRemind': True, 'email': '767676724@qq.com', 'firstLogin': None, 'grayLimit': 68, 'graySpecify': False, 'grayType': 1, 'hasPwdLoggedIn': False, 'havePassword': True, 'headImg': None, 'lang': None, 'lastWsInfo': {'accepted': None, 'accountLevel': 40, 'auth': 2, 'beingCustomizedAppSync': None, 'beingHideHelpDocument': False, 'beingSandbox': False, 'beingWatermark': False, 'biAuth': 'SUPER', 'canWorkWx': False, 'contactEnableNum': 1, 'contactNum': 1, 'dataRelatedStatus': 'NEW', 'departs': [], 'dynamic': None, 'exId': 'tAeLHd46LCIfzrGtnKlTIw==', 'exUserId': '1881147', 'expireDate': 1694095231000, 'hideCopyright': False, 'logoutConfig': {'logOutToSso': False, 'serverName': None, 'ssoType': None}, 'memberId': 1705723, 'openConnectorList': [], 'openPluginList': [2, 3, 6, 7, 8, 9, 13, 14, 15, 16, 17, 25, 26, 27, 28, 29, 33, 34, 35, 36, 37, 38, 39, 42, 43, 44, 45, -2, 32], 'permissionStatus': None, 'pluginClickList': [], 'pluginLimitDetail': {'dashAllVisiableLimit': 4, 'dashAllVisiableNum': 0}, 'publicAccessAuthVO': {'beingAttachmentQuestion': False, 'beingPublicLink': False}, 'remark': '767676724@qq.com', 'showContact': True, 'trial': True, 'trialDays': '0', 'trialNotice': True, 'type': 'normal', 'useScheduledSync': False, 'watermarkConfig': {'showDate': False, 'showDeparts': False, 'showExUserId': False, 'showName': True, 'showPhoneNumber': False, 'showWsName': False}, 'wsDomain': None, 'wsFunction': 'platform', 'wsId': 439277, 'wsLimitDetail': {'canDashNum': -1, 'canFormNum': -1, 'canPackageNum': -1, 'currentDashNum': -1, 'currentFormNum': -1, 'currentPackageNum': -1}, 'wsName': '767676724@qq.comÁöÑÂ∑•‰ΩúÂå∫'}, 'mobile': '767676724', 'nickName': '767676724@qq.com', 'npsCollect': False, 'promoCode': 'd6cbc7ed2', 'randomEmail': False, 'recordedNewGuidePop': [], 'showProcessPersonal': False, 'signatureUrl': None, 'source': 'home_home', 'status': None, 'uid': 1881147}, 'userSecurityVO': {'authMethod': 0, 'beingUninitialized': False}}
118.25.243.250 - - [23/Aug/2023 22:00:31] "POST /mointor HTTP/1.1" 200 -
((605, datetime.datetime(2023, 8, 23, 22, 0, 31), 1, 120),)
725
yibukaishi
767676725@qq.com
767676725
{'beingInvited': False, 'corpName': None, 'loginToken': None, 'openId': None, 'token': 'b31fce53-7f6f-45de-9ad9-2ef214a5c149', 'userInfo': {'beingBlackEmail': False, 'beingDisableExpiryRemind': False, 'beingExpand': None, 'beingInvited': False, 'beingLangFollowBrowser': True, 'beingOldVersion': None, 'beingPrivacyPolicy': True, 'beingSandBoxSuperAdmin': False, 'collectUserInfo': None, 'createTime': None, 'csShow': True, 'desktopRemind': True, 'email': '767676725@qq.com', 'firstLogin': None, 'grayLimit': 34, 'graySpecify': False, 'grayType': 1, 'hasPwdLoggedIn': False, 'havePassword': True, 'headImg': None, 'lang': None, 'lastWsInfo': {'accepted': None, 'accountLevel': 40, 'auth': 2, 'beingCustomizedAppSync': None, 'beingHideHelpDocument': False, 'beingSandbox': False, 'beingWatermark': False, 'biAuth': 'SUPER', 'canWorkWx': False, 'contactEnableNum': 1, 'contactNum': 1, 'dataRelatedStatus': 'NEW', 'departs': [], 'dynamic': None, 'exId': 'tAeLHd46LCLbFLXLCxGRxw==', 'exUserId': '1881170', 'expireDate': 1694098842000, 'hideCopyright': False, 'logoutConfig': {'logOutToSso': False, 'serverName': None, 'ssoType': None}, 'memberId': 1705737, 'openConnectorList': [], 'openPluginList': [2, 3, 6, 7, 8, 9, 13, 14, 15, 16, 17, 25, 26, 27, 28, 29, 33, 34, 35, 36, 37, 38, 39, 42, 43, 44, 45, -2, 32], 'permissionStatus': None, 'pluginClickList': [], 'pluginLimitDetail': {'dashAllVisiableLimit': 4, 'dashAllVisiableNum': 0}, 'publicAccessAuthVO': {'beingAttachmentQuestion': False, 'beingPublicLink': False}, 'remark': '767676725@qq.com', 'showContact': True, 'trial': True, 'trialDays': '0', 'trialNotice': True, 'type': 'normal', 'useScheduledSync': False, 'watermarkConfig': {'showDate': False, 'showDeparts': False, 'showExUserId': False, 'showName': True, 'showPhoneNumber': False, 'showWsName': False}, 'wsDomain': None, 'wsFunction': 'platform', 'wsId': 439291, 'wsLimitDetail': {'canDashNum': -1, 'canFormNum': -1, 'canPackageNum': -1, 'currentDashNum': -1, 'currentFormNum': -1, 'currentPackageNum': -1}, 'wsName': '767676725@qq.comÁöÑÂ∑•‰ΩúÂå∫'}, 'mobile': '767676725', 'nickName': '767676725@qq.com', 'npsCollect': False, 'promoCode': '23edc76e5', 'randomEmail': False, 'recordedNewGuidePop': [], 'showProcessPersonal': False, 'signatureUrl': None, 'source': 'home_home', 'status': None, 'uid': 1881170}, 'userSecurityVO': {'authMethod': 0, 'beingUninitialized': False}}
{'beingInvited': False, 'corpName': None, 'loginToken': None, 'openId': None, 'token': 'b31fce53-7f6f-45de-9ad9-2ef214a5c149', 'userInfo': {'beingBlackEmail': False, 'beingDisableExpiryRemind': False, 'beingExpand': None, 'beingInvited': False, 'beingLangFollowBrowser': True, 'beingOldVersion': None, 'beingPrivacyPolicy': True, 'beingSandBoxSuperAdmin': False, 'collectUserInfo': None, 'createTime': None, 'csShow': True, 'desktopRemind': True, 'email': '767676725@qq.com', 'firstLogin': None, 'grayLimit': 34, 'graySpecify': False, 'grayType': 1, 'hasPwdLoggedIn': False, 'havePassword': True, 'headImg': None, 'lang': None, 'lastWsInfo': {'accepted': None, 'accountLevel': 40, 'auth': 2, 'beingCustomizedAppSync': None, 'beingHideHelpDocument': False, 'beingSandbox': False, 'beingWatermark': False, 'biAuth': 'SUPER', 'canWorkWx': False, 'contactEnableNum': 1, 'contactNum': 1, 'dataRelatedStatus': 'NEW', 'departs': [], 'dynamic': None, 'exId': 'tAeLHd46LCLbFLXLCxGRxw==', 'exUserId': '1881170', 'expireDate': 1694098842000, 'hideCopyright': False, 'logoutConfig': {'logOutToSso': False, 'serverName': None, 'ssoType': None}, 'memberId': 1705737, 'openConnectorList': [], 'openPluginList': [2, 3, 6, 7, 8, 9, 13, 14, 15, 16, 17, 25, 26, 27, 28, 29, 33, 34, 35, 36, 37, 38, 39, 42, 43, 44, 45, -2, 32], 'permissionStatus': None, 'pluginClickList': [], 'pluginLimitDetail': {'dashAllVisiableLimit': 4, 'dashAllVisiableNum': 0}, 'publicAccessAuthVO': {'beingAttachmentQuestion': False, 'beingPublicLink': False}, 'remark': '767676725@qq.com', 'showContact': True, 'trial': True, 'trialDays': '0', 'trialNotice': True, 'type': 'normal', 'useScheduledSync': False, 'watermarkConfig': {'showDate': False, 'showDeparts': False, 'showExUserId': False, 'showName': True, 'showPhoneNumber': False, 'showWsName': False}, 'wsDomain': None, 'wsFunction': 'platform', 'wsId': 439291, 'wsLimitDetail': {'canDashNum': -1, 'canFormNum': -1, 'canPackageNum': -1, 'currentDashNum': -1, 'currentFormNum': -1, 'currentPackageNum': -1}, 'wsName': '767676725@qq.comÁöÑÂ∑•‰ΩúÂå∫'}, 'mobile': '767676725', 'nickName': '767676725@qq.com', 'npsCollect': False, 'promoCode': '23edc76e5', 'randomEmail': False, 'recordedNewGuidePop': [], 'showProcessPersonal': False, 'signatureUrl': None, 'source': 'home_home', 'status': None, 'uid': 1881170}, 'userSecurityVO': {'authMethod': 0, 'beingUninitialized': False}}
118.25.243.250 - - [23/Aug/2023 23:00:41] "POST /mointor HTTP/1.1" 200 -
((606, datetime.datetime(2023, 8, 23, 23, 0, 41), 1, 120),)
726
yibukaishi
767676726@qq.com
767676726
{'beingInvited': False, 'corpName': None, 'loginToken': None, 'openId': None, 'token': '343f6112-e2ee-4d94-8d69-ceee6729ed74', 'userInfo': {'beingBlackEmail': False, 'beingDisableExpiryRemind': False, 'beingExpand': None, 'beingInvited': False, 'beingLangFollowBrowser': True, 'beingOldVersion': None, 'beingPrivacyPolicy': True, 'beingSandBoxSuperAdmin': False, 'collectUserInfo': None, 'createTime': None, 'csShow': True, 'desktopRemind': True, 'email': '767676726@qq.com', 'firstLogin': None, 'grayLimit': 28, 'graySpecify': False, 'grayType': 1, 'hasPwdLoggedIn': False, 'havePassword': True, 'headImg': None, 'lang': None, 'lastWsInfo': {'accepted': None, 'accountLevel': 40, 'auth': 2, 'beingCustomizedAppSync': None, 'beingHideHelpDocument': False, 'beingSandbox': False, 'beingWatermark': False, 'biAuth': 'SUPER', 'canWorkWx': False, 'contactEnableNum': 1, 'contactNum': 1, 'dataRelatedStatus': 'NEW', 'departs': [], 'dynamic': None, 'exId': 'tAeLHd46LCLFG2KDh8OOeA==', 'exUserId': '1881195', 'expireDate': 1694102457000, 'hideCopyright': False, 'logoutConfig': {'logOutToSso': False, 'serverName': None, 'ssoType': None}, 'memberId': 1705757, 'openConnectorList': [], 'openPluginList': [2, 3, 6, 7, 8, 9, 13, 14, 15, 16, 17, 25, 26, 27, 28, 29, 33, 34, 35, 36, 37, 38, 39, 42, 43, 44, 45, -2, 32], 'permissionStatus': None, 'pluginClickList': [], 'pluginLimitDetail': {'dashAllVisiableLimit': 4, 'dashAllVisiableNum': 0}, 'publicAccessAuthVO': {'beingAttachmentQuestion': False, 'beingPublicLink': False}, 'remark': '767676726@qq.com', 'showContact': True, 'trial': True, 'trialDays': '0', 'trialNotice': True, 'type': 'normal', 'useScheduledSync': False, 'watermarkConfig': {'showDate': False, 'showDeparts': False, 'showExUserId': False, 'showName': True, 'showPhoneNumber': False, 'showWsName': False}, 'wsDomain': None, 'wsFunction': 'platform', 'wsId': 439300, 'wsLimitDetail': {'canDashNum': -1, 'canFormNum': -1, 'canPackageNum': -1, 'currentDashNum': -1, 'currentFormNum': -1, 'currentPackageNum': -1}, 'wsName': '767676726@qq.comÁöÑÂ∑•‰ΩúÂå∫'}, 'mobile': '767676726', 'nickName': '767676726@qq.com', 'npsCollect': False, 'promoCode': '7c0f34e61', 'randomEmail': False, 'recordedNewGuidePop': [], 'showProcessPersonal': False, 'signatureUrl': None, 'source': 'home_home', 'status': None, 'uid': 1881195}, 'userSecurityVO': {'authMethod': 0, 'beingUninitialized': False}}
{'beingInvited': False, 'corpName': None, 'loginToken': None, 'openId': None, 'token': '343f6112-e2ee-4d94-8d69-ceee6729ed74', 'userInfo': {'beingBlackEmail': False, 'beingDisableExpiryRemind': False, 'beingExpand': None, 'beingInvited': False, 'beingLangFollowBrowser': True, 'beingOldVersion': None, 'beingPrivacyPolicy': True, 'beingSandBoxSuperAdmin': False, 'collectUserInfo': None, 'createTime': None, 'csShow': True, 'desktopRemind': True, 'email': '767676726@qq.com', 'firstLogin': None, 'grayLimit': 28, 'graySpecify': False, 'grayType': 1, 'hasPwdLoggedIn': False, 'havePassword': True, 'headImg': None, 'lang': None, 'lastWsInfo': {'accepted': None, 'accountLevel': 40, 'auth': 2, 'beingCustomizedAppSync': None, 'beingHideHelpDocument': False, 'beingSandbox': False, 'beingWatermark': False, 'biAuth': 'SUPER', 'canWorkWx': False, 'contactEnableNum': 1, 'contactNum': 1, 'dataRelatedStatus': 'NEW', 'departs': [], 'dynamic': None, 'exId': 'tAeLHd46LCLFG2KDh8OOeA==', 'exUserId': '1881195', 'expireDate': 1694102457000, 'hideCopyright': False, 'logoutConfig': {'logOutToSso': False, 'serverName': None, 'ssoType': None}, 'memberId': 1705757, 'openConnectorList': [], 'openPluginList': [2, 3, 6, 7, 8, 9, 13, 14, 15, 16, 17, 25, 26, 27, 28, 29, 33, 34, 35, 36, 37, 38, 39, 42, 43, 44, 45, -2, 32], 'permissionStatus': None, 'pluginClickList': [], 'pluginLimitDetail': {'dashAllVisiableLimit': 4, 'dashAllVisiableNum': 0}, 'publicAccessAuthVO': {'beingAttachmentQuestion': False, 'beingPublicLink': False}, 'remark': '767676726@qq.com', 'showContact': True, 'trial': True, 'trialDays': '0', 'trialNotice': True, 'type': 'normal', 'useScheduledSync': False, 'watermarkConfig': {'showDate': False, 'showDeparts': False, 'showExUserId': False, 'showName': True, 'showPhoneNumber': False, 'showWsName': False}, 'wsDomain': None, 'wsFunction': 'platform', 'wsId': 439300, 'wsLimitDetail': {'canDashNum': -1, 'canFormNum': -1, 'canPackageNum': -1, 'currentDashNum': -1, 'currentFormNum': -1, 'currentPackageNum': -1}, 'wsName': '767676726@qq.comÁöÑÂ∑•‰ΩúÂå∫'}, 'mobile': '767676726', 'nickName': '767676726@qq.com', 'npsCollect': False, 'promoCode': '7c0f34e61', 'randomEmail': False, 'recordedNewGuidePop': [], 'showProcessPersonal': False, 'signatureUrl': None, 'source': 'home_home', 'status': None, 'uid': 1881195}, 'userSecurityVO': {'authMethod': 0, 'beingUninitialized': False}}
118.25.243.250 - - [24/Aug/2023 00:00:57] "POST /mointor HTTP/1.1" 200 -
((607, datetime.datetime(2023, 8, 24, 0, 0, 57), 1, 120),)
727
yibukaishi
767676727@qq.com
767676727
{'beingInvited': False, 'corpName': None, 'loginToken': None, 'openId': None, 'token': '5e310b7b-edeb-48b8-8a80-962d41b08002', 'userInfo': {'beingBlackEmail': False, 'beingDisableExpiryRemind': False, 'beingExpand': None, 'beingInvited': False, 'beingLangFollowBrowser': True, 'beingOldVersion': None, 'beingPrivacyPolicy': True, 'beingSandBoxSuperAdmin': False, 'collectUserInfo': None, 'createTime': None, 'csShow': True, 'desktopRemind': True, 'email': '767676727@qq.com', 'firstLogin': None, 'grayLimit': 3, 'graySpecify': False, 'grayType': 1, 'hasPwdLoggedIn': False, 'havePassword': True, 'headImg': None, 'lang': None, 'lastWsInfo': {'accepted': None, 'accountLevel': 40, 'auth': 2, 'beingCustomizedAppSync': None, 'beingHideHelpDocument': False, 'beingSandbox': False, 'beingWatermark': False, 'biAuth': 'SUPER', 'canWorkWx': False, 'contactEnableNum': 1, 'contactNum': 1, 'dataRelatedStatus': 'NEW', 'departs': [], 'dynamic': None, 'exId': 'tAeLHd46LCIP5u/kBbr0gA==', 'exUserId': '1881202', 'expireDate': 1694104209000, 'hideCopyright': False, 'logoutConfig': {'logOutToSso': False, 'serverName': None, 'ssoType': None}, 'memberId': 1705761, 'openConnectorList': [], 'openPluginList': [2, 3, 6, 7, 8, 9, 13, 14, 15, 16, 17, 25, 26, 27, 28, 29, 33, 34, 35, 36, 37, 38, 39, 42, 43, 44, 45, -2, 32], 'permissionStatus': None, 'pluginClickList': [], 'pluginLimitDetail': {'dashAllVisiableLimit': 4, 'dashAllVisiableNum': 0}, 'publicAccessAuthVO': {'beingAttachmentQuestion': False, 'beingPublicLink': False}, 'remark': '767676727@qq.com', 'showContact': True, 'trial': True, 'trialDays': '0', 'trialNotice': True, 'type': 'normal', 'useScheduledSync': False, 'watermarkConfig': {'showDate': False, 'showDeparts': False, 'showExUserId': False, 'showName': True, 'showPhoneNumber': False, 'showWsName': False}, 'wsDomain': None, 'wsFunction': 'platform', 'wsId': 439303, 'wsLimitDetail': {'canDashNum': -1, 'canFormNum': -1, 'canPackageNum': -1, 'currentDashNum': -1, 'currentFormNum': -1, 'currentPackageNum': -1}, 'wsName': '767676727@qq.comÁöÑÂ∑•‰ΩúÂå∫'}, 'mobile': '767676727', 'nickName': '767676727@qq.com', 'npsCollect': False, 'promoCode': 'c0d164065', 'randomEmail': False, 'recordedNewGuidePop': [], 'showProcessPersonal': False, 'signatureUrl': None, 'source': 'home_home', 'status': None, 'uid': 1881202}, 'userSecurityVO': {'authMethod': 0, 'beingUninitialized': False}}
{'beingInvited': False, 'corpName': None, 'loginToken': None, 'openId': None, 'token': '5e310b7b-edeb-48b8-8a80-962d41b08002', 'userInfo': {'beingBlackEmail': False, 'beingDisableExpiryRemind': False, 'beingExpand': None, 'beingInvited': False, 'beingLangFollowBrowser': True, 'beingOldVersion': None, 'beingPrivacyPolicy': True, 'beingSandBoxSuperAdmin': False, 'collectUserInfo': None, 'createTime': None, 'csShow': True, 'desktopRemind': True, 'email': '767676727@qq.com', 'firstLogin': None, 'grayLimit': 3, 'graySpecify': False, 'grayType': 1, 'hasPwdLoggedIn': False, 'havePassword': True, 'headImg': None, 'lang': None, 'lastWsInfo': {'accepted': None, 'accountLevel': 40, 'auth': 2, 'beingCustomizedAppSync': None, 'beingHideHelpDocument': False, 'beingSandbox': False, 'beingWatermark': False, 'biAuth': 'SUPER', 'canWorkWx': False, 'contactEnableNum': 1, 'contactNum': 1, 'dataRelatedStatus': 'NEW', 'departs': [], 'dynamic': None, 'exId': 'tAeLHd46LCIP5u/kBbr0gA==', 'exUserId': '1881202', 'expireDate': 1694104209000, 'hideCopyright': False, 'logoutConfig': {'logOutToSso': False, 'serverName': None, 'ssoType': None}, 'memberId': 1705761, 'openConnectorList': [], 'openPluginList': [2, 3, 6, 7, 8, 9, 13, 14, 15, 16, 17, 25, 26, 27, 28, 29, 33, 34, 35, 36, 37, 38, 39, 42, 43, 44, 45, -2, 32], 'permissionStatus': None, 'pluginClickList': [], 'pluginLimitDetail': {'dashAllVisiableLimit': 4, 'dashAllVisiableNum': 0}, 'publicAccessAuthVO': {'beingAttachmentQuestion': False, 'beingPublicLink': False}, 'remark': '767676727@qq.com', 'showContact': True, 'trial': True, 'trialDays': '0', 'trialNotice': True, 'type': 'normal', 'useScheduledSync': False, 'watermarkConfig': {'showDate': False, 'showDeparts': False, 'showExUserId': False, 'showName': True, 'showPhoneNumber': False, 'showWsName': False}, 'wsDomain': None, 'wsFunction': 'platform', 'wsId': 439303, 'wsLimitDetail': {'canDashNum': -1, 'canFormNum': -1, 'canPackageNum': -1, 'currentDashNum': -1, 'currentFormNum': -1, 'currentPackageNum': -1}, 'wsName': '767676727@qq.comÁöÑÂ∑•‰ΩúÂå∫'}, 'mobile': '767676727', 'nickName': '767676727@qq.com', 'npsCollect': False, 'promoCode': 'c0d164065', 'randomEmail': False, 'recordedNewGuidePop': [], 'showProcessPersonal': False, 'signatureUrl': None, 'source': 'home_home', 'status': None, 'uid': 1881202}, 'userSecurityVO': {'authMethod': 0, 'beingUninitialized': False}}
118.25.243.250 - - [24/Aug/2023 00:30:09] "POST /mointor HTTP/1.1" 200 -
608
124.221.203.147 - - [24/Aug/2023 10:00:57] "GET /?password=wsj HTTP/1.1" 200 -
608
[2023-08-24 10:33:11,280] ERROR in app: Exception on / [GET]
Traceback (most recent call last):
  File "/usr/local/lib64/python3.6/site-packages/flask/app.py", line 2073, in wsgi_app
    response = self.full_dispatch_request()
  File "/usr/local/lib64/python3.6/site-packages/flask/app.py", line 1519, in full_dispatch_request
    return self.finalize_request(rv)
  File "/usr/local/lib64/python3.6/site-packages/flask/app.py", line 1538, in finalize_request
    response = self.make_response(rv)
  File "/usr/local/lib64/python3.6/site-packages/flask/app.py", line 1702, in make_response
    f"The view function for {request.endpoint!r} did not"
TypeError: The view function for 'result' did not return a valid response. The function either returned None or ended without a return statement.
167.248.133.38 - - [24/Aug/2023 10:33:11] "[35m[1mGET / HTTP/1.1[0m" 500 -
167.248.133.38 - - [24/Aug/2023 10:33:12] code 505, message Invalid HTTP version (2.0)
167.248.133.38 - - [24/Aug/2023 10:33:12] "[35m[1mPRI * HTTP/2.0[0m" HTTPStatus.HTTP_VERSION_NOT_SUPPORTED -
((608, datetime.datetime(2023, 8, 24, 0, 30, 9), 1, 120),)
728
yibukaishi
767676728@qq.com
767676728
{'beingInvited': False, 'corpName': None, 'loginToken': None, 'openId': None, 'token': 'd7431559-dcbf-412e-ad28-5eb53a5d50f2', 'userInfo': {'beingBlackEmail': False, 'beingDisableExpiryRemind': False, 'beingExpand': None, 'beingInvited': False, 'beingLangFollowBrowser': True, 'beingOldVersion': None, 'beingPrivacyPolicy': True, 'beingSandBoxSuperAdmin': False, 'collectUserInfo': None, 'createTime': None, 'csShow': True, 'desktopRemind': True, 'email': '767676728@qq.com', 'firstLogin': None, 'grayLimit': 29, 'graySpecify': False, 'grayType': 1, 'hasPwdLoggedIn': False, 'havePassword': True, 'headImg': None, 'lang': None, 'lastWsInfo': {'accepted': None, 'accountLevel': 40, 'auth': 2, 'beingCustomizedAppSync': None, 'beingHideHelpDocument': False, 'beingSandbox': False, 'beingWatermark': False, 'biAuth': 'SUPER', 'canWorkWx': False, 'contactEnableNum': 1, 'contactNum': 1, 'dataRelatedStatus': 'NEW', 'departs': [], 'dynamic': None, 'exId': 'tAeLHd46LCJd2lNCHWZaGw==', 'exUserId': '1882244', 'expireDate': 1694181631000, 'hideCopyright': False, 'logoutConfig': {'logOutToSso': False, 'serverName': None, 'ssoType': None}, 'memberId': 1706580, 'openConnectorList': [], 'openPluginList': [2, 3, 6, 7, 8, 9, 13, 14, 15, 16, 17, 25, 26, 27, 28, 29, 33, 34, 35, 36, 37, 38, 39, 42, 43, 44, 45, -2, 32], 'permissionStatus': None, 'pluginClickList': [], 'pluginLimitDetail': {'dashAllVisiableLimit': 4, 'dashAllVisiableNum': 0}, 'publicAccessAuthVO': {'beingAttachmentQuestion': False, 'beingPublicLink': False}, 'remark': '767676728@qq.com', 'showContact': True, 'trial': True, 'trialDays': '0', 'trialNotice': True, 'type': 'normal', 'useScheduledSync': False, 'watermarkConfig': {'showDate': False, 'showDeparts': False, 'showExUserId': False, 'showName': True, 'showPhoneNumber': False, 'showWsName': False}, 'wsDomain': None, 'wsFunction': 'platform', 'wsId': 439713, 'wsLimitDetail': {'canDashNum': -1, 'canFormNum': -1, 'canPackageNum': -1, 'currentDashNum': -1, 'currentFormNum': -1, 'currentPackageNum': -1}, 'wsName': '767676728@qq.comÁöÑÂ∑•‰ΩúÂå∫'}, 'mobile': '767676728', 'nickName': '767676728@qq.com', 'npsCollect': False, 'promoCode': 'c47cd2295', 'randomEmail': False, 'recordedNewGuidePop': [], 'showProcessPersonal': False, 'signatureUrl': None, 'source': 'home_home', 'status': None, 'uid': 1882244}, 'userSecurityVO': {'authMethod': 0, 'beingUninitialized': False}}
{'beingInvited': False, 'corpName': None, 'loginToken': None, 'openId': None, 'token': 'd7431559-dcbf-412e-ad28-5eb53a5d50f2', 'userInfo': {'beingBlackEmail': False, 'beingDisableExpiryRemind': False, 'beingExpand': None, 'beingInvited': False, 'beingLangFollowBrowser': True, 'beingOldVersion': None, 'beingPrivacyPolicy': True, 'beingSandBoxSuperAdmin': False, 'collectUserInfo': None, 'createTime': None, 'csShow': True, 'desktopRemind': True, 'email': '767676728@qq.com', 'firstLogin': None, 'grayLimit': 29, 'graySpecify': False, 'grayType': 1, 'hasPwdLoggedIn': False, 'havePassword': True, 'headImg': None, 'lang': None, 'lastWsInfo': {'accepted': None, 'accountLevel': 40, 'auth': 2, 'beingCustomizedAppSync': None, 'beingHideHelpDocument': False, 'beingSandbox': False, 'beingWatermark': False, 'biAuth': 'SUPER', 'canWorkWx': False, 'contactEnableNum': 1, 'contactNum': 1, 'dataRelatedStatus': 'NEW', 'departs': [], 'dynamic': None, 'exId': 'tAeLHd46LCJd2lNCHWZaGw==', 'exUserId': '1882244', 'expireDate': 1694181631000, 'hideCopyright': False, 'logoutConfig': {'logOutToSso': False, 'serverName': None, 'ssoType': None}, 'memberId': 1706580, 'openConnectorList': [], 'openPluginList': [2, 3, 6, 7, 8, 9, 13, 14, 15, 16, 17, 25, 26, 27, 28, 29, 33, 34, 35, 36, 37, 38, 39, 42, 43, 44, 45, -2, 32], 'permissionStatus': None, 'pluginClickList': [], 'pluginLimitDetail': {'dashAllVisiableLimit': 4, 'dashAllVisiableNum': 0}, 'publicAccessAuthVO': {'beingAttachmentQuestion': False, 'beingPublicLink': False}, 'remark': '767676728@qq.com', 'showContact': True, 'trial': True, 'trialDays': '0', 'trialNotice': True, 'type': 'normal', 'useScheduledSync': False, 'watermarkConfig': {'showDate': False, 'showDeparts': False, 'showExUserId': False, 'showName': True, 'showPhoneNumber': False, 'showWsName': False}, 'wsDomain': None, 'wsFunction': 'platform', 'wsId': 439713, 'wsLimitDetail': {'canDashNum': -1, 'canFormNum': -1, 'canPackageNum': -1, 'currentDashNum': -1, 'currentFormNum': -1, 'currentPackageNum': -1}, 'wsName': '767676728@qq.comÁöÑÂ∑•‰ΩúÂå∫'}, 'mobile': '767676728', 'nickName': '767676728@qq.com', 'npsCollect': False, 'promoCode': 'c47cd2295', 'randomEmail': False, 'recordedNewGuidePop': [], 'showProcessPersonal': False, 'signatureUrl': None, 'source': 'home_home', 'status': None, 'uid': 1882244}, 'userSecurityVO': {'authMethod': 0, 'beingUninitialized': False}}
118.25.243.250 - - [24/Aug/2023 22:00:31] "POST /mointor HTTP/1.1" 200 -
((609, datetime.datetime(2023, 8, 24, 22, 0, 31), 1, 120),)
729
yibukaishi
767676729@qq.com
767676729
{'beingInvited': False, 'corpName': None, 'loginToken': None, 'openId': None, 'token': 'c0cf2475-06dd-4809-a573-41110f9f9724', 'userInfo': {'beingBlackEmail': False, 'beingDisableExpiryRemind': False, 'beingExpand': None, 'beingInvited': False, 'beingLangFollowBrowser': True, 'beingOldVersion': None, 'beingPrivacyPolicy': True, 'beingSandBoxSuperAdmin': False, 'collectUserInfo': None, 'createTime': None, 'csShow': True, 'desktopRemind': True, 'email': '767676729@qq.com', 'firstLogin': None, 'grayLimit': 45, 'graySpecify': False, 'grayType': 1, 'hasPwdLoggedIn': False, 'havePassword': True, 'headImg': None, 'lang': None, 'lastWsInfo': {'accepted': None, 'accountLevel': 40, 'auth': 2, 'beingCustomizedAppSync': None, 'beingHideHelpDocument': False, 'beingSandbox': False, 'beingWatermark': False, 'biAuth': 'SUPER', 'canWorkWx': False, 'contactEnableNum': 1, 'contactNum': 1, 'dataRelatedStatus': 'NEW', 'departs': [], 'dynamic': None, 'exId': 'tAeLHd46LCKBLgIhc/Hz4A==', 'exUserId': '1882285', 'expireDate': 1694185242000, 'hideCopyright': False, 'logoutConfig': {'logOutToSso': False, 'serverName': None, 'ssoType': None}, 'memberId': 1706602, 'openConnectorList': [], 'openPluginList': [2, 3, 6, 7, 8, 9, 13, 14, 15, 16, 17, 25, 26, 27, 28, 29, 33, 34, 35, 36, 37, 38, 39, 42, 43, 44, 45, -2, 32], 'permissionStatus': None, 'pluginClickList': [], 'pluginLimitDetail': {'dashAllVisiableLimit': 4, 'dashAllVisiableNum': 0}, 'publicAccessAuthVO': {'beingAttachmentQuestion': False, 'beingPublicLink': False}, 'remark': '767676729@qq.com', 'showContact': True, 'trial': True, 'trialDays': '0', 'trialNotice': True, 'type': 'normal', 'useScheduledSync': False, 'watermarkConfig': {'showDate': False, 'showDeparts': False, 'showExUserId': False, 'showName': True, 'showPhoneNumber': False, 'showWsName': False}, 'wsDomain': None, 'wsFunction': 'platform', 'wsId': 439725, 'wsLimitDetail': {'canDashNum': -1, 'canFormNum': -1, 'canPackageNum': -1, 'currentDashNum': -1, 'currentFormNum': -1, 'currentPackageNum': -1}, 'wsName': '767676729@qq.comÁöÑÂ∑•‰ΩúÂå∫'}, 'mobile': '767676729', 'nickName': '767676729@qq.com', 'npsCollect': False, 'promoCode': '63ea1c03e', 'randomEmail': False, 'recordedNewGuidePop': [], 'showProcessPersonal': False, 'signatureUrl': None, 'source': 'home_home', 'status': None, 'uid': 1882285}, 'userSecurityVO': {'authMethod': 0, 'beingUninitialized': False}}
{'beingInvited': False, 'corpName': None, 'loginToken': None, 'openId': None, 'token': 'c0cf2475-06dd-4809-a573-41110f9f9724', 'userInfo': {'beingBlackEmail': False, 'beingDisableExpiryRemind': False, 'beingExpand': None, 'beingInvited': False, 'beingLangFollowBrowser': True, 'beingOldVersion': None, 'beingPrivacyPolicy': True, 'beingSandBoxSuperAdmin': False, 'collectUserInfo': None, 'createTime': None, 'csShow': True, 'desktopRemind': True, 'email': '767676729@qq.com', 'firstLogin': None, 'grayLimit': 45, 'graySpecify': False, 'grayType': 1, 'hasPwdLoggedIn': False, 'havePassword': True, 'headImg': None, 'lang': None, 'lastWsInfo': {'accepted': None, 'accountLevel': 40, 'auth': 2, 'beingCustomizedAppSync': None, 'beingHideHelpDocument': False, 'beingSandbox': False, 'beingWatermark': False, 'biAuth': 'SUPER', 'canWorkWx': False, 'contactEnableNum': 1, 'contactNum': 1, 'dataRelatedStatus': 'NEW', 'departs': [], 'dynamic': None, 'exId': 'tAeLHd46LCKBLgIhc/Hz4A==', 'exUserId': '1882285', 'expireDate': 1694185242000, 'hideCopyright': False, 'logoutConfig': {'logOutToSso': False, 'serverName': None, 'ssoType': None}, 'memberId': 1706602, 'openConnectorList': [], 'openPluginList': [2, 3, 6, 7, 8, 9, 13, 14, 15, 16, 17, 25, 26, 27, 28, 29, 33, 34, 35, 36, 37, 38, 39, 42, 43, 44, 45, -2, 32], 'permissionStatus': None, 'pluginClickList': [], 'pluginLimitDetail': {'dashAllVisiableLimit': 4, 'dashAllVisiableNum': 0}, 'publicAccessAuthVO': {'beingAttachmentQuestion': False, 'beingPublicLink': False}, 'remark': '767676729@qq.com', 'showContact': True, 'trial': True, 'trialDays': '0', 'trialNotice': True, 'type': 'normal', 'useScheduledSync': False, 'watermarkConfig': {'showDate': False, 'showDeparts': False, 'showExUserId': False, 'showName': True, 'showPhoneNumber': False, 'showWsName': False}, 'wsDomain': None, 'wsFunction': 'platform', 'wsId': 439725, 'wsLimitDetail': {'canDashNum': -1, 'canFormNum': -1, 'canPackageNum': -1, 'currentDashNum': -1, 'currentFormNum': -1, 'currentPackageNum': -1}, 'wsName': '767676729@qq.comÁöÑÂ∑•‰ΩúÂå∫'}, 'mobile': '767676729', 'nickName': '767676729@qq.com', 'npsCollect': False, 'promoCode': '63ea1c03e', 'randomEmail': False, 'recordedNewGuidePop': [], 'showProcessPersonal': False, 'signatureUrl': None, 'source': 'home_home', 'status': None, 'uid': 1882285}, 'userSecurityVO': {'authMethod': 0, 'beingUninitialized': False}}
118.25.243.250 - - [24/Aug/2023 23:00:41] "POST /mointor HTTP/1.1" 200 -
((610, datetime.datetime(2023, 8, 24, 23, 0, 41), 1, 120),)
730
yibukaishi
767676730@qq.com
767676730
{'beingInvited': False, 'corpName': None, 'loginToken': None, 'openId': None, 'token': 'a52200fc-3def-4532-a5c8-3b925691afb5', 'userInfo': {'beingBlackEmail': False, 'beingDisableExpiryRemind': False, 'beingExpand': None, 'beingInvited': False, 'beingLangFollowBrowser': True, 'beingOldVersion': None, 'beingPrivacyPolicy': True, 'beingSandBoxSuperAdmin': False, 'collectUserInfo': None, 'createTime': None, 'csShow': True, 'desktopRemind': True, 'email': '767676730@qq.com', 'firstLogin': None, 'grayLimit': 6, 'graySpecify': False, 'grayType': 1, 'hasPwdLoggedIn': False, 'havePassword': True, 'headImg': None, 'lang': None, 'lastWsInfo': {'accepted': None, 'accountLevel': 40, 'auth': 2, 'beingCustomizedAppSync': None, 'beingHideHelpDocument': False, 'beingSandbox': False, 'beingWatermark': False, 'biAuth': 'SUPER', 'canWorkWx': False, 'contactEnableNum': 1, 'contactNum': 1, 'dataRelatedStatus': 'NEW', 'departs': [], 'dynamic': None, 'exId': 'tAeLHd46LCJ8guILOkYcxg==', 'exUserId': '1882311', 'expireDate': 1694188851000, 'hideCopyright': False, 'logoutConfig': {'logOutToSso': False, 'serverName': None, 'ssoType': None}, 'memberId': 1706621, 'openConnectorList': [], 'openPluginList': [2, 3, 6, 7, 8, 9, 13, 14, 15, 16, 17, 25, 26, 27, 28, 29, 33, 34, 35, 36, 37, 38, 39, 42, 43, 44, 45, -2, 32], 'permissionStatus': None, 'pluginClickList': [], 'pluginLimitDetail': {'dashAllVisiableLimit': 4, 'dashAllVisiableNum': 0}, 'publicAccessAuthVO': {'beingAttachmentQuestion': False, 'beingPublicLink': False}, 'remark': '767676730@qq.com', 'showContact': True, 'trial': True, 'trialDays': '0', 'trialNotice': True, 'type': 'normal', 'useScheduledSync': False, 'watermarkConfig': {'showDate': False, 'showDeparts': False, 'showExUserId': False, 'showName': True, 'showPhoneNumber': False, 'showWsName': False}, 'wsDomain': None, 'wsFunction': 'platform', 'wsId': 439743, 'wsLimitDetail': {'canDashNum': -1, 'canFormNum': -1, 'canPackageNum': -1, 'currentDashNum': -1, 'currentFormNum': -1, 'currentPackageNum': -1}, 'wsName': '767676730@qq.comÁöÑÂ∑•‰ΩúÂå∫'}, 'mobile': '767676730', 'nickName': '767676730@qq.com', 'npsCollect': False, 'promoCode': '8b798dafe', 'randomEmail': False, 'recordedNewGuidePop': [], 'showProcessPersonal': False, 'signatureUrl': None, 'source': 'home_home', 'status': None, 'uid': 1882311}, 'userSecurityVO': {'authMethod': 0, 'beingUninitialized': False}}
{'beingInvited': False, 'corpName': None, 'loginToken': None, 'openId': None, 'token': 'a52200fc-3def-4532-a5c8-3b925691afb5', 'userInfo': {'beingBlackEmail': False, 'beingDisableExpiryRemind': False, 'beingExpand': None, 'beingInvited': False, 'beingLangFollowBrowser': True, 'beingOldVersion': None, 'beingPrivacyPolicy': True, 'beingSandBoxSuperAdmin': False, 'collectUserInfo': None, 'createTime': None, 'csShow': True, 'desktopRemind': True, 'email': '767676730@qq.com', 'firstLogin': None, 'grayLimit': 6, 'graySpecify': False, 'grayType': 1, 'hasPwdLoggedIn': False, 'havePassword': True, 'headImg': None, 'lang': None, 'lastWsInfo': {'accepted': None, 'accountLevel': 40, 'auth': 2, 'beingCustomizedAppSync': None, 'beingHideHelpDocument': False, 'beingSandbox': False, 'beingWatermark': False, 'biAuth': 'SUPER', 'canWorkWx': False, 'contactEnableNum': 1, 'contactNum': 1, 'dataRelatedStatus': 'NEW', 'departs': [], 'dynamic': None, 'exId': 'tAeLHd46LCJ8guILOkYcxg==', 'exUserId': '1882311', 'expireDate': 1694188851000, 'hideCopyright': False, 'logoutConfig': {'logOutToSso': False, 'serverName': None, 'ssoType': None}, 'memberId': 1706621, 'openConnectorList': [], 'openPluginList': [2, 3, 6, 7, 8, 9, 13, 14, 15, 16, 17, 25, 26, 27, 28, 29, 33, 34, 35, 36, 37, 38, 39, 42, 43, 44, 45, -2, 32], 'permissionStatus': None, 'pluginClickList': [], 'pluginLimitDetail': {'dashAllVisiableLimit': 4, 'dashAllVisiableNum': 0}, 'publicAccessAuthVO': {'beingAttachmentQuestion': False, 'beingPublicLink': False}, 'remark': '767676730@qq.com', 'showContact': True, 'trial': True, 'trialDays': '0', 'trialNotice': True, 'type': 'normal', 'useScheduledSync': False, 'watermarkConfig': {'showDate': False, 'showDeparts': False, 'showExUserId': False, 'showName': True, 'showPhoneNumber': False, 'showWsName': False}, 'wsDomain': None, 'wsFunction': 'platform', 'wsId': 439743, 'wsLimitDetail': {'canDashNum': -1, 'canFormNum': -1, 'canPackageNum': -1, 'currentDashNum': -1, 'currentFormNum': -1, 'currentPackageNum': -1}, 'wsName': '767676730@qq.comÁöÑÂ∑•‰ΩúÂå∫'}, 'mobile': '767676730', 'nickName': '767676730@qq.com', 'npsCollect': False, 'promoCode': '8b798dafe', 'randomEmail': False, 'recordedNewGuidePop': [], 'showProcessPersonal': False, 'signatureUrl': None, 'source': 'home_home', 'status': None, 'uid': 1882311}, 'userSecurityVO': {'authMethod': 0, 'beingUninitialized': False}}
118.25.243.250 - - [25/Aug/2023 00:00:51] "POST /mointor HTTP/1.1" 200 -
((611, datetime.datetime(2023, 8, 25, 0, 0, 51), 1, 120),)
731
yibukaishi
767676731@qq.com
767676731
{'beingInvited': False, 'corpName': None, 'loginToken': None, 'openId': None, 'token': 'a111edd4-cce0-4c59-8b0d-82e351997c58', 'userInfo': {'beingBlackEmail': False, 'beingDisableExpiryRemind': False, 'beingExpand': None, 'beingInvited': False, 'beingLangFollowBrowser': True, 'beingOldVersion': None, 'beingPrivacyPolicy': True, 'beingSandBoxSuperAdmin': False, 'collectUserInfo': None, 'createTime': None, 'csShow': True, 'desktopRemind': True, 'email': '767676731@qq.com', 'firstLogin': None, 'grayLimit': 98, 'graySpecify': False, 'grayType': 1, 'hasPwdLoggedIn': False, 'havePassword': True, 'headImg': None, 'lang': None, 'lastWsInfo': {'accepted': None, 'accountLevel': 40, 'auth': 2, 'beingCustomizedAppSync': None, 'beingHideHelpDocument': False, 'beingSandbox': False, 'beingWatermark': False, 'biAuth': 'SUPER', 'canWorkWx': False, 'contactEnableNum': 1, 'contactNum': 1, 'dataRelatedStatus': 'NEW', 'departs': [], 'dynamic': None, 'exId': 'tAeLHd46LCIrv7hyplnpbg==', 'exUserId': '1882314', 'expireDate': 1694190610000, 'hideCopyright': False, 'logoutConfig': {'logOutToSso': False, 'serverName': None, 'ssoType': None}, 'memberId': 1706624, 'openConnectorList': [], 'openPluginList': [2, 3, 6, 7, 8, 9, 13, 14, 15, 16, 17, 25, 26, 27, 28, 29, 33, 34, 35, 36, 37, 38, 39, 42, 43, 44, 45, -2, 32], 'permissionStatus': None, 'pluginClickList': [], 'pluginLimitDetail': {'dashAllVisiableLimit': 4, 'dashAllVisiableNum': 0}, 'publicAccessAuthVO': {'beingAttachmentQuestion': False, 'beingPublicLink': False}, 'remark': '767676731@qq.com', 'showContact': True, 'trial': True, 'trialDays': '0', 'trialNotice': True, 'type': 'normal', 'useScheduledSync': False, 'watermarkConfig': {'showDate': False, 'showDeparts': False, 'showExUserId': False, 'showName': True, 'showPhoneNumber': False, 'showWsName': False}, 'wsDomain': None, 'wsFunction': 'platform', 'wsId': 439746, 'wsLimitDetail': {'canDashNum': -1, 'canFormNum': -1, 'canPackageNum': -1, 'currentDashNum': -1, 'currentFormNum': -1, 'currentPackageNum': -1}, 'wsName': '767676731@qq.comÁöÑÂ∑•‰ΩúÂå∫'}, 'mobile': '767676731', 'nickName': '767676731@qq.com', 'npsCollect': False, 'promoCode': 'bd81a15b5', 'randomEmail': False, 'recordedNewGuidePop': [], 'showProcessPersonal': False, 'signatureUrl': None, 'source': 'home_home', 'status': None, 'uid': 1882314}, 'userSecurityVO': {'authMethod': 0, 'beingUninitialized': False}}
{'beingInvited': False, 'corpName': None, 'loginToken': None, 'openId': None, 'token': 'a111edd4-cce0-4c59-8b0d-82e351997c58', 'userInfo': {'beingBlackEmail': False, 'beingDisableExpiryRemind': False, 'beingExpand': None, 'beingInvited': False, 'beingLangFollowBrowser': True, 'beingOldVersion': None, 'beingPrivacyPolicy': True, 'beingSandBoxSuperAdmin': False, 'collectUserInfo': None, 'createTime': None, 'csShow': True, 'desktopRemind': True, 'email': '767676731@qq.com', 'firstLogin': None, 'grayLimit': 98, 'graySpecify': False, 'grayType': 1, 'hasPwdLoggedIn': False, 'havePassword': True, 'headImg': None, 'lang': None, 'lastWsInfo': {'accepted': None, 'accountLevel': 40, 'auth': 2, 'beingCustomizedAppSync': None, 'beingHideHelpDocument': False, 'beingSandbox': False, 'beingWatermark': False, 'biAuth': 'SUPER', 'canWorkWx': False, 'contactEnableNum': 1, 'contactNum': 1, 'dataRelatedStatus': 'NEW', 'departs': [], 'dynamic': None, 'exId': 'tAeLHd46LCIrv7hyplnpbg==', 'exUserId': '1882314', 'expireDate': 1694190610000, 'hideCopyright': False, 'logoutConfig': {'logOutToSso': False, 'serverName': None, 'ssoType': None}, 'memberId': 1706624, 'openConnectorList': [], 'openPluginList': [2, 3, 6, 7, 8, 9, 13, 14, 15, 16, 17, 25, 26, 27, 28, 29, 33, 34, 35, 36, 37, 38, 39, 42, 43, 44, 45, -2, 32], 'permissionStatus': None, 'pluginClickList': [], 'pluginLimitDetail': {'dashAllVisiableLimit': 4, 'dashAllVisiableNum': 0}, 'publicAccessAuthVO': {'beingAttachmentQuestion': False, 'beingPublicLink': False}, 'remark': '767676731@qq.com', 'showContact': True, 'trial': True, 'trialDays': '0', 'trialNotice': True, 'type': 'normal', 'useScheduledSync': False, 'watermarkConfig': {'showDate': False, 'showDeparts': False, 'showExUserId': False, 'showName': True, 'showPhoneNumber': False, 'showWsName': False}, 'wsDomain': None, 'wsFunction': 'platform', 'wsId': 439746, 'wsLimitDetail': {'canDashNum': -1, 'canFormNum': -1, 'canPackageNum': -1, 'currentDashNum': -1, 'currentFormNum': -1, 'currentPackageNum': -1}, 'wsName': '767676731@qq.comÁöÑÂ∑•‰ΩúÂå∫'}, 'mobile': '767676731', 'nickName': '767676731@qq.com', 'npsCollect': False, 'promoCode': 'bd81a15b5', 'randomEmail': False, 'recordedNewGuidePop': [], 'showProcessPersonal': False, 'signatureUrl': None, 'source': 'home_home', 'status': None, 'uid': 1882314}, 'userSecurityVO': {'authMethod': 0, 'beingUninitialized': False}}
118.25.243.250 - - [25/Aug/2023 00:30:09] "POST /mointor HTTP/1.1" 200 -
612
124.221.203.147 - - [25/Aug/2023 10:00:57] "GET /?password=wsj HTTP/1.1" 200 -
141.98.11.58 - - [25/Aug/2023 13:15:22] code 400, message Bad HTTP/0.9 request type ('\x03\x00\x00/*√†\x00\x00\x00\x00\x00Cookie:')
141.98.11.58 - - [25/Aug/2023 13:15:22] "[35m[1m  /*√†     Cookie: mstshash=Administr[0m" HTTPStatus.BAD_REQUEST -
111.7.96.150 - - [25/Aug/2023 14:05:53] code 400, message Bad request version ('√Ä\x13√Ä')
111.7.96.150 - - [25/Aug/2023 14:05:53] "[35m[1m √Æ  √™I¬≤√π¬º¬ôi√ÄY√ª√∏¬∫e-¬ÉUd]¬ç¬∑b8¬¥g√Ü√ù9dZ8f g√Å¬Åi¬≥√∂√≤√ã¬∞¬©N√ñ¬Ω¬ïg|p√º√©<Z¬°¬êT¬∑√©¬•8'O; &√Ä+√Ä/√Ä,√Ä0√å¬©√å¬®√Ä	√Ä√Ä[0m" HTTPStatus.BAD_REQUEST -
612
[2023-08-25 14:06:03,765] ERROR in app: Exception on / [GET]
Traceback (most recent call last):
  File "/usr/local/lib64/python3.6/site-packages/flask/app.py", line 2073, in wsgi_app
    response = self.full_dispatch_request()
  File "/usr/local/lib64/python3.6/site-packages/flask/app.py", line 1519, in full_dispatch_request
    return self.finalize_request(rv)
  File "/usr/local/lib64/python3.6/site-packages/flask/app.py", line 1538, in finalize_request
    response = self.make_response(rv)
  File "/usr/local/lib64/python3.6/site-packages/flask/app.py", line 1702, in make_response
    f"The view function for {request.endpoint!r} did not"
TypeError: The view function for 'result' did not return a valid response. The function either returned None or ended without a return statement.
111.7.96.150 - - [25/Aug/2023 14:06:03] "[35m[1mGET / HTTP/1.1[0m" 500 -
612
[2023-08-25 14:06:18,551] ERROR in app: Exception on / [GET]
Traceback (most recent call last):
  File "/usr/local/lib64/python3.6/site-packages/flask/app.py", line 2073, in wsgi_app
    response = self.full_dispatch_request()
  File "/usr/local/lib64/python3.6/site-packages/flask/app.py", line 1519, in full_dispatch_request
    return self.finalize_request(rv)
  File "/usr/local/lib64/python3.6/site-packages/flask/app.py", line 1538, in finalize_request
    response = self.make_response(rv)
  File "/usr/local/lib64/python3.6/site-packages/flask/app.py", line 1702, in make_response
    f"The view function for {request.endpoint!r} did not"
TypeError: The view function for 'result' did not return a valid response. The function either returned None or ended without a return statement.
117.33.252.130 - - [25/Aug/2023 14:06:18] "[35m[1mGET / HTTP/1.1[0m" 500 -
612
[2023-08-25 14:09:28,296] ERROR in app: Exception on / [GET]
Traceback (most recent call last):
  File "/usr/local/lib64/python3.6/site-packages/flask/app.py", line 2073, in wsgi_app
    response = self.full_dispatch_request()
  File "/usr/local/lib64/python3.6/site-packages/flask/app.py", line 1519, in full_dispatch_request
    return self.finalize_request(rv)
  File "/usr/local/lib64/python3.6/site-packages/flask/app.py", line 1538, in finalize_request
    response = self.make_response(rv)
  File "/usr/local/lib64/python3.6/site-packages/flask/app.py", line 1702, in make_response
    f"The view function for {request.endpoint!r} did not"
TypeError: The view function for 'result' did not return a valid response. The function either returned None or ended without a return statement.
115.239.224.57 - - [25/Aug/2023 14:09:28] "[35m[1mGET / HTTP/1.1[0m" 500 -
612
[2023-08-25 14:10:56,738] ERROR in app: Exception on / [GET]
Traceback (most recent call last):
  File "/usr/local/lib64/python3.6/site-packages/flask/app.py", line 2073, in wsgi_app
    response = self.full_dispatch_request()
  File "/usr/local/lib64/python3.6/site-packages/flask/app.py", line 1519, in full_dispatch_request
    return self.finalize_request(rv)
  File "/usr/local/lib64/python3.6/site-packages/flask/app.py", line 1538, in finalize_request
    response = self.make_response(rv)
  File "/usr/local/lib64/python3.6/site-packages/flask/app.py", line 1702, in make_response
    f"The view function for {request.endpoint!r} did not"
TypeError: The view function for 'result' did not return a valid response. The function either returned None or ended without a return statement.
117.33.243.15 - - [25/Aug/2023 14:10:56] "[35m[1mGET / HTTP/1.1[0m" 500 -
((612, datetime.datetime(2023, 8, 25, 0, 30, 9), 1, 120),)
732
yibukaishi
767676732@qq.com
767676732
{'beingInvited': False, 'corpName': None, 'loginToken': None, 'openId': None, 'token': '49ebd27d-e905-4420-afab-f4a6cb958fa8', 'userInfo': {'beingBlackEmail': False, 'beingDisableExpiryRemind': False, 'beingExpand': None, 'beingInvited': False, 'beingLangFollowBrowser': True, 'beingOldVersion': None, 'beingPrivacyPolicy': True, 'beingSandBoxSuperAdmin': False, 'collectUserInfo': None, 'createTime': None, 'csShow': True, 'desktopRemind': True, 'email': '767676732@qq.com', 'firstLogin': None, 'grayLimit': 35, 'graySpecify': False, 'grayType': 1, 'hasPwdLoggedIn': False, 'havePassword': True, 'headImg': None, 'lang': None, 'lastWsInfo': {'accepted': None, 'accountLevel': 40, 'auth': 2, 'beingCustomizedAppSync': None, 'beingHideHelpDocument': False, 'beingSandbox': False, 'beingWatermark': False, 'biAuth': 'SUPER', 'canWorkWx': False, 'contactEnableNum': 1, 'contactNum': 1, 'dataRelatedStatus': 'NEW', 'departs': [], 'dynamic': None, 'exId': 'tAeLHd46LCIaQ60s8CIhMA==', 'exUserId': '1883486', 'expireDate': 1694268031000, 'hideCopyright': False, 'logoutConfig': {'logOutToSso': False, 'serverName': None, 'ssoType': None}, 'memberId': 1707542, 'openConnectorList': [], 'openPluginList': [2, 3, 6, 7, 8, 9, 13, 14, 15, 16, 17, 25, 26, 27, 28, 29, 33, 34, 35, 36, 37, 38, 39, 42, 43, 44, 45, -2, 32], 'permissionStatus': None, 'pluginClickList': [], 'pluginLimitDetail': {'dashAllVisiableLimit': 4, 'dashAllVisiableNum': 0}, 'publicAccessAuthVO': {'beingAttachmentQuestion': False, 'beingPublicLink': False}, 'remark': '767676732@qq.com', 'showContact': True, 'trial': True, 'trialDays': '0', 'trialNotice': True, 'type': 'normal', 'useScheduledSync': False, 'watermarkConfig': {'showDate': False, 'showDeparts': False, 'showExUserId': False, 'showName': True, 'showPhoneNumber': False, 'showWsName': False}, 'wsDomain': None, 'wsFunction': 'platform', 'wsId': 440213, 'wsLimitDetail': {'canDashNum': -1, 'canFormNum': -1, 'canPackageNum': -1, 'currentDashNum': -1, 'currentFormNum': -1, 'currentPackageNum': -1}, 'wsName': '767676732@qq.comÁöÑÂ∑•‰ΩúÂå∫'}, 'mobile': '767676732', 'nickName': '767676732@qq.com', 'npsCollect': False, 'promoCode': '2969a1653', 'randomEmail': False, 'recordedNewGuidePop': [], 'showProcessPersonal': False, 'signatureUrl': None, 'source': 'home_home', 'status': None, 'uid': 1883486}, 'userSecurityVO': {'authMethod': 0, 'beingUninitialized': False}}
{'beingInvited': False, 'corpName': None, 'loginToken': None, 'openId': None, 'token': '49ebd27d-e905-4420-afab-f4a6cb958fa8', 'userInfo': {'beingBlackEmail': False, 'beingDisableExpiryRemind': False, 'beingExpand': None, 'beingInvited': False, 'beingLangFollowBrowser': True, 'beingOldVersion': None, 'beingPrivacyPolicy': True, 'beingSandBoxSuperAdmin': False, 'collectUserInfo': None, 'createTime': None, 'csShow': True, 'desktopRemind': True, 'email': '767676732@qq.com', 'firstLogin': None, 'grayLimit': 35, 'graySpecify': False, 'grayType': 1, 'hasPwdLoggedIn': False, 'havePassword': True, 'headImg': None, 'lang': None, 'lastWsInfo': {'accepted': None, 'accountLevel': 40, 'auth': 2, 'beingCustomizedAppSync': None, 'beingHideHelpDocument': False, 'beingSandbox': False, 'beingWatermark': False, 'biAuth': 'SUPER', 'canWorkWx': False, 'contactEnableNum': 1, 'contactNum': 1, 'dataRelatedStatus': 'NEW', 'departs': [], 'dynamic': None, 'exId': 'tAeLHd46LCIaQ60s8CIhMA==', 'exUserId': '1883486', 'expireDate': 1694268031000, 'hideCopyright': False, 'logoutConfig': {'logOutToSso': False, 'serverName': None, 'ssoType': None}, 'memberId': 1707542, 'openConnectorList': [], 'openPluginList': [2, 3, 6, 7, 8, 9, 13, 14, 15, 16, 17, 25, 26, 27, 28, 29, 33, 34, 35, 36, 37, 38, 39, 42, 43, 44, 45, -2, 32], 'permissionStatus': None, 'pluginClickList': [], 'pluginLimitDetail': {'dashAllVisiableLimit': 4, 'dashAllVisiableNum': 0}, 'publicAccessAuthVO': {'beingAttachmentQuestion': False, 'beingPublicLink': False}, 'remark': '767676732@qq.com', 'showContact': True, 'trial': True, 'trialDays': '0', 'trialNotice': True, 'type': 'normal', 'useScheduledSync': False, 'watermarkConfig': {'showDate': False, 'showDeparts': False, 'showExUserId': False, 'showName': True, 'showPhoneNumber': False, 'showWsName': False}, 'wsDomain': None, 'wsFunction': 'platform', 'wsId': 440213, 'wsLimitDetail': {'canDashNum': -1, 'canFormNum': -1, 'canPackageNum': -1, 'currentDashNum': -1, 'currentFormNum': -1, 'currentPackageNum': -1}, 'wsName': '767676732@qq.comÁöÑÂ∑•‰ΩúÂå∫'}, 'mobile': '767676732', 'nickName': '767676732@qq.com', 'npsCollect': False, 'promoCode': '2969a1653', 'randomEmail': False, 'recordedNewGuidePop': [], 'showProcessPersonal': False, 'signatureUrl': None, 'source': 'home_home', 'status': None, 'uid': 1883486}, 'userSecurityVO': {'authMethod': 0, 'beingUninitialized': False}}
118.25.243.250 - - [25/Aug/2023 22:00:31] "POST /mointor HTTP/1.1" 200 -
((613, datetime.datetime(2023, 8, 25, 22, 0, 31), 1, 120),)
733
yibukaishi
767676733@qq.com
767676733
{'beingInvited': False, 'corpName': None, 'loginToken': None, 'openId': None, 'token': 'f1cfc884-ed27-458a-86fb-f506da1409bd', 'userInfo': {'beingBlackEmail': False, 'beingDisableExpiryRemind': False, 'beingExpand': None, 'beingInvited': False, 'beingLangFollowBrowser': True, 'beingOldVersion': None, 'beingPrivacyPolicy': True, 'beingSandBoxSuperAdmin': False, 'collectUserInfo': None, 'createTime': None, 'csShow': True, 'desktopRemind': True, 'email': '767676733@qq.com', 'firstLogin': None, 'grayLimit': 77, 'graySpecify': False, 'grayType': 1, 'hasPwdLoggedIn': False, 'havePassword': True, 'headImg': None, 'lang': None, 'lastWsInfo': {'accepted': None, 'accountLevel': 40, 'auth': 2, 'beingCustomizedAppSync': None, 'beingHideHelpDocument': False, 'beingSandbox': False, 'beingWatermark': False, 'biAuth': 'SUPER', 'canWorkWx': False, 'contactEnableNum': 1, 'contactNum': 1, 'dataRelatedStatus': 'NEW', 'departs': [], 'dynamic': None, 'exId': 'tAeLHd46LCLfqJJJebsCvQ==', 'exUserId': '1883526', 'expireDate': 1694271642000, 'hideCopyright': False, 'logoutConfig': {'logOutToSso': False, 'serverName': None, 'ssoType': None}, 'memberId': 1707563, 'openConnectorList': [], 'openPluginList': [2, 3, 6, 7, 8, 9, 13, 14, 15, 16, 17, 25, 26, 27, 28, 29, 33, 34, 35, 36, 37, 38, 39, 42, 43, 44, 45, -2, 32], 'permissionStatus': None, 'pluginClickList': [], 'pluginLimitDetail': {'dashAllVisiableLimit': 4, 'dashAllVisiableNum': 0}, 'publicAccessAuthVO': {'beingAttachmentQuestion': False, 'beingPublicLink': False}, 'remark': '767676733@qq.com', 'showContact': True, 'trial': True, 'trialDays': '0', 'trialNotice': True, 'type': 'normal', 'useScheduledSync': False, 'watermarkConfig': {'showDate': False, 'showDeparts': False, 'showExUserId': False, 'showName': True, 'showPhoneNumber': False, 'showWsName': False}, 'wsDomain': None, 'wsFunction': 'platform', 'wsId': 440232, 'wsLimitDetail': {'canDashNum': -1, 'canFormNum': -1, 'canPackageNum': -1, 'currentDashNum': -1, 'currentFormNum': -1, 'currentPackageNum': -1}, 'wsName': '767676733@qq.comÁöÑÂ∑•‰ΩúÂå∫'}, 'mobile': '767676733', 'nickName': '767676733@qq.com', 'npsCollect': False, 'promoCode': '370f3d696', 'randomEmail': False, 'recordedNewGuidePop': [], 'showProcessPersonal': False, 'signatureUrl': None, 'source': 'home_home', 'status': None, 'uid': 1883526}, 'userSecurityVO': {'authMethod': 0, 'beingUninitialized': False}}
{'beingInvited': False, 'corpName': None, 'loginToken': None, 'openId': None, 'token': 'f1cfc884-ed27-458a-86fb-f506da1409bd', 'userInfo': {'beingBlackEmail': False, 'beingDisableExpiryRemind': False, 'beingExpand': None, 'beingInvited': False, 'beingLangFollowBrowser': True, 'beingOldVersion': None, 'beingPrivacyPolicy': True, 'beingSandBoxSuperAdmin': False, 'collectUserInfo': None, 'createTime': None, 'csShow': True, 'desktopRemind': True, 'email': '767676733@qq.com', 'firstLogin': None, 'grayLimit': 77, 'graySpecify': False, 'grayType': 1, 'hasPwdLoggedIn': False, 'havePassword': True, 'headImg': None, 'lang': None, 'lastWsInfo': {'accepted': None, 'accountLevel': 40, 'auth': 2, 'beingCustomizedAppSync': None, 'beingHideHelpDocument': False, 'beingSandbox': False, 'beingWatermark': False, 'biAuth': 'SUPER', 'canWorkWx': False, 'contactEnableNum': 1, 'contactNum': 1, 'dataRelatedStatus': 'NEW', 'departs': [], 'dynamic': None, 'exId': 'tAeLHd46LCLfqJJJebsCvQ==', 'exUserId': '1883526', 'expireDate': 1694271642000, 'hideCopyright': False, 'logoutConfig': {'logOutToSso': False, 'serverName': None, 'ssoType': None}, 'memberId': 1707563, 'openConnectorList': [], 'openPluginList': [2, 3, 6, 7, 8, 9, 13, 14, 15, 16, 17, 25, 26, 27, 28, 29, 33, 34, 35, 36, 37, 38, 39, 42, 43, 44, 45, -2, 32], 'permissionStatus': None, 'pluginClickList': [], 'pluginLimitDetail': {'dashAllVisiableLimit': 4, 'dashAllVisiableNum': 0}, 'publicAccessAuthVO': {'beingAttachmentQuestion': False, 'beingPublicLink': False}, 'remark': '767676733@qq.com', 'showContact': True, 'trial': True, 'trialDays': '0', 'trialNotice': True, 'type': 'normal', 'useScheduledSync': False, 'watermarkConfig': {'showDate': False, 'showDeparts': False, 'showExUserId': False, 'showName': True, 'showPhoneNumber': False, 'showWsName': False}, 'wsDomain': None, 'wsFunction': 'platform', 'wsId': 440232, 'wsLimitDetail': {'canDashNum': -1, 'canFormNum': -1, 'canPackageNum': -1, 'currentDashNum': -1, 'currentFormNum': -1, 'currentPackageNum': -1}, 'wsName': '767676733@qq.comÁöÑÂ∑•‰ΩúÂå∫'}, 'mobile': '767676733', 'nickName': '767676733@qq.com', 'npsCollect': False, 'promoCode': '370f3d696', 'randomEmail': False, 'recordedNewGuidePop': [], 'showProcessPersonal': False, 'signatureUrl': None, 'source': 'home_home', 'status': None, 'uid': 1883526}, 'userSecurityVO': {'authMethod': 0, 'beingUninitialized': False}}
118.25.243.250 - - [25/Aug/2023 23:00:42] "POST /mointor HTTP/1.1" 200 -
((614, datetime.datetime(2023, 8, 25, 23, 0, 42), 1, 120),)
734
yibukaishi
767676734@qq.com
767676734
{'beingInvited': False, 'corpName': None, 'loginToken': None, 'openId': None, 'token': 'd063a80b-de72-44b3-a8b9-bb81d9820658', 'userInfo': {'beingBlackEmail': False, 'beingDisableExpiryRemind': False, 'beingExpand': None, 'beingInvited': False, 'beingLangFollowBrowser': True, 'beingOldVersion': None, 'beingPrivacyPolicy': True, 'beingSandBoxSuperAdmin': False, 'collectUserInfo': None, 'createTime': None, 'csShow': True, 'desktopRemind': True, 'email': '767676734@qq.com', 'firstLogin': None, 'grayLimit': 46, 'graySpecify': False, 'grayType': 1, 'hasPwdLoggedIn': False, 'havePassword': True, 'headImg': None, 'lang': None, 'lastWsInfo': {'accepted': None, 'accountLevel': 40, 'auth': 2, 'beingCustomizedAppSync': None, 'beingHideHelpDocument': False, 'beingSandbox': False, 'beingWatermark': False, 'biAuth': 'SUPER', 'canWorkWx': False, 'contactEnableNum': 1, 'contactNum': 1, 'dataRelatedStatus': 'NEW', 'departs': [], 'dynamic': None, 'exId': 'tAeLHd46LCIoChr5H7iYvw==', 'exUserId': '1883550', 'expireDate': 1694275264000, 'hideCopyright': False, 'logoutConfig': {'logOutToSso': False, 'serverName': None, 'ssoType': None}, 'memberId': 1707576, 'openConnectorList': [], 'openPluginList': [2, 3, 6, 7, 8, 9, 13, 14, 15, 16, 17, 25, 26, 27, 28, 29, 33, 34, 35, 36, 37, 38, 39, 42, 43, 44, 45, -2, 32], 'permissionStatus': None, 'pluginClickList': [], 'pluginLimitDetail': {'dashAllVisiableLimit': 4, 'dashAllVisiableNum': 0}, 'publicAccessAuthVO': {'beingAttachmentQuestion': False, 'beingPublicLink': False}, 'remark': '767676734@qq.com', 'showContact': True, 'trial': True, 'trialDays': '0', 'trialNotice': True, 'type': 'normal', 'useScheduledSync': False, 'watermarkConfig': {'showDate': False, 'showDeparts': False, 'showExUserId': False, 'showName': True, 'showPhoneNumber': False, 'showWsName': False}, 'wsDomain': None, 'wsFunction': 'platform', 'wsId': 440241, 'wsLimitDetail': {'canDashNum': -1, 'canFormNum': -1, 'canPackageNum': -1, 'currentDashNum': -1, 'currentFormNum': -1, 'currentPackageNum': -1}, 'wsName': '767676734@qq.comÁöÑÂ∑•‰ΩúÂå∫'}, 'mobile': '767676734', 'nickName': '767676734@qq.com', 'npsCollect': False, 'promoCode': 'febfa4f58', 'randomEmail': False, 'recordedNewGuidePop': [], 'showProcessPersonal': False, 'signatureUrl': None, 'source': 'home_home', 'status': None, 'uid': 1883550}, 'userSecurityVO': {'authMethod': 0, 'beingUninitialized': False}}
{'beingInvited': False, 'corpName': None, 'loginToken': None, 'openId': None, 'token': 'd063a80b-de72-44b3-a8b9-bb81d9820658', 'userInfo': {'beingBlackEmail': False, 'beingDisableExpiryRemind': False, 'beingExpand': None, 'beingInvited': False, 'beingLangFollowBrowser': True, 'beingOldVersion': None, 'beingPrivacyPolicy': True, 'beingSandBoxSuperAdmin': False, 'collectUserInfo': None, 'createTime': None, 'csShow': True, 'desktopRemind': True, 'email': '767676734@qq.com', 'firstLogin': None, 'grayLimit': 46, 'graySpecify': False, 'grayType': 1, 'hasPwdLoggedIn': False, 'havePassword': True, 'headImg': None, 'lang': None, 'lastWsInfo': {'accepted': None, 'accountLevel': 40, 'auth': 2, 'beingCustomizedAppSync': None, 'beingHideHelpDocument': False, 'beingSandbox': False, 'beingWatermark': False, 'biAuth': 'SUPER', 'canWorkWx': False, 'contactEnableNum': 1, 'contactNum': 1, 'dataRelatedStatus': 'NEW', 'departs': [], 'dynamic': None, 'exId': 'tAeLHd46LCIoChr5H7iYvw==', 'exUserId': '1883550', 'expireDate': 1694275264000, 'hideCopyright': False, 'logoutConfig': {'logOutToSso': False, 'serverName': None, 'ssoType': None}, 'memberId': 1707576, 'openConnectorList': [], 'openPluginList': [2, 3, 6, 7, 8, 9, 13, 14, 15, 16, 17, 25, 26, 27, 28, 29, 33, 34, 35, 36, 37, 38, 39, 42, 43, 44, 45, -2, 32], 'permissionStatus': None, 'pluginClickList': [], 'pluginLimitDetail': {'dashAllVisiableLimit': 4, 'dashAllVisiableNum': 0}, 'publicAccessAuthVO': {'beingAttachmentQuestion': False, 'beingPublicLink': False}, 'remark': '767676734@qq.com', 'showContact': True, 'trial': True, 'trialDays': '0', 'trialNotice': True, 'type': 'normal', 'useScheduledSync': False, 'watermarkConfig': {'showDate': False, 'showDeparts': False, 'showExUserId': False, 'showName': True, 'showPhoneNumber': False, 'showWsName': False}, 'wsDomain': None, 'wsFunction': 'platform', 'wsId': 440241, 'wsLimitDetail': {'canDashNum': -1, 'canFormNum': -1, 'canPackageNum': -1, 'currentDashNum': -1, 'currentFormNum': -1, 'currentPackageNum': -1}, 'wsName': '767676734@qq.comÁöÑÂ∑•‰ΩúÂå∫'}, 'mobile': '767676734', 'nickName': '767676734@qq.com', 'npsCollect': False, 'promoCode': 'febfa4f58', 'randomEmail': False, 'recordedNewGuidePop': [], 'showProcessPersonal': False, 'signatureUrl': None, 'source': 'home_home', 'status': None, 'uid': 1883550}, 'userSecurityVO': {'authMethod': 0, 'beingUninitialized': False}}
118.25.243.250 - - [26/Aug/2023 00:01:04] "POST /mointor HTTP/1.1" 200 -
615
[2023-08-26 00:24:25,759] ERROR in app: Exception on / [GET]
Traceback (most recent call last):
  File "/usr/local/lib64/python3.6/site-packages/flask/app.py", line 2073, in wsgi_app
    response = self.full_dispatch_request()
  File "/usr/local/lib64/python3.6/site-packages/flask/app.py", line 1519, in full_dispatch_request
    return self.finalize_request(rv)
  File "/usr/local/lib64/python3.6/site-packages/flask/app.py", line 1538, in finalize_request
    response = self.make_response(rv)
  File "/usr/local/lib64/python3.6/site-packages/flask/app.py", line 1702, in make_response
    f"The view function for {request.endpoint!r} did not"
TypeError: The view function for 'result' did not return a valid response. The function either returned None or ended without a return statement.
162.216.150.175 - - [26/Aug/2023 00:24:25] "[35m[1mGET / HTTP/1.1[0m" 500 -
((615, datetime.datetime(2023, 8, 26, 0, 1, 4), 1, 120),)
735
yibukaishi
767676735@qq.com
767676735
{'beingInvited': False, 'corpName': None, 'loginToken': None, 'openId': None, 'token': '66b02eff-f2d9-456e-a83b-7d77bea822ea', 'userInfo': {'beingBlackEmail': False, 'beingDisableExpiryRemind': False, 'beingExpand': None, 'beingInvited': False, 'beingLangFollowBrowser': True, 'beingOldVersion': None, 'beingPrivacyPolicy': True, 'beingSandBoxSuperAdmin': False, 'collectUserInfo': None, 'createTime': None, 'csShow': True, 'desktopRemind': True, 'email': '767676735@qq.com', 'firstLogin': None, 'grayLimit': 1, 'graySpecify': False, 'grayType': 1, 'hasPwdLoggedIn': False, 'havePassword': True, 'headImg': None, 'lang': None, 'lastWsInfo': {'accepted': None, 'accountLevel': 40, 'auth': 2, 'beingCustomizedAppSync': None, 'beingHideHelpDocument': False, 'beingSandbox': False, 'beingWatermark': False, 'biAuth': 'SUPER', 'canWorkWx': False, 'contactEnableNum': 1, 'contactNum': 1, 'dataRelatedStatus': 'NEW', 'departs': [], 'dynamic': None, 'exId': 'tAeLHd46LCIg5TL8JCsMXQ==', 'exUserId': '1883557', 'expireDate': 1694277009000, 'hideCopyright': False, 'logoutConfig': {'logOutToSso': False, 'serverName': None, 'ssoType': None}, 'memberId': 1707581, 'openConnectorList': [], 'openPluginList': [2, 3, 6, 7, 8, 9, 13, 14, 15, 16, 17, 25, 26, 27, 28, 29, 33, 34, 35, 36, 37, 38, 39, 42, 43, 44, 45, -2, 32], 'permissionStatus': None, 'pluginClickList': [], 'pluginLimitDetail': {'dashAllVisiableLimit': 4, 'dashAllVisiableNum': 0}, 'publicAccessAuthVO': {'beingAttachmentQuestion': False, 'beingPublicLink': False}, 'remark': '767676735@qq.com', 'showContact': True, 'trial': True, 'trialDays': '0', 'trialNotice': True, 'type': 'normal', 'useScheduledSync': False, 'watermarkConfig': {'showDate': False, 'showDeparts': False, 'showExUserId': False, 'showName': True, 'showPhoneNumber': False, 'showWsName': False}, 'wsDomain': None, 'wsFunction': 'platform', 'wsId': 440246, 'wsLimitDetail': {'canDashNum': -1, 'canFormNum': -1, 'canPackageNum': -1, 'currentDashNum': -1, 'currentFormNum': -1, 'currentPackageNum': -1}, 'wsName': '767676735@qq.comÁöÑÂ∑•‰ΩúÂå∫'}, 'mobile': '767676735', 'nickName': '767676735@qq.com', 'npsCollect': False, 'promoCode': 'cd025c067', 'randomEmail': False, 'recordedNewGuidePop': [], 'showProcessPersonal': False, 'signatureUrl': None, 'source': 'home_home', 'status': None, 'uid': 1883557}, 'userSecurityVO': {'authMethod': 0, 'beingUninitialized': False}}
{'beingInvited': False, 'corpName': None, 'loginToken': None, 'openId': None, 'token': '66b02eff-f2d9-456e-a83b-7d77bea822ea', 'userInfo': {'beingBlackEmail': False, 'beingDisableExpiryRemind': False, 'beingExpand': None, 'beingInvited': False, 'beingLangFollowBrowser': True, 'beingOldVersion': None, 'beingPrivacyPolicy': True, 'beingSandBoxSuperAdmin': False, 'collectUserInfo': None, 'createTime': None, 'csShow': True, 'desktopRemind': True, 'email': '767676735@qq.com', 'firstLogin': None, 'grayLimit': 1, 'graySpecify': False, 'grayType': 1, 'hasPwdLoggedIn': False, 'havePassword': True, 'headImg': None, 'lang': None, 'lastWsInfo': {'accepted': None, 'accountLevel': 40, 'auth': 2, 'beingCustomizedAppSync': None, 'beingHideHelpDocument': False, 'beingSandbox': False, 'beingWatermark': False, 'biAuth': 'SUPER', 'canWorkWx': False, 'contactEnableNum': 1, 'contactNum': 1, 'dataRelatedStatus': 'NEW', 'departs': [], 'dynamic': None, 'exId': 'tAeLHd46LCIg5TL8JCsMXQ==', 'exUserId': '1883557', 'expireDate': 1694277009000, 'hideCopyright': False, 'logoutConfig': {'logOutToSso': False, 'serverName': None, 'ssoType': None}, 'memberId': 1707581, 'openConnectorList': [], 'openPluginList': [2, 3, 6, 7, 8, 9, 13, 14, 15, 16, 17, 25, 26, 27, 28, 29, 33, 34, 35, 36, 37, 38, 39, 42, 43, 44, 45, -2, 32], 'permissionStatus': None, 'pluginClickList': [], 'pluginLimitDetail': {'dashAllVisiableLimit': 4, 'dashAllVisiableNum': 0}, 'publicAccessAuthVO': {'beingAttachmentQuestion': False, 'beingPublicLink': False}, 'remark': '767676735@qq.com', 'showContact': True, 'trial': True, 'trialDays': '0', 'trialNotice': True, 'type': 'normal', 'useScheduledSync': False, 'watermarkConfig': {'showDate': False, 'showDeparts': False, 'showExUserId': False, 'showName': True, 'showPhoneNumber': False, 'showWsName': False}, 'wsDomain': None, 'wsFunction': 'platform', 'wsId': 440246, 'wsLimitDetail': {'canDashNum': -1, 'canFormNum': -1, 'canPackageNum': -1, 'currentDashNum': -1, 'currentFormNum': -1, 'currentPackageNum': -1}, 'wsName': '767676735@qq.comÁöÑÂ∑•‰ΩúÂå∫'}, 'mobile': '767676735', 'nickName': '767676735@qq.com', 'npsCollect': False, 'promoCode': 'cd025c067', 'randomEmail': False, 'recordedNewGuidePop': [], 'showProcessPersonal': False, 'signatureUrl': None, 'source': 'home_home', 'status': None, 'uid': 1883557}, 'userSecurityVO': {'authMethod': 0, 'beingUninitialized': False}}
118.25.243.250 - - [26/Aug/2023 00:30:09] "POST /mointor HTTP/1.1" 200 -
616
124.221.203.147 - - [26/Aug/2023 10:00:57] "GET /?password=wsj HTTP/1.1" 200 -
616
[2023-08-26 12:13:59,967] ERROR in app: Exception on / [GET]
Traceback (most recent call last):
  File "/usr/local/lib64/python3.6/site-packages/flask/app.py", line 2073, in wsgi_app
    response = self.full_dispatch_request()
  File "/usr/local/lib64/python3.6/site-packages/flask/app.py", line 1519, in full_dispatch_request
    return self.finalize_request(rv)
  File "/usr/local/lib64/python3.6/site-packages/flask/app.py", line 1538, in finalize_request
    response = self.make_response(rv)
  File "/usr/local/lib64/python3.6/site-packages/flask/app.py", line 1702, in make_response
    f"The view function for {request.endpoint!r} did not"
TypeError: The view function for 'result' did not return a valid response. The function either returned None or ended without a return statement.
167.94.138.52 - - [26/Aug/2023 12:13:59] "[35m[1mGET / HTTP/1.1[0m" 500 -
167.94.138.52 - - [26/Aug/2023 12:14:00] code 505, message Invalid HTTP version (2.0)
167.94.138.52 - - [26/Aug/2023 12:14:00] "[35m[1mPRI * HTTP/2.0[0m" HTTPStatus.HTTP_VERSION_NOT_SUPPORTED -
616
[2023-08-26 21:41:52,893] ERROR in app: Exception on / [GET]
Traceback (most recent call last):
  File "/usr/local/lib64/python3.6/site-packages/flask/app.py", line 2073, in wsgi_app
    response = self.full_dispatch_request()
  File "/usr/local/lib64/python3.6/site-packages/flask/app.py", line 1519, in full_dispatch_request
    return self.finalize_request(rv)
  File "/usr/local/lib64/python3.6/site-packages/flask/app.py", line 1538, in finalize_request
    response = self.make_response(rv)
  File "/usr/local/lib64/python3.6/site-packages/flask/app.py", line 1702, in make_response
    f"The view function for {request.endpoint!r} did not"
TypeError: The view function for 'result' did not return a valid response. The function either returned None or ended without a return statement.
185.142.236.38 - - [26/Aug/2023 21:41:52] "[35m[1mGET / HTTP/1.1[0m" 500 -
185.142.236.38 - - [26/Aug/2023 21:41:54] "[33mGET /favicon.ico HTTP/1.1[0m" 404 -
((616, datetime.datetime(2023, 8, 26, 0, 30, 9), 1, 120),)
736
yibukaishi
767676736@qq.com
767676736
{'beingInvited': False, 'corpName': None, 'loginToken': None, 'openId': None, 'token': 'dc74e6aa-5596-4601-bec2-b1f59ecc3fe2', 'userInfo': {'beingBlackEmail': False, 'beingDisableExpiryRemind': False, 'beingExpand': None, 'beingInvited': False, 'beingLangFollowBrowser': True, 'beingOldVersion': None, 'beingPrivacyPolicy': True, 'beingSandBoxSuperAdmin': False, 'collectUserInfo': None, 'createTime': None, 'csShow': True, 'desktopRemind': True, 'email': '767676736@qq.com', 'firstLogin': None, 'grayLimit': 71, 'graySpecify': False, 'grayType': 1, 'hasPwdLoggedIn': False, 'havePassword': True, 'headImg': None, 'lang': None, 'lastWsInfo': {'accepted': None, 'accountLevel': 40, 'auth': 2, 'beingCustomizedAppSync': None, 'beingHideHelpDocument': False, 'beingSandbox': False, 'beingWatermark': False, 'biAuth': 'SUPER', 'canWorkWx': False, 'contactEnableNum': 1, 'contactNum': 1, 'dataRelatedStatus': 'NEW', 'departs': [], 'dynamic': None, 'exId': 'tAeLHd46LCJItKKNNLdkRg==', 'exUserId': '1884360', 'expireDate': 1694361647000, 'hideCopyright': False, 'logoutConfig': {'logOutToSso': False, 'serverName': None, 'ssoType': None}, 'memberId': 1708089, 'openConnectorList': [], 'openPluginList': [2, 3, 6, 7, 8, 9, 13, 14, 15, 16, 17, 25, 26, 27, 28, 29, 33, 34, 35, 36, 37, 38, 39, 42, 43, 44, 45, -2, 32], 'permissionStatus': None, 'pluginClickList': [], 'pluginLimitDetail': {'dashAllVisiableLimit': 4, 'dashAllVisiableNum': 0}, 'publicAccessAuthVO': {'beingAttachmentQuestion': False, 'beingPublicLink': False}, 'remark': '767676736@qq.com', 'showContact': True, 'trial': True, 'trialDays': '0', 'trialNotice': True, 'type': 'normal', 'useScheduledSync': False, 'watermarkConfig': {'showDate': False, 'showDeparts': False, 'showExUserId': False, 'showName': True, 'showPhoneNumber': False, 'showWsName': False}, 'wsDomain': None, 'wsFunction': 'platform', 'wsId': 440547, 'wsLimitDetail': {'canDashNum': -1, 'canFormNum': -1, 'canPackageNum': -1, 'currentDashNum': -1, 'currentFormNum': -1, 'currentPackageNum': -1}, 'wsName': '767676736@qq.comÁöÑÂ∑•‰ΩúÂå∫'}, 'mobile': '767676736', 'nickName': '767676736@qq.com', 'npsCollect': False, 'promoCode': 'e68c4be6d', 'randomEmail': False, 'recordedNewGuidePop': [], 'showProcessPersonal': False, 'signatureUrl': None, 'source': 'home_home', 'status': None, 'uid': 1884360}, 'userSecurityVO': {'authMethod': 0, 'beingUninitialized': False}}
{'beingInvited': False, 'corpName': None, 'loginToken': None, 'openId': None, 'token': 'dc74e6aa-5596-4601-bec2-b1f59ecc3fe2', 'userInfo': {'beingBlackEmail': False, 'beingDisableExpiryRemind': False, 'beingExpand': None, 'beingInvited': False, 'beingLangFollowBrowser': True, 'beingOldVersion': None, 'beingPrivacyPolicy': True, 'beingSandBoxSuperAdmin': False, 'collectUserInfo': None, 'createTime': None, 'csShow': True, 'desktopRemind': True, 'email': '767676736@qq.com', 'firstLogin': None, 'grayLimit': 71, 'graySpecify': False, 'grayType': 1, 'hasPwdLoggedIn': False, 'havePassword': True, 'headImg': None, 'lang': None, 'lastWsInfo': {'accepted': None, 'accountLevel': 40, 'auth': 2, 'beingCustomizedAppSync': None, 'beingHideHelpDocument': False, 'beingSandbox': False, 'beingWatermark': False, 'biAuth': 'SUPER', 'canWorkWx': False, 'contactEnableNum': 1, 'contactNum': 1, 'dataRelatedStatus': 'NEW', 'departs': [], 'dynamic': None, 'exId': 'tAeLHd46LCJItKKNNLdkRg==', 'exUserId': '1884360', 'expireDate': 1694361647000, 'hideCopyright': False, 'logoutConfig': {'logOutToSso': False, 'serverName': None, 'ssoType': None}, 'memberId': 1708089, 'openConnectorList': [], 'openPluginList': [2, 3, 6, 7, 8, 9, 13, 14, 15, 16, 17, 25, 26, 27, 28, 29, 33, 34, 35, 36, 37, 38, 39, 42, 43, 44, 45, -2, 32], 'permissionStatus': None, 'pluginClickList': [], 'pluginLimitDetail': {'dashAllVisiableLimit': 4, 'dashAllVisiableNum': 0}, 'publicAccessAuthVO': {'beingAttachmentQuestion': False, 'beingPublicLink': False}, 'remark': '767676736@qq.com', 'showContact': True, 'trial': True, 'trialDays': '0', 'trialNotice': True, 'type': 'normal', 'useScheduledSync': False, 'watermarkConfig': {'showDate': False, 'showDeparts': False, 'showExUserId': False, 'showName': True, 'showPhoneNumber': False, 'showWsName': False}, 'wsDomain': None, 'wsFunction': 'platform', 'wsId': 440547, 'wsLimitDetail': {'canDashNum': -1, 'canFormNum': -1, 'canPackageNum': -1, 'currentDashNum': -1, 'currentFormNum': -1, 'currentPackageNum': -1}, 'wsName': '767676736@qq.comÁöÑÂ∑•‰ΩúÂå∫'}, 'mobile': '767676736', 'nickName': '767676736@qq.com', 'npsCollect': False, 'promoCode': 'e68c4be6d', 'randomEmail': False, 'recordedNewGuidePop': [], 'showProcessPersonal': False, 'signatureUrl': None, 'source': 'home_home', 'status': None, 'uid': 1884360}, 'userSecurityVO': {'authMethod': 0, 'beingUninitialized': False}}
118.25.243.250 - - [27/Aug/2023 00:00:47] "POST /mointor HTTP/1.1" 200 -
((617, datetime.datetime(2023, 8, 27, 0, 0, 47), 1, 120),)
737
yibukaishi
767676737@qq.com
767676737
{'beingInvited': False, 'corpName': None, 'loginToken': None, 'openId': None, 'token': 'c5ab420e-8abf-4028-b4cb-4387f19877d6', 'userInfo': {'beingBlackEmail': False, 'beingDisableExpiryRemind': False, 'beingExpand': None, 'beingInvited': False, 'beingLangFollowBrowser': True, 'beingOldVersion': None, 'beingPrivacyPolicy': True, 'beingSandBoxSuperAdmin': False, 'collectUserInfo': None, 'createTime': None, 'csShow': True, 'desktopRemind': True, 'email': '767676737@qq.com', 'firstLogin': None, 'grayLimit': 14, 'graySpecify': False, 'grayType': 1, 'hasPwdLoggedIn': False, 'havePassword': True, 'headImg': None, 'lang': None, 'lastWsInfo': {'accepted': None, 'accountLevel': 40, 'auth': 2, 'beingCustomizedAppSync': None, 'beingHideHelpDocument': False, 'beingSandbox': False, 'beingWatermark': False, 'biAuth': 'SUPER', 'canWorkWx': False, 'contactEnableNum': 1, 'contactNum': 1, 'dataRelatedStatus': 'NEW', 'departs': [], 'dynamic': None, 'exId': 'tAeLHd46LCLpppqsguRduQ==', 'exUserId': '1884366', 'expireDate': 1694363409000, 'hideCopyright': False, 'logoutConfig': {'logOutToSso': False, 'serverName': None, 'ssoType': None}, 'memberId': 1708095, 'openConnectorList': [], 'openPluginList': [2, 3, 6, 7, 8, 9, 13, 14, 15, 16, 17, 25, 26, 27, 28, 29, 33, 34, 35, 36, 37, 38, 39, 42, 43, 44, 45, -2, 32], 'permissionStatus': None, 'pluginClickList': [], 'pluginLimitDetail': {'dashAllVisiableLimit': 4, 'dashAllVisiableNum': 0}, 'publicAccessAuthVO': {'beingAttachmentQuestion': False, 'beingPublicLink': False}, 'remark': '767676737@qq.com', 'showContact': True, 'trial': True, 'trialDays': '0', 'trialNotice': True, 'type': 'normal', 'useScheduledSync': False, 'watermarkConfig': {'showDate': False, 'showDeparts': False, 'showExUserId': False, 'showName': True, 'showPhoneNumber': False, 'showWsName': False}, 'wsDomain': None, 'wsFunction': 'platform', 'wsId': 440552, 'wsLimitDetail': {'canDashNum': -1, 'canFormNum': -1, 'canPackageNum': -1, 'currentDashNum': -1, 'currentFormNum': -1, 'currentPackageNum': -1}, 'wsName': '767676737@qq.comÁöÑÂ∑•‰ΩúÂå∫'}, 'mobile': '767676737', 'nickName': '767676737@qq.com', 'npsCollect': False, 'promoCode': 'ae0c4cf87', 'randomEmail': False, 'recordedNewGuidePop': [], 'showProcessPersonal': False, 'signatureUrl': None, 'source': 'home_home', 'status': None, 'uid': 1884366}, 'userSecurityVO': {'authMethod': 0, 'beingUninitialized': False}}
{'beingInvited': False, 'corpName': None, 'loginToken': None, 'openId': None, 'token': 'c5ab420e-8abf-4028-b4cb-4387f19877d6', 'userInfo': {'beingBlackEmail': False, 'beingDisableExpiryRemind': False, 'beingExpand': None, 'beingInvited': False, 'beingLangFollowBrowser': True, 'beingOldVersion': None, 'beingPrivacyPolicy': True, 'beingSandBoxSuperAdmin': False, 'collectUserInfo': None, 'createTime': None, 'csShow': True, 'desktopRemind': True, 'email': '767676737@qq.com', 'firstLogin': None, 'grayLimit': 14, 'graySpecify': False, 'grayType': 1, 'hasPwdLoggedIn': False, 'havePassword': True, 'headImg': None, 'lang': None, 'lastWsInfo': {'accepted': None, 'accountLevel': 40, 'auth': 2, 'beingCustomizedAppSync': None, 'beingHideHelpDocument': False, 'beingSandbox': False, 'beingWatermark': False, 'biAuth': 'SUPER', 'canWorkWx': False, 'contactEnableNum': 1, 'contactNum': 1, 'dataRelatedStatus': 'NEW', 'departs': [], 'dynamic': None, 'exId': 'tAeLHd46LCLpppqsguRduQ==', 'exUserId': '1884366', 'expireDate': 1694363409000, 'hideCopyright': False, 'logoutConfig': {'logOutToSso': False, 'serverName': None, 'ssoType': None}, 'memberId': 1708095, 'openConnectorList': [], 'openPluginList': [2, 3, 6, 7, 8, 9, 13, 14, 15, 16, 17, 25, 26, 27, 28, 29, 33, 34, 35, 36, 37, 38, 39, 42, 43, 44, 45, -2, 32], 'permissionStatus': None, 'pluginClickList': [], 'pluginLimitDetail': {'dashAllVisiableLimit': 4, 'dashAllVisiableNum': 0}, 'publicAccessAuthVO': {'beingAttachmentQuestion': False, 'beingPublicLink': False}, 'remark': '767676737@qq.com', 'showContact': True, 'trial': True, 'trialDays': '0', 'trialNotice': True, 'type': 'normal', 'useScheduledSync': False, 'watermarkConfig': {'showDate': False, 'showDeparts': False, 'showExUserId': False, 'showName': True, 'showPhoneNumber': False, 'showWsName': False}, 'wsDomain': None, 'wsFunction': 'platform', 'wsId': 440552, 'wsLimitDetail': {'canDashNum': -1, 'canFormNum': -1, 'canPackageNum': -1, 'currentDashNum': -1, 'currentFormNum': -1, 'currentPackageNum': -1}, 'wsName': '767676737@qq.comÁöÑÂ∑•‰ΩúÂå∫'}, 'mobile': '767676737', 'nickName': '767676737@qq.com', 'npsCollect': False, 'promoCode': 'ae0c4cf87', 'randomEmail': False, 'recordedNewGuidePop': [], 'showProcessPersonal': False, 'signatureUrl': None, 'source': 'home_home', 'status': None, 'uid': 1884366}, 'userSecurityVO': {'authMethod': 0, 'beingUninitialized': False}}
118.25.243.250 - - [27/Aug/2023 00:30:09] "POST /mointor HTTP/1.1" 200 -
618
124.221.203.147 - - [27/Aug/2023 10:00:57] "GET /?password=wsj HTTP/1.1" 200 -
((618, datetime.datetime(2023, 8, 27, 0, 30, 9), 1, 120),)
738
yibukaishi
767676738@qq.com
767676738
{'beingInvited': False, 'corpName': None, 'loginToken': None, 'openId': None, 'token': '9af7e133-81c9-444c-881e-625b0bfc6f34', 'userInfo': {'beingBlackEmail': False, 'beingDisableExpiryRemind': False, 'beingExpand': None, 'beingInvited': False, 'beingLangFollowBrowser': True, 'beingOldVersion': None, 'beingPrivacyPolicy': True, 'beingSandBoxSuperAdmin': False, 'collectUserInfo': None, 'createTime': None, 'csShow': True, 'desktopRemind': True, 'email': '767676738@qq.com', 'firstLogin': None, 'grayLimit': 97, 'graySpecify': False, 'grayType': 1, 'hasPwdLoggedIn': False, 'havePassword': True, 'headImg': None, 'lang': None, 'lastWsInfo': {'accepted': None, 'accountLevel': 40, 'auth': 2, 'beingCustomizedAppSync': None, 'beingHideHelpDocument': False, 'beingSandbox': False, 'beingWatermark': False, 'biAuth': 'SUPER', 'canWorkWx': False, 'contactEnableNum': 1, 'contactNum': 1, 'dataRelatedStatus': 'NEW', 'departs': [], 'dynamic': None, 'exId': 'tAeLHd46LCKjUhYecEit6w==', 'exUserId': '1884966', 'expireDate': 1694448046000, 'hideCopyright': False, 'logoutConfig': {'logOutToSso': False, 'serverName': None, 'ssoType': None}, 'memberId': 1708423, 'openConnectorList': [], 'openPluginList': [2, 3, 6, 7, 8, 9, 13, 14, 15, 16, 17, 25, 26, 27, 28, 29, 33, 34, 35, 36, 37, 38, 39, 42, 43, 44, 45, -2, 32], 'permissionStatus': None, 'pluginClickList': [], 'pluginLimitDetail': {'dashAllVisiableLimit': 4, 'dashAllVisiableNum': 0}, 'publicAccessAuthVO': {'beingAttachmentQuestion': False, 'beingPublicLink': False}, 'remark': '767676738@qq.com', 'showContact': True, 'trial': True, 'trialDays': '0', 'trialNotice': True, 'type': 'normal', 'useScheduledSync': False, 'watermarkConfig': {'showDate': False, 'showDeparts': False, 'showExUserId': False, 'showName': True, 'showPhoneNumber': False, 'showWsName': False}, 'wsDomain': None, 'wsFunction': 'platform', 'wsId': 440789, 'wsLimitDetail': {'canDashNum': -1, 'canFormNum': -1, 'canPackageNum': -1, 'currentDashNum': -1, 'currentFormNum': -1, 'currentPackageNum': -1}, 'wsName': '767676738@qq.comÁöÑÂ∑•‰ΩúÂå∫'}, 'mobile': '767676738', 'nickName': '767676738@qq.com', 'npsCollect': False, 'promoCode': '6924b2349', 'randomEmail': False, 'recordedNewGuidePop': [], 'showProcessPersonal': False, 'signatureUrl': None, 'source': 'home_home', 'status': None, 'uid': 1884966}, 'userSecurityVO': {'authMethod': 0, 'beingUninitialized': False}}
{'beingInvited': False, 'corpName': None, 'loginToken': None, 'openId': None, 'token': '9af7e133-81c9-444c-881e-625b0bfc6f34', 'userInfo': {'beingBlackEmail': False, 'beingDisableExpiryRemind': False, 'beingExpand': None, 'beingInvited': False, 'beingLangFollowBrowser': True, 'beingOldVersion': None, 'beingPrivacyPolicy': True, 'beingSandBoxSuperAdmin': False, 'collectUserInfo': None, 'createTime': None, 'csShow': True, 'desktopRemind': True, 'email': '767676738@qq.com', 'firstLogin': None, 'grayLimit': 97, 'graySpecify': False, 'grayType': 1, 'hasPwdLoggedIn': False, 'havePassword': True, 'headImg': None, 'lang': None, 'lastWsInfo': {'accepted': None, 'accountLevel': 40, 'auth': 2, 'beingCustomizedAppSync': None, 'beingHideHelpDocument': False, 'beingSandbox': False, 'beingWatermark': False, 'biAuth': 'SUPER', 'canWorkWx': False, 'contactEnableNum': 1, 'contactNum': 1, 'dataRelatedStatus': 'NEW', 'departs': [], 'dynamic': None, 'exId': 'tAeLHd46LCKjUhYecEit6w==', 'exUserId': '1884966', 'expireDate': 1694448046000, 'hideCopyright': False, 'logoutConfig': {'logOutToSso': False, 'serverName': None, 'ssoType': None}, 'memberId': 1708423, 'openConnectorList': [], 'openPluginList': [2, 3, 6, 7, 8, 9, 13, 14, 15, 16, 17, 25, 26, 27, 28, 29, 33, 34, 35, 36, 37, 38, 39, 42, 43, 44, 45, -2, 32], 'permissionStatus': None, 'pluginClickList': [], 'pluginLimitDetail': {'dashAllVisiableLimit': 4, 'dashAllVisiableNum': 0}, 'publicAccessAuthVO': {'beingAttachmentQuestion': False, 'beingPublicLink': False}, 'remark': '767676738@qq.com', 'showContact': True, 'trial': True, 'trialDays': '0', 'trialNotice': True, 'type': 'normal', 'useScheduledSync': False, 'watermarkConfig': {'showDate': False, 'showDeparts': False, 'showExUserId': False, 'showName': True, 'showPhoneNumber': False, 'showWsName': False}, 'wsDomain': None, 'wsFunction': 'platform', 'wsId': 440789, 'wsLimitDetail': {'canDashNum': -1, 'canFormNum': -1, 'canPackageNum': -1, 'currentDashNum': -1, 'currentFormNum': -1, 'currentPackageNum': -1}, 'wsName': '767676738@qq.comÁöÑÂ∑•‰ΩúÂå∫'}, 'mobile': '767676738', 'nickName': '767676738@qq.com', 'npsCollect': False, 'promoCode': '6924b2349', 'randomEmail': False, 'recordedNewGuidePop': [], 'showProcessPersonal': False, 'signatureUrl': None, 'source': 'home_home', 'status': None, 'uid': 1884966}, 'userSecurityVO': {'authMethod': 0, 'beingUninitialized': False}}
118.25.243.250 - - [28/Aug/2023 00:00:46] "POST /mointor HTTP/1.1" 200 -
((619, datetime.datetime(2023, 8, 28, 0, 0, 46), 1, 120),)
739
yibukaishi
767676739@qq.com
767676739
{'beingInvited': False, 'corpName': None, 'loginToken': None, 'openId': None, 'token': '2424943d-b4f3-466d-b87e-c60a30ff5669', 'userInfo': {'beingBlackEmail': False, 'beingDisableExpiryRemind': False, 'beingExpand': None, 'beingInvited': False, 'beingLangFollowBrowser': True, 'beingOldVersion': None, 'beingPrivacyPolicy': True, 'beingSandBoxSuperAdmin': False, 'collectUserInfo': None, 'createTime': None, 'csShow': True, 'desktopRemind': True, 'email': '767676739@qq.com', 'firstLogin': None, 'grayLimit': 11, 'graySpecify': False, 'grayType': 1, 'hasPwdLoggedIn': False, 'havePassword': True, 'headImg': None, 'lang': None, 'lastWsInfo': {'accepted': None, 'accountLevel': 40, 'auth': 2, 'beingCustomizedAppSync': None, 'beingHideHelpDocument': False, 'beingSandbox': False, 'beingWatermark': False, 'biAuth': 'SUPER', 'canWorkWx': False, 'contactEnableNum': 1, 'contactNum': 1, 'dataRelatedStatus': 'NEW', 'departs': [], 'dynamic': None, 'exId': 'tAeLHd46LCKQ5fZEcXK1tA==', 'exUserId': '1884973', 'expireDate': 1694449810000, 'hideCopyright': False, 'logoutConfig': {'logOutToSso': False, 'serverName': None, 'ssoType': None}, 'memberId': 1708427, 'openConnectorList': [], 'openPluginList': [2, 3, 6, 7, 8, 9, 13, 14, 15, 16, 17, 25, 26, 27, 28, 29, 33, 34, 35, 36, 37, 38, 39, 42, 43, 44, 45, -2, 32], 'permissionStatus': None, 'pluginClickList': [], 'pluginLimitDetail': {'dashAllVisiableLimit': 4, 'dashAllVisiableNum': 0}, 'publicAccessAuthVO': {'beingAttachmentQuestion': False, 'beingPublicLink': False}, 'remark': '767676739@qq.com', 'showContact': True, 'trial': True, 'trialDays': '0', 'trialNotice': True, 'type': 'normal', 'useScheduledSync': False, 'watermarkConfig': {'showDate': False, 'showDeparts': False, 'showExUserId': False, 'showName': True, 'showPhoneNumber': False, 'showWsName': False}, 'wsDomain': None, 'wsFunction': 'platform', 'wsId': 440793, 'wsLimitDetail': {'canDashNum': -1, 'canFormNum': -1, 'canPackageNum': -1, 'currentDashNum': -1, 'currentFormNum': -1, 'currentPackageNum': -1}, 'wsName': '767676739@qq.comÁöÑÂ∑•‰ΩúÂå∫'}, 'mobile': '767676739', 'nickName': '767676739@qq.com', 'npsCollect': False, 'promoCode': '37c994044', 'randomEmail': False, 'recordedNewGuidePop': [], 'showProcessPersonal': False, 'signatureUrl': None, 'source': 'home_home', 'status': None, 'uid': 1884973}, 'userSecurityVO': {'authMethod': 0, 'beingUninitialized': False}}
{'beingInvited': False, 'corpName': None, 'loginToken': None, 'openId': None, 'token': '2424943d-b4f3-466d-b87e-c60a30ff5669', 'userInfo': {'beingBlackEmail': False, 'beingDisableExpiryRemind': False, 'beingExpand': None, 'beingInvited': False, 'beingLangFollowBrowser': True, 'beingOldVersion': None, 'beingPrivacyPolicy': True, 'beingSandBoxSuperAdmin': False, 'collectUserInfo': None, 'createTime': None, 'csShow': True, 'desktopRemind': True, 'email': '767676739@qq.com', 'firstLogin': None, 'grayLimit': 11, 'graySpecify': False, 'grayType': 1, 'hasPwdLoggedIn': False, 'havePassword': True, 'headImg': None, 'lang': None, 'lastWsInfo': {'accepted': None, 'accountLevel': 40, 'auth': 2, 'beingCustomizedAppSync': None, 'beingHideHelpDocument': False, 'beingSandbox': False, 'beingWatermark': False, 'biAuth': 'SUPER', 'canWorkWx': False, 'contactEnableNum': 1, 'contactNum': 1, 'dataRelatedStatus': 'NEW', 'departs': [], 'dynamic': None, 'exId': 'tAeLHd46LCKQ5fZEcXK1tA==', 'exUserId': '1884973', 'expireDate': 1694449810000, 'hideCopyright': False, 'logoutConfig': {'logOutToSso': False, 'serverName': None, 'ssoType': None}, 'memberId': 1708427, 'openConnectorList': [], 'openPluginList': [2, 3, 6, 7, 8, 9, 13, 14, 15, 16, 17, 25, 26, 27, 28, 29, 33, 34, 35, 36, 37, 38, 39, 42, 43, 44, 45, -2, 32], 'permissionStatus': None, 'pluginClickList': [], 'pluginLimitDetail': {'dashAllVisiableLimit': 4, 'dashAllVisiableNum': 0}, 'publicAccessAuthVO': {'beingAttachmentQuestion': False, 'beingPublicLink': False}, 'remark': '767676739@qq.com', 'showContact': True, 'trial': True, 'trialDays': '0', 'trialNotice': True, 'type': 'normal', 'useScheduledSync': False, 'watermarkConfig': {'showDate': False, 'showDeparts': False, 'showExUserId': False, 'showName': True, 'showPhoneNumber': False, 'showWsName': False}, 'wsDomain': None, 'wsFunction': 'platform', 'wsId': 440793, 'wsLimitDetail': {'canDashNum': -1, 'canFormNum': -1, 'canPackageNum': -1, 'currentDashNum': -1, 'currentFormNum': -1, 'currentPackageNum': -1}, 'wsName': '767676739@qq.comÁöÑÂ∑•‰ΩúÂå∫'}, 'mobile': '767676739', 'nickName': '767676739@qq.com', 'npsCollect': False, 'promoCode': '37c994044', 'randomEmail': False, 'recordedNewGuidePop': [], 'showProcessPersonal': False, 'signatureUrl': None, 'source': 'home_home', 'status': None, 'uid': 1884973}, 'userSecurityVO': {'authMethod': 0, 'beingUninitialized': False}}
118.25.243.250 - - [28/Aug/2023 00:30:10] "POST /mointor HTTP/1.1" 200 -
619
[2023-08-28 00:35:54,963] ERROR in app: Exception on / [GET]
Traceback (most recent call last):
  File "/usr/local/lib64/python3.6/site-packages/flask/app.py", line 2073, in wsgi_app
    response = self.full_dispatch_request()
  File "/usr/local/lib64/python3.6/site-packages/flask/app.py", line 1519, in full_dispatch_request
    return self.finalize_request(rv)
  File "/usr/local/lib64/python3.6/site-packages/flask/app.py", line 1538, in finalize_request
    response = self.make_response(rv)
  File "/usr/local/lib64/python3.6/site-packages/flask/app.py", line 1702, in make_response
    f"The view function for {request.endpoint!r} did not"
TypeError: The view function for 'result' did not return a valid response. The function either returned None or ended without a return statement.
130.211.54.158 - - [28/Aug/2023 00:35:54] "[35m[1mGET / HTTP/1.1[0m" 500 -
620
124.221.203.147 - - [28/Aug/2023 10:00:57] "GET /?password=wsj HTTP/1.1" 200 -
620
[2023-08-28 10:16:58,454] ERROR in app: Exception on / [GET]
Traceback (most recent call last):
  File "/usr/local/lib64/python3.6/site-packages/flask/app.py", line 2073, in wsgi_app
    response = self.full_dispatch_request()
  File "/usr/local/lib64/python3.6/site-packages/flask/app.py", line 1519, in full_dispatch_request
    return self.finalize_request(rv)
  File "/usr/local/lib64/python3.6/site-packages/flask/app.py", line 1538, in finalize_request
    response = self.make_response(rv)
  File "/usr/local/lib64/python3.6/site-packages/flask/app.py", line 1702, in make_response
    f"The view function for {request.endpoint!r} did not"
TypeError: The view function for 'result' did not return a valid response. The function either returned None or ended without a return statement.
162.142.125.14 - - [28/Aug/2023 10:16:58] "[35m[1mGET / HTTP/1.1[0m" 500 -
162.142.125.14 - - [28/Aug/2023 10:16:59] code 505, message Invalid HTTP version (2.0)
162.142.125.14 - - [28/Aug/2023 10:16:59] "[35m[1mPRI * HTTP/2.0[0m" HTTPStatus.HTTP_VERSION_NOT_SUPPORTED -
91.191.209.206 - - [28/Aug/2023 20:11:48] code 400, message Bad HTTP/0.9 request type ('\x03\x00\x00/*√†\x00\x00\x00\x00\x00Cookie:')
91.191.209.206 - - [28/Aug/2023 20:11:48] "[35m[1m  /*√†     Cookie: mstshash=Administr[0m" HTTPStatus.BAD_REQUEST -
((620, datetime.datetime(2023, 8, 28, 0, 30, 10), 1, 120),)
740
yibukaishi
767676740@qq.com
767676740
{'beingInvited': False, 'corpName': None, 'loginToken': None, 'openId': None, 'token': '16785e09-b782-45cd-a008-adb7c14c7d6b', 'userInfo': {'beingBlackEmail': False, 'beingDisableExpiryRemind': False, 'beingExpand': None, 'beingInvited': False, 'beingLangFollowBrowser': True, 'beingOldVersion': None, 'beingPrivacyPolicy': True, 'beingSandBoxSuperAdmin': False, 'collectUserInfo': None, 'createTime': None, 'csShow': True, 'desktopRemind': True, 'email': '767676740@qq.com', 'firstLogin': None, 'grayLimit': 46, 'graySpecify': False, 'grayType': 1, 'hasPwdLoggedIn': False, 'havePassword': True, 'headImg': None, 'lang': None, 'lastWsInfo': {'accepted': None, 'accountLevel': 40, 'auth': 2, 'beingCustomizedAppSync': None, 'beingHideHelpDocument': False, 'beingSandbox': False, 'beingWatermark': False, 'biAuth': 'SUPER', 'canWorkWx': False, 'contactEnableNum': 1, 'contactNum': 1, 'dataRelatedStatus': 'NEW', 'departs': [], 'dynamic': None, 'exId': 'tAeLHd46LCKyPP1AxId81A==', 'exUserId': '1886183', 'expireDate': 1694527231000, 'hideCopyright': False, 'logoutConfig': {'logOutToSso': False, 'serverName': None, 'ssoType': None}, 'memberId': 1709273, 'openConnectorList': [], 'openPluginList': [2, 3, 6, 7, 8, 9, 13, 14, 15, 16, 17, 25, 26, 27, 28, 29, 33, 34, 35, 36, 37, 38, 39, 42, 43, 44, 45, -2, 32], 'permissionStatus': None, 'pluginClickList': [], 'pluginLimitDetail': {'dashAllVisiableLimit': 4, 'dashAllVisiableNum': 0}, 'publicAccessAuthVO': {'beingAttachmentQuestion': False, 'beingPublicLink': False}, 'remark': '767676740@qq.com', 'showContact': True, 'trial': True, 'trialDays': '0', 'trialNotice': True, 'type': 'normal', 'useScheduledSync': False, 'watermarkConfig': {'showDate': False, 'showDeparts': False, 'showExUserId': False, 'showName': True, 'showPhoneNumber': False, 'showWsName': False}, 'wsDomain': None, 'wsFunction': 'platform', 'wsId': 441269, 'wsLimitDetail': {'canDashNum': -1, 'canFormNum': -1, 'canPackageNum': -1, 'currentDashNum': -1, 'currentFormNum': -1, 'currentPackageNum': -1}, 'wsName': '767676740@qq.comÁöÑÂ∑•‰ΩúÂå∫'}, 'mobile': '767676740', 'nickName': '767676740@qq.com', 'npsCollect': False, 'promoCode': '3cd634acf', 'randomEmail': False, 'recordedNewGuidePop': [], 'showProcessPersonal': False, 'signatureUrl': None, 'source': 'home_home', 'status': None, 'uid': 1886183}, 'userSecurityVO': {'authMethod': 0, 'beingUninitialized': False}}
{'beingInvited': False, 'corpName': None, 'loginToken': None, 'openId': None, 'token': '16785e09-b782-45cd-a008-adb7c14c7d6b', 'userInfo': {'beingBlackEmail': False, 'beingDisableExpiryRemind': False, 'beingExpand': None, 'beingInvited': False, 'beingLangFollowBrowser': True, 'beingOldVersion': None, 'beingPrivacyPolicy': True, 'beingSandBoxSuperAdmin': False, 'collectUserInfo': None, 'createTime': None, 'csShow': True, 'desktopRemind': True, 'email': '767676740@qq.com', 'firstLogin': None, 'grayLimit': 46, 'graySpecify': False, 'grayType': 1, 'hasPwdLoggedIn': False, 'havePassword': True, 'headImg': None, 'lang': None, 'lastWsInfo': {'accepted': None, 'accountLevel': 40, 'auth': 2, 'beingCustomizedAppSync': None, 'beingHideHelpDocument': False, 'beingSandbox': False, 'beingWatermark': False, 'biAuth': 'SUPER', 'canWorkWx': False, 'contactEnableNum': 1, 'contactNum': 1, 'dataRelatedStatus': 'NEW', 'departs': [], 'dynamic': None, 'exId': 'tAeLHd46LCKyPP1AxId81A==', 'exUserId': '1886183', 'expireDate': 1694527231000, 'hideCopyright': False, 'logoutConfig': {'logOutToSso': False, 'serverName': None, 'ssoType': None}, 'memberId': 1709273, 'openConnectorList': [], 'openPluginList': [2, 3, 6, 7, 8, 9, 13, 14, 15, 16, 17, 25, 26, 27, 28, 29, 33, 34, 35, 36, 37, 38, 39, 42, 43, 44, 45, -2, 32], 'permissionStatus': None, 'pluginClickList': [], 'pluginLimitDetail': {'dashAllVisiableLimit': 4, 'dashAllVisiableNum': 0}, 'publicAccessAuthVO': {'beingAttachmentQuestion': False, 'beingPublicLink': False}, 'remark': '767676740@qq.com', 'showContact': True, 'trial': True, 'trialDays': '0', 'trialNotice': True, 'type': 'normal', 'useScheduledSync': False, 'watermarkConfig': {'showDate': False, 'showDeparts': False, 'showExUserId': False, 'showName': True, 'showPhoneNumber': False, 'showWsName': False}, 'wsDomain': None, 'wsFunction': 'platform', 'wsId': 441269, 'wsLimitDetail': {'canDashNum': -1, 'canFormNum': -1, 'canPackageNum': -1, 'currentDashNum': -1, 'currentFormNum': -1, 'currentPackageNum': -1}, 'wsName': '767676740@qq.comÁöÑÂ∑•‰ΩúÂå∫'}, 'mobile': '767676740', 'nickName': '767676740@qq.com', 'npsCollect': False, 'promoCode': '3cd634acf', 'randomEmail': False, 'recordedNewGuidePop': [], 'showProcessPersonal': False, 'signatureUrl': None, 'source': 'home_home', 'status': None, 'uid': 1886183}, 'userSecurityVO': {'authMethod': 0, 'beingUninitialized': False}}
118.25.243.250 - - [28/Aug/2023 22:00:31] "POST /mointor HTTP/1.1" 200 -
89.248.163.96 - - [28/Aug/2023 22:01:42] code 400, message Bad HTTP/0.9 request type ('\x03\x00\x00/*√†\x00\x00\x00\x00\x00Cookie:')
89.248.163.96 - - [28/Aug/2023 22:01:42] "[35m[1m  /*√†     Cookie: mstshash=Administr[0m" HTTPStatus.BAD_REQUEST -
((621, datetime.datetime(2023, 8, 28, 22, 0, 31), 1, 120),)
741
yibukaishi
767676741@qq.com
767676741
{'beingInvited': False, 'corpName': None, 'loginToken': None, 'openId': None, 'token': 'b4d300de-3a71-4407-bdfe-4e7f6e3012ef', 'userInfo': {'beingBlackEmail': False, 'beingDisableExpiryRemind': False, 'beingExpand': None, 'beingInvited': False, 'beingLangFollowBrowser': True, 'beingOldVersion': None, 'beingPrivacyPolicy': True, 'beingSandBoxSuperAdmin': False, 'collectUserInfo': None, 'createTime': None, 'csShow': True, 'desktopRemind': True, 'email': '767676741@qq.com', 'firstLogin': None, 'grayLimit': 56, 'graySpecify': False, 'grayType': 1, 'hasPwdLoggedIn': False, 'havePassword': True, 'headImg': None, 'lang': None, 'lastWsInfo': {'accepted': None, 'accountLevel': 40, 'auth': 2, 'beingCustomizedAppSync': None, 'beingHideHelpDocument': False, 'beingSandbox': False, 'beingWatermark': False, 'biAuth': 'SUPER', 'canWorkWx': False, 'contactEnableNum': 1, 'contactNum': 1, 'dataRelatedStatus': 'NEW', 'departs': [], 'dynamic': None, 'exId': 'tAeLHd46LCJtmirdIlWIcA==', 'exUserId': '1886213', 'expireDate': 1694530841000, 'hideCopyright': False, 'logoutConfig': {'logOutToSso': False, 'serverName': None, 'ssoType': None}, 'memberId': 1709292, 'openConnectorList': [], 'openPluginList': [2, 3, 6, 7, 8, 9, 13, 14, 15, 16, 17, 25, 26, 27, 28, 29, 33, 34, 35, 36, 37, 38, 39, 42, 43, 44, 45, -2, 32], 'permissionStatus': None, 'pluginClickList': [], 'pluginLimitDetail': {'dashAllVisiableLimit': 4, 'dashAllVisiableNum': 0}, 'publicAccessAuthVO': {'beingAttachmentQuestion': False, 'beingPublicLink': False}, 'remark': '767676741@qq.com', 'showContact': True, 'trial': True, 'trialDays': '0', 'trialNotice': True, 'type': 'normal', 'useScheduledSync': False, 'watermarkConfig': {'showDate': False, 'showDeparts': False, 'showExUserId': False, 'showName': True, 'showPhoneNumber': False, 'showWsName': False}, 'wsDomain': None, 'wsFunction': 'platform', 'wsId': 441286, 'wsLimitDetail': {'canDashNum': -1, 'canFormNum': -1, 'canPackageNum': -1, 'currentDashNum': -1, 'currentFormNum': -1, 'currentPackageNum': -1}, 'wsName': '767676741@qq.comÁöÑÂ∑•‰ΩúÂå∫'}, 'mobile': '767676741', 'nickName': '767676741@qq.com', 'npsCollect': False, 'promoCode': 'eb37481ae', 'randomEmail': False, 'recordedNewGuidePop': [], 'showProcessPersonal': False, 'signatureUrl': None, 'source': 'home_home', 'status': None, 'uid': 1886213}, 'userSecurityVO': {'authMethod': 0, 'beingUninitialized': False}}
{'beingInvited': False, 'corpName': None, 'loginToken': None, 'openId': None, 'token': 'b4d300de-3a71-4407-bdfe-4e7f6e3012ef', 'userInfo': {'beingBlackEmail': False, 'beingDisableExpiryRemind': False, 'beingExpand': None, 'beingInvited': False, 'beingLangFollowBrowser': True, 'beingOldVersion': None, 'beingPrivacyPolicy': True, 'beingSandBoxSuperAdmin': False, 'collectUserInfo': None, 'createTime': None, 'csShow': True, 'desktopRemind': True, 'email': '767676741@qq.com', 'firstLogin': None, 'grayLimit': 56, 'graySpecify': False, 'grayType': 1, 'hasPwdLoggedIn': False, 'havePassword': True, 'headImg': None, 'lang': None, 'lastWsInfo': {'accepted': None, 'accountLevel': 40, 'auth': 2, 'beingCustomizedAppSync': None, 'beingHideHelpDocument': False, 'beingSandbox': False, 'beingWatermark': False, 'biAuth': 'SUPER', 'canWorkWx': False, 'contactEnableNum': 1, 'contactNum': 1, 'dataRelatedStatus': 'NEW', 'departs': [], 'dynamic': None, 'exId': 'tAeLHd46LCJtmirdIlWIcA==', 'exUserId': '1886213', 'expireDate': 1694530841000, 'hideCopyright': False, 'logoutConfig': {'logOutToSso': False, 'serverName': None, 'ssoType': None}, 'memberId': 1709292, 'openConnectorList': [], 'openPluginList': [2, 3, 6, 7, 8, 9, 13, 14, 15, 16, 17, 25, 26, 27, 28, 29, 33, 34, 35, 36, 37, 38, 39, 42, 43, 44, 45, -2, 32], 'permissionStatus': None, 'pluginClickList': [], 'pluginLimitDetail': {'dashAllVisiableLimit': 4, 'dashAllVisiableNum': 0}, 'publicAccessAuthVO': {'beingAttachmentQuestion': False, 'beingPublicLink': False}, 'remark': '767676741@qq.com', 'showContact': True, 'trial': True, 'trialDays': '0', 'trialNotice': True, 'type': 'normal', 'useScheduledSync': False, 'watermarkConfig': {'showDate': False, 'showDeparts': False, 'showExUserId': False, 'showName': True, 'showPhoneNumber': False, 'showWsName': False}, 'wsDomain': None, 'wsFunction': 'platform', 'wsId': 441286, 'wsLimitDetail': {'canDashNum': -1, 'canFormNum': -1, 'canPackageNum': -1, 'currentDashNum': -1, 'currentFormNum': -1, 'currentPackageNum': -1}, 'wsName': '767676741@qq.comÁöÑÂ∑•‰ΩúÂå∫'}, 'mobile': '767676741', 'nickName': '767676741@qq.com', 'npsCollect': False, 'promoCode': 'eb37481ae', 'randomEmail': False, 'recordedNewGuidePop': [], 'showProcessPersonal': False, 'signatureUrl': None, 'source': 'home_home', 'status': None, 'uid': 1886213}, 'userSecurityVO': {'authMethod': 0, 'beingUninitialized': False}}
118.25.243.250 - - [28/Aug/2023 23:00:41] "POST /mointor HTTP/1.1" 200 -
((622, datetime.datetime(2023, 8, 28, 23, 0, 41), 1, 120),)
742
yibukaishi
767676742@qq.com
767676742
{'beingInvited': False, 'corpName': None, 'loginToken': None, 'openId': None, 'token': 'f4e2d9fe-9441-4fb7-aac7-654adeb9e993', 'userInfo': {'beingBlackEmail': False, 'beingDisableExpiryRemind': False, 'beingExpand': None, 'beingInvited': False, 'beingLangFollowBrowser': True, 'beingOldVersion': None, 'beingPrivacyPolicy': True, 'beingSandBoxSuperAdmin': False, 'collectUserInfo': None, 'createTime': None, 'csShow': True, 'desktopRemind': True, 'email': '767676742@qq.com', 'firstLogin': None, 'grayLimit': 7, 'graySpecify': False, 'grayType': 1, 'hasPwdLoggedIn': False, 'havePassword': True, 'headImg': None, 'lang': None, 'lastWsInfo': {'accepted': None, 'accountLevel': 40, 'auth': 2, 'beingCustomizedAppSync': None, 'beingHideHelpDocument': False, 'beingSandbox': False, 'beingWatermark': False, 'biAuth': 'SUPER', 'canWorkWx': False, 'contactEnableNum': 1, 'contactNum': 1, 'dataRelatedStatus': 'NEW', 'departs': [], 'dynamic': None, 'exId': 'tAeLHd46LCKys+Km/HJrDQ==', 'exUserId': '1886232', 'expireDate': 1694534438000, 'hideCopyright': False, 'logoutConfig': {'logOutToSso': False, 'serverName': None, 'ssoType': None}, 'memberId': 1709307, 'openConnectorList': [], 'openPluginList': [2, 3, 6, 7, 8, 9, 13, 14, 15, 16, 17, 25, 26, 27, 28, 29, 33, 34, 35, 36, 37, 38, 39, 42, 43, 44, 45, -2, 32], 'permissionStatus': None, 'pluginClickList': [], 'pluginLimitDetail': {'dashAllVisiableLimit': 4, 'dashAllVisiableNum': 0}, 'publicAccessAuthVO': {'beingAttachmentQuestion': False, 'beingPublicLink': False}, 'remark': '767676742@qq.com', 'showContact': True, 'trial': True, 'trialDays': '0', 'trialNotice': True, 'type': 'normal', 'useScheduledSync': False, 'watermarkConfig': {'showDate': False, 'showDeparts': False, 'showExUserId': False, 'showName': True, 'showPhoneNumber': False, 'showWsName': False}, 'wsDomain': None, 'wsFunction': 'platform', 'wsId': 441300, 'wsLimitDetail': {'canDashNum': -1, 'canFormNum': -1, 'canPackageNum': -1, 'currentDashNum': -1, 'currentFormNum': -1, 'currentPackageNum': -1}, 'wsName': '767676742@qq.comÁöÑÂ∑•‰ΩúÂå∫'}, 'mobile': '767676742', 'nickName': '767676742@qq.com', 'npsCollect': False, 'promoCode': '87b4597c6', 'randomEmail': False, 'recordedNewGuidePop': [], 'showProcessPersonal': False, 'signatureUrl': None, 'source': 'home_home', 'status': None, 'uid': 1886232}, 'userSecurityVO': {'authMethod': 0, 'beingUninitialized': False}}
{'beingInvited': False, 'corpName': None, 'loginToken': None, 'openId': None, 'token': 'f4e2d9fe-9441-4fb7-aac7-654adeb9e993', 'userInfo': {'beingBlackEmail': False, 'beingDisableExpiryRemind': False, 'beingExpand': None, 'beingInvited': False, 'beingLangFollowBrowser': True, 'beingOldVersion': None, 'beingPrivacyPolicy': True, 'beingSandBoxSuperAdmin': False, 'collectUserInfo': None, 'createTime': None, 'csShow': True, 'desktopRemind': True, 'email': '767676742@qq.com', 'firstLogin': None, 'grayLimit': 7, 'graySpecify': False, 'grayType': 1, 'hasPwdLoggedIn': False, 'havePassword': True, 'headImg': None, 'lang': None, 'lastWsInfo': {'accepted': None, 'accountLevel': 40, 'auth': 2, 'beingCustomizedAppSync': None, 'beingHideHelpDocument': False, 'beingSandbox': False, 'beingWatermark': False, 'biAuth': 'SUPER', 'canWorkWx': False, 'contactEnableNum': 1, 'contactNum': 1, 'dataRelatedStatus': 'NEW', 'departs': [], 'dynamic': None, 'exId': 'tAeLHd46LCKys+Km/HJrDQ==', 'exUserId': '1886232', 'expireDate': 1694534438000, 'hideCopyright': False, 'logoutConfig': {'logOutToSso': False, 'serverName': None, 'ssoType': None}, 'memberId': 1709307, 'openConnectorList': [], 'openPluginList': [2, 3, 6, 7, 8, 9, 13, 14, 15, 16, 17, 25, 26, 27, 28, 29, 33, 34, 35, 36, 37, 38, 39, 42, 43, 44, 45, -2, 32], 'permissionStatus': None, 'pluginClickList': [], 'pluginLimitDetail': {'dashAllVisiableLimit': 4, 'dashAllVisiableNum': 0}, 'publicAccessAuthVO': {'beingAttachmentQuestion': False, 'beingPublicLink': False}, 'remark': '767676742@qq.com', 'showContact': True, 'trial': True, 'trialDays': '0', 'trialNotice': True, 'type': 'normal', 'useScheduledSync': False, 'watermarkConfig': {'showDate': False, 'showDeparts': False, 'showExUserId': False, 'showName': True, 'showPhoneNumber': False, 'showWsName': False}, 'wsDomain': None, 'wsFunction': 'platform', 'wsId': 441300, 'wsLimitDetail': {'canDashNum': -1, 'canFormNum': -1, 'canPackageNum': -1, 'currentDashNum': -1, 'currentFormNum': -1, 'currentPackageNum': -1}, 'wsName': '767676742@qq.comÁöÑÂ∑•‰ΩúÂå∫'}, 'mobile': '767676742', 'nickName': '767676742@qq.com', 'npsCollect': False, 'promoCode': '87b4597c6', 'randomEmail': False, 'recordedNewGuidePop': [], 'showProcessPersonal': False, 'signatureUrl': None, 'source': 'home_home', 'status': None, 'uid': 1886232}, 'userSecurityVO': {'authMethod': 0, 'beingUninitialized': False}}
118.25.243.250 - - [29/Aug/2023 00:00:38] "POST /mointor HTTP/1.1" 200 -
((623, datetime.datetime(2023, 8, 29, 0, 0, 38), 1, 120),)
743
yibukaishi
767676743@qq.com
767676743
{'beingInvited': False, 'corpName': None, 'loginToken': None, 'openId': None, 'token': 'd46670fb-96fd-4d43-98c2-a6cb354cb7d5', 'userInfo': {'beingBlackEmail': False, 'beingDisableExpiryRemind': False, 'beingExpand': None, 'beingInvited': False, 'beingLangFollowBrowser': True, 'beingOldVersion': None, 'beingPrivacyPolicy': True, 'beingSandBoxSuperAdmin': False, 'collectUserInfo': None, 'createTime': None, 'csShow': True, 'desktopRemind': True, 'email': '767676743@qq.com', 'firstLogin': None, 'grayLimit': 92, 'graySpecify': False, 'grayType': 1, 'hasPwdLoggedIn': False, 'havePassword': True, 'headImg': None, 'lang': None, 'lastWsInfo': {'accepted': None, 'accountLevel': 40, 'auth': 2, 'beingCustomizedAppSync': None, 'beingHideHelpDocument': False, 'beingSandbox': False, 'beingWatermark': False, 'biAuth': 'SUPER', 'canWorkWx': False, 'contactEnableNum': 1, 'contactNum': 1, 'dataRelatedStatus': 'NEW', 'departs': [], 'dynamic': None, 'exId': 'tAeLHd46LCLYwUCBkkpIRw==', 'exUserId': '1886239', 'expireDate': 1694536209000, 'hideCopyright': False, 'logoutConfig': {'logOutToSso': False, 'serverName': None, 'ssoType': None}, 'memberId': 1709314, 'openConnectorList': [], 'openPluginList': [2, 3, 6, 7, 8, 9, 13, 14, 15, 16, 17, 25, 26, 27, 28, 29, 33, 34, 35, 36, 37, 38, 39, 42, 43, 44, 45, -2, 32], 'permissionStatus': None, 'pluginClickList': [], 'pluginLimitDetail': {'dashAllVisiableLimit': 4, 'dashAllVisiableNum': 0}, 'publicAccessAuthVO': {'beingAttachmentQuestion': False, 'beingPublicLink': False}, 'remark': '767676743@qq.com', 'showContact': True, 'trial': True, 'trialDays': '0', 'trialNotice': True, 'type': 'normal', 'useScheduledSync': False, 'watermarkConfig': {'showDate': False, 'showDeparts': False, 'showExUserId': False, 'showName': True, 'showPhoneNumber': False, 'showWsName': False}, 'wsDomain': None, 'wsFunction': 'platform', 'wsId': 441304, 'wsLimitDetail': {'canDashNum': -1, 'canFormNum': -1, 'canPackageNum': -1, 'currentDashNum': -1, 'currentFormNum': -1, 'currentPackageNum': -1}, 'wsName': '767676743@qq.comÁöÑÂ∑•‰ΩúÂå∫'}, 'mobile': '767676743', 'nickName': '767676743@qq.com', 'npsCollect': False, 'promoCode': 'dc2742673', 'randomEmail': False, 'recordedNewGuidePop': [], 'showProcessPersonal': False, 'signatureUrl': None, 'source': 'home_home', 'status': None, 'uid': 1886239}, 'userSecurityVO': {'authMethod': 0, 'beingUninitialized': False}}
{'beingInvited': False, 'corpName': None, 'loginToken': None, 'openId': None, 'token': 'd46670fb-96fd-4d43-98c2-a6cb354cb7d5', 'userInfo': {'beingBlackEmail': False, 'beingDisableExpiryRemind': False, 'beingExpand': None, 'beingInvited': False, 'beingLangFollowBrowser': True, 'beingOldVersion': None, 'beingPrivacyPolicy': True, 'beingSandBoxSuperAdmin': False, 'collectUserInfo': None, 'createTime': None, 'csShow': True, 'desktopRemind': True, 'email': '767676743@qq.com', 'firstLogin': None, 'grayLimit': 92, 'graySpecify': False, 'grayType': 1, 'hasPwdLoggedIn': False, 'havePassword': True, 'headImg': None, 'lang': None, 'lastWsInfo': {'accepted': None, 'accountLevel': 40, 'auth': 2, 'beingCustomizedAppSync': None, 'beingHideHelpDocument': False, 'beingSandbox': False, 'beingWatermark': False, 'biAuth': 'SUPER', 'canWorkWx': False, 'contactEnableNum': 1, 'contactNum': 1, 'dataRelatedStatus': 'NEW', 'departs': [], 'dynamic': None, 'exId': 'tAeLHd46LCLYwUCBkkpIRw==', 'exUserId': '1886239', 'expireDate': 1694536209000, 'hideCopyright': False, 'logoutConfig': {'logOutToSso': False, 'serverName': None, 'ssoType': None}, 'memberId': 1709314, 'openConnectorList': [], 'openPluginList': [2, 3, 6, 7, 8, 9, 13, 14, 15, 16, 17, 25, 26, 27, 28, 29, 33, 34, 35, 36, 37, 38, 39, 42, 43, 44, 45, -2, 32], 'permissionStatus': None, 'pluginClickList': [], 'pluginLimitDetail': {'dashAllVisiableLimit': 4, 'dashAllVisiableNum': 0}, 'publicAccessAuthVO': {'beingAttachmentQuestion': False, 'beingPublicLink': False}, 'remark': '767676743@qq.com', 'showContact': True, 'trial': True, 'trialDays': '0', 'trialNotice': True, 'type': 'normal', 'useScheduledSync': False, 'watermarkConfig': {'showDate': False, 'showDeparts': False, 'showExUserId': False, 'showName': True, 'showPhoneNumber': False, 'showWsName': False}, 'wsDomain': None, 'wsFunction': 'platform', 'wsId': 441304, 'wsLimitDetail': {'canDashNum': -1, 'canFormNum': -1, 'canPackageNum': -1, 'currentDashNum': -1, 'currentFormNum': -1, 'currentPackageNum': -1}, 'wsName': '767676743@qq.comÁöÑÂ∑•‰ΩúÂå∫'}, 'mobile': '767676743', 'nickName': '767676743@qq.com', 'npsCollect': False, 'promoCode': 'dc2742673', 'randomEmail': False, 'recordedNewGuidePop': [], 'showProcessPersonal': False, 'signatureUrl': None, 'source': 'home_home', 'status': None, 'uid': 1886239}, 'userSecurityVO': {'authMethod': 0, 'beingUninitialized': False}}
118.25.243.250 - - [29/Aug/2023 00:30:09] "POST /mointor HTTP/1.1" 200 -
52.83.91.65 - - [29/Aug/2023 03:39:19] code 400, message Bad request syntax ('333766643833656338616434363333643963363962386536653538383937393235613033653338636434')
52.83.91.65 - - [29/Aug/2023 03:39:19] "[35m[1m333766643833656338616434363333643963363962386536653538383937393235613033653338636434[0m" HTTPStatus.BAD_REQUEST -
624
124.221.203.147 - - [29/Aug/2023 10:00:57] "GET /?password=wsj HTTP/1.1" 200 -
((624, datetime.datetime(2023, 8, 29, 0, 30, 9), 1, 120),)
744
yibukaishi
767676744@qq.com
767676744
{'beingInvited': False, 'corpName': None, 'loginToken': None, 'openId': None, 'token': '40c16cc1-c619-4a3e-853c-68bc19d14d8b', 'userInfo': {'beingBlackEmail': False, 'beingDisableExpiryRemind': False, 'beingExpand': None, 'beingInvited': False, 'beingLangFollowBrowser': True, 'beingOldVersion': None, 'beingPrivacyPolicy': True, 'beingSandBoxSuperAdmin': False, 'collectUserInfo': None, 'createTime': None, 'csShow': True, 'desktopRemind': True, 'email': '767676744@qq.com', 'firstLogin': None, 'grayLimit': 41, 'graySpecify': False, 'grayType': 1, 'hasPwdLoggedIn': False, 'havePassword': True, 'headImg': None, 'lang': None, 'lastWsInfo': {'accepted': None, 'accountLevel': 40, 'auth': 2, 'beingCustomizedAppSync': None, 'beingHideHelpDocument': False, 'beingSandbox': False, 'beingWatermark': False, 'biAuth': 'SUPER', 'canWorkWx': False, 'contactEnableNum': 1, 'contactNum': 1, 'dataRelatedStatus': 'NEW', 'departs': [], 'dynamic': None, 'exId': 'tAeLHd46LCIyAJuogV6VLw==', 'exUserId': '1887569', 'expireDate': 1694613631000, 'hideCopyright': False, 'logoutConfig': {'logOutToSso': False, 'serverName': None, 'ssoType': None}, 'memberId': 1710375, 'openConnectorList': [], 'openPluginList': [2, 3, 6, 7, 8, 9, 13, 14, 15, 16, 17, 25, 26, 27, 28, 29, 33, 34, 35, 36, 37, 38, 39, 42, 43, 44, 45, -2, 32], 'permissionStatus': None, 'pluginClickList': [], 'pluginLimitDetail': {'dashAllVisiableLimit': 4, 'dashAllVisiableNum': 0}, 'publicAccessAuthVO': {'beingAttachmentQuestion': False, 'beingPublicLink': False}, 'remark': '767676744@qq.com', 'showContact': True, 'trial': True, 'trialDays': '0', 'trialNotice': True, 'type': 'normal', 'useScheduledSync': False, 'watermarkConfig': {'showDate': False, 'showDeparts': False, 'showExUserId': False, 'showName': True, 'showPhoneNumber': False, 'showWsName': False}, 'wsDomain': None, 'wsFunction': 'platform', 'wsId': 441882, 'wsLimitDetail': {'canDashNum': -1, 'canFormNum': -1, 'canPackageNum': -1, 'currentDashNum': -1, 'currentFormNum': -1, 'currentPackageNum': -1}, 'wsName': '767676744@qq.comÁöÑÂ∑•‰ΩúÂå∫'}, 'mobile': '767676744', 'nickName': '767676744@qq.com', 'npsCollect': False, 'promoCode': 'd4a6e2256', 'randomEmail': False, 'recordedNewGuidePop': [], 'showProcessPersonal': False, 'signatureUrl': None, 'source': 'home_home', 'status': None, 'uid': 1887569}, 'userSecurityVO': {'authMethod': 0, 'beingUninitialized': False}}
{'beingInvited': False, 'corpName': None, 'loginToken': None, 'openId': None, 'token': '40c16cc1-c619-4a3e-853c-68bc19d14d8b', 'userInfo': {'beingBlackEmail': False, 'beingDisableExpiryRemind': False, 'beingExpand': None, 'beingInvited': False, 'beingLangFollowBrowser': True, 'beingOldVersion': None, 'beingPrivacyPolicy': True, 'beingSandBoxSuperAdmin': False, 'collectUserInfo': None, 'createTime': None, 'csShow': True, 'desktopRemind': True, 'email': '767676744@qq.com', 'firstLogin': None, 'grayLimit': 41, 'graySpecify': False, 'grayType': 1, 'hasPwdLoggedIn': False, 'havePassword': True, 'headImg': None, 'lang': None, 'lastWsInfo': {'accepted': None, 'accountLevel': 40, 'auth': 2, 'beingCustomizedAppSync': None, 'beingHideHelpDocument': False, 'beingSandbox': False, 'beingWatermark': False, 'biAuth': 'SUPER', 'canWorkWx': False, 'contactEnableNum': 1, 'contactNum': 1, 'dataRelatedStatus': 'NEW', 'departs': [], 'dynamic': None, 'exId': 'tAeLHd46LCIyAJuogV6VLw==', 'exUserId': '1887569', 'expireDate': 1694613631000, 'hideCopyright': False, 'logoutConfig': {'logOutToSso': False, 'serverName': None, 'ssoType': None}, 'memberId': 1710375, 'openConnectorList': [], 'openPluginList': [2, 3, 6, 7, 8, 9, 13, 14, 15, 16, 17, 25, 26, 27, 28, 29, 33, 34, 35, 36, 37, 38, 39, 42, 43, 44, 45, -2, 32], 'permissionStatus': None, 'pluginClickList': [], 'pluginLimitDetail': {'dashAllVisiableLimit': 4, 'dashAllVisiableNum': 0}, 'publicAccessAuthVO': {'beingAttachmentQuestion': False, 'beingPublicLink': False}, 'remark': '767676744@qq.com', 'showContact': True, 'trial': True, 'trialDays': '0', 'trialNotice': True, 'type': 'normal', 'useScheduledSync': False, 'watermarkConfig': {'showDate': False, 'showDeparts': False, 'showExUserId': False, 'showName': True, 'showPhoneNumber': False, 'showWsName': False}, 'wsDomain': None, 'wsFunction': 'platform', 'wsId': 441882, 'wsLimitDetail': {'canDashNum': -1, 'canFormNum': -1, 'canPackageNum': -1, 'currentDashNum': -1, 'currentFormNum': -1, 'currentPackageNum': -1}, 'wsName': '767676744@qq.comÁöÑÂ∑•‰ΩúÂå∫'}, 'mobile': '767676744', 'nickName': '767676744@qq.com', 'npsCollect': False, 'promoCode': 'd4a6e2256', 'randomEmail': False, 'recordedNewGuidePop': [], 'showProcessPersonal': False, 'signatureUrl': None, 'source': 'home_home', 'status': None, 'uid': 1887569}, 'userSecurityVO': {'authMethod': 0, 'beingUninitialized': False}}
118.25.243.250 - - [29/Aug/2023 22:00:31] "POST /mointor HTTP/1.1" 200 -
((625, datetime.datetime(2023, 8, 29, 22, 0, 31), 1, 120),)
745
yibukaishi
767676745@qq.com
767676745
{'beingInvited': False, 'corpName': None, 'loginToken': None, 'openId': None, 'token': '8e7077dc-b9ab-43e6-8254-3d7fe70af471', 'userInfo': {'beingBlackEmail': False, 'beingDisableExpiryRemind': False, 'beingExpand': None, 'beingInvited': False, 'beingLangFollowBrowser': True, 'beingOldVersion': None, 'beingPrivacyPolicy': True, 'beingSandBoxSuperAdmin': False, 'collectUserInfo': None, 'createTime': None, 'csShow': True, 'desktopRemind': True, 'email': '767676745@qq.com', 'firstLogin': None, 'grayLimit': 83, 'graySpecify': False, 'grayType': 1, 'hasPwdLoggedIn': False, 'havePassword': True, 'headImg': None, 'lang': None, 'lastWsInfo': {'accepted': None, 'accountLevel': 40, 'auth': 2, 'beingCustomizedAppSync': None, 'beingHideHelpDocument': False, 'beingSandbox': False, 'beingWatermark': False, 'biAuth': 'SUPER', 'canWorkWx': False, 'contactEnableNum': 1, 'contactNum': 1, 'dataRelatedStatus': 'NEW', 'departs': [], 'dynamic': None, 'exId': 'tAeLHd46LCKa6ekL3sbbkQ==', 'exUserId': '1887598', 'expireDate': 1694617241000, 'hideCopyright': False, 'logoutConfig': {'logOutToSso': False, 'serverName': None, 'ssoType': None}, 'memberId': 1710394, 'openConnectorList': [], 'openPluginList': [2, 3, 6, 7, 8, 9, 13, 14, 15, 16, 17, 25, 26, 27, 28, 29, 33, 34, 35, 36, 37, 38, 39, 42, 43, 44, 45, -2, 32], 'permissionStatus': None, 'pluginClickList': [], 'pluginLimitDetail': {'dashAllVisiableLimit': 4, 'dashAllVisiableNum': 0}, 'publicAccessAuthVO': {'beingAttachmentQuestion': False, 'beingPublicLink': False}, 'remark': '767676745@qq.com', 'showContact': True, 'trial': True, 'trialDays': '0', 'trialNotice': True, 'type': 'normal', 'useScheduledSync': False, 'watermarkConfig': {'showDate': False, 'showDeparts': False, 'showExUserId': False, 'showName': True, 'showPhoneNumber': False, 'showWsName': False}, 'wsDomain': None, 'wsFunction': 'platform', 'wsId': 441898, 'wsLimitDetail': {'canDashNum': -1, 'canFormNum': -1, 'canPackageNum': -1, 'currentDashNum': -1, 'currentFormNum': -1, 'currentPackageNum': -1}, 'wsName': '767676745@qq.comÁöÑÂ∑•‰ΩúÂå∫'}, 'mobile': '767676745', 'nickName': '767676745@qq.com', 'npsCollect': False, 'promoCode': 'a736794d6', 'randomEmail': False, 'recordedNewGuidePop': [], 'showProcessPersonal': False, 'signatureUrl': None, 'source': 'home_home', 'status': None, 'uid': 1887598}, 'userSecurityVO': {'authMethod': 0, 'beingUninitialized': False}}
{'beingInvited': False, 'corpName': None, 'loginToken': None, 'openId': None, 'token': '8e7077dc-b9ab-43e6-8254-3d7fe70af471', 'userInfo': {'beingBlackEmail': False, 'beingDisableExpiryRemind': False, 'beingExpand': None, 'beingInvited': False, 'beingLangFollowBrowser': True, 'beingOldVersion': None, 'beingPrivacyPolicy': True, 'beingSandBoxSuperAdmin': False, 'collectUserInfo': None, 'createTime': None, 'csShow': True, 'desktopRemind': True, 'email': '767676745@qq.com', 'firstLogin': None, 'grayLimit': 83, 'graySpecify': False, 'grayType': 1, 'hasPwdLoggedIn': False, 'havePassword': True, 'headImg': None, 'lang': None, 'lastWsInfo': {'accepted': None, 'accountLevel': 40, 'auth': 2, 'beingCustomizedAppSync': None, 'beingHideHelpDocument': False, 'beingSandbox': False, 'beingWatermark': False, 'biAuth': 'SUPER', 'canWorkWx': False, 'contactEnableNum': 1, 'contactNum': 1, 'dataRelatedStatus': 'NEW', 'departs': [], 'dynamic': None, 'exId': 'tAeLHd46LCKa6ekL3sbbkQ==', 'exUserId': '1887598', 'expireDate': 1694617241000, 'hideCopyright': False, 'logoutConfig': {'logOutToSso': False, 'serverName': None, 'ssoType': None}, 'memberId': 1710394, 'openConnectorList': [], 'openPluginList': [2, 3, 6, 7, 8, 9, 13, 14, 15, 16, 17, 25, 26, 27, 28, 29, 33, 34, 35, 36, 37, 38, 39, 42, 43, 44, 45, -2, 32], 'permissionStatus': None, 'pluginClickList': [], 'pluginLimitDetail': {'dashAllVisiableLimit': 4, 'dashAllVisiableNum': 0}, 'publicAccessAuthVO': {'beingAttachmentQuestion': False, 'beingPublicLink': False}, 'remark': '767676745@qq.com', 'showContact': True, 'trial': True, 'trialDays': '0', 'trialNotice': True, 'type': 'normal', 'useScheduledSync': False, 'watermarkConfig': {'showDate': False, 'showDeparts': False, 'showExUserId': False, 'showName': True, 'showPhoneNumber': False, 'showWsName': False}, 'wsDomain': None, 'wsFunction': 'platform', 'wsId': 441898, 'wsLimitDetail': {'canDashNum': -1, 'canFormNum': -1, 'canPackageNum': -1, 'currentDashNum': -1, 'currentFormNum': -1, 'currentPackageNum': -1}, 'wsName': '767676745@qq.comÁöÑÂ∑•‰ΩúÂå∫'}, 'mobile': '767676745', 'nickName': '767676745@qq.com', 'npsCollect': False, 'promoCode': 'a736794d6', 'randomEmail': False, 'recordedNewGuidePop': [], 'showProcessPersonal': False, 'signatureUrl': None, 'source': 'home_home', 'status': None, 'uid': 1887598}, 'userSecurityVO': {'authMethod': 0, 'beingUninitialized': False}}
118.25.243.250 - - [29/Aug/2023 23:00:41] "POST /mointor HTTP/1.1" 200 -
((626, datetime.datetime(2023, 8, 29, 23, 0, 41), 1, 120),)
746
yibukaishi
767676746@qq.com
767676746
{'beingInvited': False, 'corpName': None, 'loginToken': None, 'openId': None, 'token': 'edbb335c-97eb-4e41-9b53-180e20e13d60', 'userInfo': {'beingBlackEmail': False, 'beingDisableExpiryRemind': False, 'beingExpand': None, 'beingInvited': False, 'beingLangFollowBrowser': True, 'beingOldVersion': None, 'beingPrivacyPolicy': True, 'beingSandBoxSuperAdmin': False, 'collectUserInfo': None, 'createTime': None, 'csShow': True, 'desktopRemind': True, 'email': '767676746@qq.com', 'firstLogin': None, 'grayLimit': 86, 'graySpecify': False, 'grayType': 1, 'hasPwdLoggedIn': False, 'havePassword': True, 'headImg': None, 'lang': None, 'lastWsInfo': {'accepted': None, 'accountLevel': 40, 'auth': 2, 'beingCustomizedAppSync': None, 'beingHideHelpDocument': False, 'beingSandbox': False, 'beingWatermark': False, 'biAuth': 'SUPER', 'canWorkWx': False, 'contactEnableNum': 1, 'contactNum': 1, 'dataRelatedStatus': 'NEW', 'departs': [], 'dynamic': None, 'exId': 'tAeLHd46LCKyB1DZySOQJg==', 'exUserId': '1887619', 'expireDate': 1694620853000, 'hideCopyright': False, 'logoutConfig': {'logOutToSso': False, 'serverName': None, 'ssoType': None}, 'memberId': 1710406, 'openConnectorList': [], 'openPluginList': [2, 3, 6, 7, 8, 9, 13, 14, 15, 16, 17, 25, 26, 27, 28, 29, 33, 34, 35, 36, 37, 38, 39, 42, 43, 44, 45, -2, 32], 'permissionStatus': None, 'pluginClickList': [], 'pluginLimitDetail': {'dashAllVisiableLimit': 4, 'dashAllVisiableNum': 0}, 'publicAccessAuthVO': {'beingAttachmentQuestion': False, 'beingPublicLink': False}, 'remark': '767676746@qq.com', 'showContact': True, 'trial': True, 'trialDays': '0', 'trialNotice': True, 'type': 'normal', 'useScheduledSync': False, 'watermarkConfig': {'showDate': False, 'showDeparts': False, 'showExUserId': False, 'showName': True, 'showPhoneNumber': False, 'showWsName': False}, 'wsDomain': None, 'wsFunction': 'platform', 'wsId': 441908, 'wsLimitDetail': {'canDashNum': -1, 'canFormNum': -1, 'canPackageNum': -1, 'currentDashNum': -1, 'currentFormNum': -1, 'currentPackageNum': -1}, 'wsName': '767676746@qq.comÁöÑÂ∑•‰ΩúÂå∫'}, 'mobile': '767676746', 'nickName': '767676746@qq.com', 'npsCollect': False, 'promoCode': 'd2f2c382c', 'randomEmail': False, 'recordedNewGuidePop': [], 'showProcessPersonal': False, 'signatureUrl': None, 'source': 'home_home', 'status': None, 'uid': 1887619}, 'userSecurityVO': {'authMethod': 0, 'beingUninitialized': False}}
{'beingInvited': False, 'corpName': None, 'loginToken': None, 'openId': None, 'token': 'edbb335c-97eb-4e41-9b53-180e20e13d60', 'userInfo': {'beingBlackEmail': False, 'beingDisableExpiryRemind': False, 'beingExpand': None, 'beingInvited': False, 'beingLangFollowBrowser': True, 'beingOldVersion': None, 'beingPrivacyPolicy': True, 'beingSandBoxSuperAdmin': False, 'collectUserInfo': None, 'createTime': None, 'csShow': True, 'desktopRemind': True, 'email': '767676746@qq.com', 'firstLogin': None, 'grayLimit': 86, 'graySpecify': False, 'grayType': 1, 'hasPwdLoggedIn': False, 'havePassword': True, 'headImg': None, 'lang': None, 'lastWsInfo': {'accepted': None, 'accountLevel': 40, 'auth': 2, 'beingCustomizedAppSync': None, 'beingHideHelpDocument': False, 'beingSandbox': False, 'beingWatermark': False, 'biAuth': 'SUPER', 'canWorkWx': False, 'contactEnableNum': 1, 'contactNum': 1, 'dataRelatedStatus': 'NEW', 'departs': [], 'dynamic': None, 'exId': 'tAeLHd46LCKyB1DZySOQJg==', 'exUserId': '1887619', 'expireDate': 1694620853000, 'hideCopyright': False, 'logoutConfig': {'logOutToSso': False, 'serverName': None, 'ssoType': None}, 'memberId': 1710406, 'openConnectorList': [], 'openPluginList': [2, 3, 6, 7, 8, 9, 13, 14, 15, 16, 17, 25, 26, 27, 28, 29, 33, 34, 35, 36, 37, 38, 39, 42, 43, 44, 45, -2, 32], 'permissionStatus': None, 'pluginClickList': [], 'pluginLimitDetail': {'dashAllVisiableLimit': 4, 'dashAllVisiableNum': 0}, 'publicAccessAuthVO': {'beingAttachmentQuestion': False, 'beingPublicLink': False}, 'remark': '767676746@qq.com', 'showContact': True, 'trial': True, 'trialDays': '0', 'trialNotice': True, 'type': 'normal', 'useScheduledSync': False, 'watermarkConfig': {'showDate': False, 'showDeparts': False, 'showExUserId': False, 'showName': True, 'showPhoneNumber': False, 'showWsName': False}, 'wsDomain': None, 'wsFunction': 'platform', 'wsId': 441908, 'wsLimitDetail': {'canDashNum': -1, 'canFormNum': -1, 'canPackageNum': -1, 'currentDashNum': -1, 'currentFormNum': -1, 'currentPackageNum': -1}, 'wsName': '767676746@qq.comÁöÑÂ∑•‰ΩúÂå∫'}, 'mobile': '767676746', 'nickName': '767676746@qq.com', 'npsCollect': False, 'promoCode': 'd2f2c382c', 'randomEmail': False, 'recordedNewGuidePop': [], 'showProcessPersonal': False, 'signatureUrl': None, 'source': 'home_home', 'status': None, 'uid': 1887619}, 'userSecurityVO': {'authMethod': 0, 'beingUninitialized': False}}
118.25.243.250 - - [30/Aug/2023 00:00:53] "POST /mointor HTTP/1.1" 200 -
((627, datetime.datetime(2023, 8, 30, 0, 0, 53), 1, 120),)
747
yibukaishi
767676747@qq.com
767676747
{'beingInvited': False, 'corpName': None, 'loginToken': None, 'openId': None, 'token': 'd45fc007-cdf4-433f-a765-c6016059700e', 'userInfo': {'beingBlackEmail': False, 'beingDisableExpiryRemind': False, 'beingExpand': None, 'beingInvited': False, 'beingLangFollowBrowser': True, 'beingOldVersion': None, 'beingPrivacyPolicy': True, 'beingSandBoxSuperAdmin': False, 'collectUserInfo': None, 'createTime': None, 'csShow': True, 'desktopRemind': True, 'email': '767676747@qq.com', 'firstLogin': None, 'grayLimit': 85, 'graySpecify': False, 'grayType': 1, 'hasPwdLoggedIn': False, 'havePassword': True, 'headImg': None, 'lang': None, 'lastWsInfo': {'accepted': None, 'accountLevel': 40, 'auth': 2, 'beingCustomizedAppSync': None, 'beingHideHelpDocument': False, 'beingSandbox': False, 'beingWatermark': False, 'biAuth': 'SUPER', 'canWorkWx': False, 'contactEnableNum': 1, 'contactNum': 1, 'dataRelatedStatus': 'NEW', 'departs': [], 'dynamic': None, 'exId': 'tAeLHd46LCJmBRc/PGABwg==', 'exUserId': '1887625', 'expireDate': 1694622609000, 'hideCopyright': False, 'logoutConfig': {'logOutToSso': False, 'serverName': None, 'ssoType': None}, 'memberId': 1710407, 'openConnectorList': [], 'openPluginList': [2, 3, 6, 7, 8, 9, 13, 14, 15, 16, 17, 25, 26, 27, 28, 29, 33, 34, 35, 36, 37, 38, 39, 42, 43, 44, 45, -2, 32], 'permissionStatus': None, 'pluginClickList': [], 'pluginLimitDetail': {'dashAllVisiableLimit': 4, 'dashAllVisiableNum': 0}, 'publicAccessAuthVO': {'beingAttachmentQuestion': False, 'beingPublicLink': False}, 'remark': '767676747@qq.com', 'showContact': True, 'trial': True, 'trialDays': '0', 'trialNotice': True, 'type': 'normal', 'useScheduledSync': False, 'watermarkConfig': {'showDate': False, 'showDeparts': False, 'showExUserId': False, 'showName': True, 'showPhoneNumber': False, 'showWsName': False}, 'wsDomain': None, 'wsFunction': 'platform', 'wsId': 441909, 'wsLimitDetail': {'canDashNum': -1, 'canFormNum': -1, 'canPackageNum': -1, 'currentDashNum': -1, 'currentFormNum': -1, 'currentPackageNum': -1}, 'wsName': '767676747@qq.comÁöÑÂ∑•‰ΩúÂå∫'}, 'mobile': '767676747', 'nickName': '767676747@qq.com', 'npsCollect': False, 'promoCode': '9e6fcb5dd', 'randomEmail': False, 'recordedNewGuidePop': [], 'showProcessPersonal': False, 'signatureUrl': None, 'source': 'home_home', 'status': None, 'uid': 1887625}, 'userSecurityVO': {'authMethod': 0, 'beingUninitialized': False}}
{'beingInvited': False, 'corpName': None, 'loginToken': None, 'openId': None, 'token': 'd45fc007-cdf4-433f-a765-c6016059700e', 'userInfo': {'beingBlackEmail': False, 'beingDisableExpiryRemind': False, 'beingExpand': None, 'beingInvited': False, 'beingLangFollowBrowser': True, 'beingOldVersion': None, 'beingPrivacyPolicy': True, 'beingSandBoxSuperAdmin': False, 'collectUserInfo': None, 'createTime': None, 'csShow': True, 'desktopRemind': True, 'email': '767676747@qq.com', 'firstLogin': None, 'grayLimit': 85, 'graySpecify': False, 'grayType': 1, 'hasPwdLoggedIn': False, 'havePassword': True, 'headImg': None, 'lang': None, 'lastWsInfo': {'accepted': None, 'accountLevel': 40, 'auth': 2, 'beingCustomizedAppSync': None, 'beingHideHelpDocument': False, 'beingSandbox': False, 'beingWatermark': False, 'biAuth': 'SUPER', 'canWorkWx': False, 'contactEnableNum': 1, 'contactNum': 1, 'dataRelatedStatus': 'NEW', 'departs': [], 'dynamic': None, 'exId': 'tAeLHd46LCJmBRc/PGABwg==', 'exUserId': '1887625', 'expireDate': 1694622609000, 'hideCopyright': False, 'logoutConfig': {'logOutToSso': False, 'serverName': None, 'ssoType': None}, 'memberId': 1710407, 'openConnectorList': [], 'openPluginList': [2, 3, 6, 7, 8, 9, 13, 14, 15, 16, 17, 25, 26, 27, 28, 29, 33, 34, 35, 36, 37, 38, 39, 42, 43, 44, 45, -2, 32], 'permissionStatus': None, 'pluginClickList': [], 'pluginLimitDetail': {'dashAllVisiableLimit': 4, 'dashAllVisiableNum': 0}, 'publicAccessAuthVO': {'beingAttachmentQuestion': False, 'beingPublicLink': False}, 'remark': '767676747@qq.com', 'showContact': True, 'trial': True, 'trialDays': '0', 'trialNotice': True, 'type': 'normal', 'useScheduledSync': False, 'watermarkConfig': {'showDate': False, 'showDeparts': False, 'showExUserId': False, 'showName': True, 'showPhoneNumber': False, 'showWsName': False}, 'wsDomain': None, 'wsFunction': 'platform', 'wsId': 441909, 'wsLimitDetail': {'canDashNum': -1, 'canFormNum': -1, 'canPackageNum': -1, 'currentDashNum': -1, 'currentFormNum': -1, 'currentPackageNum': -1}, 'wsName': '767676747@qq.comÁöÑÂ∑•‰ΩúÂå∫'}, 'mobile': '767676747', 'nickName': '767676747@qq.com', 'npsCollect': False, 'promoCode': '9e6fcb5dd', 'randomEmail': False, 'recordedNewGuidePop': [], 'showProcessPersonal': False, 'signatureUrl': None, 'source': 'home_home', 'status': None, 'uid': 1887625}, 'userSecurityVO': {'authMethod': 0, 'beingUninitialized': False}}
118.25.243.250 - - [30/Aug/2023 00:30:09] "POST /mointor HTTP/1.1" 200 -
628
[2023-08-30 01:04:40,521] ERROR in app: Exception on / [GET]
Traceback (most recent call last):
  File "/usr/local/lib64/python3.6/site-packages/flask/app.py", line 2073, in wsgi_app
    response = self.full_dispatch_request()
  File "/usr/local/lib64/python3.6/site-packages/flask/app.py", line 1519, in full_dispatch_request
    return self.finalize_request(rv)
  File "/usr/local/lib64/python3.6/site-packages/flask/app.py", line 1538, in finalize_request
    response = self.make_response(rv)
  File "/usr/local/lib64/python3.6/site-packages/flask/app.py", line 1702, in make_response
    f"The view function for {request.endpoint!r} did not"
TypeError: The view function for 'result' did not return a valid response. The function either returned None or ended without a return statement.
95.214.53.99 - - [30/Aug/2023 01:04:40] "[35m[1mGET / HTTP/1.1[0m" 500 -
628
[2023-08-30 09:07:22,595] ERROR in app: Exception on / [GET]
Traceback (most recent call last):
  File "/usr/local/lib64/python3.6/site-packages/flask/app.py", line 2073, in wsgi_app
    response = self.full_dispatch_request()
  File "/usr/local/lib64/python3.6/site-packages/flask/app.py", line 1519, in full_dispatch_request
    return self.finalize_request(rv)
  File "/usr/local/lib64/python3.6/site-packages/flask/app.py", line 1538, in finalize_request
    response = self.make_response(rv)
  File "/usr/local/lib64/python3.6/site-packages/flask/app.py", line 1702, in make_response
    f"The view function for {request.endpoint!r} did not"
TypeError: The view function for 'result' did not return a valid response. The function either returned None or ended without a return statement.
94.102.61.5 - - [30/Aug/2023 09:07:22] "[35m[1mGET / HTTP/1.1[0m" 500 -
628
124.221.203.147 - - [30/Aug/2023 10:00:57] "GET /?password=wsj HTTP/1.1" 200 -
628
[2023-08-30 10:53:32,475] ERROR in app: Exception on / [GET]
Traceback (most recent call last):
  File "/usr/local/lib64/python3.6/site-packages/flask/app.py", line 2073, in wsgi_app
    response = self.full_dispatch_request()
  File "/usr/local/lib64/python3.6/site-packages/flask/app.py", line 1519, in full_dispatch_request
    return self.finalize_request(rv)
  File "/usr/local/lib64/python3.6/site-packages/flask/app.py", line 1538, in finalize_request
    response = self.make_response(rv)
  File "/usr/local/lib64/python3.6/site-packages/flask/app.py", line 1702, in make_response
    f"The view function for {request.endpoint!r} did not"
TypeError: The view function for 'result' did not return a valid response. The function either returned None or ended without a return statement.
167.248.133.49 - - [30/Aug/2023 10:53:32] "[35m[1mGET / HTTP/1.1[0m" 500 -
167.248.133.49 - - [30/Aug/2023 10:53:33] code 505, message Invalid HTTP version (2.0)
167.248.133.49 - - [30/Aug/2023 10:53:33] "[35m[1mPRI * HTTP/2.0[0m" HTTPStatus.HTTP_VERSION_NOT_SUPPORTED -
((628, datetime.datetime(2023, 8, 30, 0, 30, 9), 1, 120),)
748
yibukaishi
767676748@qq.com
767676748
{'beingInvited': False, 'corpName': None, 'loginToken': None, 'openId': None, 'token': '11e2e5d0-f58f-4a14-a612-0e5bc5254782', 'userInfo': {'beingBlackEmail': False, 'beingDisableExpiryRemind': False, 'beingExpand': None, 'beingInvited': False, 'beingLangFollowBrowser': True, 'beingOldVersion': None, 'beingPrivacyPolicy': True, 'beingSandBoxSuperAdmin': False, 'collectUserInfo': None, 'createTime': None, 'csShow': True, 'desktopRemind': True, 'email': '767676748@qq.com', 'firstLogin': None, 'grayLimit': 42, 'graySpecify': False, 'grayType': 1, 'hasPwdLoggedIn': False, 'havePassword': True, 'headImg': None, 'lang': None, 'lastWsInfo': {'accepted': None, 'accountLevel': 40, 'auth': 2, 'beingCustomizedAppSync': None, 'beingHideHelpDocument': False, 'beingSandbox': False, 'beingWatermark': False, 'biAuth': 'SUPER', 'canWorkWx': False, 'contactEnableNum': 1, 'contactNum': 1, 'dataRelatedStatus': 'NEW', 'departs': [], 'dynamic': None, 'exId': 'tAeLHd46LCIGNuss4q6VFQ==', 'exUserId': '1888926', 'expireDate': 1694700031000, 'hideCopyright': False, 'logoutConfig': {'logOutToSso': False, 'serverName': None, 'ssoType': None}, 'memberId': 1711479, 'openConnectorList': [], 'openPluginList': [2, 3, 6, 7, 8, 9, 13, 14, 15, 16, 17, 25, 26, 27, 28, 29, 33, 34, 35, 36, 37, 38, 39, 42, 43, 44, 45, -2, 32], 'permissionStatus': None, 'pluginClickList': [], 'pluginLimitDetail': {'dashAllVisiableLimit': 4, 'dashAllVisiableNum': 0}, 'publicAccessAuthVO': {'beingAttachmentQuestion': False, 'beingPublicLink': False}, 'remark': '767676748@qq.com', 'showContact': True, 'trial': True, 'trialDays': '0', 'trialNotice': True, 'type': 'normal', 'useScheduledSync': False, 'watermarkConfig': {'showDate': False, 'showDeparts': False, 'showExUserId': False, 'showName': True, 'showPhoneNumber': False, 'showWsName': False}, 'wsDomain': None, 'wsFunction': 'platform', 'wsId': 442396, 'wsLimitDetail': {'canDashNum': -1, 'canFormNum': -1, 'canPackageNum': -1, 'currentDashNum': -1, 'currentFormNum': -1, 'currentPackageNum': -1}, 'wsName': '767676748@qq.comÁöÑÂ∑•‰ΩúÂå∫'}, 'mobile': '767676748', 'nickName': '767676748@qq.com', 'npsCollect': False, 'promoCode': '5659ce905', 'randomEmail': False, 'recordedNewGuidePop': [], 'showProcessPersonal': False, 'signatureUrl': None, 'source': 'home_home', 'status': None, 'uid': 1888926}, 'userSecurityVO': {'authMethod': 0, 'beingUninitialized': False}}
{'beingInvited': False, 'corpName': None, 'loginToken': None, 'openId': None, 'token': '11e2e5d0-f58f-4a14-a612-0e5bc5254782', 'userInfo': {'beingBlackEmail': False, 'beingDisableExpiryRemind': False, 'beingExpand': None, 'beingInvited': False, 'beingLangFollowBrowser': True, 'beingOldVersion': None, 'beingPrivacyPolicy': True, 'beingSandBoxSuperAdmin': False, 'collectUserInfo': None, 'createTime': None, 'csShow': True, 'desktopRemind': True, 'email': '767676748@qq.com', 'firstLogin': None, 'grayLimit': 42, 'graySpecify': False, 'grayType': 1, 'hasPwdLoggedIn': False, 'havePassword': True, 'headImg': None, 'lang': None, 'lastWsInfo': {'accepted': None, 'accountLevel': 40, 'auth': 2, 'beingCustomizedAppSync': None, 'beingHideHelpDocument': False, 'beingSandbox': False, 'beingWatermark': False, 'biAuth': 'SUPER', 'canWorkWx': False, 'contactEnableNum': 1, 'contactNum': 1, 'dataRelatedStatus': 'NEW', 'departs': [], 'dynamic': None, 'exId': 'tAeLHd46LCIGNuss4q6VFQ==', 'exUserId': '1888926', 'expireDate': 1694700031000, 'hideCopyright': False, 'logoutConfig': {'logOutToSso': False, 'serverName': None, 'ssoType': None}, 'memberId': 1711479, 'openConnectorList': [], 'openPluginList': [2, 3, 6, 7, 8, 9, 13, 14, 15, 16, 17, 25, 26, 27, 28, 29, 33, 34, 35, 36, 37, 38, 39, 42, 43, 44, 45, -2, 32], 'permissionStatus': None, 'pluginClickList': [], 'pluginLimitDetail': {'dashAllVisiableLimit': 4, 'dashAllVisiableNum': 0}, 'publicAccessAuthVO': {'beingAttachmentQuestion': False, 'beingPublicLink': False}, 'remark': '767676748@qq.com', 'showContact': True, 'trial': True, 'trialDays': '0', 'trialNotice': True, 'type': 'normal', 'useScheduledSync': False, 'watermarkConfig': {'showDate': False, 'showDeparts': False, 'showExUserId': False, 'showName': True, 'showPhoneNumber': False, 'showWsName': False}, 'wsDomain': None, 'wsFunction': 'platform', 'wsId': 442396, 'wsLimitDetail': {'canDashNum': -1, 'canFormNum': -1, 'canPackageNum': -1, 'currentDashNum': -1, 'currentFormNum': -1, 'currentPackageNum': -1}, 'wsName': '767676748@qq.comÁöÑÂ∑•‰ΩúÂå∫'}, 'mobile': '767676748', 'nickName': '767676748@qq.com', 'npsCollect': False, 'promoCode': '5659ce905', 'randomEmail': False, 'recordedNewGuidePop': [], 'showProcessPersonal': False, 'signatureUrl': None, 'source': 'home_home', 'status': None, 'uid': 1888926}, 'userSecurityVO': {'authMethod': 0, 'beingUninitialized': False}}
118.25.243.250 - - [30/Aug/2023 22:00:31] "POST /mointor HTTP/1.1" 200 -
629
[2023-08-30 22:50:34,982] ERROR in app: Exception on / [GET]
Traceback (most recent call last):
  File "/usr/local/lib64/python3.6/site-packages/flask/app.py", line 2073, in wsgi_app
    response = self.full_dispatch_request()
  File "/usr/local/lib64/python3.6/site-packages/flask/app.py", line 1519, in full_dispatch_request
    return self.finalize_request(rv)
  File "/usr/local/lib64/python3.6/site-packages/flask/app.py", line 1538, in finalize_request
    response = self.make_response(rv)
  File "/usr/local/lib64/python3.6/site-packages/flask/app.py", line 1702, in make_response
    f"The view function for {request.endpoint!r} did not"
TypeError: The view function for 'result' did not return a valid response. The function either returned None or ended without a return statement.
117.187.173.73 - - [30/Aug/2023 22:50:34] "[35m[1mGET / HTTP/1.1[0m" 500 -
117.187.173.73 - - [30/Aug/2023 22:50:35] code 400, message Bad request syntax ('\x16\x03\x01\x00√Æ\x01\x00\x00√™\x03\x03zu\xad√í¬∂O√ç[_\x90\x99O√ø√∫¬•Y>VD√ÉQ\x9d\xad%+\x84√ë\x16K√§¬ø\x85 ¬∑√å^¬≥¬Æ\x96√üB{5Zb√ó\x05¬∏¬æ√ñl\t\x00\x13W¬¶D\x04uSS√Ü√Ö]A\x00&√Ä+√Ä/√Ä,√Ä0√å¬©√å¬®√Ä\t√Ä\x13√Ä')
117.187.173.73 - - [30/Aug/2023 22:50:35] "[35m[1m √Æ  √™zu¬≠√í¬∂O√ç[_¬ê¬ôO√ø√∫¬•Y>VD√ÉQ¬ù¬≠%+¬Ñ√ëK√§¬ø¬Ö ¬∑√å^¬≥¬Æ¬ñ√üB{5Zb√ó¬∏¬æ√ñl	 W¬¶DuSS√Ü√Ö]A &√Ä+√Ä/√Ä,√Ä0√å¬©√å¬®√Ä	√Ä√Ä[0m" HTTPStatus.BAD_REQUEST -
((629, datetime.datetime(2023, 8, 30, 22, 0, 31), 1, 120),)
749
yibukaishi
767676749@qq.com
767676749
{'beingInvited': False, 'corpName': None, 'loginToken': None, 'openId': None, 'token': '00c1ba67-e5d3-48fc-862a-b8afc6d6704a', 'userInfo': {'beingBlackEmail': False, 'beingDisableExpiryRemind': False, 'beingExpand': None, 'beingInvited': False, 'beingLangFollowBrowser': True, 'beingOldVersion': None, 'beingPrivacyPolicy': True, 'beingSandBoxSuperAdmin': False, 'collectUserInfo': None, 'createTime': None, 'csShow': True, 'desktopRemind': True, 'email': '767676749@qq.com', 'firstLogin': None, 'grayLimit': 100, 'graySpecify': False, 'grayType': 1, 'hasPwdLoggedIn': False, 'havePassword': True, 'headImg': None, 'lang': None, 'lastWsInfo': {'accepted': None, 'accountLevel': 40, 'auth': 2, 'beingCustomizedAppSync': None, 'beingHideHelpDocument': False, 'beingSandbox': False, 'beingWatermark': False, 'biAuth': 'SUPER', 'canWorkWx': False, 'contactEnableNum': 1, 'contactNum': 1, 'dataRelatedStatus': 'NEW', 'departs': [], 'dynamic': None, 'exId': 'tAeLHd46LCJicnKMwFCrwg==', 'exUserId': '1888957', 'expireDate': 1694703641000, 'hideCopyright': False, 'logoutConfig': {'logOutToSso': False, 'serverName': None, 'ssoType': None}, 'memberId': 1711498, 'openConnectorList': [], 'openPluginList': [2, 3, 6, 7, 8, 9, 13, 14, 15, 16, 17, 25, 26, 27, 28, 29, 33, 34, 35, 36, 37, 38, 39, 42, 43, 44, 45, -2, 32], 'permissionStatus': None, 'pluginClickList': [], 'pluginLimitDetail': {'dashAllVisiableLimit': 4, 'dashAllVisiableNum': 0}, 'publicAccessAuthVO': {'beingAttachmentQuestion': False, 'beingPublicLink': False}, 'remark': '767676749@qq.com', 'showContact': True, 'trial': True, 'trialDays': '0', 'trialNotice': True, 'type': 'normal', 'useScheduledSync': False, 'watermarkConfig': {'showDate': False, 'showDeparts': False, 'showExUserId': False, 'showName': True, 'showPhoneNumber': False, 'showWsName': False}, 'wsDomain': None, 'wsFunction': 'platform', 'wsId': 442411, 'wsLimitDetail': {'canDashNum': -1, 'canFormNum': -1, 'canPackageNum': -1, 'currentDashNum': -1, 'currentFormNum': -1, 'currentPackageNum': -1}, 'wsName': '767676749@qq.comÁöÑÂ∑•‰ΩúÂå∫'}, 'mobile': '767676749', 'nickName': '767676749@qq.com', 'npsCollect': False, 'promoCode': '0559dee78', 'randomEmail': False, 'recordedNewGuidePop': [], 'showProcessPersonal': False, 'signatureUrl': None, 'source': 'home_home', 'status': None, 'uid': 1888957}, 'userSecurityVO': {'authMethod': 0, 'beingUninitialized': False}}
{'beingInvited': False, 'corpName': None, 'loginToken': None, 'openId': None, 'token': '00c1ba67-e5d3-48fc-862a-b8afc6d6704a', 'userInfo': {'beingBlackEmail': False, 'beingDisableExpiryRemind': False, 'beingExpand': None, 'beingInvited': False, 'beingLangFollowBrowser': True, 'beingOldVersion': None, 'beingPrivacyPolicy': True, 'beingSandBoxSuperAdmin': False, 'collectUserInfo': None, 'createTime': None, 'csShow': True, 'desktopRemind': True, 'email': '767676749@qq.com', 'firstLogin': None, 'grayLimit': 100, 'graySpecify': False, 'grayType': 1, 'hasPwdLoggedIn': False, 'havePassword': True, 'headImg': None, 'lang': None, 'lastWsInfo': {'accepted': None, 'accountLevel': 40, 'auth': 2, 'beingCustomizedAppSync': None, 'beingHideHelpDocument': False, 'beingSandbox': False, 'beingWatermark': False, 'biAuth': 'SUPER', 'canWorkWx': False, 'contactEnableNum': 1, 'contactNum': 1, 'dataRelatedStatus': 'NEW', 'departs': [], 'dynamic': None, 'exId': 'tAeLHd46LCJicnKMwFCrwg==', 'exUserId': '1888957', 'expireDate': 1694703641000, 'hideCopyright': False, 'logoutConfig': {'logOutToSso': False, 'serverName': None, 'ssoType': None}, 'memberId': 1711498, 'openConnectorList': [], 'openPluginList': [2, 3, 6, 7, 8, 9, 13, 14, 15, 16, 17, 25, 26, 27, 28, 29, 33, 34, 35, 36, 37, 38, 39, 42, 43, 44, 45, -2, 32], 'permissionStatus': None, 'pluginClickList': [], 'pluginLimitDetail': {'dashAllVisiableLimit': 4, 'dashAllVisiableNum': 0}, 'publicAccessAuthVO': {'beingAttachmentQuestion': False, 'beingPublicLink': False}, 'remark': '767676749@qq.com', 'showContact': True, 'trial': True, 'trialDays': '0', 'trialNotice': True, 'type': 'normal', 'useScheduledSync': False, 'watermarkConfig': {'showDate': False, 'showDeparts': False, 'showExUserId': False, 'showName': True, 'showPhoneNumber': False, 'showWsName': False}, 'wsDomain': None, 'wsFunction': 'platform', 'wsId': 442411, 'wsLimitDetail': {'canDashNum': -1, 'canFormNum': -1, 'canPackageNum': -1, 'currentDashNum': -1, 'currentFormNum': -1, 'currentPackageNum': -1}, 'wsName': '767676749@qq.comÁöÑÂ∑•‰ΩúÂå∫'}, 'mobile': '767676749', 'nickName': '767676749@qq.com', 'npsCollect': False, 'promoCode': '0559dee78', 'randomEmail': False, 'recordedNewGuidePop': [], 'showProcessPersonal': False, 'signatureUrl': None, 'source': 'home_home', 'status': None, 'uid': 1888957}, 'userSecurityVO': {'authMethod': 0, 'beingUninitialized': False}}
118.25.243.250 - - [30/Aug/2023 23:00:41] "POST /mointor HTTP/1.1" 200 -
((630, datetime.datetime(2023, 8, 30, 23, 0, 41), 1, 120),)
750
yibukaishi
767676750@qq.com
767676750
{'beingInvited': False, 'corpName': None, 'loginToken': None, 'openId': None, 'token': 'e1f1ee24-b02a-42bc-a432-8c481990c52b', 'userInfo': {'beingBlackEmail': False, 'beingDisableExpiryRemind': False, 'beingExpand': None, 'beingInvited': False, 'beingLangFollowBrowser': True, 'beingOldVersion': None, 'beingPrivacyPolicy': True, 'beingSandBoxSuperAdmin': False, 'collectUserInfo': None, 'createTime': None, 'csShow': True, 'desktopRemind': True, 'email': '767676750@qq.com', 'firstLogin': None, 'grayLimit': 61, 'graySpecify': False, 'grayType': 1, 'hasPwdLoggedIn': False, 'havePassword': True, 'headImg': None, 'lang': None, 'lastWsInfo': {'accepted': None, 'accountLevel': 40, 'auth': 2, 'beingCustomizedAppSync': None, 'beingHideHelpDocument': False, 'beingSandbox': False, 'beingWatermark': False, 'biAuth': 'SUPER', 'canWorkWx': False, 'contactEnableNum': 1, 'contactNum': 1, 'dataRelatedStatus': 'NEW', 'departs': [], 'dynamic': None, 'exId': 'tAeLHd46LCIyqHad+yamSQ==', 'exUserId': '1888974', 'expireDate': 1694707260000, 'hideCopyright': False, 'logoutConfig': {'logOutToSso': False, 'serverName': None, 'ssoType': None}, 'memberId': 1711510, 'openConnectorList': [], 'openPluginList': [2, 3, 6, 7, 8, 9, 13, 14, 15, 16, 17, 25, 26, 27, 28, 29, 33, 34, 35, 36, 37, 38, 39, 42, 43, 44, 45, -2, 32], 'permissionStatus': None, 'pluginClickList': [], 'pluginLimitDetail': {'dashAllVisiableLimit': 4, 'dashAllVisiableNum': 0}, 'publicAccessAuthVO': {'beingAttachmentQuestion': False, 'beingPublicLink': False}, 'remark': '767676750@qq.com', 'showContact': True, 'trial': True, 'trialDays': '0', 'trialNotice': True, 'type': 'normal', 'useScheduledSync': False, 'watermarkConfig': {'showDate': False, 'showDeparts': False, 'showExUserId': False, 'showName': True, 'showPhoneNumber': False, 'showWsName': False}, 'wsDomain': None, 'wsFunction': 'platform', 'wsId': 442423, 'wsLimitDetail': {'canDashNum': -1, 'canFormNum': -1, 'canPackageNum': -1, 'currentDashNum': -1, 'currentFormNum': -1, 'currentPackageNum': -1}, 'wsName': '767676750@qq.comÁöÑÂ∑•‰ΩúÂå∫'}, 'mobile': '767676750', 'nickName': '767676750@qq.com', 'npsCollect': False, 'promoCode': 'ddb614e71', 'randomEmail': False, 'recordedNewGuidePop': [], 'showProcessPersonal': False, 'signatureUrl': None, 'source': 'home_home', 'status': None, 'uid': 1888974}, 'userSecurityVO': {'authMethod': 0, 'beingUninitialized': False}}
{'beingInvited': False, 'corpName': None, 'loginToken': None, 'openId': None, 'token': 'e1f1ee24-b02a-42bc-a432-8c481990c52b', 'userInfo': {'beingBlackEmail': False, 'beingDisableExpiryRemind': False, 'beingExpand': None, 'beingInvited': False, 'beingLangFollowBrowser': True, 'beingOldVersion': None, 'beingPrivacyPolicy': True, 'beingSandBoxSuperAdmin': False, 'collectUserInfo': None, 'createTime': None, 'csShow': True, 'desktopRemind': True, 'email': '767676750@qq.com', 'firstLogin': None, 'grayLimit': 61, 'graySpecify': False, 'grayType': 1, 'hasPwdLoggedIn': False, 'havePassword': True, 'headImg': None, 'lang': None, 'lastWsInfo': {'accepted': None, 'accountLevel': 40, 'auth': 2, 'beingCustomizedAppSync': None, 'beingHideHelpDocument': False, 'beingSandbox': False, 'beingWatermark': False, 'biAuth': 'SUPER', 'canWorkWx': False, 'contactEnableNum': 1, 'contactNum': 1, 'dataRelatedStatus': 'NEW', 'departs': [], 'dynamic': None, 'exId': 'tAeLHd46LCIyqHad+yamSQ==', 'exUserId': '1888974', 'expireDate': 1694707260000, 'hideCopyright': False, 'logoutConfig': {'logOutToSso': False, 'serverName': None, 'ssoType': None}, 'memberId': 1711510, 'openConnectorList': [], 'openPluginList': [2, 3, 6, 7, 8, 9, 13, 14, 15, 16, 17, 25, 26, 27, 28, 29, 33, 34, 35, 36, 37, 38, 39, 42, 43, 44, 45, -2, 32], 'permissionStatus': None, 'pluginClickList': [], 'pluginLimitDetail': {'dashAllVisiableLimit': 4, 'dashAllVisiableNum': 0}, 'publicAccessAuthVO': {'beingAttachmentQuestion': False, 'beingPublicLink': False}, 'remark': '767676750@qq.com', 'showContact': True, 'trial': True, 'trialDays': '0', 'trialNotice': True, 'type': 'normal', 'useScheduledSync': False, 'watermarkConfig': {'showDate': False, 'showDeparts': False, 'showExUserId': False, 'showName': True, 'showPhoneNumber': False, 'showWsName': False}, 'wsDomain': None, 'wsFunction': 'platform', 'wsId': 442423, 'wsLimitDetail': {'canDashNum': -1, 'canFormNum': -1, 'canPackageNum': -1, 'currentDashNum': -1, 'currentFormNum': -1, 'currentPackageNum': -1}, 'wsName': '767676750@qq.comÁöÑÂ∑•‰ΩúÂå∫'}, 'mobile': '767676750', 'nickName': '767676750@qq.com', 'npsCollect': False, 'promoCode': 'ddb614e71', 'randomEmail': False, 'recordedNewGuidePop': [], 'showProcessPersonal': False, 'signatureUrl': None, 'source': 'home_home', 'status': None, 'uid': 1888974}, 'userSecurityVO': {'authMethod': 0, 'beingUninitialized': False}}
118.25.243.250 - - [31/Aug/2023 00:00:59] "POST /mointor HTTP/1.1" 200 -
((631, datetime.datetime(2023, 8, 31, 0, 0, 59), 1, 120),)
751
yibukaishi
767676751@qq.com
767676751
{'beingInvited': False, 'corpName': None, 'loginToken': None, 'openId': None, 'token': '7503f657-3238-4478-8e5c-971759ff0d81', 'userInfo': {'beingBlackEmail': False, 'beingDisableExpiryRemind': False, 'beingExpand': None, 'beingInvited': False, 'beingLangFollowBrowser': True, 'beingOldVersion': None, 'beingPrivacyPolicy': True, 'beingSandBoxSuperAdmin': False, 'collectUserInfo': None, 'createTime': None, 'csShow': True, 'desktopRemind': True, 'email': '767676751@qq.com', 'firstLogin': None, 'grayLimit': 61, 'graySpecify': False, 'grayType': 1, 'hasPwdLoggedIn': False, 'havePassword': True, 'headImg': None, 'lang': None, 'lastWsInfo': {'accepted': None, 'accountLevel': 40, 'auth': 2, 'beingCustomizedAppSync': None, 'beingHideHelpDocument': False, 'beingSandbox': False, 'beingWatermark': False, 'biAuth': 'SUPER', 'canWorkWx': False, 'contactEnableNum': 1, 'contactNum': 1, 'dataRelatedStatus': 'NEW', 'departs': [], 'dynamic': None, 'exId': 'tAeLHd46LCK0OB1zCCtnkQ==', 'exUserId': '1888975', 'expireDate': 1694709009000, 'hideCopyright': False, 'logoutConfig': {'logOutToSso': False, 'serverName': None, 'ssoType': None}, 'memberId': 1711511, 'openConnectorList': [], 'openPluginList': [2, 3, 6, 7, 8, 9, 13, 14, 15, 16, 17, 25, 26, 27, 28, 29, 33, 34, 35, 36, 37, 38, 39, 42, 43, 44, 45, -2, 32], 'permissionStatus': None, 'pluginClickList': [], 'pluginLimitDetail': {'dashAllVisiableLimit': 4, 'dashAllVisiableNum': 0}, 'publicAccessAuthVO': {'beingAttachmentQuestion': False, 'beingPublicLink': False}, 'remark': '767676751@qq.com', 'showContact': True, 'trial': True, 'trialDays': '0', 'trialNotice': True, 'type': 'normal', 'useScheduledSync': False, 'watermarkConfig': {'showDate': False, 'showDeparts': False, 'showExUserId': False, 'showName': True, 'showPhoneNumber': False, 'showWsName': False}, 'wsDomain': None, 'wsFunction': 'platform', 'wsId': 442424, 'wsLimitDetail': {'canDashNum': -1, 'canFormNum': -1, 'canPackageNum': -1, 'currentDashNum': -1, 'currentFormNum': -1, 'currentPackageNum': -1}, 'wsName': '767676751@qq.comÁöÑÂ∑•‰ΩúÂå∫'}, 'mobile': '767676751', 'nickName': '767676751@qq.com', 'npsCollect': False, 'promoCode': '03c87b981', 'randomEmail': False, 'recordedNewGuidePop': [], 'showProcessPersonal': False, 'signatureUrl': None, 'source': 'home_home', 'status': None, 'uid': 1888975}, 'userSecurityVO': {'authMethod': 0, 'beingUninitialized': False}}
{'beingInvited': False, 'corpName': None, 'loginToken': None, 'openId': None, 'token': '7503f657-3238-4478-8e5c-971759ff0d81', 'userInfo': {'beingBlackEmail': False, 'beingDisableExpiryRemind': False, 'beingExpand': None, 'beingInvited': False, 'beingLangFollowBrowser': True, 'beingOldVersion': None, 'beingPrivacyPolicy': True, 'beingSandBoxSuperAdmin': False, 'collectUserInfo': None, 'createTime': None, 'csShow': True, 'desktopRemind': True, 'email': '767676751@qq.com', 'firstLogin': None, 'grayLimit': 61, 'graySpecify': False, 'grayType': 1, 'hasPwdLoggedIn': False, 'havePassword': True, 'headImg': None, 'lang': None, 'lastWsInfo': {'accepted': None, 'accountLevel': 40, 'auth': 2, 'beingCustomizedAppSync': None, 'beingHideHelpDocument': False, 'beingSandbox': False, 'beingWatermark': False, 'biAuth': 'SUPER', 'canWorkWx': False, 'contactEnableNum': 1, 'contactNum': 1, 'dataRelatedStatus': 'NEW', 'departs': [], 'dynamic': None, 'exId': 'tAeLHd46LCK0OB1zCCtnkQ==', 'exUserId': '1888975', 'expireDate': 1694709009000, 'hideCopyright': False, 'logoutConfig': {'logOutToSso': False, 'serverName': None, 'ssoType': None}, 'memberId': 1711511, 'openConnectorList': [], 'openPluginList': [2, 3, 6, 7, 8, 9, 13, 14, 15, 16, 17, 25, 26, 27, 28, 29, 33, 34, 35, 36, 37, 38, 39, 42, 43, 44, 45, -2, 32], 'permissionStatus': None, 'pluginClickList': [], 'pluginLimitDetail': {'dashAllVisiableLimit': 4, 'dashAllVisiableNum': 0}, 'publicAccessAuthVO': {'beingAttachmentQuestion': False, 'beingPublicLink': False}, 'remark': '767676751@qq.com', 'showContact': True, 'trial': True, 'trialDays': '0', 'trialNotice': True, 'type': 'normal', 'useScheduledSync': False, 'watermarkConfig': {'showDate': False, 'showDeparts': False, 'showExUserId': False, 'showName': True, 'showPhoneNumber': False, 'showWsName': False}, 'wsDomain': None, 'wsFunction': 'platform', 'wsId': 442424, 'wsLimitDetail': {'canDashNum': -1, 'canFormNum': -1, 'canPackageNum': -1, 'currentDashNum': -1, 'currentFormNum': -1, 'currentPackageNum': -1}, 'wsName': '767676751@qq.comÁöÑÂ∑•‰ΩúÂå∫'}, 'mobile': '767676751', 'nickName': '767676751@qq.com', 'npsCollect': False, 'promoCode': '03c87b981', 'randomEmail': False, 'recordedNewGuidePop': [], 'showProcessPersonal': False, 'signatureUrl': None, 'source': 'home_home', 'status': None, 'uid': 1888975}, 'userSecurityVO': {'authMethod': 0, 'beingUninitialized': False}}
118.25.243.250 - - [31/Aug/2023 00:30:09] "POST /mointor HTTP/1.1" 200 -
124.223.210.66 - - [31/Aug/2023 02:58:00] code 400, message Bad request syntax ('\x03\x00\x00\x13\x0e√†\x00\x00\x00\x00\x00\x01\x00\x08\x00\x03\x00\x00\x00')
124.223.210.66 - - [31/Aug/2023 02:58:00] "[35m[1m  √†          [0m" HTTPStatus.BAD_REQUEST -
632
[2023-08-31 03:13:11,567] ERROR in app: Exception on / [GET]
Traceback (most recent call last):
  File "/usr/local/lib64/python3.6/site-packages/flask/app.py", line 2073, in wsgi_app
    response = self.full_dispatch_request()
  File "/usr/local/lib64/python3.6/site-packages/flask/app.py", line 1519, in full_dispatch_request
    return self.finalize_request(rv)
  File "/usr/local/lib64/python3.6/site-packages/flask/app.py", line 1538, in finalize_request
    response = self.make_response(rv)
  File "/usr/local/lib64/python3.6/site-packages/flask/app.py", line 1702, in make_response
    f"The view function for {request.endpoint!r} did not"
TypeError: The view function for 'result' did not return a valid response. The function either returned None or ended without a return statement.
106.75.27.108 - - [31/Aug/2023 03:13:11] "[35m[1mGET / HTTP/1.1[0m" 500 -
106.75.27.108 - - [31/Aug/2023 03:13:11] "[33mGET /favicon.ico HTTP/1.1[0m" 404 -
106.75.27.108 - - [31/Aug/2023 03:13:11] "[33mGET /robots.txt HTTP/1.1[0m" 404 -
106.75.27.108 - - [31/Aug/2023 03:13:11] "[33mGET /sitemap.xml HTTP/1.1[0m" 404 -
632
124.221.203.147 - - [31/Aug/2023 10:00:56] "GET /?password=wsj HTTP/1.1" 200 -
((632, datetime.datetime(2023, 8, 31, 0, 30, 9), 1, 120),)
752
yibukaishi
767676752@qq.com
767676752
{'beingInvited': False, 'corpName': None, 'loginToken': None, 'openId': None, 'token': '567714e8-54be-43fc-b3f4-4393c7bb94ab', 'userInfo': {'beingBlackEmail': False, 'beingDisableExpiryRemind': False, 'beingExpand': None, 'beingInvited': False, 'beingLangFollowBrowser': True, 'beingOldVersion': None, 'beingPrivacyPolicy': True, 'beingSandBoxSuperAdmin': False, 'collectUserInfo': None, 'createTime': None, 'csShow': True, 'desktopRemind': True, 'email': '767676752@qq.com', 'firstLogin': None, 'grayLimit': 21, 'graySpecify': False, 'grayType': 1, 'hasPwdLoggedIn': False, 'havePassword': True, 'headImg': None, 'lang': None, 'lastWsInfo': {'accepted': None, 'accountLevel': 40, 'auth': 2, 'beingCustomizedAppSync': None, 'beingHideHelpDocument': False, 'beingSandbox': False, 'beingWatermark': False, 'biAuth': 'SUPER', 'canWorkWx': False, 'contactEnableNum': 1, 'contactNum': 1, 'dataRelatedStatus': 'NEW', 'departs': [], 'dynamic': None, 'exId': 'tAeLHd46LCLsY5lbcfm+Ew==', 'exUserId': '1890107', 'expireDate': 1694786431000, 'hideCopyright': False, 'logoutConfig': {'logOutToSso': False, 'serverName': None, 'ssoType': None}, 'memberId': 1712554, 'openConnectorList': [], 'openPluginList': [2, 3, 6, 7, 8, 9, 13, 14, 15, 16, 17, 25, 26, 27, 28, 29, 33, 34, 35, 36, 37, 38, 39, 42, 43, 44, 45, -2, 32], 'permissionStatus': None, 'pluginClickList': [], 'pluginLimitDetail': {'dashAllVisiableLimit': 4, 'dashAllVisiableNum': 0}, 'publicAccessAuthVO': {'beingAttachmentQuestion': False, 'beingPublicLink': False}, 'remark': '767676752@qq.com', 'showContact': True, 'trial': True, 'trialDays': '0', 'trialNotice': True, 'type': 'normal', 'useScheduledSync': False, 'watermarkConfig': {'showDate': False, 'showDeparts': False, 'showExUserId': False, 'showName': True, 'showPhoneNumber': False, 'showWsName': False}, 'wsDomain': None, 'wsFunction': 'platform', 'wsId': 442856, 'wsLimitDetail': {'canDashNum': -1, 'canFormNum': -1, 'canPackageNum': -1, 'currentDashNum': -1, 'currentFormNum': -1, 'currentPackageNum': -1}, 'wsName': '767676752@qq.comÁöÑÂ∑•‰ΩúÂå∫'}, 'mobile': '767676752', 'nickName': '767676752@qq.com', 'npsCollect': False, 'promoCode': 'ce61e354f', 'randomEmail': False, 'recordedNewGuidePop': [], 'showProcessPersonal': False, 'signatureUrl': None, 'source': 'home_home', 'status': None, 'uid': 1890107}, 'userSecurityVO': {'authMethod': 0, 'beingUninitialized': False}}
{'beingInvited': False, 'corpName': None, 'loginToken': None, 'openId': None, 'token': '567714e8-54be-43fc-b3f4-4393c7bb94ab', 'userInfo': {'beingBlackEmail': False, 'beingDisableExpiryRemind': False, 'beingExpand': None, 'beingInvited': False, 'beingLangFollowBrowser': True, 'beingOldVersion': None, 'beingPrivacyPolicy': True, 'beingSandBoxSuperAdmin': False, 'collectUserInfo': None, 'createTime': None, 'csShow': True, 'desktopRemind': True, 'email': '767676752@qq.com', 'firstLogin': None, 'grayLimit': 21, 'graySpecify': False, 'grayType': 1, 'hasPwdLoggedIn': False, 'havePassword': True, 'headImg': None, 'lang': None, 'lastWsInfo': {'accepted': None, 'accountLevel': 40, 'auth': 2, 'beingCustomizedAppSync': None, 'beingHideHelpDocument': False, 'beingSandbox': False, 'beingWatermark': False, 'biAuth': 'SUPER', 'canWorkWx': False, 'contactEnableNum': 1, 'contactNum': 1, 'dataRelatedStatus': 'NEW', 'departs': [], 'dynamic': None, 'exId': 'tAeLHd46LCLsY5lbcfm+Ew==', 'exUserId': '1890107', 'expireDate': 1694786431000, 'hideCopyright': False, 'logoutConfig': {'logOutToSso': False, 'serverName': None, 'ssoType': None}, 'memberId': 1712554, 'openConnectorList': [], 'openPluginList': [2, 3, 6, 7, 8, 9, 13, 14, 15, 16, 17, 25, 26, 27, 28, 29, 33, 34, 35, 36, 37, 38, 39, 42, 43, 44, 45, -2, 32], 'permissionStatus': None, 'pluginClickList': [], 'pluginLimitDetail': {'dashAllVisiableLimit': 4, 'dashAllVisiableNum': 0}, 'publicAccessAuthVO': {'beingAttachmentQuestion': False, 'beingPublicLink': False}, 'remark': '767676752@qq.com', 'showContact': True, 'trial': True, 'trialDays': '0', 'trialNotice': True, 'type': 'normal', 'useScheduledSync': False, 'watermarkConfig': {'showDate': False, 'showDeparts': False, 'showExUserId': False, 'showName': True, 'showPhoneNumber': False, 'showWsName': False}, 'wsDomain': None, 'wsFunction': 'platform', 'wsId': 442856, 'wsLimitDetail': {'canDashNum': -1, 'canFormNum': -1, 'canPackageNum': -1, 'currentDashNum': -1, 'currentFormNum': -1, 'currentPackageNum': -1}, 'wsName': '767676752@qq.comÁöÑÂ∑•‰ΩúÂå∫'}, 'mobile': '767676752', 'nickName': '767676752@qq.com', 'npsCollect': False, 'promoCode': 'ce61e354f', 'randomEmail': False, 'recordedNewGuidePop': [], 'showProcessPersonal': False, 'signatureUrl': None, 'source': 'home_home', 'status': None, 'uid': 1890107}, 'userSecurityVO': {'authMethod': 0, 'beingUninitialized': False}}
118.25.243.250 - - [31/Aug/2023 22:00:31] "POST /mointor HTTP/1.1" 200 -
633
[2023-08-31 22:51:23,616] ERROR in app: Exception on / [GET]
Traceback (most recent call last):
  File "/usr/local/lib64/python3.6/site-packages/flask/app.py", line 2073, in wsgi_app
    response = self.full_dispatch_request()
  File "/usr/local/lib64/python3.6/site-packages/flask/app.py", line 1519, in full_dispatch_request
    return self.finalize_request(rv)
  File "/usr/local/lib64/python3.6/site-packages/flask/app.py", line 1538, in finalize_request
    response = self.make_response(rv)
  File "/usr/local/lib64/python3.6/site-packages/flask/app.py", line 1702, in make_response
    f"The view function for {request.endpoint!r} did not"
TypeError: The view function for 'result' did not return a valid response. The function either returned None or ended without a return statement.
123.56.155.157 - - [31/Aug/2023 22:51:23] "[35m[1mGET / HTTP/1.0[0m" 500 -
123.56.155.157 - - [31/Aug/2023 22:51:33] "[33mGET /cUVN HTTP/1.1[0m" 404 -
123.56.155.157 - - [31/Aug/2023 22:51:33] "[33mGET /Portal0000.htm HTTP/1.1[0m" 404 -
633
[2023-08-31 22:51:33,657] ERROR in app: Exception on / [HEAD]
Traceback (most recent call last):
  File "/usr/local/lib64/python3.6/site-packages/flask/app.py", line 2073, in wsgi_app
    response = self.full_dispatch_request()
  File "/usr/local/lib64/python3.6/site-packages/flask/app.py", line 1519, in full_dispatch_request
    return self.finalize_request(rv)
  File "/usr/local/lib64/python3.6/site-packages/flask/app.py", line 1538, in finalize_request
    response = self.make_response(rv)
  File "/usr/local/lib64/python3.6/site-packages/flask/app.py", line 1702, in make_response
    f"The view function for {request.endpoint!r} did not"
TypeError: The view function for 'result' did not return a valid response. The function either returned None or ended without a return statement.
123.56.155.157 - - [31/Aug/2023 22:51:33] "[35m[1mHEAD / HTTP/1.1[0m" 500 -
123.56.155.157 - - [31/Aug/2023 22:51:33] "[33mGET /__Additional HTTP/1.1[0m" 404 -
633
[2023-08-31 22:51:34,140] ERROR in app: Exception on / [GET]
Traceback (most recent call last):
  File "/usr/local/lib64/python3.6/site-packages/flask/app.py", line 2073, in wsgi_app
    response = self.full_dispatch_request()
  File "/usr/local/lib64/python3.6/site-packages/flask/app.py", line 1519, in full_dispatch_request
    return self.finalize_request(rv)
  File "/usr/local/lib64/python3.6/site-packages/flask/app.py", line 1538, in finalize_request
    response = self.make_response(rv)
  File "/usr/local/lib64/python3.6/site-packages/flask/app.py", line 1702, in make_response
    f"The view function for {request.endpoint!r} did not"
TypeError: The view function for 'result' did not return a valid response. The function either returned None or ended without a return statement.
123.56.155.157 - - [31/Aug/2023 22:51:34] "[35m[1mGET / HTTP/1.1[0m" 500 -
123.56.155.157 - - [31/Aug/2023 22:51:34] "[33mGET /nmaplowercheck1693493493 HTTP/1.1[0m" 404 -
123.56.155.157 - - [31/Aug/2023 22:51:34] "[33mGET /pools/default/buckets HTTP/1.1[0m" 404 -
123.56.155.157 - - [31/Aug/2023 22:51:34] "[33mGET /pools HTTP/1.1[0m" 404 -
633
[2023-08-31 22:51:35,740] ERROR in app: Exception on / [GET]
Traceback (most recent call last):
  File "/usr/local/lib64/python3.6/site-packages/flask/app.py", line 2073, in wsgi_app
    response = self.full_dispatch_request()
  File "/usr/local/lib64/python3.6/site-packages/flask/app.py", line 1519, in full_dispatch_request
    return self.finalize_request(rv)
  File "/usr/local/lib64/python3.6/site-packages/flask/app.py", line 1538, in finalize_request
    response = self.make_response(rv)
  File "/usr/local/lib64/python3.6/site-packages/flask/app.py", line 1702, in make_response
    f"The view function for {request.endpoint!r} did not"
TypeError: The view function for 'result' did not return a valid response. The function either returned None or ended without a return statement.
123.56.155.157 - - [31/Aug/2023 22:51:35] "[35m[1mGET / HTTP/1.1[0m" 500 -
123.56.155.157 - - [31/Aug/2023 22:51:35] "[33mGET /CSS/Miniweb.css HTTP/1.1[0m" 404 -
123.56.155.157 - - [31/Aug/2023 22:51:38] "[33mGET /index.asp HTTP/1.1[0m" 404 -
123.56.155.157 - - [31/Aug/2023 22:51:38] "[33mGET /robots.txt HTTP/1.1[0m" 404 -
123.56.155.157 - - [31/Aug/2023 22:51:39] "[33mGET /inicio.php HTTP/1.1[0m" 404 -
123.56.155.157 - - [31/Aug/2023 22:51:39] "[33mPOST /sdk HTTP/1.1[0m" 404 -
123.56.155.157 - - [31/Aug/2023 22:51:39] "[33mGET /localstart.cfm HTTP/1.1[0m" 404 -
123.56.155.157 - - [31/Aug/2023 22:51:39] "[33mGET /readme.txt HTTP/1.1[0m" 404 -
633
[2023-08-31 22:51:39,514] ERROR in app: Exception on / [GET]
Traceback (most recent call last):
  File "/usr/local/lib64/python3.6/site-packages/flask/app.py", line 2073, in wsgi_app
    response = self.full_dispatch_request()
  File "/usr/local/lib64/python3.6/site-packages/flask/app.py", line 1519, in full_dispatch_request
    return self.finalize_request(rv)
  File "/usr/local/lib64/python3.6/site-packages/flask/app.py", line 1538, in finalize_request
    response = self.make_response(rv)
  File "/usr/local/lib64/python3.6/site-packages/flask/app.py", line 1702, in make_response
    f"The view function for {request.endpoint!r} did not"
TypeError: The view function for 'result' did not return a valid response. The function either returned None or ended without a return statement.
123.56.155.157 - - [31/Aug/2023 22:51:39] "[35m[1mGET / HTTP/1.1[0m" 500 -
123.56.155.157 - - [31/Aug/2023 22:51:39] "[33mGET /home.shtml HTTP/1.1[0m" 404 -
123.56.155.157 - - [31/Aug/2023 22:51:39] "[33mGET /localstart.asp HTTP/1.1[0m" 404 -
123.56.155.157 - - [31/Aug/2023 22:51:39] "[33mGET /admin.pl HTTP/1.1[0m" 404 -
123.56.155.157 - - [31/Aug/2023 22:51:40] "[33mGET default.asp HTTP/1.1[0m" 404 -
123.56.155.157 - - [31/Aug/2023 22:51:40] "[33mGET /localstart.jsa HTTP/1.1[0m" 404 -
123.56.155.157 - - [31/Aug/2023 22:51:40] "[33mGET /admin.php HTTP/1.1[0m" 404 -
123.56.155.157 - - [31/Aug/2023 22:51:40] "[33mGET /admin.jsp HTTP/1.1[0m" 404 -
123.56.155.157 - - [31/Aug/2023 22:51:40] "[33mGET /menu.pl HTTP/1.1[0m" 404 -
123.56.155.157 - - [31/Aug/2023 22:51:40] "[33mGET /menu.jhtml HTTP/1.1[0m" 404 -
123.56.155.157 - - [31/Aug/2023 22:51:40] "[33mGET /home.jsa HTTP/1.1[0m" 404 -
123.56.155.157 - - [31/Aug/2023 22:51:40] "[33mGET /Portal/Portal.mwsl HTTP/1.1[0m" 404 -
123.56.155.157 - - [31/Aug/2023 22:51:41] "[33mGET /inicio.cfm HTTP/1.1[0m" 404 -
123.56.155.157 - - [31/Aug/2023 22:51:41] "[33mGET /docs/cplugError.html/ HTTP/1.1[0m" 404 -
123.56.155.157 - - [31/Aug/2023 22:51:41] "[33mGET /base.asp HTTP/1.1[0m" 404 -
123.56.155.157 - - [31/Aug/2023 22:51:41] "[33mGET /favicon.ico HTTP/1.1[0m" 404 -
123.56.155.157 - - [31/Aug/2023 22:51:41] "[33mGET /index.shtml HTTP/1.1[0m" 404 -
123.56.155.157 - - [31/Aug/2023 22:51:41] "[33mGET /inicio.jsp HTTP/1.1[0m" 404 -
123.56.155.157 - - [31/Aug/2023 22:51:41] "[33mGET /admin.html HTTP/1.1[0m" 404 -
123.56.155.157 - - [31/Aug/2023 22:51:41] "[33mGET /home.pl HTTP/1.1[0m" 404 -
123.56.155.157 - - [31/Aug/2023 22:51:42] "[33mGET /main.cfm HTTP/1.1[0m" 404 -
123.56.155.157 - - [31/Aug/2023 22:51:42] "[33mGET /menu.cfm HTTP/1.1[0m" 404 -
123.56.155.157 - - [31/Aug/2023 22:51:42] "[33mGET /admin.cgi HTTP/1.1[0m" 404 -
123.56.155.157 - - [31/Aug/2023 22:51:42] "[33mGET /default.jhtml HTTP/1.1[0m" 404 -
123.56.155.157 - - [31/Aug/2023 22:51:42] "[33mGET /base.pl HTTP/1.1[0m" 404 -
123.56.155.157 - - [31/Aug/2023 22:51:42] "[33mGET /main.jsa HTTP/1.1[0m" 404 -
123.56.155.157 - - [31/Aug/2023 22:51:42] "[33mGET /start.asp HTTP/1.1[0m" 404 -
123.56.155.157 - - [31/Aug/2023 22:51:43] "[33mGET /admin.aspx HTTP/1.1[0m" 404 -
123.56.155.157 - - [31/Aug/2023 22:51:43] "[33mGET /admin.asp HTTP/1.1[0m" 404 -
123.56.155.157 - - [31/Aug/2023 22:51:43] "[33mGET /base.shtml HTTP/1.1[0m" 404 -
123.56.155.157 - - [31/Aug/2023 22:51:43] "[33mGET /admin.cfm HTTP/1.1[0m" 404 -
123.56.155.157 - - [31/Aug/2023 22:51:43] "[33mGET /base.php HTTP/1.1[0m" 404 -
123.56.155.157 - - [31/Aug/2023 22:51:43] "[33mGET /.git/HEAD HTTP/1.1[0m" 404 -
123.56.155.157 - - [31/Aug/2023 22:51:43] "[33mGET /base.jhtml HTTP/1.1[0m" 404 -
123.56.155.157 - - [31/Aug/2023 22:51:44] "[33mGET /base.jsa HTTP/1.1[0m" 404 -
123.56.155.157 - - [31/Aug/2023 22:51:44] "[33mGET /inicio.cgi HTTP/1.1[0m" 404 -
123.56.155.157 - - [31/Aug/2023 22:51:44] "[33mGET /base.jsp HTTP/1.1[0m" 404 -
123.56.155.157 - - [31/Aug/2023 22:51:44] "[33mGET /start.cgi HTTP/1.1[0m" 404 -
123.56.155.157 - - [31/Aug/2023 22:51:44] "[33mGET /home.jhtml HTTP/1.1[0m" 404 -
123.56.155.157 - - [31/Aug/2023 22:51:44] "[33mGET /inicio.jsa HTTP/1.1[0m" 404 -
123.56.155.157 - - [31/Aug/2023 22:51:45] "[33mGET /default.asp HTTP/1.1[0m" 404 -
123.56.155.157 - - [31/Aug/2023 22:51:45] "[33mGET /base.html HTTP/1.1[0m" 404 -
123.56.155.157 - - [31/Aug/2023 22:51:45] "[33mGET /localstart.jhtml HTTP/1.1[0m" 404 -
123.56.155.157 - - [31/Aug/2023 22:51:45] "[33mGET /indice.shtml HTTP/1.1[0m" 404 -
123.56.155.157 - - [31/Aug/2023 22:51:45] "[33mGET /base.inc HTTP/1.1[0m" 404 -
123.56.155.157 - - [31/Aug/2023 22:51:45] "[33mGET /inicio.shtml HTTP/1.1[0m" 404 -
123.56.155.157 - - [31/Aug/2023 22:51:45] "[33mGET /base.cgi HTTP/1.1[0m" 404 -
123.56.155.157 - - [31/Aug/2023 22:51:46] "[33mGET /main.html HTTP/1.1[0m" 404 -
123.56.155.157 - - [31/Aug/2023 22:51:46] "[33mGET /main.shtml HTTP/1.1[0m" 404 -
123.56.155.157 - - [31/Aug/2023 22:51:46] "[33mGET /inicio.aspx HTTP/1.1[0m" 404 -
123.56.155.157 - - [31/Aug/2023 22:51:46] "[33mGET /main.cgi HTTP/1.1[0m" 404 -
123.56.155.157 - - [31/Aug/2023 22:51:46] "[33mGET /index.jsa HTTP/1.1[0m" 404 -
123.56.155.157 - - [31/Aug/2023 22:51:46] "[33mGET /index.html HTTP/1.1[0m" 404 -
123.56.155.157 - - [31/Aug/2023 22:51:47] "[33mGET /index.cfm HTTP/1.1[0m" 404 -
123.56.155.157 - - [31/Aug/2023 22:51:47] "[33mGET /base.cfm HTTP/1.1[0m" 404 -
123.56.155.157 - - [31/Aug/2023 22:51:47] "[33mGET /base.aspx HTTP/1.1[0m" 404 -
123.56.155.157 - - [31/Aug/2023 22:51:47] "[33mGET /admin.jsa HTTP/1.1[0m" 404 -
123.56.155.157 - - [31/Aug/2023 22:51:47] "[33mGET /indice.pl HTTP/1.1[0m" 404 -
123.56.155.157 - - [31/Aug/2023 22:51:47] "[33mGET /indice.jsa HTTP/1.1[0m" 404 -
123.56.155.157 - - [31/Aug/2023 22:51:47] "[33mGET /indice.php HTTP/1.1[0m" 404 -
123.56.155.157 - - [31/Aug/2023 22:51:48] "[33mGET /menu.html HTTP/1.1[0m" 404 -
123.56.155.157 - - [31/Aug/2023 22:51:48] "[33mGET /start.aspx HTTP/1.1[0m" 404 -
123.56.155.157 - - [31/Aug/2023 22:51:48] "[33mGET /main.asp HTTP/1.1[0m" 404 -
123.56.155.157 - - [31/Aug/2023 22:51:48] "[33mGET /indice.jhtml HTTP/1.1[0m" 404 -
123.56.155.157 - - [31/Aug/2023 22:51:48] "[33mGET /admin.shtml HTTP/1.1[0m" 404 -
123.56.155.157 - - [31/Aug/2023 22:51:48] "[33mGET /start.jsa HTTP/1.1[0m" 404 -
123.56.155.157 - - [31/Aug/2023 22:51:49] "[33mGET /indice.cgi HTTP/1.1[0m" 404 -
123.56.155.157 - - [31/Aug/2023 22:51:49] "[33mGET /home.cgi HTTP/1.1[0m" 404 -
123.56.155.157 - - [31/Aug/2023 22:51:49] "[33mGET /start.jhtml HTTP/1.1[0m" 404 -
123.56.155.157 - - [31/Aug/2023 22:51:49] "[33mGET /localstart.shtml HTTP/1.1[0m" 404 -
123.56.155.157 - - [31/Aug/2023 22:51:49] "[33mGET /indice.aspx HTTP/1.1[0m" 404 -
123.56.155.157 - - [31/Aug/2023 22:51:49] "[33mGET /indice.asp HTTP/1.1[0m" 404 -
123.56.155.157 - - [31/Aug/2023 22:51:49] "[33mGET /start.cfm HTTP/1.1[0m" 404 -
123.56.155.157 - - [31/Aug/2023 22:51:50] "[33mGET /menu.jsp HTTP/1.1[0m" 404 -
123.56.155.157 - - [31/Aug/2023 22:51:50] "[33mGET /menu.shtml HTTP/1.1[0m" 404 -
123.56.155.157 - - [31/Aug/2023 22:51:50] "[33mGET /admin.jhtml HTTP/1.1[0m" 404 -
123.56.155.157 - - [31/Aug/2023 22:51:50] "[33mGET /inicio.jhtml HTTP/1.1[0m" 404 -
123.56.155.157 - - [31/Aug/2023 22:51:50] "[33mGET /inicio.html HTTP/1.1[0m" 404 -
123.56.155.157 - - [31/Aug/2023 22:51:50] "[33mGET /home.jsp HTTP/1.1[0m" 404 -
123.56.155.157 - - [31/Aug/2023 22:51:51] "[33mGET /default.cfm HTTP/1.1[0m" 404 -
123.56.155.157 - - [31/Aug/2023 22:51:51] "[33mGET /start.jsp HTTP/1.1[0m" 404 -
123.56.155.157 - - [31/Aug/2023 22:51:51] "[33mGET /home.asp HTTP/1.1[0m" 404 -
123.56.155.157 - - [31/Aug/2023 22:51:51] "[33mGET /localstart.php HTTP/1.1[0m" 404 -
123.56.155.157 - - [31/Aug/2023 22:51:51] "[33mGET /default.jsp HTTP/1.1[0m" 404 -
123.56.155.157 - - [31/Aug/2023 22:51:51] "[33mGET /localstart.cgi HTTP/1.1[0m" 404 -
123.56.155.157 - - [31/Aug/2023 22:51:52] "[33mGET /localstart.jsp HTTP/1.1[0m" 404 -
123.56.155.157 - - [31/Aug/2023 22:51:52] "[33mGET /index.jhtml HTTP/1.1[0m" 404 -
123.56.155.157 - - [31/Aug/2023 22:51:52] "[33mGET /default.cgi HTTP/1.1[0m" 404 -
123.56.155.157 - - [31/Aug/2023 22:51:52] "[33mGET /main.jhtml HTTP/1.1[0m" 404 -
123.56.155.157 - - [31/Aug/2023 22:51:52] "[33mGET /default.aspx HTTP/1.1[0m" 404 -
123.56.155.157 - - [31/Aug/2023 22:51:52] "[33mGET /localstart.aspx HTTP/1.1[0m" 404 -
123.56.155.157 - - [31/Aug/2023 22:51:52] "[33mGET /indice.html HTTP/1.1[0m" 404 -
123.56.155.157 - - [31/Aug/2023 22:51:53] "[33mGET /start.html HTTP/1.1[0m" 404 -
123.56.155.157 - - [31/Aug/2023 22:51:53] "[33mGET /index.cgi HTTP/1.1[0m" 404 -
123.56.155.157 - - [31/Aug/2023 22:51:53] "[33mGET /start.pl HTTP/1.1[0m" 404 -
123.56.155.157 - - [31/Aug/2023 22:51:53] "[33mGET /index.aspx HTTP/1.1[0m" 404 -
123.56.155.157 - - [31/Aug/2023 22:51:53] "[33mGET /default.html HTTP/1.1[0m" 404 -
123.56.155.157 - - [31/Aug/2023 22:51:53] "[33mGET /home.php HTTP/1.1[0m" 404 -
123.56.155.157 - - [31/Aug/2023 22:51:54] "[33mGET /home.html HTTP/1.1[0m" 404 -
123.56.155.157 - - [31/Aug/2023 22:51:54] "[33mGET /menu.cgi HTTP/1.1[0m" 404 -
123.56.155.157 - - [31/Aug/2023 22:51:54] "[33mGET /main.pl HTTP/1.1[0m" 404 -
123.56.155.157 - - [31/Aug/2023 22:51:54] "[33mGET /index.php HTTP/1.1[0m" 404 -
123.56.155.157 - - [31/Aug/2023 22:51:54] "[33mGET /start.shtml HTTP/1.1[0m" 404 -
123.56.155.157 - - [31/Aug/2023 22:51:54] "[33mGET /indice.cfm HTTP/1.1[0m" 404 -
123.56.155.157 - - [31/Aug/2023 22:51:54] "[33mGET /menu.aspx HTTP/1.1[0m" 404 -
123.56.155.157 - - [31/Aug/2023 22:51:55] "[33mGET /menu.jsa HTTP/1.1[0m" 404 -
123.56.155.157 - - [31/Aug/2023 22:51:55] "[33mGET /inicio.asp HTTP/1.1[0m" 404 -
123.56.155.157 - - [31/Aug/2023 22:51:55] "[33mGET /index.jsp HTTP/1.1[0m" 404 -
123.56.155.157 - - [31/Aug/2023 22:51:55] "[33mGET /default.pl HTTP/1.1[0m" 404 -
123.56.155.157 - - [31/Aug/2023 22:51:55] "[33mGET /menu.php HTTP/1.1[0m" 404 -
123.56.155.157 - - [31/Aug/2023 22:51:55] "[33mGET /home.aspx HTTP/1.1[0m" 404 -
123.56.155.157 - - [31/Aug/2023 22:51:55] "[33mGET /inicio.pl HTTP/1.1[0m" 404 -
123.56.155.157 - - [31/Aug/2023 22:51:56] "[33mGET /main.aspx HTTP/1.1[0m" 404 -
123.56.155.157 - - [31/Aug/2023 22:51:56] "[33mGET /default.shtml HTTP/1.1[0m" 404 -
123.56.155.157 - - [31/Aug/2023 22:51:56] "[33mGET /main.jsp HTTP/1.1[0m" 404 -
123.56.155.157 - - [31/Aug/2023 22:51:56] "[33mGET /home.cfm HTTP/1.1[0m" 404 -
123.56.155.157 - - [31/Aug/2023 22:51:56] "[33mGET /start.php HTTP/1.1[0m" 404 -
123.56.155.157 - - [31/Aug/2023 22:51:56] "[33mGET /default.jsa HTTP/1.1[0m" 404 -
123.56.155.157 - - [31/Aug/2023 22:51:57] "[33mGET /localstart.pl HTTP/1.1[0m" 404 -
123.56.155.157 - - [31/Aug/2023 22:51:57] "[33mGET /menu.asp HTTP/1.1[0m" 404 -
123.56.155.157 - - [31/Aug/2023 22:51:57] "[33mGET /default.php HTTP/1.1[0m" 404 -
123.56.155.157 - - [31/Aug/2023 22:51:57] "[33mGET /index.pl HTTP/1.1[0m" 404 -
123.56.155.157 - - [31/Aug/2023 22:51:57] "[33mGET /indice.jsp HTTP/1.1[0m" 404 -
123.56.155.157 - - [31/Aug/2023 22:51:57] "[33mGET /localstart.html HTTP/1.1[0m" 404 -
123.56.155.157 - - [31/Aug/2023 22:51:57] "[33mGET /main.php HTTP/1.1[0m" 404 -
633
[2023-08-31 22:52:00,517] ERROR in app: Exception on / [GET]
Traceback (most recent call last):
  File "/usr/local/lib64/python3.6/site-packages/flask/app.py", line 2073, in wsgi_app
    response = self.full_dispatch_request()
  File "/usr/local/lib64/python3.6/site-packages/flask/app.py", line 1519, in full_dispatch_request
    return self.finalize_request(rv)
  File "/usr/local/lib64/python3.6/site-packages/flask/app.py", line 1538, in finalize_request
    response = self.make_response(rv)
  File "/usr/local/lib64/python3.6/site-packages/flask/app.py", line 1702, in make_response
    f"The view function for {request.endpoint!r} did not"
TypeError: The view function for 'result' did not return a valid response. The function either returned None or ended without a return statement.
123.56.155.157 - - [31/Aug/2023 22:52:00] "[35m[1mGET / HTTP/1.0[0m" 500 -
633
[2023-08-31 22:52:00,687] ERROR in app: Exception on / [GET]
Traceback (most recent call last):
  File "/usr/local/lib64/python3.6/site-packages/flask/app.py", line 2073, in wsgi_app
    response = self.full_dispatch_request()
  File "/usr/local/lib64/python3.6/site-packages/flask/app.py", line 1519, in full_dispatch_request
    return self.finalize_request(rv)
  File "/usr/local/lib64/python3.6/site-packages/flask/app.py", line 1538, in finalize_request
    response = self.make_response(rv)
  File "/usr/local/lib64/python3.6/site-packages/flask/app.py", line 1702, in make_response
    f"The view function for {request.endpoint!r} did not"
TypeError: The view function for 'result' did not return a valid response. The function either returned None or ended without a return statement.
123.56.155.157 - - [31/Aug/2023 22:52:00] "[35m[1mGET / HTTP/1.1[0m" 500 -
((633, datetime.datetime(2023, 8, 31, 22, 0, 31), 1, 120),)
753
yibukaishi
767676753@qq.com
767676753
{'beingInvited': False, 'corpName': None, 'loginToken': None, 'openId': None, 'token': 'ca25ebd2-adf7-4e0c-9d0a-d3543f06df69', 'userInfo': {'beingBlackEmail': False, 'beingDisableExpiryRemind': False, 'beingExpand': None, 'beingInvited': False, 'beingLangFollowBrowser': True, 'beingOldVersion': None, 'beingPrivacyPolicy': True, 'beingSandBoxSuperAdmin': False, 'collectUserInfo': None, 'createTime': None, 'csShow': True, 'desktopRemind': True, 'email': '767676753@qq.com', 'firstLogin': None, 'grayLimit': 81, 'graySpecify': False, 'grayType': 1, 'hasPwdLoggedIn': False, 'havePassword': True, 'headImg': None, 'lang': None, 'lastWsInfo': {'accepted': None, 'accountLevel': 40, 'auth': 2, 'beingCustomizedAppSync': None, 'beingHideHelpDocument': False, 'beingSandbox': False, 'beingWatermark': False, 'biAuth': 'SUPER', 'canWorkWx': False, 'contactEnableNum': 1, 'contactNum': 1, 'dataRelatedStatus': 'NEW', 'departs': [], 'dynamic': None, 'exId': 'tAeLHd46LCI9KU23N4fYsA==', 'exUserId': '1890132', 'expireDate': 1694790041000, 'hideCopyright': False, 'logoutConfig': {'logOutToSso': False, 'serverName': None, 'ssoType': None}, 'memberId': 1712578, 'openConnectorList': [], 'openPluginList': [2, 3, 6, 7, 8, 9, 13, 14, 15, 16, 17, 25, 26, 27, 28, 29, 33, 34, 35, 36, 37, 38, 39, 42, 43, 44, 45, -2, 32], 'permissionStatus': None, 'pluginClickList': [], 'pluginLimitDetail': {'dashAllVisiableLimit': 4, 'dashAllVisiableNum': 0}, 'publicAccessAuthVO': {'beingAttachmentQuestion': False, 'beingPublicLink': False}, 'remark': '767676753@qq.com', 'showContact': True, 'trial': True, 'trialDays': '0', 'trialNotice': True, 'type': 'normal', 'useScheduledSync': False, 'watermarkConfig': {'showDate': False, 'showDeparts': False, 'showExUserId': False, 'showName': True, 'showPhoneNumber': False, 'showWsName': False}, 'wsDomain': None, 'wsFunction': 'platform', 'wsId': 442868, 'wsLimitDetail': {'canDashNum': -1, 'canFormNum': -1, 'canPackageNum': -1, 'currentDashNum': -1, 'currentFormNum': -1, 'currentPackageNum': -1}, 'wsName': '767676753@qq.comÁöÑÂ∑•‰ΩúÂå∫'}, 'mobile': '767676753', 'nickName': '767676753@qq.com', 'npsCollect': False, 'promoCode': 'ccb0c00f9', 'randomEmail': False, 'recordedNewGuidePop': [], 'showProcessPersonal': False, 'signatureUrl': None, 'source': 'home_home', 'status': None, 'uid': 1890132}, 'userSecurityVO': {'authMethod': 0, 'beingUninitialized': False}}
{'beingInvited': False, 'corpName': None, 'loginToken': None, 'openId': None, 'token': 'ca25ebd2-adf7-4e0c-9d0a-d3543f06df69', 'userInfo': {'beingBlackEmail': False, 'beingDisableExpiryRemind': False, 'beingExpand': None, 'beingInvited': False, 'beingLangFollowBrowser': True, 'beingOldVersion': None, 'beingPrivacyPolicy': True, 'beingSandBoxSuperAdmin': False, 'collectUserInfo': None, 'createTime': None, 'csShow': True, 'desktopRemind': True, 'email': '767676753@qq.com', 'firstLogin': None, 'grayLimit': 81, 'graySpecify': False, 'grayType': 1, 'hasPwdLoggedIn': False, 'havePassword': True, 'headImg': None, 'lang': None, 'lastWsInfo': {'accepted': None, 'accountLevel': 40, 'auth': 2, 'beingCustomizedAppSync': None, 'beingHideHelpDocument': False, 'beingSandbox': False, 'beingWatermark': False, 'biAuth': 'SUPER', 'canWorkWx': False, 'contactEnableNum': 1, 'contactNum': 1, 'dataRelatedStatus': 'NEW', 'departs': [], 'dynamic': None, 'exId': 'tAeLHd46LCI9KU23N4fYsA==', 'exUserId': '1890132', 'expireDate': 1694790041000, 'hideCopyright': False, 'logoutConfig': {'logOutToSso': False, 'serverName': None, 'ssoType': None}, 'memberId': 1712578, 'openConnectorList': [], 'openPluginList': [2, 3, 6, 7, 8, 9, 13, 14, 15, 16, 17, 25, 26, 27, 28, 29, 33, 34, 35, 36, 37, 38, 39, 42, 43, 44, 45, -2, 32], 'permissionStatus': None, 'pluginClickList': [], 'pluginLimitDetail': {'dashAllVisiableLimit': 4, 'dashAllVisiableNum': 0}, 'publicAccessAuthVO': {'beingAttachmentQuestion': False, 'beingPublicLink': False}, 'remark': '767676753@qq.com', 'showContact': True, 'trial': True, 'trialDays': '0', 'trialNotice': True, 'type': 'normal', 'useScheduledSync': False, 'watermarkConfig': {'showDate': False, 'showDeparts': False, 'showExUserId': False, 'showName': True, 'showPhoneNumber': False, 'showWsName': False}, 'wsDomain': None, 'wsFunction': 'platform', 'wsId': 442868, 'wsLimitDetail': {'canDashNum': -1, 'canFormNum': -1, 'canPackageNum': -1, 'currentDashNum': -1, 'currentFormNum': -1, 'currentPackageNum': -1}, 'wsName': '767676753@qq.comÁöÑÂ∑•‰ΩúÂå∫'}, 'mobile': '767676753', 'nickName': '767676753@qq.com', 'npsCollect': False, 'promoCode': 'ccb0c00f9', 'randomEmail': False, 'recordedNewGuidePop': [], 'showProcessPersonal': False, 'signatureUrl': None, 'source': 'home_home', 'status': None, 'uid': 1890132}, 'userSecurityVO': {'authMethod': 0, 'beingUninitialized': False}}
118.25.243.250 - - [31/Aug/2023 23:00:41] "POST /mointor HTTP/1.1" 200 -
((634, datetime.datetime(2023, 8, 31, 23, 0, 41), 1, 120),)
754
yibukaishi
767676754@qq.com
767676754
{'beingInvited': False, 'corpName': None, 'loginToken': None, 'openId': None, 'token': 'ac52b165-bad8-4c0b-bbe6-b6d8a55c82da', 'userInfo': {'beingBlackEmail': False, 'beingDisableExpiryRemind': False, 'beingExpand': None, 'beingInvited': False, 'beingLangFollowBrowser': True, 'beingOldVersion': None, 'beingPrivacyPolicy': True, 'beingSandBoxSuperAdmin': False, 'collectUserInfo': None, 'createTime': None, 'csShow': True, 'desktopRemind': True, 'email': '767676754@qq.com', 'firstLogin': None, 'grayLimit': 77, 'graySpecify': False, 'grayType': 1, 'hasPwdLoggedIn': False, 'havePassword': True, 'headImg': None, 'lang': None, 'lastWsInfo': {'accepted': None, 'accountLevel': 40, 'auth': 2, 'beingCustomizedAppSync': None, 'beingHideHelpDocument': False, 'beingSandbox': False, 'beingWatermark': False, 'biAuth': 'SUPER', 'canWorkWx': False, 'contactEnableNum': 1, 'contactNum': 1, 'dataRelatedStatus': 'NEW', 'departs': [], 'dynamic': None, 'exId': 'tAeLHd46LCJqbYdZtazl6Q==', 'exUserId': '1890158', 'expireDate': 1694793661000, 'hideCopyright': False, 'logoutConfig': {'logOutToSso': False, 'serverName': None, 'ssoType': None}, 'memberId': 1712596, 'openConnectorList': [], 'openPluginList': [2, 3, 6, 7, 8, 9, 13, 14, 15, 16, 17, 25, 26, 27, 28, 29, 33, 34, 35, 36, 37, 38, 39, 42, 43, 44, 45, -2, 32], 'permissionStatus': None, 'pluginClickList': [], 'pluginLimitDetail': {'dashAllVisiableLimit': 4, 'dashAllVisiableNum': 0}, 'publicAccessAuthVO': {'beingAttachmentQuestion': False, 'beingPublicLink': False}, 'remark': '767676754@qq.com', 'showContact': True, 'trial': True, 'trialDays': '0', 'trialNotice': True, 'type': 'normal', 'useScheduledSync': False, 'watermarkConfig': {'showDate': False, 'showDeparts': False, 'showExUserId': False, 'showName': True, 'showPhoneNumber': False, 'showWsName': False}, 'wsDomain': None, 'wsFunction': 'platform', 'wsId': 442881, 'wsLimitDetail': {'canDashNum': -1, 'canFormNum': -1, 'canPackageNum': -1, 'currentDashNum': -1, 'currentFormNum': -1, 'currentPackageNum': -1}, 'wsName': '767676754@qq.comÁöÑÂ∑•‰ΩúÂå∫'}, 'mobile': '767676754', 'nickName': '767676754@qq.com', 'npsCollect': False, 'promoCode': '7f1f61458', 'randomEmail': False, 'recordedNewGuidePop': [], 'showProcessPersonal': False, 'signatureUrl': None, 'source': 'home_home', 'status': None, 'uid': 1890158}, 'userSecurityVO': {'authMethod': 0, 'beingUninitialized': False}}
{'beingInvited': False, 'corpName': None, 'loginToken': None, 'openId': None, 'token': 'ac52b165-bad8-4c0b-bbe6-b6d8a55c82da', 'userInfo': {'beingBlackEmail': False, 'beingDisableExpiryRemind': False, 'beingExpand': None, 'beingInvited': False, 'beingLangFollowBrowser': True, 'beingOldVersion': None, 'beingPrivacyPolicy': True, 'beingSandBoxSuperAdmin': False, 'collectUserInfo': None, 'createTime': None, 'csShow': True, 'desktopRemind': True, 'email': '767676754@qq.com', 'firstLogin': None, 'grayLimit': 77, 'graySpecify': False, 'grayType': 1, 'hasPwdLoggedIn': False, 'havePassword': True, 'headImg': None, 'lang': None, 'lastWsInfo': {'accepted': None, 'accountLevel': 40, 'auth': 2, 'beingCustomizedAppSync': None, 'beingHideHelpDocument': False, 'beingSandbox': False, 'beingWatermark': False, 'biAuth': 'SUPER', 'canWorkWx': False, 'contactEnableNum': 1, 'contactNum': 1, 'dataRelatedStatus': 'NEW', 'departs': [], 'dynamic': None, 'exId': 'tAeLHd46LCJqbYdZtazl6Q==', 'exUserId': '1890158', 'expireDate': 1694793661000, 'hideCopyright': False, 'logoutConfig': {'logOutToSso': False, 'serverName': None, 'ssoType': None}, 'memberId': 1712596, 'openConnectorList': [], 'openPluginList': [2, 3, 6, 7, 8, 9, 13, 14, 15, 16, 17, 25, 26, 27, 28, 29, 33, 34, 35, 36, 37, 38, 39, 42, 43, 44, 45, -2, 32], 'permissionStatus': None, 'pluginClickList': [], 'pluginLimitDetail': {'dashAllVisiableLimit': 4, 'dashAllVisiableNum': 0}, 'publicAccessAuthVO': {'beingAttachmentQuestion': False, 'beingPublicLink': False}, 'remark': '767676754@qq.com', 'showContact': True, 'trial': True, 'trialDays': '0', 'trialNotice': True, 'type': 'normal', 'useScheduledSync': False, 'watermarkConfig': {'showDate': False, 'showDeparts': False, 'showExUserId': False, 'showName': True, 'showPhoneNumber': False, 'showWsName': False}, 'wsDomain': None, 'wsFunction': 'platform', 'wsId': 442881, 'wsLimitDetail': {'canDashNum': -1, 'canFormNum': -1, 'canPackageNum': -1, 'currentDashNum': -1, 'currentFormNum': -1, 'currentPackageNum': -1}, 'wsName': '767676754@qq.comÁöÑÂ∑•‰ΩúÂå∫'}, 'mobile': '767676754', 'nickName': '767676754@qq.com', 'npsCollect': False, 'promoCode': '7f1f61458', 'randomEmail': False, 'recordedNewGuidePop': [], 'showProcessPersonal': False, 'signatureUrl': None, 'source': 'home_home', 'status': None, 'uid': 1890158}, 'userSecurityVO': {'authMethod': 0, 'beingUninitialized': False}}
118.25.243.250 - - [01/Sep/2023 00:01:01] "POST /mointor HTTP/1.1" 200 -
((635, datetime.datetime(2023, 9, 1, 0, 1, 1), 1, 120),)
755
yibukaishi
767676755@qq.com
767676755
{'beingInvited': False, 'corpName': None, 'loginToken': None, 'openId': None, 'token': 'fcf86407-7899-4a4f-a9dd-3ae6f5a36c8e', 'userInfo': {'beingBlackEmail': False, 'beingDisableExpiryRemind': False, 'beingExpand': None, 'beingInvited': False, 'beingLangFollowBrowser': True, 'beingOldVersion': None, 'beingPrivacyPolicy': True, 'beingSandBoxSuperAdmin': False, 'collectUserInfo': None, 'createTime': None, 'csShow': True, 'desktopRemind': True, 'email': '767676755@qq.com', 'firstLogin': None, 'grayLimit': 47, 'graySpecify': False, 'grayType': 1, 'hasPwdLoggedIn': False, 'havePassword': True, 'headImg': None, 'lang': None, 'lastWsInfo': {'accepted': None, 'accountLevel': 40, 'auth': 2, 'beingCustomizedAppSync': None, 'beingHideHelpDocument': False, 'beingSandbox': False, 'beingWatermark': False, 'biAuth': 'SUPER', 'canWorkWx': False, 'contactEnableNum': 1, 'contactNum': 1, 'dataRelatedStatus': 'NEW', 'departs': [], 'dynamic': None, 'exId': 'tAeLHd46LCLZSn67ZQ/vyg==', 'exUserId': '1890160', 'expireDate': 1694795409000, 'hideCopyright': False, 'logoutConfig': {'logOutToSso': False, 'serverName': None, 'ssoType': None}, 'memberId': 1712599, 'openConnectorList': [], 'openPluginList': [2, 3, 6, 7, 8, 9, 13, 14, 15, 16, 17, 25, 26, 27, 28, 29, 33, 34, 35, 36, 37, 38, 39, 42, 43, 44, 45, -2, 32], 'permissionStatus': None, 'pluginClickList': [], 'pluginLimitDetail': {'dashAllVisiableLimit': 4, 'dashAllVisiableNum': 0}, 'publicAccessAuthVO': {'beingAttachmentQuestion': False, 'beingPublicLink': False}, 'remark': '767676755@qq.com', 'showContact': True, 'trial': True, 'trialDays': '0', 'trialNotice': True, 'type': 'normal', 'useScheduledSync': False, 'watermarkConfig': {'showDate': False, 'showDeparts': False, 'showExUserId': False, 'showName': True, 'showPhoneNumber': False, 'showWsName': False}, 'wsDomain': None, 'wsFunction': 'platform', 'wsId': 442883, 'wsLimitDetail': {'canDashNum': -1, 'canFormNum': -1, 'canPackageNum': -1, 'currentDashNum': -1, 'currentFormNum': -1, 'currentPackageNum': -1}, 'wsName': '767676755@qq.comÁöÑÂ∑•‰ΩúÂå∫'}, 'mobile': '767676755', 'nickName': '767676755@qq.com', 'npsCollect': False, 'promoCode': '0b7b843e5', 'randomEmail': False, 'recordedNewGuidePop': [], 'showProcessPersonal': False, 'signatureUrl': None, 'source': 'home_home', 'status': None, 'uid': 1890160}, 'userSecurityVO': {'authMethod': 0, 'beingUninitialized': False}}
{'beingInvited': False, 'corpName': None, 'loginToken': None, 'openId': None, 'token': 'fcf86407-7899-4a4f-a9dd-3ae6f5a36c8e', 'userInfo': {'beingBlackEmail': False, 'beingDisableExpiryRemind': False, 'beingExpand': None, 'beingInvited': False, 'beingLangFollowBrowser': True, 'beingOldVersion': None, 'beingPrivacyPolicy': True, 'beingSandBoxSuperAdmin': False, 'collectUserInfo': None, 'createTime': None, 'csShow': True, 'desktopRemind': True, 'email': '767676755@qq.com', 'firstLogin': None, 'grayLimit': 47, 'graySpecify': False, 'grayType': 1, 'hasPwdLoggedIn': False, 'havePassword': True, 'headImg': None, 'lang': None, 'lastWsInfo': {'accepted': None, 'accountLevel': 40, 'auth': 2, 'beingCustomizedAppSync': None, 'beingHideHelpDocument': False, 'beingSandbox': False, 'beingWatermark': False, 'biAuth': 'SUPER', 'canWorkWx': False, 'contactEnableNum': 1, 'contactNum': 1, 'dataRelatedStatus': 'NEW', 'departs': [], 'dynamic': None, 'exId': 'tAeLHd46LCLZSn67ZQ/vyg==', 'exUserId': '1890160', 'expireDate': 1694795409000, 'hideCopyright': False, 'logoutConfig': {'logOutToSso': False, 'serverName': None, 'ssoType': None}, 'memberId': 1712599, 'openConnectorList': [], 'openPluginList': [2, 3, 6, 7, 8, 9, 13, 14, 15, 16, 17, 25, 26, 27, 28, 29, 33, 34, 35, 36, 37, 38, 39, 42, 43, 44, 45, -2, 32], 'permissionStatus': None, 'pluginClickList': [], 'pluginLimitDetail': {'dashAllVisiableLimit': 4, 'dashAllVisiableNum': 0}, 'publicAccessAuthVO': {'beingAttachmentQuestion': False, 'beingPublicLink': False}, 'remark': '767676755@qq.com', 'showContact': True, 'trial': True, 'trialDays': '0', 'trialNotice': True, 'type': 'normal', 'useScheduledSync': False, 'watermarkConfig': {'showDate': False, 'showDeparts': False, 'showExUserId': False, 'showName': True, 'showPhoneNumber': False, 'showWsName': False}, 'wsDomain': None, 'wsFunction': 'platform', 'wsId': 442883, 'wsLimitDetail': {'canDashNum': -1, 'canFormNum': -1, 'canPackageNum': -1, 'currentDashNum': -1, 'currentFormNum': -1, 'currentPackageNum': -1}, 'wsName': '767676755@qq.comÁöÑÂ∑•‰ΩúÂå∫'}, 'mobile': '767676755', 'nickName': '767676755@qq.com', 'npsCollect': False, 'promoCode': '0b7b843e5', 'randomEmail': False, 'recordedNewGuidePop': [], 'showProcessPersonal': False, 'signatureUrl': None, 'source': 'home_home', 'status': None, 'uid': 1890160}, 'userSecurityVO': {'authMethod': 0, 'beingUninitialized': False}}
118.25.243.250 - - [01/Sep/2023 00:30:09] "POST /mointor HTTP/1.1" 200 -
636
[2023-09-01 03:43:00,119] ERROR in app: Exception on / [GET]
Traceback (most recent call last):
  File "/usr/local/lib64/python3.6/site-packages/flask/app.py", line 2073, in wsgi_app
    response = self.full_dispatch_request()
  File "/usr/local/lib64/python3.6/site-packages/flask/app.py", line 1519, in full_dispatch_request
    return self.finalize_request(rv)
  File "/usr/local/lib64/python3.6/site-packages/flask/app.py", line 1538, in finalize_request
    response = self.make_response(rv)
  File "/usr/local/lib64/python3.6/site-packages/flask/app.py", line 1702, in make_response
    f"The view function for {request.endpoint!r} did not"
TypeError: The view function for 'result' did not return a valid response. The function either returned None or ended without a return statement.
167.248.133.186 - - [01/Sep/2023 03:43:00] "[35m[1mGET / HTTP/1.1[0m" 500 -
167.248.133.186 - - [01/Sep/2023 03:43:00] code 505, message Invalid HTTP version (2.0)
167.248.133.186 - - [01/Sep/2023 03:43:00] "[35m[1mPRI * HTTP/2.0[0m" HTTPStatus.HTTP_VERSION_NOT_SUPPORTED -
636
124.221.203.147 - - [01/Sep/2023 10:00:57] "GET /?password=wsj HTTP/1.1" 200 -
((636, datetime.datetime(2023, 9, 1, 0, 30, 9), 1, 120),)
756
yibukaishi
767676756@qq.com
767676756
{'beingInvited': False, 'corpName': None, 'loginToken': None, 'openId': None, 'token': '5780ab05-c5af-4042-9cb3-577b0dc05b6f', 'userInfo': {'beingBlackEmail': False, 'beingDisableExpiryRemind': False, 'beingExpand': None, 'beingInvited': False, 'beingLangFollowBrowser': True, 'beingOldVersion': None, 'beingPrivacyPolicy': True, 'beingSandBoxSuperAdmin': False, 'collectUserInfo': None, 'createTime': None, 'csShow': True, 'desktopRemind': True, 'email': '767676756@qq.com', 'firstLogin': None, 'grayLimit': 75, 'graySpecify': False, 'grayType': 1, 'hasPwdLoggedIn': False, 'havePassword': True, 'headImg': None, 'lang': None, 'lastWsInfo': {'accepted': None, 'accountLevel': 40, 'auth': 2, 'beingCustomizedAppSync': None, 'beingHideHelpDocument': False, 'beingSandbox': False, 'beingWatermark': False, 'biAuth': 'SUPER', 'canWorkWx': False, 'contactEnableNum': 1, 'contactNum': 1, 'dataRelatedStatus': 'NEW', 'departs': [], 'dynamic': None, 'exId': 'tAeLHd46LCJcGigMRQraHw==', 'exUserId': '1891248', 'expireDate': 1694872831000, 'hideCopyright': False, 'logoutConfig': {'logOutToSso': False, 'serverName': None, 'ssoType': None}, 'memberId': 1713429, 'openConnectorList': [], 'openPluginList': [2, 3, 6, 7, 8, 9, 13, 14, 15, 16, 17, 25, 26, 27, 28, 29, 33, 34, 35, 36, 37, 38, 39, 42, 43, 44, 45, -2, 32], 'permissionStatus': None, 'pluginClickList': [], 'pluginLimitDetail': {'dashAllVisiableLimit': 4, 'dashAllVisiableNum': 0}, 'publicAccessAuthVO': {'beingAttachmentQuestion': False, 'beingPublicLink': False}, 'remark': '767676756@qq.com', 'showContact': True, 'trial': True, 'trialDays': '0', 'trialNotice': True, 'type': 'normal', 'useScheduledSync': False, 'watermarkConfig': {'showDate': False, 'showDeparts': False, 'showExUserId': False, 'showName': True, 'showPhoneNumber': False, 'showWsName': False}, 'wsDomain': None, 'wsFunction': 'platform', 'wsId': 443338, 'wsLimitDetail': {'canDashNum': -1, 'canFormNum': -1, 'canPackageNum': -1, 'currentDashNum': -1, 'currentFormNum': -1, 'currentPackageNum': -1}, 'wsName': '767676756@qq.comÁöÑÂ∑•‰ΩúÂå∫'}, 'mobile': '767676756', 'nickName': '767676756@qq.com', 'npsCollect': False, 'promoCode': '7c4d8500b', 'randomEmail': False, 'recordedNewGuidePop': [], 'showProcessPersonal': False, 'signatureUrl': None, 'source': 'home_home', 'status': None, 'uid': 1891248}, 'userSecurityVO': {'authMethod': 0, 'beingUninitialized': False}}
{'beingInvited': False, 'corpName': None, 'loginToken': None, 'openId': None, 'token': '5780ab05-c5af-4042-9cb3-577b0dc05b6f', 'userInfo': {'beingBlackEmail': False, 'beingDisableExpiryRemind': False, 'beingExpand': None, 'beingInvited': False, 'beingLangFollowBrowser': True, 'beingOldVersion': None, 'beingPrivacyPolicy': True, 'beingSandBoxSuperAdmin': False, 'collectUserInfo': None, 'createTime': None, 'csShow': True, 'desktopRemind': True, 'email': '767676756@qq.com', 'firstLogin': None, 'grayLimit': 75, 'graySpecify': False, 'grayType': 1, 'hasPwdLoggedIn': False, 'havePassword': True, 'headImg': None, 'lang': None, 'lastWsInfo': {'accepted': None, 'accountLevel': 40, 'auth': 2, 'beingCustomizedAppSync': None, 'beingHideHelpDocument': False, 'beingSandbox': False, 'beingWatermark': False, 'biAuth': 'SUPER', 'canWorkWx': False, 'contactEnableNum': 1, 'contactNum': 1, 'dataRelatedStatus': 'NEW', 'departs': [], 'dynamic': None, 'exId': 'tAeLHd46LCJcGigMRQraHw==', 'exUserId': '1891248', 'expireDate': 1694872831000, 'hideCopyright': False, 'logoutConfig': {'logOutToSso': False, 'serverName': None, 'ssoType': None}, 'memberId': 1713429, 'openConnectorList': [], 'openPluginList': [2, 3, 6, 7, 8, 9, 13, 14, 15, 16, 17, 25, 26, 27, 28, 29, 33, 34, 35, 36, 37, 38, 39, 42, 43, 44, 45, -2, 32], 'permissionStatus': None, 'pluginClickList': [], 'pluginLimitDetail': {'dashAllVisiableLimit': 4, 'dashAllVisiableNum': 0}, 'publicAccessAuthVO': {'beingAttachmentQuestion': False, 'beingPublicLink': False}, 'remark': '767676756@qq.com', 'showContact': True, 'trial': True, 'trialDays': '0', 'trialNotice': True, 'type': 'normal', 'useScheduledSync': False, 'watermarkConfig': {'showDate': False, 'showDeparts': False, 'showExUserId': False, 'showName': True, 'showPhoneNumber': False, 'showWsName': False}, 'wsDomain': None, 'wsFunction': 'platform', 'wsId': 443338, 'wsLimitDetail': {'canDashNum': -1, 'canFormNum': -1, 'canPackageNum': -1, 'currentDashNum': -1, 'currentFormNum': -1, 'currentPackageNum': -1}, 'wsName': '767676756@qq.comÁöÑÂ∑•‰ΩúÂå∫'}, 'mobile': '767676756', 'nickName': '767676756@qq.com', 'npsCollect': False, 'promoCode': '7c4d8500b', 'randomEmail': False, 'recordedNewGuidePop': [], 'showProcessPersonal': False, 'signatureUrl': None, 'source': 'home_home', 'status': None, 'uid': 1891248}, 'userSecurityVO': {'authMethod': 0, 'beingUninitialized': False}}
118.25.243.250 - - [01/Sep/2023 22:00:31] "POST /mointor HTTP/1.1" 200 -
((637, datetime.datetime(2023, 9, 1, 22, 0, 31), 1, 120),)
757
yibukaishi
767676757@qq.com
767676757
{'beingInvited': False, 'corpName': None, 'loginToken': None, 'openId': None, 'token': '88c73ea4-8a4a-429e-aa63-8070a005a524', 'userInfo': {'beingBlackEmail': False, 'beingDisableExpiryRemind': False, 'beingExpand': None, 'beingInvited': False, 'beingLangFollowBrowser': True, 'beingOldVersion': None, 'beingPrivacyPolicy': True, 'beingSandBoxSuperAdmin': False, 'collectUserInfo': None, 'createTime': None, 'csShow': True, 'desktopRemind': True, 'email': '767676757@qq.com', 'firstLogin': None, 'grayLimit': 93, 'graySpecify': False, 'grayType': 1, 'hasPwdLoggedIn': False, 'havePassword': True, 'headImg': None, 'lang': None, 'lastWsInfo': {'accepted': None, 'accountLevel': 40, 'auth': 2, 'beingCustomizedAppSync': None, 'beingHideHelpDocument': False, 'beingSandbox': False, 'beingWatermark': False, 'biAuth': 'SUPER', 'canWorkWx': False, 'contactEnableNum': 1, 'contactNum': 1, 'dataRelatedStatus': 'NEW', 'departs': [], 'dynamic': None, 'exId': 'tAeLHd46LCLfdbCAONu02A==', 'exUserId': '1891287', 'expireDate': 1694876441000, 'hideCopyright': False, 'logoutConfig': {'logOutToSso': False, 'serverName': None, 'ssoType': None}, 'memberId': 1713442, 'openConnectorList': [], 'openPluginList': [2, 3, 6, 7, 8, 9, 13, 14, 15, 16, 17, 25, 26, 27, 28, 29, 33, 34, 35, 36, 37, 38, 39, 42, 43, 44, 45, -2, 32], 'permissionStatus': None, 'pluginClickList': [], 'pluginLimitDetail': {'dashAllVisiableLimit': 4, 'dashAllVisiableNum': 0}, 'publicAccessAuthVO': {'beingAttachmentQuestion': False, 'beingPublicLink': False}, 'remark': '767676757@qq.com', 'showContact': True, 'trial': True, 'trialDays': '0', 'trialNotice': True, 'type': 'normal', 'useScheduledSync': False, 'watermarkConfig': {'showDate': False, 'showDeparts': False, 'showExUserId': False, 'showName': True, 'showPhoneNumber': False, 'showWsName': False}, 'wsDomain': None, 'wsFunction': 'platform', 'wsId': 443351, 'wsLimitDetail': {'canDashNum': -1, 'canFormNum': -1, 'canPackageNum': -1, 'currentDashNum': -1, 'currentFormNum': -1, 'currentPackageNum': -1}, 'wsName': '767676757@qq.comÁöÑÂ∑•‰ΩúÂå∫'}, 'mobile': '767676757', 'nickName': '767676757@qq.com', 'npsCollect': False, 'promoCode': 'e5e598a5a', 'randomEmail': False, 'recordedNewGuidePop': [], 'showProcessPersonal': False, 'signatureUrl': None, 'source': 'home_home', 'status': None, 'uid': 1891287}, 'userSecurityVO': {'authMethod': 0, 'beingUninitialized': False}}
{'beingInvited': False, 'corpName': None, 'loginToken': None, 'openId': None, 'token': '88c73ea4-8a4a-429e-aa63-8070a005a524', 'userInfo': {'beingBlackEmail': False, 'beingDisableExpiryRemind': False, 'beingExpand': None, 'beingInvited': False, 'beingLangFollowBrowser': True, 'beingOldVersion': None, 'beingPrivacyPolicy': True, 'beingSandBoxSuperAdmin': False, 'collectUserInfo': None, 'createTime': None, 'csShow': True, 'desktopRemind': True, 'email': '767676757@qq.com', 'firstLogin': None, 'grayLimit': 93, 'graySpecify': False, 'grayType': 1, 'hasPwdLoggedIn': False, 'havePassword': True, 'headImg': None, 'lang': None, 'lastWsInfo': {'accepted': None, 'accountLevel': 40, 'auth': 2, 'beingCustomizedAppSync': None, 'beingHideHelpDocument': False, 'beingSandbox': False, 'beingWatermark': False, 'biAuth': 'SUPER', 'canWorkWx': False, 'contactEnableNum': 1, 'contactNum': 1, 'dataRelatedStatus': 'NEW', 'departs': [], 'dynamic': None, 'exId': 'tAeLHd46LCLfdbCAONu02A==', 'exUserId': '1891287', 'expireDate': 1694876441000, 'hideCopyright': False, 'logoutConfig': {'logOutToSso': False, 'serverName': None, 'ssoType': None}, 'memberId': 1713442, 'openConnectorList': [], 'openPluginList': [2, 3, 6, 7, 8, 9, 13, 14, 15, 16, 17, 25, 26, 27, 28, 29, 33, 34, 35, 36, 37, 38, 39, 42, 43, 44, 45, -2, 32], 'permissionStatus': None, 'pluginClickList': [], 'pluginLimitDetail': {'dashAllVisiableLimit': 4, 'dashAllVisiableNum': 0}, 'publicAccessAuthVO': {'beingAttachmentQuestion': False, 'beingPublicLink': False}, 'remark': '767676757@qq.com', 'showContact': True, 'trial': True, 'trialDays': '0', 'trialNotice': True, 'type': 'normal', 'useScheduledSync': False, 'watermarkConfig': {'showDate': False, 'showDeparts': False, 'showExUserId': False, 'showName': True, 'showPhoneNumber': False, 'showWsName': False}, 'wsDomain': None, 'wsFunction': 'platform', 'wsId': 443351, 'wsLimitDetail': {'canDashNum': -1, 'canFormNum': -1, 'canPackageNum': -1, 'currentDashNum': -1, 'currentFormNum': -1, 'currentPackageNum': -1}, 'wsName': '767676757@qq.comÁöÑÂ∑•‰ΩúÂå∫'}, 'mobile': '767676757', 'nickName': '767676757@qq.com', 'npsCollect': False, 'promoCode': 'e5e598a5a', 'randomEmail': False, 'recordedNewGuidePop': [], 'showProcessPersonal': False, 'signatureUrl': None, 'source': 'home_home', 'status': None, 'uid': 1891287}, 'userSecurityVO': {'authMethod': 0, 'beingUninitialized': False}}
118.25.243.250 - - [01/Sep/2023 23:00:41] "POST /mointor HTTP/1.1" 200 -
((638, datetime.datetime(2023, 9, 1, 23, 0, 41), 1, 120),)
758
yibukaishi
767676758@qq.com
767676758
{'beingInvited': False, 'corpName': None, 'loginToken': None, 'openId': None, 'token': 'b28e3a98-9911-465d-9d42-1d97f2ab8399', 'userInfo': {'beingBlackEmail': False, 'beingDisableExpiryRemind': False, 'beingExpand': None, 'beingInvited': False, 'beingLangFollowBrowser': True, 'beingOldVersion': None, 'beingPrivacyPolicy': True, 'beingSandBoxSuperAdmin': False, 'collectUserInfo': None, 'createTime': None, 'csShow': True, 'desktopRemind': True, 'email': '767676758@qq.com', 'firstLogin': None, 'grayLimit': 83, 'graySpecify': False, 'grayType': 1, 'hasPwdLoggedIn': False, 'havePassword': True, 'headImg': None, 'lang': None, 'lastWsInfo': {'accepted': None, 'accountLevel': 40, 'auth': 2, 'beingCustomizedAppSync': None, 'beingHideHelpDocument': False, 'beingSandbox': False, 'beingWatermark': False, 'biAuth': 'SUPER', 'canWorkWx': False, 'contactEnableNum': 1, 'contactNum': 1, 'dataRelatedStatus': 'NEW', 'departs': [], 'dynamic': None, 'exId': 'tAeLHd46LCJyAXd1OLq1Yg==', 'exUserId': '1891295', 'expireDate': 1694880045000, 'hideCopyright': False, 'logoutConfig': {'logOutToSso': False, 'serverName': None, 'ssoType': None}, 'memberId': 1713447, 'openConnectorList': [], 'openPluginList': [2, 3, 6, 7, 8, 9, 13, 14, 15, 16, 17, 25, 26, 27, 28, 29, 33, 34, 35, 36, 37, 38, 39, 42, 43, 44, 45, -2, 32], 'permissionStatus': None, 'pluginClickList': [], 'pluginLimitDetail': {'dashAllVisiableLimit': 4, 'dashAllVisiableNum': 0}, 'publicAccessAuthVO': {'beingAttachmentQuestion': False, 'beingPublicLink': False}, 'remark': '767676758@qq.com', 'showContact': True, 'trial': True, 'trialDays': '0', 'trialNotice': True, 'type': 'normal', 'useScheduledSync': False, 'watermarkConfig': {'showDate': False, 'showDeparts': False, 'showExUserId': False, 'showName': True, 'showPhoneNumber': False, 'showWsName': False}, 'wsDomain': None, 'wsFunction': 'platform', 'wsId': 443356, 'wsLimitDetail': {'canDashNum': -1, 'canFormNum': -1, 'canPackageNum': -1, 'currentDashNum': -1, 'currentFormNum': -1, 'currentPackageNum': -1}, 'wsName': '767676758@qq.comÁöÑÂ∑•‰ΩúÂå∫'}, 'mobile': '767676758', 'nickName': '767676758@qq.com', 'npsCollect': False, 'promoCode': '79dd75c3c', 'randomEmail': False, 'recordedNewGuidePop': [], 'showProcessPersonal': False, 'signatureUrl': None, 'source': 'home_home', 'status': None, 'uid': 1891295}, 'userSecurityVO': {'authMethod': 0, 'beingUninitialized': False}}
{'beingInvited': False, 'corpName': None, 'loginToken': None, 'openId': None, 'token': 'b28e3a98-9911-465d-9d42-1d97f2ab8399', 'userInfo': {'beingBlackEmail': False, 'beingDisableExpiryRemind': False, 'beingExpand': None, 'beingInvited': False, 'beingLangFollowBrowser': True, 'beingOldVersion': None, 'beingPrivacyPolicy': True, 'beingSandBoxSuperAdmin': False, 'collectUserInfo': None, 'createTime': None, 'csShow': True, 'desktopRemind': True, 'email': '767676758@qq.com', 'firstLogin': None, 'grayLimit': 83, 'graySpecify': False, 'grayType': 1, 'hasPwdLoggedIn': False, 'havePassword': True, 'headImg': None, 'lang': None, 'lastWsInfo': {'accepted': None, 'accountLevel': 40, 'auth': 2, 'beingCustomizedAppSync': None, 'beingHideHelpDocument': False, 'beingSandbox': False, 'beingWatermark': False, 'biAuth': 'SUPER', 'canWorkWx': False, 'contactEnableNum': 1, 'contactNum': 1, 'dataRelatedStatus': 'NEW', 'departs': [], 'dynamic': None, 'exId': 'tAeLHd46LCJyAXd1OLq1Yg==', 'exUserId': '1891295', 'expireDate': 1694880045000, 'hideCopyright': False, 'logoutConfig': {'logOutToSso': False, 'serverName': None, 'ssoType': None}, 'memberId': 1713447, 'openConnectorList': [], 'openPluginList': [2, 3, 6, 7, 8, 9, 13, 14, 15, 16, 17, 25, 26, 27, 28, 29, 33, 34, 35, 36, 37, 38, 39, 42, 43, 44, 45, -2, 32], 'permissionStatus': None, 'pluginClickList': [], 'pluginLimitDetail': {'dashAllVisiableLimit': 4, 'dashAllVisiableNum': 0}, 'publicAccessAuthVO': {'beingAttachmentQuestion': False, 'beingPublicLink': False}, 'remark': '767676758@qq.com', 'showContact': True, 'trial': True, 'trialDays': '0', 'trialNotice': True, 'type': 'normal', 'useScheduledSync': False, 'watermarkConfig': {'showDate': False, 'showDeparts': False, 'showExUserId': False, 'showName': True, 'showPhoneNumber': False, 'showWsName': False}, 'wsDomain': None, 'wsFunction': 'platform', 'wsId': 443356, 'wsLimitDetail': {'canDashNum': -1, 'canFormNum': -1, 'canPackageNum': -1, 'currentDashNum': -1, 'currentFormNum': -1, 'currentPackageNum': -1}, 'wsName': '767676758@qq.comÁöÑÂ∑•‰ΩúÂå∫'}, 'mobile': '767676758', 'nickName': '767676758@qq.com', 'npsCollect': False, 'promoCode': '79dd75c3c', 'randomEmail': False, 'recordedNewGuidePop': [], 'showProcessPersonal': False, 'signatureUrl': None, 'source': 'home_home', 'status': None, 'uid': 1891295}, 'userSecurityVO': {'authMethod': 0, 'beingUninitialized': False}}
118.25.243.250 - - [02/Sep/2023 00:00:45] "POST /mointor HTTP/1.1" 200 -
((639, datetime.datetime(2023, 9, 2, 0, 0, 45), 1, 120),)
759
yibukaishi
767676759@qq.com
767676759
{'beingInvited': False, 'corpName': None, 'loginToken': None, 'openId': None, 'token': '9d66c805-d032-4717-8f3a-4c946102a445', 'userInfo': {'beingBlackEmail': False, 'beingDisableExpiryRemind': False, 'beingExpand': None, 'beingInvited': False, 'beingLangFollowBrowser': True, 'beingOldVersion': None, 'beingPrivacyPolicy': True, 'beingSandBoxSuperAdmin': False, 'collectUserInfo': None, 'createTime': None, 'csShow': True, 'desktopRemind': True, 'email': '767676759@qq.com', 'firstLogin': None, 'grayLimit': 1, 'graySpecify': False, 'grayType': 1, 'hasPwdLoggedIn': False, 'havePassword': True, 'headImg': None, 'lang': None, 'lastWsInfo': {'accepted': None, 'accountLevel': 40, 'auth': 2, 'beingCustomizedAppSync': None, 'beingHideHelpDocument': False, 'beingSandbox': False, 'beingWatermark': False, 'biAuth': 'SUPER', 'canWorkWx': False, 'contactEnableNum': 1, 'contactNum': 1, 'dataRelatedStatus': 'NEW', 'departs': [], 'dynamic': None, 'exId': 'tAeLHd46LCK1Z4gnMFnFbg==', 'exUserId': '1891300', 'expireDate': 1694881809000, 'hideCopyright': False, 'logoutConfig': {'logOutToSso': False, 'serverName': None, 'ssoType': None}, 'memberId': 1713450, 'openConnectorList': [], 'openPluginList': [2, 3, 6, 7, 8, 9, 13, 14, 15, 16, 17, 25, 26, 27, 28, 29, 33, 34, 35, 36, 37, 38, 39, 42, 43, 44, 45, -2, 32], 'permissionStatus': None, 'pluginClickList': [], 'pluginLimitDetail': {'dashAllVisiableLimit': 4, 'dashAllVisiableNum': 0}, 'publicAccessAuthVO': {'beingAttachmentQuestion': False, 'beingPublicLink': False}, 'remark': '767676759@qq.com', 'showContact': True, 'trial': True, 'trialDays': '0', 'trialNotice': True, 'type': 'normal', 'useScheduledSync': False, 'watermarkConfig': {'showDate': False, 'showDeparts': False, 'showExUserId': False, 'showName': True, 'showPhoneNumber': False, 'showWsName': False}, 'wsDomain': None, 'wsFunction': 'platform', 'wsId': 443359, 'wsLimitDetail': {'canDashNum': -1, 'canFormNum': -1, 'canPackageNum': -1, 'currentDashNum': -1, 'currentFormNum': -1, 'currentPackageNum': -1}, 'wsName': '767676759@qq.comÁöÑÂ∑•‰ΩúÂå∫'}, 'mobile': '767676759', 'nickName': '767676759@qq.com', 'npsCollect': False, 'promoCode': 'f75f91b08', 'randomEmail': False, 'recordedNewGuidePop': [], 'showProcessPersonal': False, 'signatureUrl': None, 'source': 'home_home', 'status': None, 'uid': 1891300}, 'userSecurityVO': {'authMethod': 0, 'beingUninitialized': False}}
{'beingInvited': False, 'corpName': None, 'loginToken': None, 'openId': None, 'token': '9d66c805-d032-4717-8f3a-4c946102a445', 'userInfo': {'beingBlackEmail': False, 'beingDisableExpiryRemind': False, 'beingExpand': None, 'beingInvited': False, 'beingLangFollowBrowser': True, 'beingOldVersion': None, 'beingPrivacyPolicy': True, 'beingSandBoxSuperAdmin': False, 'collectUserInfo': None, 'createTime': None, 'csShow': True, 'desktopRemind': True, 'email': '767676759@qq.com', 'firstLogin': None, 'grayLimit': 1, 'graySpecify': False, 'grayType': 1, 'hasPwdLoggedIn': False, 'havePassword': True, 'headImg': None, 'lang': None, 'lastWsInfo': {'accepted': None, 'accountLevel': 40, 'auth': 2, 'beingCustomizedAppSync': None, 'beingHideHelpDocument': False, 'beingSandbox': False, 'beingWatermark': False, 'biAuth': 'SUPER', 'canWorkWx': False, 'contactEnableNum': 1, 'contactNum': 1, 'dataRelatedStatus': 'NEW', 'departs': [], 'dynamic': None, 'exId': 'tAeLHd46LCK1Z4gnMFnFbg==', 'exUserId': '1891300', 'expireDate': 1694881809000, 'hideCopyright': False, 'logoutConfig': {'logOutToSso': False, 'serverName': None, 'ssoType': None}, 'memberId': 1713450, 'openConnectorList': [], 'openPluginList': [2, 3, 6, 7, 8, 9, 13, 14, 15, 16, 17, 25, 26, 27, 28, 29, 33, 34, 35, 36, 37, 38, 39, 42, 43, 44, 45, -2, 32], 'permissionStatus': None, 'pluginClickList': [], 'pluginLimitDetail': {'dashAllVisiableLimit': 4, 'dashAllVisiableNum': 0}, 'publicAccessAuthVO': {'beingAttachmentQuestion': False, 'beingPublicLink': False}, 'remark': '767676759@qq.com', 'showContact': True, 'trial': True, 'trialDays': '0', 'trialNotice': True, 'type': 'normal', 'useScheduledSync': False, 'watermarkConfig': {'showDate': False, 'showDeparts': False, 'showExUserId': False, 'showName': True, 'showPhoneNumber': False, 'showWsName': False}, 'wsDomain': None, 'wsFunction': 'platform', 'wsId': 443359, 'wsLimitDetail': {'canDashNum': -1, 'canFormNum': -1, 'canPackageNum': -1, 'currentDashNum': -1, 'currentFormNum': -1, 'currentPackageNum': -1}, 'wsName': '767676759@qq.comÁöÑÂ∑•‰ΩúÂå∫'}, 'mobile': '767676759', 'nickName': '767676759@qq.com', 'npsCollect': False, 'promoCode': 'f75f91b08', 'randomEmail': False, 'recordedNewGuidePop': [], 'showProcessPersonal': False, 'signatureUrl': None, 'source': 'home_home', 'status': None, 'uid': 1891300}, 'userSecurityVO': {'authMethod': 0, 'beingUninitialized': False}}
118.25.243.250 - - [02/Sep/2023 00:30:09] "POST /mointor HTTP/1.1" 200 -
640
[2023-09-02 03:28:02,642] ERROR in app: Exception on / [GET]
Traceback (most recent call last):
  File "/usr/local/lib64/python3.6/site-packages/flask/app.py", line 2073, in wsgi_app
    response = self.full_dispatch_request()
  File "/usr/local/lib64/python3.6/site-packages/flask/app.py", line 1519, in full_dispatch_request
    return self.finalize_request(rv)
  File "/usr/local/lib64/python3.6/site-packages/flask/app.py", line 1538, in finalize_request
    response = self.make_response(rv)
  File "/usr/local/lib64/python3.6/site-packages/flask/app.py", line 1702, in make_response
    f"The view function for {request.endpoint!r} did not"
TypeError: The view function for 'result' did not return a valid response. The function either returned None or ended without a return statement.
172.93.101.49 - - [02/Sep/2023 03:28:02] "[35m[1mGET / HTTP/1.1[0m" 500 -
640
124.221.203.147 - - [02/Sep/2023 10:00:57] "GET /?password=wsj HTTP/1.1" 200 -
640
[2023-09-02 17:09:12,116] ERROR in app: Exception on / [GET]
Traceback (most recent call last):
  File "/usr/local/lib64/python3.6/site-packages/flask/app.py", line 2073, in wsgi_app
    response = self.full_dispatch_request()
  File "/usr/local/lib64/python3.6/site-packages/flask/app.py", line 1519, in full_dispatch_request
    return self.finalize_request(rv)
  File "/usr/local/lib64/python3.6/site-packages/flask/app.py", line 1538, in finalize_request
    response = self.make_response(rv)
  File "/usr/local/lib64/python3.6/site-packages/flask/app.py", line 1702, in make_response
    f"The view function for {request.endpoint!r} did not"
TypeError: The view function for 'result' did not return a valid response. The function either returned None or ended without a return statement.
35.203.210.6 - - [02/Sep/2023 17:09:12] "[35m[1mGET / HTTP/1.1[0m" 500 -
640
[2023-09-02 18:40:52,890] ERROR in app: Exception on / [GET]
Traceback (most recent call last):
  File "/usr/local/lib64/python3.6/site-packages/flask/app.py", line 2073, in wsgi_app
    response = self.full_dispatch_request()
  File "/usr/local/lib64/python3.6/site-packages/flask/app.py", line 1519, in full_dispatch_request
    return self.finalize_request(rv)
  File "/usr/local/lib64/python3.6/site-packages/flask/app.py", line 1538, in finalize_request
    response = self.make_response(rv)
  File "/usr/local/lib64/python3.6/site-packages/flask/app.py", line 1702, in make_response
    f"The view function for {request.endpoint!r} did not"
TypeError: The view function for 'result' did not return a valid response. The function either returned None or ended without a return statement.
95.214.53.99 - - [02/Sep/2023 18:40:52] "[35m[1mGET / HTTP/1.1[0m" 500 -
161.189.134.11 - - [02/Sep/2023 22:24:58] code 400, message Bad request syntax ('333766643833656338616434363333643963363962386536653538383937393235613033653338636434')
161.189.134.11 - - [02/Sep/2023 22:24:58] "[35m[1m333766643833656338616434363333643963363962386536653538383937393235613033653338636434[0m" HTTPStatus.BAD_REQUEST -
640
[2023-09-02 23:42:31,566] ERROR in app: Exception on / [GET]
Traceback (most recent call last):
  File "/usr/local/lib64/python3.6/site-packages/flask/app.py", line 2073, in wsgi_app
    response = self.full_dispatch_request()
  File "/usr/local/lib64/python3.6/site-packages/flask/app.py", line 1519, in full_dispatch_request
    return self.finalize_request(rv)
  File "/usr/local/lib64/python3.6/site-packages/flask/app.py", line 1538, in finalize_request
    response = self.make_response(rv)
  File "/usr/local/lib64/python3.6/site-packages/flask/app.py", line 1702, in make_response
    f"The view function for {request.endpoint!r} did not"
TypeError: The view function for 'result' did not return a valid response. The function either returned None or ended without a return statement.
103.195.101.17 - - [02/Sep/2023 23:42:31] "[35m[1mGET / HTTP/1.1[0m" 500 -
((640, datetime.datetime(2023, 9, 2, 0, 30, 9), 1, 120),)
760
yibukaishi
767676760@qq.com
767676760
{'beingInvited': False, 'corpName': None, 'loginToken': None, 'openId': None, 'token': 'b98891ee-2635-414b-aeb3-3c0df33967b5', 'userInfo': {'beingBlackEmail': False, 'beingDisableExpiryRemind': False, 'beingExpand': None, 'beingInvited': False, 'beingLangFollowBrowser': True, 'beingOldVersion': None, 'beingPrivacyPolicy': True, 'beingSandBoxSuperAdmin': False, 'collectUserInfo': None, 'createTime': None, 'csShow': True, 'desktopRemind': True, 'email': '767676760@qq.com', 'firstLogin': None, 'grayLimit': 99, 'graySpecify': False, 'grayType': 1, 'hasPwdLoggedIn': False, 'havePassword': True, 'headImg': None, 'lang': None, 'lastWsInfo': {'accepted': None, 'accountLevel': 40, 'auth': 2, 'beingCustomizedAppSync': None, 'beingHideHelpDocument': False, 'beingSandbox': False, 'beingWatermark': False, 'biAuth': 'SUPER', 'canWorkWx': False, 'contactEnableNum': 1, 'contactNum': 1, 'dataRelatedStatus': 'NEW', 'departs': [], 'dynamic': None, 'exId': 'tAeLHd46LCK5/94Cb8CmqQ==', 'exUserId': '1891959', 'expireDate': 1694966441000, 'hideCopyright': False, 'logoutConfig': {'logOutToSso': False, 'serverName': None, 'ssoType': None}, 'memberId': 1713912, 'openConnectorList': [], 'openPluginList': [2, 3, 6, 7, 8, 9, 13, 14, 15, 16, 17, 25, 26, 27, 28, 29, 33, 34, 35, 36, 37, 38, 39, 42, 43, 44, 45, -2, 32], 'permissionStatus': None, 'pluginClickList': [], 'pluginLimitDetail': {'dashAllVisiableLimit': 4, 'dashAllVisiableNum': 0}, 'publicAccessAuthVO': {'beingAttachmentQuestion': False, 'beingPublicLink': False}, 'remark': '767676760@qq.com', 'showContact': True, 'trial': True, 'trialDays': '0', 'trialNotice': True, 'type': 'normal', 'useScheduledSync': False, 'watermarkConfig': {'showDate': False, 'showDeparts': False, 'showExUserId': False, 'showName': True, 'showPhoneNumber': False, 'showWsName': False}, 'wsDomain': None, 'wsFunction': 'platform', 'wsId': 443618, 'wsLimitDetail': {'canDashNum': -1, 'canFormNum': -1, 'canPackageNum': -1, 'currentDashNum': -1, 'currentFormNum': -1, 'currentPackageNum': -1}, 'wsName': '767676760@qq.comÁöÑÂ∑•‰ΩúÂå∫'}, 'mobile': '767676760', 'nickName': '767676760@qq.com', 'npsCollect': False, 'promoCode': '0736a0641', 'randomEmail': False, 'recordedNewGuidePop': [], 'showProcessPersonal': False, 'signatureUrl': None, 'source': 'home_home', 'status': None, 'uid': 1891959}, 'userSecurityVO': {'authMethod': 0, 'beingUninitialized': False}}
{'beingInvited': False, 'corpName': None, 'loginToken': None, 'openId': None, 'token': 'b98891ee-2635-414b-aeb3-3c0df33967b5', 'userInfo': {'beingBlackEmail': False, 'beingDisableExpiryRemind': False, 'beingExpand': None, 'beingInvited': False, 'beingLangFollowBrowser': True, 'beingOldVersion': None, 'beingPrivacyPolicy': True, 'beingSandBoxSuperAdmin': False, 'collectUserInfo': None, 'createTime': None, 'csShow': True, 'desktopRemind': True, 'email': '767676760@qq.com', 'firstLogin': None, 'grayLimit': 99, 'graySpecify': False, 'grayType': 1, 'hasPwdLoggedIn': False, 'havePassword': True, 'headImg': None, 'lang': None, 'lastWsInfo': {'accepted': None, 'accountLevel': 40, 'auth': 2, 'beingCustomizedAppSync': None, 'beingHideHelpDocument': False, 'beingSandbox': False, 'beingWatermark': False, 'biAuth': 'SUPER', 'canWorkWx': False, 'contactEnableNum': 1, 'contactNum': 1, 'dataRelatedStatus': 'NEW', 'departs': [], 'dynamic': None, 'exId': 'tAeLHd46LCK5/94Cb8CmqQ==', 'exUserId': '1891959', 'expireDate': 1694966441000, 'hideCopyright': False, 'logoutConfig': {'logOutToSso': False, 'serverName': None, 'ssoType': None}, 'memberId': 1713912, 'openConnectorList': [], 'openPluginList': [2, 3, 6, 7, 8, 9, 13, 14, 15, 16, 17, 25, 26, 27, 28, 29, 33, 34, 35, 36, 37, 38, 39, 42, 43, 44, 45, -2, 32], 'permissionStatus': None, 'pluginClickList': [], 'pluginLimitDetail': {'dashAllVisiableLimit': 4, 'dashAllVisiableNum': 0}, 'publicAccessAuthVO': {'beingAttachmentQuestion': False, 'beingPublicLink': False}, 'remark': '767676760@qq.com', 'showContact': True, 'trial': True, 'trialDays': '0', 'trialNotice': True, 'type': 'normal', 'useScheduledSync': False, 'watermarkConfig': {'showDate': False, 'showDeparts': False, 'showExUserId': False, 'showName': True, 'showPhoneNumber': False, 'showWsName': False}, 'wsDomain': None, 'wsFunction': 'platform', 'wsId': 443618, 'wsLimitDetail': {'canDashNum': -1, 'canFormNum': -1, 'canPackageNum': -1, 'currentDashNum': -1, 'currentFormNum': -1, 'currentPackageNum': -1}, 'wsName': '767676760@qq.comÁöÑÂ∑•‰ΩúÂå∫'}, 'mobile': '767676760', 'nickName': '767676760@qq.com', 'npsCollect': False, 'promoCode': '0736a0641', 'randomEmail': False, 'recordedNewGuidePop': [], 'showProcessPersonal': False, 'signatureUrl': None, 'source': 'home_home', 'status': None, 'uid': 1891959}, 'userSecurityVO': {'authMethod': 0, 'beingUninitialized': False}}
118.25.243.250 - - [03/Sep/2023 00:00:40] "POST /mointor HTTP/1.1" 200 -
((641, datetime.datetime(2023, 9, 3, 0, 0, 40), 1, 120),)
761
yibukaishi
767676761@qq.com
767676761
{'beingInvited': False, 'corpName': None, 'loginToken': None, 'openId': None, 'token': '1b77eec9-af12-480b-af8a-493481dfbaca', 'userInfo': {'beingBlackEmail': False, 'beingDisableExpiryRemind': False, 'beingExpand': None, 'beingInvited': False, 'beingLangFollowBrowser': True, 'beingOldVersion': None, 'beingPrivacyPolicy': True, 'beingSandBoxSuperAdmin': False, 'collectUserInfo': None, 'createTime': None, 'csShow': True, 'desktopRemind': True, 'email': '767676761@qq.com', 'firstLogin': None, 'grayLimit': 69, 'graySpecify': False, 'grayType': 1, 'hasPwdLoggedIn': False, 'havePassword': True, 'headImg': None, 'lang': None, 'lastWsInfo': {'accepted': None, 'accountLevel': 40, 'auth': 2, 'beingCustomizedAppSync': None, 'beingHideHelpDocument': False, 'beingSandbox': False, 'beingWatermark': False, 'biAuth': 'SUPER', 'canWorkWx': False, 'contactEnableNum': 1, 'contactNum': 1, 'dataRelatedStatus': 'NEW', 'departs': [], 'dynamic': None, 'exId': 'tAeLHd46LCJ2e74YpEaybA==', 'exUserId': '1891962', 'expireDate': 1694968209000, 'hideCopyright': False, 'logoutConfig': {'logOutToSso': False, 'serverName': None, 'ssoType': None}, 'memberId': 1713915, 'openConnectorList': [], 'openPluginList': [2, 3, 6, 7, 8, 9, 13, 14, 15, 16, 17, 25, 26, 27, 28, 29, 33, 34, 35, 36, 37, 38, 39, 42, 43, 44, 45, -2, 32], 'permissionStatus': None, 'pluginClickList': [], 'pluginLimitDetail': {'dashAllVisiableLimit': 4, 'dashAllVisiableNum': 0}, 'publicAccessAuthVO': {'beingAttachmentQuestion': False, 'beingPublicLink': False}, 'remark': '767676761@qq.com', 'showContact': True, 'trial': True, 'trialDays': '0', 'trialNotice': True, 'type': 'normal', 'useScheduledSync': False, 'watermarkConfig': {'showDate': False, 'showDeparts': False, 'showExUserId': False, 'showName': True, 'showPhoneNumber': False, 'showWsName': False}, 'wsDomain': None, 'wsFunction': 'platform', 'wsId': 443621, 'wsLimitDetail': {'canDashNum': -1, 'canFormNum': -1, 'canPackageNum': -1, 'currentDashNum': -1, 'currentFormNum': -1, 'currentPackageNum': -1}, 'wsName': '767676761@qq.comÁöÑÂ∑•‰ΩúÂå∫'}, 'mobile': '767676761', 'nickName': '767676761@qq.com', 'npsCollect': False, 'promoCode': '330f36a4f', 'randomEmail': False, 'recordedNewGuidePop': [], 'showProcessPersonal': False, 'signatureUrl': None, 'source': 'home_home', 'status': None, 'uid': 1891962}, 'userSecurityVO': {'authMethod': 0, 'beingUninitialized': False}}
{'beingInvited': False, 'corpName': None, 'loginToken': None, 'openId': None, 'token': '1b77eec9-af12-480b-af8a-493481dfbaca', 'userInfo': {'beingBlackEmail': False, 'beingDisableExpiryRemind': False, 'beingExpand': None, 'beingInvited': False, 'beingLangFollowBrowser': True, 'beingOldVersion': None, 'beingPrivacyPolicy': True, 'beingSandBoxSuperAdmin': False, 'collectUserInfo': None, 'createTime': None, 'csShow': True, 'desktopRemind': True, 'email': '767676761@qq.com', 'firstLogin': None, 'grayLimit': 69, 'graySpecify': False, 'grayType': 1, 'hasPwdLoggedIn': False, 'havePassword': True, 'headImg': None, 'lang': None, 'lastWsInfo': {'accepted': None, 'accountLevel': 40, 'auth': 2, 'beingCustomizedAppSync': None, 'beingHideHelpDocument': False, 'beingSandbox': False, 'beingWatermark': False, 'biAuth': 'SUPER', 'canWorkWx': False, 'contactEnableNum': 1, 'contactNum': 1, 'dataRelatedStatus': 'NEW', 'departs': [], 'dynamic': None, 'exId': 'tAeLHd46LCJ2e74YpEaybA==', 'exUserId': '1891962', 'expireDate': 1694968209000, 'hideCopyright': False, 'logoutConfig': {'logOutToSso': False, 'serverName': None, 'ssoType': None}, 'memberId': 1713915, 'openConnectorList': [], 'openPluginList': [2, 3, 6, 7, 8, 9, 13, 14, 15, 16, 17, 25, 26, 27, 28, 29, 33, 34, 35, 36, 37, 38, 39, 42, 43, 44, 45, -2, 32], 'permissionStatus': None, 'pluginClickList': [], 'pluginLimitDetail': {'dashAllVisiableLimit': 4, 'dashAllVisiableNum': 0}, 'publicAccessAuthVO': {'beingAttachmentQuestion': False, 'beingPublicLink': False}, 'remark': '767676761@qq.com', 'showContact': True, 'trial': True, 'trialDays': '0', 'trialNotice': True, 'type': 'normal', 'useScheduledSync': False, 'watermarkConfig': {'showDate': False, 'showDeparts': False, 'showExUserId': False, 'showName': True, 'showPhoneNumber': False, 'showWsName': False}, 'wsDomain': None, 'wsFunction': 'platform', 'wsId': 443621, 'wsLimitDetail': {'canDashNum': -1, 'canFormNum': -1, 'canPackageNum': -1, 'currentDashNum': -1, 'currentFormNum': -1, 'currentPackageNum': -1}, 'wsName': '767676761@qq.comÁöÑÂ∑•‰ΩúÂå∫'}, 'mobile': '767676761', 'nickName': '767676761@qq.com', 'npsCollect': False, 'promoCode': '330f36a4f', 'randomEmail': False, 'recordedNewGuidePop': [], 'showProcessPersonal': False, 'signatureUrl': None, 'source': 'home_home', 'status': None, 'uid': 1891962}, 'userSecurityVO': {'authMethod': 0, 'beingUninitialized': False}}
118.25.243.250 - - [03/Sep/2023 00:30:09] "POST /mointor HTTP/1.1" 200 -
642
[2023-09-03 07:44:29,684] ERROR in app: Exception on / [GET]
Traceback (most recent call last):
  File "/usr/local/lib64/python3.6/site-packages/flask/app.py", line 2073, in wsgi_app
    response = self.full_dispatch_request()
  File "/usr/local/lib64/python3.6/site-packages/flask/app.py", line 1519, in full_dispatch_request
    return self.finalize_request(rv)
  File "/usr/local/lib64/python3.6/site-packages/flask/app.py", line 1538, in finalize_request
    response = self.make_response(rv)
  File "/usr/local/lib64/python3.6/site-packages/flask/app.py", line 1702, in make_response
    f"The view function for {request.endpoint!r} did not"
TypeError: The view function for 'result' did not return a valid response. The function either returned None or ended without a return statement.
167.248.133.188 - - [03/Sep/2023 07:44:29] "[35m[1mGET / HTTP/1.1[0m" 500 -
167.248.133.188 - - [03/Sep/2023 07:44:30] code 505, message Invalid HTTP version (2.0)
167.248.133.188 - - [03/Sep/2023 07:44:30] "[35m[1mPRI * HTTP/2.0[0m" HTTPStatus.HTTP_VERSION_NOT_SUPPORTED -
642
124.221.203.147 - - [03/Sep/2023 10:00:57] "GET /?password=wsj HTTP/1.1" 200 -
123.160.221.19 - - [03/Sep/2023 13:05:20] code 400, message Bad request version ('√Ä\x13√Ä')
123.160.221.19 - - [03/Sep/2023 13:05:20] "[35m[1m √Æ  √™I¬≤√π¬º¬ôi√ÄY√ª√∏¬∫e-¬ÉUd]¬ç¬∑b8¬¥g√Ü√ù9dZ8f g√Å¬Åi¬≥√∂√≤√ã¬∞¬©N√ñ¬Ω¬ïg|p√º√©<Z¬°¬êT¬∑√©¬•8'O; &√Ä+√Ä/√Ä,√Ä0√å¬©√å¬®√Ä	√Ä√Ä[0m" HTTPStatus.BAD_REQUEST -
642
[2023-09-03 13:05:30,498] ERROR in app: Exception on / [GET]
Traceback (most recent call last):
  File "/usr/local/lib64/python3.6/site-packages/flask/app.py", line 2073, in wsgi_app
    response = self.full_dispatch_request()
  File "/usr/local/lib64/python3.6/site-packages/flask/app.py", line 1519, in full_dispatch_request
    return self.finalize_request(rv)
  File "/usr/local/lib64/python3.6/site-packages/flask/app.py", line 1538, in finalize_request
    response = self.make_response(rv)
  File "/usr/local/lib64/python3.6/site-packages/flask/app.py", line 1702, in make_response
    f"The view function for {request.endpoint!r} did not"
TypeError: The view function for 'result' did not return a valid response. The function either returned None or ended without a return statement.
123.160.221.19 - - [03/Sep/2023 13:05:30] "[35m[1mGET / HTTP/1.1[0m" 500 -
642
[2023-09-03 13:06:07,758] ERROR in app: Exception on / [GET]
Traceback (most recent call last):
  File "/usr/local/lib64/python3.6/site-packages/flask/app.py", line 2073, in wsgi_app
    response = self.full_dispatch_request()
  File "/usr/local/lib64/python3.6/site-packages/flask/app.py", line 1519, in full_dispatch_request
    return self.finalize_request(rv)
  File "/usr/local/lib64/python3.6/site-packages/flask/app.py", line 1538, in finalize_request
    response = self.make_response(rv)
  File "/usr/local/lib64/python3.6/site-packages/flask/app.py", line 1702, in make_response
    f"The view function for {request.endpoint!r} did not"
TypeError: The view function for 'result' did not return a valid response. The function either returned None or ended without a return statement.
211.95.50.7 - - [03/Sep/2023 13:06:07] "[35m[1mGET / HTTP/1.1[0m" 500 -
642
[2023-09-03 13:06:17,050] ERROR in app: Exception on / [GET]
Traceback (most recent call last):
  File "/usr/local/lib64/python3.6/site-packages/flask/app.py", line 2073, in wsgi_app
    response = self.full_dispatch_request()
  File "/usr/local/lib64/python3.6/site-packages/flask/app.py", line 1519, in full_dispatch_request
    return self.finalize_request(rv)
  File "/usr/local/lib64/python3.6/site-packages/flask/app.py", line 1538, in finalize_request
    response = self.make_response(rv)
  File "/usr/local/lib64/python3.6/site-packages/flask/app.py", line 1702, in make_response
    f"The view function for {request.endpoint!r} did not"
TypeError: The view function for 'result' did not return a valid response. The function either returned None or ended without a return statement.
36.99.136.137 - - [03/Sep/2023 13:06:17] "[35m[1mGET / HTTP/1.1[0m" 500 -
642
[2023-09-03 13:09:51,312] ERROR in app: Exception on / [GET]
Traceback (most recent call last):
  File "/usr/local/lib64/python3.6/site-packages/flask/app.py", line 2073, in wsgi_app
    response = self.full_dispatch_request()
  File "/usr/local/lib64/python3.6/site-packages/flask/app.py", line 1519, in full_dispatch_request
    return self.finalize_request(rv)
  File "/usr/local/lib64/python3.6/site-packages/flask/app.py", line 1538, in finalize_request
    response = self.make_response(rv)
  File "/usr/local/lib64/python3.6/site-packages/flask/app.py", line 1702, in make_response
    f"The view function for {request.endpoint!r} did not"
TypeError: The view function for 'result' did not return a valid response. The function either returned None or ended without a return statement.
113.137.38.229 - - [03/Sep/2023 13:09:51] "[35m[1mGET / HTTP/1.1[0m" 500 -
((642, datetime.datetime(2023, 9, 3, 0, 30, 9), 1, 120),)
762
yibukaishi
767676762@qq.com
767676762
{'beingInvited': False, 'corpName': None, 'loginToken': None, 'openId': None, 'token': 'b83c4aeb-7d69-4a17-b3b3-0f57e8a64b40', 'userInfo': {'beingBlackEmail': False, 'beingDisableExpiryRemind': False, 'beingExpand': None, 'beingInvited': False, 'beingLangFollowBrowser': True, 'beingOldVersion': None, 'beingPrivacyPolicy': True, 'beingSandBoxSuperAdmin': False, 'collectUserInfo': None, 'createTime': None, 'csShow': True, 'desktopRemind': True, 'email': '767676762@qq.com', 'firstLogin': None, 'grayLimit': 68, 'graySpecify': False, 'grayType': 1, 'hasPwdLoggedIn': False, 'havePassword': True, 'headImg': None, 'lang': None, 'lastWsInfo': {'accepted': None, 'accountLevel': 40, 'auth': 2, 'beingCustomizedAppSync': None, 'beingHideHelpDocument': False, 'beingSandbox': False, 'beingWatermark': False, 'biAuth': 'SUPER', 'canWorkWx': False, 'contactEnableNum': 1, 'contactNum': 1, 'dataRelatedStatus': 'NEW', 'departs': [], 'dynamic': None, 'exId': 'tAeLHd46LCI9RkewrAaMbw==', 'exUserId': '1892496', 'expireDate': 1695052847000, 'hideCopyright': False, 'logoutConfig': {'logOutToSso': False, 'serverName': None, 'ssoType': None}, 'memberId': 1714235, 'openConnectorList': [], 'openPluginList': [2, 3, 6, 7, 8, 9, 13, 14, 15, 16, 17, 25, 26, 27, 28, 29, 33, 34, 35, 36, 37, 38, 39, 42, 43, 44, 45, -2, 32], 'permissionStatus': None, 'pluginClickList': [], 'pluginLimitDetail': {'dashAllVisiableLimit': 4, 'dashAllVisiableNum': 0}, 'publicAccessAuthVO': {'beingAttachmentQuestion': False, 'beingPublicLink': False}, 'remark': '767676762@qq.com', 'showContact': True, 'trial': True, 'trialDays': '0', 'trialNotice': True, 'type': 'normal', 'useScheduledSync': False, 'watermarkConfig': {'showDate': False, 'showDeparts': False, 'showExUserId': False, 'showName': True, 'showPhoneNumber': False, 'showWsName': False}, 'wsDomain': None, 'wsFunction': 'platform', 'wsId': 443865, 'wsLimitDetail': {'canDashNum': -1, 'canFormNum': -1, 'canPackageNum': -1, 'currentDashNum': -1, 'currentFormNum': -1, 'currentPackageNum': -1}, 'wsName': '767676762@qq.comÁöÑÂ∑•‰ΩúÂå∫'}, 'mobile': '767676762', 'nickName': '767676762@qq.com', 'npsCollect': False, 'promoCode': 'ee02c3f9a', 'randomEmail': False, 'recordedNewGuidePop': [], 'showProcessPersonal': False, 'signatureUrl': None, 'source': 'home_home', 'status': None, 'uid': 1892496}, 'userSecurityVO': {'authMethod': 0, 'beingUninitialized': False}}
{'beingInvited': False, 'corpName': None, 'loginToken': None, 'openId': None, 'token': 'b83c4aeb-7d69-4a17-b3b3-0f57e8a64b40', 'userInfo': {'beingBlackEmail': False, 'beingDisableExpiryRemind': False, 'beingExpand': None, 'beingInvited': False, 'beingLangFollowBrowser': True, 'beingOldVersion': None, 'beingPrivacyPolicy': True, 'beingSandBoxSuperAdmin': False, 'collectUserInfo': None, 'createTime': None, 'csShow': True, 'desktopRemind': True, 'email': '767676762@qq.com', 'firstLogin': None, 'grayLimit': 68, 'graySpecify': False, 'grayType': 1, 'hasPwdLoggedIn': False, 'havePassword': True, 'headImg': None, 'lang': None, 'lastWsInfo': {'accepted': None, 'accountLevel': 40, 'auth': 2, 'beingCustomizedAppSync': None, 'beingHideHelpDocument': False, 'beingSandbox': False, 'beingWatermark': False, 'biAuth': 'SUPER', 'canWorkWx': False, 'contactEnableNum': 1, 'contactNum': 1, 'dataRelatedStatus': 'NEW', 'departs': [], 'dynamic': None, 'exId': 'tAeLHd46LCI9RkewrAaMbw==', 'exUserId': '1892496', 'expireDate': 1695052847000, 'hideCopyright': False, 'logoutConfig': {'logOutToSso': False, 'serverName': None, 'ssoType': None}, 'memberId': 1714235, 'openConnectorList': [], 'openPluginList': [2, 3, 6, 7, 8, 9, 13, 14, 15, 16, 17, 25, 26, 27, 28, 29, 33, 34, 35, 36, 37, 38, 39, 42, 43, 44, 45, -2, 32], 'permissionStatus': None, 'pluginClickList': [], 'pluginLimitDetail': {'dashAllVisiableLimit': 4, 'dashAllVisiableNum': 0}, 'publicAccessAuthVO': {'beingAttachmentQuestion': False, 'beingPublicLink': False}, 'remark': '767676762@qq.com', 'showContact': True, 'trial': True, 'trialDays': '0', 'trialNotice': True, 'type': 'normal', 'useScheduledSync': False, 'watermarkConfig': {'showDate': False, 'showDeparts': False, 'showExUserId': False, 'showName': True, 'showPhoneNumber': False, 'showWsName': False}, 'wsDomain': None, 'wsFunction': 'platform', 'wsId': 443865, 'wsLimitDetail': {'canDashNum': -1, 'canFormNum': -1, 'canPackageNum': -1, 'currentDashNum': -1, 'currentFormNum': -1, 'currentPackageNum': -1}, 'wsName': '767676762@qq.comÁöÑÂ∑•‰ΩúÂå∫'}, 'mobile': '767676762', 'nickName': '767676762@qq.com', 'npsCollect': False, 'promoCode': 'ee02c3f9a', 'randomEmail': False, 'recordedNewGuidePop': [], 'showProcessPersonal': False, 'signatureUrl': None, 'source': 'home_home', 'status': None, 'uid': 1892496}, 'userSecurityVO': {'authMethod': 0, 'beingUninitialized': False}}
118.25.243.250 - - [04/Sep/2023 00:00:47] "POST /mointor HTTP/1.1" 200 -
((643, datetime.datetime(2023, 9, 4, 0, 0, 47), 1, 120),)
763
yibukaishi
767676763@qq.com
767676763
{'beingInvited': False, 'corpName': None, 'loginToken': None, 'openId': None, 'token': '044b0be9-dbe4-4564-ac8d-c2400612adf4', 'userInfo': {'beingBlackEmail': False, 'beingDisableExpiryRemind': False, 'beingExpand': None, 'beingInvited': False, 'beingLangFollowBrowser': True, 'beingOldVersion': None, 'beingPrivacyPolicy': True, 'beingSandBoxSuperAdmin': False, 'collectUserInfo': None, 'createTime': None, 'csShow': True, 'desktopRemind': True, 'email': '767676763@qq.com', 'firstLogin': None, 'grayLimit': 37, 'graySpecify': False, 'grayType': 1, 'hasPwdLoggedIn': False, 'havePassword': True, 'headImg': None, 'lang': None, 'lastWsInfo': {'accepted': None, 'accountLevel': 40, 'auth': 2, 'beingCustomizedAppSync': None, 'beingHideHelpDocument': False, 'beingSandbox': False, 'beingWatermark': False, 'biAuth': 'SUPER', 'canWorkWx': False, 'contactEnableNum': 1, 'contactNum': 1, 'dataRelatedStatus': 'NEW', 'departs': [], 'dynamic': None, 'exId': 'tAeLHd46LCLvl/h+XfxQ+w==', 'exUserId': '1892503', 'expireDate': 1695054609000, 'hideCopyright': False, 'logoutConfig': {'logOutToSso': False, 'serverName': None, 'ssoType': None}, 'memberId': 1714239, 'openConnectorList': [], 'openPluginList': [2, 3, 6, 7, 8, 9, 13, 14, 15, 16, 17, 25, 26, 27, 28, 29, 33, 34, 35, 36, 37, 38, 39, 42, 43, 44, 45, -2, 32], 'permissionStatus': None, 'pluginClickList': [], 'pluginLimitDetail': {'dashAllVisiableLimit': 4, 'dashAllVisiableNum': 0}, 'publicAccessAuthVO': {'beingAttachmentQuestion': False, 'beingPublicLink': False}, 'remark': '767676763@qq.com', 'showContact': True, 'trial': True, 'trialDays': '0', 'trialNotice': True, 'type': 'normal', 'useScheduledSync': False, 'watermarkConfig': {'showDate': False, 'showDeparts': False, 'showExUserId': False, 'showName': True, 'showPhoneNumber': False, 'showWsName': False}, 'wsDomain': None, 'wsFunction': 'platform', 'wsId': 443868, 'wsLimitDetail': {'canDashNum': -1, 'canFormNum': -1, 'canPackageNum': -1, 'currentDashNum': -1, 'currentFormNum': -1, 'currentPackageNum': -1}, 'wsName': '767676763@qq.comÁöÑÂ∑•‰ΩúÂå∫'}, 'mobile': '767676763', 'nickName': '767676763@qq.com', 'npsCollect': False, 'promoCode': 'a041966f4', 'randomEmail': False, 'recordedNewGuidePop': [], 'showProcessPersonal': False, 'signatureUrl': None, 'source': 'home_home', 'status': None, 'uid': 1892503}, 'userSecurityVO': {'authMethod': 0, 'beingUninitialized': False}}
{'beingInvited': False, 'corpName': None, 'loginToken': None, 'openId': None, 'token': '044b0be9-dbe4-4564-ac8d-c2400612adf4', 'userInfo': {'beingBlackEmail': False, 'beingDisableExpiryRemind': False, 'beingExpand': None, 'beingInvited': False, 'beingLangFollowBrowser': True, 'beingOldVersion': None, 'beingPrivacyPolicy': True, 'beingSandBoxSuperAdmin': False, 'collectUserInfo': None, 'createTime': None, 'csShow': True, 'desktopRemind': True, 'email': '767676763@qq.com', 'firstLogin': None, 'grayLimit': 37, 'graySpecify': False, 'grayType': 1, 'hasPwdLoggedIn': False, 'havePassword': True, 'headImg': None, 'lang': None, 'lastWsInfo': {'accepted': None, 'accountLevel': 40, 'auth': 2, 'beingCustomizedAppSync': None, 'beingHideHelpDocument': False, 'beingSandbox': False, 'beingWatermark': False, 'biAuth': 'SUPER', 'canWorkWx': False, 'contactEnableNum': 1, 'contactNum': 1, 'dataRelatedStatus': 'NEW', 'departs': [], 'dynamic': None, 'exId': 'tAeLHd46LCLvl/h+XfxQ+w==', 'exUserId': '1892503', 'expireDate': 1695054609000, 'hideCopyright': False, 'logoutConfig': {'logOutToSso': False, 'serverName': None, 'ssoType': None}, 'memberId': 1714239, 'openConnectorList': [], 'openPluginList': [2, 3, 6, 7, 8, 9, 13, 14, 15, 16, 17, 25, 26, 27, 28, 29, 33, 34, 35, 36, 37, 38, 39, 42, 43, 44, 45, -2, 32], 'permissionStatus': None, 'pluginClickList': [], 'pluginLimitDetail': {'dashAllVisiableLimit': 4, 'dashAllVisiableNum': 0}, 'publicAccessAuthVO': {'beingAttachmentQuestion': False, 'beingPublicLink': False}, 'remark': '767676763@qq.com', 'showContact': True, 'trial': True, 'trialDays': '0', 'trialNotice': True, 'type': 'normal', 'useScheduledSync': False, 'watermarkConfig': {'showDate': False, 'showDeparts': False, 'showExUserId': False, 'showName': True, 'showPhoneNumber': False, 'showWsName': False}, 'wsDomain': None, 'wsFunction': 'platform', 'wsId': 443868, 'wsLimitDetail': {'canDashNum': -1, 'canFormNum': -1, 'canPackageNum': -1, 'currentDashNum': -1, 'currentFormNum': -1, 'currentPackageNum': -1}, 'wsName': '767676763@qq.comÁöÑÂ∑•‰ΩúÂå∫'}, 'mobile': '767676763', 'nickName': '767676763@qq.com', 'npsCollect': False, 'promoCode': 'a041966f4', 'randomEmail': False, 'recordedNewGuidePop': [], 'showProcessPersonal': False, 'signatureUrl': None, 'source': 'home_home', 'status': None, 'uid': 1892503}, 'userSecurityVO': {'authMethod': 0, 'beingUninitialized': False}}
118.25.243.250 - - [04/Sep/2023 00:30:09] "POST /mointor HTTP/1.1" 200 -
644
124.221.203.147 - - [04/Sep/2023 10:00:56] "GET /?password=wsj HTTP/1.1" 200 -
((644, datetime.datetime(2023, 9, 4, 0, 30, 9), 1, 120),)
764
yibukaishi
767676764@qq.com
767676764
{'beingInvited': False, 'corpName': None, 'loginToken': None, 'openId': None, 'token': 'db7af6d1-8c1a-4879-b04b-3975268ad9a0', 'userInfo': {'beingBlackEmail': False, 'beingDisableExpiryRemind': False, 'beingExpand': None, 'beingInvited': False, 'beingLangFollowBrowser': True, 'beingOldVersion': None, 'beingPrivacyPolicy': True, 'beingSandBoxSuperAdmin': False, 'collectUserInfo': None, 'createTime': None, 'csShow': True, 'desktopRemind': True, 'email': '767676764@qq.com', 'firstLogin': None, 'grayLimit': 17, 'graySpecify': False, 'grayType': 1, 'hasPwdLoggedIn': False, 'havePassword': True, 'headImg': None, 'lang': None, 'lastWsInfo': {'accepted': None, 'accountLevel': 40, 'auth': 2, 'beingCustomizedAppSync': None, 'beingHideHelpDocument': False, 'beingSandbox': False, 'beingWatermark': False, 'biAuth': 'SUPER', 'canWorkWx': False, 'contactEnableNum': 1, 'contactNum': 1, 'dataRelatedStatus': 'NEW', 'departs': [], 'dynamic': None, 'exId': 'tAeLHd46LCJYFdfCp4YUYw==', 'exUserId': '1893823', 'expireDate': 1695132031000, 'hideCopyright': False, 'logoutConfig': {'logOutToSso': False, 'serverName': None, 'ssoType': None}, 'memberId': 1715430, 'openConnectorList': [], 'openPluginList': [2, 3, 6, 7, 8, 9, 13, 14, 15, 16, 17, 25, 26, 27, 28, 29, 33, 34, 35, 36, 37, 38, 39, 42, 43, 44, 45, -2, 32], 'permissionStatus': None, 'pluginClickList': [], 'pluginLimitDetail': {'dashAllVisiableLimit': 4, 'dashAllVisiableNum': 0}, 'publicAccessAuthVO': {'beingAttachmentQuestion': False, 'beingPublicLink': False}, 'remark': '767676764@qq.com', 'showContact': True, 'trial': True, 'trialDays': '0', 'trialNotice': True, 'type': 'normal', 'useScheduledSync': False, 'watermarkConfig': {'showDate': False, 'showDeparts': False, 'showExUserId': False, 'showName': True, 'showPhoneNumber': False, 'showWsName': False}, 'wsDomain': None, 'wsFunction': 'platform', 'wsId': 444366, 'wsLimitDetail': {'canDashNum': -1, 'canFormNum': -1, 'canPackageNum': -1, 'currentDashNum': -1, 'currentFormNum': -1, 'currentPackageNum': -1}, 'wsName': '767676764@qq.comÁöÑÂ∑•‰ΩúÂå∫'}, 'mobile': '767676764', 'nickName': '767676764@qq.com', 'npsCollect': False, 'promoCode': '37eef7bb2', 'randomEmail': False, 'recordedNewGuidePop': [], 'showProcessPersonal': False, 'signatureUrl': None, 'source': 'home_home', 'status': None, 'uid': 1893823}, 'userSecurityVO': {'authMethod': 0, 'beingUninitialized': False}}
{'beingInvited': False, 'corpName': None, 'loginToken': None, 'openId': None, 'token': 'db7af6d1-8c1a-4879-b04b-3975268ad9a0', 'userInfo': {'beingBlackEmail': False, 'beingDisableExpiryRemind': False, 'beingExpand': None, 'beingInvited': False, 'beingLangFollowBrowser': True, 'beingOldVersion': None, 'beingPrivacyPolicy': True, 'beingSandBoxSuperAdmin': False, 'collectUserInfo': None, 'createTime': None, 'csShow': True, 'desktopRemind': True, 'email': '767676764@qq.com', 'firstLogin': None, 'grayLimit': 17, 'graySpecify': False, 'grayType': 1, 'hasPwdLoggedIn': False, 'havePassword': True, 'headImg': None, 'lang': None, 'lastWsInfo': {'accepted': None, 'accountLevel': 40, 'auth': 2, 'beingCustomizedAppSync': None, 'beingHideHelpDocument': False, 'beingSandbox': False, 'beingWatermark': False, 'biAuth': 'SUPER', 'canWorkWx': False, 'contactEnableNum': 1, 'contactNum': 1, 'dataRelatedStatus': 'NEW', 'departs': [], 'dynamic': None, 'exId': 'tAeLHd46LCJYFdfCp4YUYw==', 'exUserId': '1893823', 'expireDate': 1695132031000, 'hideCopyright': False, 'logoutConfig': {'logOutToSso': False, 'serverName': None, 'ssoType': None}, 'memberId': 1715430, 'openConnectorList': [], 'openPluginList': [2, 3, 6, 7, 8, 9, 13, 14, 15, 16, 17, 25, 26, 27, 28, 29, 33, 34, 35, 36, 37, 38, 39, 42, 43, 44, 45, -2, 32], 'permissionStatus': None, 'pluginClickList': [], 'pluginLimitDetail': {'dashAllVisiableLimit': 4, 'dashAllVisiableNum': 0}, 'publicAccessAuthVO': {'beingAttachmentQuestion': False, 'beingPublicLink': False}, 'remark': '767676764@qq.com', 'showContact': True, 'trial': True, 'trialDays': '0', 'trialNotice': True, 'type': 'normal', 'useScheduledSync': False, 'watermarkConfig': {'showDate': False, 'showDeparts': False, 'showExUserId': False, 'showName': True, 'showPhoneNumber': False, 'showWsName': False}, 'wsDomain': None, 'wsFunction': 'platform', 'wsId': 444366, 'wsLimitDetail': {'canDashNum': -1, 'canFormNum': -1, 'canPackageNum': -1, 'currentDashNum': -1, 'currentFormNum': -1, 'currentPackageNum': -1}, 'wsName': '767676764@qq.comÁöÑÂ∑•‰ΩúÂå∫'}, 'mobile': '767676764', 'nickName': '767676764@qq.com', 'npsCollect': False, 'promoCode': '37eef7bb2', 'randomEmail': False, 'recordedNewGuidePop': [], 'showProcessPersonal': False, 'signatureUrl': None, 'source': 'home_home', 'status': None, 'uid': 1893823}, 'userSecurityVO': {'authMethod': 0, 'beingUninitialized': False}}
118.25.243.250 - - [04/Sep/2023 22:00:31] "POST /mointor HTTP/1.1" 200 -
((645, datetime.datetime(2023, 9, 4, 22, 0, 31), 1, 120),)
765
yibukaishi
767676765@qq.com
767676765
{'beingInvited': False, 'corpName': None, 'loginToken': None, 'openId': None, 'token': '373b70d1-1201-419b-98cb-421c29444569', 'userInfo': {'beingBlackEmail': False, 'beingDisableExpiryRemind': False, 'beingExpand': None, 'beingInvited': False, 'beingLangFollowBrowser': True, 'beingOldVersion': None, 'beingPrivacyPolicy': True, 'beingSandBoxSuperAdmin': False, 'collectUserInfo': None, 'createTime': None, 'csShow': True, 'desktopRemind': True, 'email': '767676765@qq.com', 'firstLogin': None, 'grayLimit': 36, 'graySpecify': False, 'grayType': 1, 'hasPwdLoggedIn': False, 'havePassword': True, 'headImg': None, 'lang': None, 'lastWsInfo': {'accepted': None, 'accountLevel': 40, 'auth': 2, 'beingCustomizedAppSync': None, 'beingHideHelpDocument': False, 'beingSandbox': False, 'beingWatermark': False, 'biAuth': 'SUPER', 'canWorkWx': False, 'contactEnableNum': 1, 'contactNum': 1, 'dataRelatedStatus': 'NEW', 'departs': [], 'dynamic': None, 'exId': 'tAeLHd46LCIHzR7JSwsyFA==', 'exUserId': '1893855', 'expireDate': 1695135641000, 'hideCopyright': False, 'logoutConfig': {'logOutToSso': False, 'serverName': None, 'ssoType': None}, 'memberId': 1715453, 'openConnectorList': [], 'openPluginList': [2, 3, 6, 7, 8, 9, 13, 14, 15, 16, 17, 25, 26, 27, 28, 29, 33, 34, 35, 36, 37, 38, 39, 42, 43, 44, 45, -2, 32], 'permissionStatus': None, 'pluginClickList': [], 'pluginLimitDetail': {'dashAllVisiableLimit': 4, 'dashAllVisiableNum': 0}, 'publicAccessAuthVO': {'beingAttachmentQuestion': False, 'beingPublicLink': False}, 'remark': '767676765@qq.com', 'showContact': True, 'trial': True, 'trialDays': '0', 'trialNotice': True, 'type': 'normal', 'useScheduledSync': False, 'watermarkConfig': {'showDate': False, 'showDeparts': False, 'showExUserId': False, 'showName': True, 'showPhoneNumber': False, 'showWsName': False}, 'wsDomain': None, 'wsFunction': 'platform', 'wsId': 444387, 'wsLimitDetail': {'canDashNum': -1, 'canFormNum': -1, 'canPackageNum': -1, 'currentDashNum': -1, 'currentFormNum': -1, 'currentPackageNum': -1}, 'wsName': '767676765@qq.comÁöÑÂ∑•‰ΩúÂå∫'}, 'mobile': '767676765', 'nickName': '767676765@qq.com', 'npsCollect': False, 'promoCode': '50999c1e6', 'randomEmail': False, 'recordedNewGuidePop': [], 'showProcessPersonal': False, 'signatureUrl': None, 'source': 'home_home', 'status': None, 'uid': 1893855}, 'userSecurityVO': {'authMethod': 0, 'beingUninitialized': False}}
{'beingInvited': False, 'corpName': None, 'loginToken': None, 'openId': None, 'token': '373b70d1-1201-419b-98cb-421c29444569', 'userInfo': {'beingBlackEmail': False, 'beingDisableExpiryRemind': False, 'beingExpand': None, 'beingInvited': False, 'beingLangFollowBrowser': True, 'beingOldVersion': None, 'beingPrivacyPolicy': True, 'beingSandBoxSuperAdmin': False, 'collectUserInfo': None, 'createTime': None, 'csShow': True, 'desktopRemind': True, 'email': '767676765@qq.com', 'firstLogin': None, 'grayLimit': 36, 'graySpecify': False, 'grayType': 1, 'hasPwdLoggedIn': False, 'havePassword': True, 'headImg': None, 'lang': None, 'lastWsInfo': {'accepted': None, 'accountLevel': 40, 'auth': 2, 'beingCustomizedAppSync': None, 'beingHideHelpDocument': False, 'beingSandbox': False, 'beingWatermark': False, 'biAuth': 'SUPER', 'canWorkWx': False, 'contactEnableNum': 1, 'contactNum': 1, 'dataRelatedStatus': 'NEW', 'departs': [], 'dynamic': None, 'exId': 'tAeLHd46LCIHzR7JSwsyFA==', 'exUserId': '1893855', 'expireDate': 1695135641000, 'hideCopyright': False, 'logoutConfig': {'logOutToSso': False, 'serverName': None, 'ssoType': None}, 'memberId': 1715453, 'openConnectorList': [], 'openPluginList': [2, 3, 6, 7, 8, 9, 13, 14, 15, 16, 17, 25, 26, 27, 28, 29, 33, 34, 35, 36, 37, 38, 39, 42, 43, 44, 45, -2, 32], 'permissionStatus': None, 'pluginClickList': [], 'pluginLimitDetail': {'dashAllVisiableLimit': 4, 'dashAllVisiableNum': 0}, 'publicAccessAuthVO': {'beingAttachmentQuestion': False, 'beingPublicLink': False}, 'remark': '767676765@qq.com', 'showContact': True, 'trial': True, 'trialDays': '0', 'trialNotice': True, 'type': 'normal', 'useScheduledSync': False, 'watermarkConfig': {'showDate': False, 'showDeparts': False, 'showExUserId': False, 'showName': True, 'showPhoneNumber': False, 'showWsName': False}, 'wsDomain': None, 'wsFunction': 'platform', 'wsId': 444387, 'wsLimitDetail': {'canDashNum': -1, 'canFormNum': -1, 'canPackageNum': -1, 'currentDashNum': -1, 'currentFormNum': -1, 'currentPackageNum': -1}, 'wsName': '767676765@qq.comÁöÑÂ∑•‰ΩúÂå∫'}, 'mobile': '767676765', 'nickName': '767676765@qq.com', 'npsCollect': False, 'promoCode': '50999c1e6', 'randomEmail': False, 'recordedNewGuidePop': [], 'showProcessPersonal': False, 'signatureUrl': None, 'source': 'home_home', 'status': None, 'uid': 1893855}, 'userSecurityVO': {'authMethod': 0, 'beingUninitialized': False}}
118.25.243.250 - - [04/Sep/2023 23:00:41] "POST /mointor HTTP/1.1" 200 -
((646, datetime.datetime(2023, 9, 4, 23, 0, 41), 1, 120),)
766
yibukaishi
767676766@qq.com
767676766
{'beingInvited': False, 'corpName': None, 'loginToken': None, 'openId': None, 'token': '0a728879-37a8-4812-a7ee-21759fe7e4ce', 'userInfo': {'beingBlackEmail': False, 'beingDisableExpiryRemind': False, 'beingExpand': None, 'beingInvited': False, 'beingLangFollowBrowser': True, 'beingOldVersion': None, 'beingPrivacyPolicy': True, 'beingSandBoxSuperAdmin': False, 'collectUserInfo': None, 'createTime': None, 'csShow': True, 'desktopRemind': True, 'email': '767676766@qq.com', 'firstLogin': None, 'grayLimit': 84, 'graySpecify': False, 'grayType': 1, 'hasPwdLoggedIn': False, 'havePassword': True, 'headImg': None, 'lang': None, 'lastWsInfo': {'accepted': None, 'accountLevel': 40, 'auth': 2, 'beingCustomizedAppSync': None, 'beingHideHelpDocument': False, 'beingSandbox': False, 'beingWatermark': False, 'biAuth': 'SUPER', 'canWorkWx': False, 'contactEnableNum': 1, 'contactNum': 1, 'dataRelatedStatus': 'NEW', 'departs': [], 'dynamic': None, 'exId': 'tAeLHd46LCKJTl8XVXteJw==', 'exUserId': '1893866', 'expireDate': 1695139259000, 'hideCopyright': False, 'logoutConfig': {'logOutToSso': False, 'serverName': None, 'ssoType': None}, 'memberId': 1715459, 'openConnectorList': [], 'openPluginList': [2, 3, 6, 7, 8, 9, 13, 14, 15, 16, 17, 25, 26, 27, 28, 29, 33, 34, 35, 36, 37, 38, 39, 42, 43, 44, 45, -2, 32], 'permissionStatus': None, 'pluginClickList': [], 'pluginLimitDetail': {'dashAllVisiableLimit': 4, 'dashAllVisiableNum': 0}, 'publicAccessAuthVO': {'beingAttachmentQuestion': False, 'beingPublicLink': False}, 'remark': '767676766@qq.com', 'showContact': True, 'trial': True, 'trialDays': '0', 'trialNotice': True, 'type': 'normal', 'useScheduledSync': False, 'watermarkConfig': {'showDate': False, 'showDeparts': False, 'showExUserId': False, 'showName': True, 'showPhoneNumber': False, 'showWsName': False}, 'wsDomain': None, 'wsFunction': 'platform', 'wsId': 444391, 'wsLimitDetail': {'canDashNum': -1, 'canFormNum': -1, 'canPackageNum': -1, 'currentDashNum': -1, 'currentFormNum': -1, 'currentPackageNum': -1}, 'wsName': '767676766@qq.comÁöÑÂ∑•‰ΩúÂå∫'}, 'mobile': '767676766', 'nickName': '767676766@qq.com', 'npsCollect': False, 'promoCode': '5820405eb', 'randomEmail': False, 'recordedNewGuidePop': [], 'showProcessPersonal': False, 'signatureUrl': None, 'source': 'home_home', 'status': None, 'uid': 1893866}, 'userSecurityVO': {'authMethod': 0, 'beingUninitialized': False}}
{'beingInvited': False, 'corpName': None, 'loginToken': None, 'openId': None, 'token': '0a728879-37a8-4812-a7ee-21759fe7e4ce', 'userInfo': {'beingBlackEmail': False, 'beingDisableExpiryRemind': False, 'beingExpand': None, 'beingInvited': False, 'beingLangFollowBrowser': True, 'beingOldVersion': None, 'beingPrivacyPolicy': True, 'beingSandBoxSuperAdmin': False, 'collectUserInfo': None, 'createTime': None, 'csShow': True, 'desktopRemind': True, 'email': '767676766@qq.com', 'firstLogin': None, 'grayLimit': 84, 'graySpecify': False, 'grayType': 1, 'hasPwdLoggedIn': False, 'havePassword': True, 'headImg': None, 'lang': None, 'lastWsInfo': {'accepted': None, 'accountLevel': 40, 'auth': 2, 'beingCustomizedAppSync': None, 'beingHideHelpDocument': False, 'beingSandbox': False, 'beingWatermark': False, 'biAuth': 'SUPER', 'canWorkWx': False, 'contactEnableNum': 1, 'contactNum': 1, 'dataRelatedStatus': 'NEW', 'departs': [], 'dynamic': None, 'exId': 'tAeLHd46LCKJTl8XVXteJw==', 'exUserId': '1893866', 'expireDate': 1695139259000, 'hideCopyright': False, 'logoutConfig': {'logOutToSso': False, 'serverName': None, 'ssoType': None}, 'memberId': 1715459, 'openConnectorList': [], 'openPluginList': [2, 3, 6, 7, 8, 9, 13, 14, 15, 16, 17, 25, 26, 27, 28, 29, 33, 34, 35, 36, 37, 38, 39, 42, 43, 44, 45, -2, 32], 'permissionStatus': None, 'pluginClickList': [], 'pluginLimitDetail': {'dashAllVisiableLimit': 4, 'dashAllVisiableNum': 0}, 'publicAccessAuthVO': {'beingAttachmentQuestion': False, 'beingPublicLink': False}, 'remark': '767676766@qq.com', 'showContact': True, 'trial': True, 'trialDays': '0', 'trialNotice': True, 'type': 'normal', 'useScheduledSync': False, 'watermarkConfig': {'showDate': False, 'showDeparts': False, 'showExUserId': False, 'showName': True, 'showPhoneNumber': False, 'showWsName': False}, 'wsDomain': None, 'wsFunction': 'platform', 'wsId': 444391, 'wsLimitDetail': {'canDashNum': -1, 'canFormNum': -1, 'canPackageNum': -1, 'currentDashNum': -1, 'currentFormNum': -1, 'currentPackageNum': -1}, 'wsName': '767676766@qq.comÁöÑÂ∑•‰ΩúÂå∫'}, 'mobile': '767676766', 'nickName': '767676766@qq.com', 'npsCollect': False, 'promoCode': '5820405eb', 'randomEmail': False, 'recordedNewGuidePop': [], 'showProcessPersonal': False, 'signatureUrl': None, 'source': 'home_home', 'status': None, 'uid': 1893866}, 'userSecurityVO': {'authMethod': 0, 'beingUninitialized': False}}
118.25.243.250 - - [05/Sep/2023 00:00:59] "POST /mointor HTTP/1.1" 200 -
((647, datetime.datetime(2023, 9, 5, 0, 0, 59), 1, 120),)
767
yibukaishi
767676767@qq.com
767676767
{'beingInvited': False, 'corpName': None, 'loginToken': None, 'openId': None, 'token': '90d40071-5605-43e0-bb6f-8fcbd359310c', 'userInfo': {'beingBlackEmail': False, 'beingDisableExpiryRemind': False, 'beingExpand': None, 'beingInvited': False, 'beingLangFollowBrowser': True, 'beingOldVersion': None, 'beingPrivacyPolicy': True, 'beingSandBoxSuperAdmin': False, 'collectUserInfo': None, 'createTime': None, 'csShow': True, 'desktopRemind': True, 'email': '767676767@qq.com', 'firstLogin': None, 'grayLimit': 58, 'graySpecify': False, 'grayType': 1, 'hasPwdLoggedIn': False, 'havePassword': True, 'headImg': None, 'lang': None, 'lastWsInfo': {'accepted': None, 'accountLevel': 40, 'auth': 2, 'beingCustomizedAppSync': None, 'beingHideHelpDocument': False, 'beingSandbox': False, 'beingWatermark': False, 'biAuth': 'SUPER', 'canWorkWx': False, 'contactEnableNum': 1, 'contactNum': 1, 'dataRelatedStatus': 'NEW', 'departs': [], 'dynamic': None, 'exId': 'tAeLHd46LCJd07q++bmpKg==', 'exUserId': '1893872', 'expireDate': 1695141009000, 'hideCopyright': False, 'logoutConfig': {'logOutToSso': False, 'serverName': None, 'ssoType': None}, 'memberId': 1715462, 'openConnectorList': [], 'openPluginList': [2, 3, 6, 7, 8, 9, 13, 14, 15, 16, 17, 25, 26, 27, 28, 29, 33, 34, 35, 36, 37, 38, 39, 42, 43, 44, 45, -2, 32], 'permissionStatus': None, 'pluginClickList': [], 'pluginLimitDetail': {'dashAllVisiableLimit': 4, 'dashAllVisiableNum': 0}, 'publicAccessAuthVO': {'beingAttachmentQuestion': False, 'beingPublicLink': False}, 'remark': '767676767@qq.com', 'showContact': True, 'trial': True, 'trialDays': '0', 'trialNotice': True, 'type': 'normal', 'useScheduledSync': False, 'watermarkConfig': {'showDate': False, 'showDeparts': False, 'showExUserId': False, 'showName': True, 'showPhoneNumber': False, 'showWsName': False}, 'wsDomain': None, 'wsFunction': 'platform', 'wsId': 444394, 'wsLimitDetail': {'canDashNum': -1, 'canFormNum': -1, 'canPackageNum': -1, 'currentDashNum': -1, 'currentFormNum': -1, 'currentPackageNum': -1}, 'wsName': '767676767@qq.comÁöÑÂ∑•‰ΩúÂå∫'}, 'mobile': '767676767', 'nickName': '767676767@qq.com', 'npsCollect': False, 'promoCode': '0a4773409', 'randomEmail': False, 'recordedNewGuidePop': [], 'showProcessPersonal': False, 'signatureUrl': None, 'source': 'home_home', 'status': None, 'uid': 1893872}, 'userSecurityVO': {'authMethod': 0, 'beingUninitialized': False}}
{'beingInvited': False, 'corpName': None, 'loginToken': None, 'openId': None, 'token': '90d40071-5605-43e0-bb6f-8fcbd359310c', 'userInfo': {'beingBlackEmail': False, 'beingDisableExpiryRemind': False, 'beingExpand': None, 'beingInvited': False, 'beingLangFollowBrowser': True, 'beingOldVersion': None, 'beingPrivacyPolicy': True, 'beingSandBoxSuperAdmin': False, 'collectUserInfo': None, 'createTime': None, 'csShow': True, 'desktopRemind': True, 'email': '767676767@qq.com', 'firstLogin': None, 'grayLimit': 58, 'graySpecify': False, 'grayType': 1, 'hasPwdLoggedIn': False, 'havePassword': True, 'headImg': None, 'lang': None, 'lastWsInfo': {'accepted': None, 'accountLevel': 40, 'auth': 2, 'beingCustomizedAppSync': None, 'beingHideHelpDocument': False, 'beingSandbox': False, 'beingWatermark': False, 'biAuth': 'SUPER', 'canWorkWx': False, 'contactEnableNum': 1, 'contactNum': 1, 'dataRelatedStatus': 'NEW', 'departs': [], 'dynamic': None, 'exId': 'tAeLHd46LCJd07q++bmpKg==', 'exUserId': '1893872', 'expireDate': 1695141009000, 'hideCopyright': False, 'logoutConfig': {'logOutToSso': False, 'serverName': None, 'ssoType': None}, 'memberId': 1715462, 'openConnectorList': [], 'openPluginList': [2, 3, 6, 7, 8, 9, 13, 14, 15, 16, 17, 25, 26, 27, 28, 29, 33, 34, 35, 36, 37, 38, 39, 42, 43, 44, 45, -2, 32], 'permissionStatus': None, 'pluginClickList': [], 'pluginLimitDetail': {'dashAllVisiableLimit': 4, 'dashAllVisiableNum': 0}, 'publicAccessAuthVO': {'beingAttachmentQuestion': False, 'beingPublicLink': False}, 'remark': '767676767@qq.com', 'showContact': True, 'trial': True, 'trialDays': '0', 'trialNotice': True, 'type': 'normal', 'useScheduledSync': False, 'watermarkConfig': {'showDate': False, 'showDeparts': False, 'showExUserId': False, 'showName': True, 'showPhoneNumber': False, 'showWsName': False}, 'wsDomain': None, 'wsFunction': 'platform', 'wsId': 444394, 'wsLimitDetail': {'canDashNum': -1, 'canFormNum': -1, 'canPackageNum': -1, 'currentDashNum': -1, 'currentFormNum': -1, 'currentPackageNum': -1}, 'wsName': '767676767@qq.comÁöÑÂ∑•‰ΩúÂå∫'}, 'mobile': '767676767', 'nickName': '767676767@qq.com', 'npsCollect': False, 'promoCode': '0a4773409', 'randomEmail': False, 'recordedNewGuidePop': [], 'showProcessPersonal': False, 'signatureUrl': None, 'source': 'home_home', 'status': None, 'uid': 1893872}, 'userSecurityVO': {'authMethod': 0, 'beingUninitialized': False}}
118.25.243.250 - - [05/Sep/2023 00:30:09] "POST /mointor HTTP/1.1" 200 -
648
[2023-09-05 02:17:46,956] ERROR in app: Exception on / [GET]
Traceback (most recent call last):
  File "/usr/local/lib64/python3.6/site-packages/flask/app.py", line 2073, in wsgi_app
    response = self.full_dispatch_request()
  File "/usr/local/lib64/python3.6/site-packages/flask/app.py", line 1519, in full_dispatch_request
    return self.finalize_request(rv)
  File "/usr/local/lib64/python3.6/site-packages/flask/app.py", line 1538, in finalize_request
    response = self.make_response(rv)
  File "/usr/local/lib64/python3.6/site-packages/flask/app.py", line 1702, in make_response
    f"The view function for {request.endpoint!r} did not"
TypeError: The view function for 'result' did not return a valid response. The function either returned None or ended without a return statement.
198.98.60.207 - - [05/Sep/2023 02:17:46] "[35m[1mGET / HTTP/1.1[0m" 500 -
648
[2023-09-05 03:53:17,521] ERROR in app: Exception on / [GET]
Traceback (most recent call last):
  File "/usr/local/lib64/python3.6/site-packages/flask/app.py", line 2073, in wsgi_app
    response = self.full_dispatch_request()
  File "/usr/local/lib64/python3.6/site-packages/flask/app.py", line 1519, in full_dispatch_request
    return self.finalize_request(rv)
  File "/usr/local/lib64/python3.6/site-packages/flask/app.py", line 1538, in finalize_request
    response = self.make_response(rv)
  File "/usr/local/lib64/python3.6/site-packages/flask/app.py", line 1702, in make_response
    f"The view function for {request.endpoint!r} did not"
TypeError: The view function for 'result' did not return a valid response. The function either returned None or ended without a return statement.
167.248.133.34 - - [05/Sep/2023 03:53:17] "[35m[1mGET / HTTP/1.1[0m" 500 -
167.248.133.34 - - [05/Sep/2023 03:53:18] code 505, message Invalid HTTP version (2.0)
167.248.133.34 - - [05/Sep/2023 03:53:18] "[35m[1mPRI * HTTP/2.0[0m" HTTPStatus.HTTP_VERSION_NOT_SUPPORTED -
648
124.221.203.147 - - [05/Sep/2023 10:00:57] "GET /?password=wsj HTTP/1.1" 200 -
[2023-09-05 15:46:06,317] ERROR in app: Exception on / [GET]
Traceback (most recent call last):
  File "/usr/local/lib64/python3.6/site-packages/flask/app.py", line 2073, in wsgi_app
    response = self.full_dispatch_request()
  File "/usr/local/lib64/python3.6/site-packages/flask/app.py", line 1518, in full_dispatch_request
    rv = self.handle_user_exception(e)
  File "/usr/local/lib64/python3.6/site-packages/flask/app.py", line 1516, in full_dispatch_request
    rv = self.dispatch_request()
  File "/usr/local/lib64/python3.6/site-packages/flask/app.py", line 1502, in dispatch_request
    return self.ensure_sync(self.view_functions[rule.endpoint])(**req.view_args)
  File "monitor.py", line 61, in result
    d = 425 + response_list["result"]["resultAmount"]
TypeError: 'NoneType' object is not subscriptable
109.61.89.72 - - [05/Sep/2023 15:46:06] "[35m[1mGET / HTTP/1.1[0m" 500 -
[2023-09-05 18:41:21,031] ERROR in app: Exception on / [GET]
Traceback (most recent call last):
  File "/usr/local/lib64/python3.6/site-packages/flask/app.py", line 2073, in wsgi_app
    response = self.full_dispatch_request()
  File "/usr/local/lib64/python3.6/site-packages/flask/app.py", line 1518, in full_dispatch_request
    rv = self.handle_user_exception(e)
  File "/usr/local/lib64/python3.6/site-packages/flask/app.py", line 1516, in full_dispatch_request
    rv = self.dispatch_request()
  File "/usr/local/lib64/python3.6/site-packages/flask/app.py", line 1502, in dispatch_request
    return self.ensure_sync(self.view_functions[rule.endpoint])(**req.view_args)
  File "monitor.py", line 61, in result
    d = 425 + response_list["result"]["resultAmount"]
TypeError: 'NoneType' object is not subscriptable
95.214.53.99 - - [05/Sep/2023 18:41:21] "[35m[1mGET / HTTP/1.1[0m" 500 -
((648, datetime.datetime(2023, 9, 5, 0, 30, 9), 1, 120),)
768
yibukaishi
767676768@qq.com
767676768
{'beingInvited': False, 'corpName': None, 'loginToken': None, 'openId': None, 'token': '6af21924-f9db-4fa4-b25b-66173330f253', 'userInfo': {'beingBlackEmail': False, 'beingDisableExpiryRemind': False, 'beingExpand': None, 'beingInvited': False, 'beingLangFollowBrowser': True, 'beingOldVersion': None, 'beingPrivacyPolicy': True, 'beingSandBoxSuperAdmin': False, 'collectUserInfo': None, 'createTime': None, 'csShow': True, 'desktopRemind': True, 'email': '767676768@qq.com', 'firstLogin': None, 'grayLimit': 21, 'graySpecify': False, 'grayType': 1, 'hasPwdLoggedIn': False, 'havePassword': True, 'headImg': None, 'lang': None, 'lastWsInfo': {'accepted': None, 'accountLevel': 40, 'auth': 2, 'beingCustomizedAppSync': None, 'beingHideHelpDocument': False, 'beingSandbox': False, 'beingWatermark': False, 'biAuth': 'SUPER', 'canWorkWx': False, 'contactEnableNum': 1, 'contactNum': 1, 'dataRelatedStatus': 'NEW', 'departs': [], 'dynamic': None, 'exId': 'tAeLHd46LCIptOzWY0bYug==', 'exUserId': '1894998', 'expireDate': 1695218431000, 'hideCopyright': False, 'logoutConfig': {'logOutToSso': False, 'serverName': None, 'ssoType': None}, 'memberId': 1716333, 'openConnectorList': [], 'openPluginList': [2, 3, 6, 7, 8, 9, 13, 14, 15, 16, 17, 25, 26, 27, 28, 29, 33, 34, 35, 36, 37, 38, 39, 42, 43, 44, 45, -2, 32], 'permissionStatus': None, 'pluginClickList': [], 'pluginLimitDetail': {'dashAllVisiableLimit': 4, 'dashAllVisiableNum': 0}, 'publicAccessAuthVO': {'beingAttachmentQuestion': False, 'beingPublicLink': False}, 'remark': '767676768@qq.com', 'showContact': True, 'trial': True, 'trialDays': '0', 'trialNotice': True, 'type': 'normal', 'useScheduledSync': False, 'watermarkConfig': {'showDate': False, 'showDeparts': False, 'showExUserId': False, 'showName': True, 'showPhoneNumber': False, 'showWsName': False}, 'wsDomain': None, 'wsFunction': 'platform', 'wsId': 444836, 'wsLimitDetail': {'canDashNum': -1, 'canFormNum': -1, 'canPackageNum': -1, 'currentDashNum': -1, 'currentFormNum': -1, 'currentPackageNum': -1}, 'wsName': '767676768@qq.comÁöÑÂ∑•‰ΩúÂå∫'}, 'mobile': '767676768', 'nickName': '767676768@qq.com', 'npsCollect': False, 'promoCode': 'ddae28df6', 'randomEmail': False, 'recordedNewGuidePop': [], 'showProcessPersonal': False, 'signatureUrl': None, 'source': 'home_home', 'status': None, 'uid': 1894998}, 'userSecurityVO': {'authMethod': 0, 'beingUninitialized': False}}
{'beingInvited': False, 'corpName': None, 'loginToken': None, 'openId': None, 'token': '6af21924-f9db-4fa4-b25b-66173330f253', 'userInfo': {'beingBlackEmail': False, 'beingDisableExpiryRemind': False, 'beingExpand': None, 'beingInvited': False, 'beingLangFollowBrowser': True, 'beingOldVersion': None, 'beingPrivacyPolicy': True, 'beingSandBoxSuperAdmin': False, 'collectUserInfo': None, 'createTime': None, 'csShow': True, 'desktopRemind': True, 'email': '767676768@qq.com', 'firstLogin': None, 'grayLimit': 21, 'graySpecify': False, 'grayType': 1, 'hasPwdLoggedIn': False, 'havePassword': True, 'headImg': None, 'lang': None, 'lastWsInfo': {'accepted': None, 'accountLevel': 40, 'auth': 2, 'beingCustomizedAppSync': None, 'beingHideHelpDocument': False, 'beingSandbox': False, 'beingWatermark': False, 'biAuth': 'SUPER', 'canWorkWx': False, 'contactEnableNum': 1, 'contactNum': 1, 'dataRelatedStatus': 'NEW', 'departs': [], 'dynamic': None, 'exId': 'tAeLHd46LCIptOzWY0bYug==', 'exUserId': '1894998', 'expireDate': 1695218431000, 'hideCopyright': False, 'logoutConfig': {'logOutToSso': False, 'serverName': None, 'ssoType': None}, 'memberId': 1716333, 'openConnectorList': [], 'openPluginList': [2, 3, 6, 7, 8, 9, 13, 14, 15, 16, 17, 25, 26, 27, 28, 29, 33, 34, 35, 36, 37, 38, 39, 42, 43, 44, 45, -2, 32], 'permissionStatus': None, 'pluginClickList': [], 'pluginLimitDetail': {'dashAllVisiableLimit': 4, 'dashAllVisiableNum': 0}, 'publicAccessAuthVO': {'beingAttachmentQuestion': False, 'beingPublicLink': False}, 'remark': '767676768@qq.com', 'showContact': True, 'trial': True, 'trialDays': '0', 'trialNotice': True, 'type': 'normal', 'useScheduledSync': False, 'watermarkConfig': {'showDate': False, 'showDeparts': False, 'showExUserId': False, 'showName': True, 'showPhoneNumber': False, 'showWsName': False}, 'wsDomain': None, 'wsFunction': 'platform', 'wsId': 444836, 'wsLimitDetail': {'canDashNum': -1, 'canFormNum': -1, 'canPackageNum': -1, 'currentDashNum': -1, 'currentFormNum': -1, 'currentPackageNum': -1}, 'wsName': '767676768@qq.comÁöÑÂ∑•‰ΩúÂå∫'}, 'mobile': '767676768', 'nickName': '767676768@qq.com', 'npsCollect': False, 'promoCode': 'ddae28df6', 'randomEmail': False, 'recordedNewGuidePop': [], 'showProcessPersonal': False, 'signatureUrl': None, 'source': 'home_home', 'status': None, 'uid': 1894998}, 'userSecurityVO': {'authMethod': 0, 'beingUninitialized': False}}
118.25.243.250 - - [05/Sep/2023 22:00:31] "POST /mointor HTTP/1.1" 200 -
((649, datetime.datetime(2023, 9, 5, 22, 0, 31), 1, 120),)
769
yibukaishi
767676769@qq.com
767676769
{'beingInvited': False, 'corpName': None, 'loginToken': None, 'openId': None, 'token': '6bfafd96-d596-48ee-bfa9-cc2e0007cf03', 'userInfo': {'beingBlackEmail': False, 'beingDisableExpiryRemind': False, 'beingExpand': None, 'beingInvited': False, 'beingLangFollowBrowser': True, 'beingOldVersion': None, 'beingPrivacyPolicy': True, 'beingSandBoxSuperAdmin': False, 'collectUserInfo': None, 'createTime': None, 'csShow': True, 'desktopRemind': True, 'email': '767676769@qq.com', 'firstLogin': None, 'grayLimit': 26, 'graySpecify': False, 'grayType': 1, 'hasPwdLoggedIn': False, 'havePassword': True, 'headImg': None, 'lang': None, 'lastWsInfo': {'accepted': None, 'accountLevel': 40, 'auth': 2, 'beingCustomizedAppSync': None, 'beingHideHelpDocument': False, 'beingSandbox': False, 'beingWatermark': False, 'biAuth': 'SUPER', 'canWorkWx': False, 'contactEnableNum': 1, 'contactNum': 1, 'dataRelatedStatus': 'NEW', 'departs': [], 'dynamic': None, 'exId': 'tAeLHd46LCLnBVHL+FnqKw==', 'exUserId': '1895029', 'expireDate': 1695222041000, 'hideCopyright': False, 'logoutConfig': {'logOutToSso': False, 'serverName': None, 'ssoType': None}, 'memberId': 1716350, 'openConnectorList': [], 'openPluginList': [2, 3, 6, 7, 8, 9, 13, 14, 15, 16, 17, 25, 26, 27, 28, 29, 33, 34, 35, 36, 37, 38, 39, 42, 43, 44, 45, -2, 32], 'permissionStatus': None, 'pluginClickList': [], 'pluginLimitDetail': {'dashAllVisiableLimit': 4, 'dashAllVisiableNum': 0}, 'publicAccessAuthVO': {'beingAttachmentQuestion': False, 'beingPublicLink': False}, 'remark': '767676769@qq.com', 'showContact': True, 'trial': True, 'trialDays': '0', 'trialNotice': True, 'type': 'normal', 'useScheduledSync': False, 'watermarkConfig': {'showDate': False, 'showDeparts': False, 'showExUserId': False, 'showName': True, 'showPhoneNumber': False, 'showWsName': False}, 'wsDomain': None, 'wsFunction': 'platform', 'wsId': 444853, 'wsLimitDetail': {'canDashNum': -1, 'canFormNum': -1, 'canPackageNum': -1, 'currentDashNum': -1, 'currentFormNum': -1, 'currentPackageNum': -1}, 'wsName': '767676769@qq.comÁöÑÂ∑•‰ΩúÂå∫'}, 'mobile': '767676769', 'nickName': '767676769@qq.com', 'npsCollect': False, 'promoCode': 'f01f9f3a5', 'randomEmail': False, 'recordedNewGuidePop': [], 'showProcessPersonal': False, 'signatureUrl': None, 'source': 'home_home', 'status': None, 'uid': 1895029}, 'userSecurityVO': {'authMethod': 0, 'beingUninitialized': False}}
{'beingInvited': False, 'corpName': None, 'loginToken': None, 'openId': None, 'token': '6bfafd96-d596-48ee-bfa9-cc2e0007cf03', 'userInfo': {'beingBlackEmail': False, 'beingDisableExpiryRemind': False, 'beingExpand': None, 'beingInvited': False, 'beingLangFollowBrowser': True, 'beingOldVersion': None, 'beingPrivacyPolicy': True, 'beingSandBoxSuperAdmin': False, 'collectUserInfo': None, 'createTime': None, 'csShow': True, 'desktopRemind': True, 'email': '767676769@qq.com', 'firstLogin': None, 'grayLimit': 26, 'graySpecify': False, 'grayType': 1, 'hasPwdLoggedIn': False, 'havePassword': True, 'headImg': None, 'lang': None, 'lastWsInfo': {'accepted': None, 'accountLevel': 40, 'auth': 2, 'beingCustomizedAppSync': None, 'beingHideHelpDocument': False, 'beingSandbox': False, 'beingWatermark': False, 'biAuth': 'SUPER', 'canWorkWx': False, 'contactEnableNum': 1, 'contactNum': 1, 'dataRelatedStatus': 'NEW', 'departs': [], 'dynamic': None, 'exId': 'tAeLHd46LCLnBVHL+FnqKw==', 'exUserId': '1895029', 'expireDate': 1695222041000, 'hideCopyright': False, 'logoutConfig': {'logOutToSso': False, 'serverName': None, 'ssoType': None}, 'memberId': 1716350, 'openConnectorList': [], 'openPluginList': [2, 3, 6, 7, 8, 9, 13, 14, 15, 16, 17, 25, 26, 27, 28, 29, 33, 34, 35, 36, 37, 38, 39, 42, 43, 44, 45, -2, 32], 'permissionStatus': None, 'pluginClickList': [], 'pluginLimitDetail': {'dashAllVisiableLimit': 4, 'dashAllVisiableNum': 0}, 'publicAccessAuthVO': {'beingAttachmentQuestion': False, 'beingPublicLink': False}, 'remark': '767676769@qq.com', 'showContact': True, 'trial': True, 'trialDays': '0', 'trialNotice': True, 'type': 'normal', 'useScheduledSync': False, 'watermarkConfig': {'showDate': False, 'showDeparts': False, 'showExUserId': False, 'showName': True, 'showPhoneNumber': False, 'showWsName': False}, 'wsDomain': None, 'wsFunction': 'platform', 'wsId': 444853, 'wsLimitDetail': {'canDashNum': -1, 'canFormNum': -1, 'canPackageNum': -1, 'currentDashNum': -1, 'currentFormNum': -1, 'currentPackageNum': -1}, 'wsName': '767676769@qq.comÁöÑÂ∑•‰ΩúÂå∫'}, 'mobile': '767676769', 'nickName': '767676769@qq.com', 'npsCollect': False, 'promoCode': 'f01f9f3a5', 'randomEmail': False, 'recordedNewGuidePop': [], 'showProcessPersonal': False, 'signatureUrl': None, 'source': 'home_home', 'status': None, 'uid': 1895029}, 'userSecurityVO': {'authMethod': 0, 'beingUninitialized': False}}
118.25.243.250 - - [05/Sep/2023 23:00:41] "POST /mointor HTTP/1.1" 200 -
((650, datetime.datetime(2023, 9, 5, 23, 0, 41), 1, 120),)
770
yibukaishi
767676770@qq.com
767676770
{'beingInvited': False, 'corpName': None, 'loginToken': None, 'openId': None, 'token': 'e41ef22a-1b73-4a19-91de-e368a7bb0364', 'userInfo': {'beingBlackEmail': False, 'beingDisableExpiryRemind': False, 'beingExpand': None, 'beingInvited': False, 'beingLangFollowBrowser': True, 'beingOldVersion': None, 'beingPrivacyPolicy': True, 'beingSandBoxSuperAdmin': False, 'collectUserInfo': None, 'createTime': None, 'csShow': True, 'desktopRemind': True, 'email': '767676770@qq.com', 'firstLogin': None, 'grayLimit': 26, 'graySpecify': False, 'grayType': 1, 'hasPwdLoggedIn': False, 'havePassword': True, 'headImg': None, 'lang': None, 'lastWsInfo': {'accepted': None, 'accountLevel': 40, 'auth': 2, 'beingCustomizedAppSync': None, 'beingHideHelpDocument': False, 'beingSandbox': False, 'beingWatermark': False, 'biAuth': 'SUPER', 'canWorkWx': False, 'contactEnableNum': 1, 'contactNum': 1, 'dataRelatedStatus': 'NEW', 'departs': [], 'dynamic': None, 'exId': 'tAeLHd46LCKvGLGzvOs97A==', 'exUserId': '1895057', 'expireDate': 1695225652000, 'hideCopyright': False, 'logoutConfig': {'logOutToSso': False, 'serverName': None, 'ssoType': None}, 'memberId': 1716368, 'openConnectorList': [], 'openPluginList': [2, 3, 6, 7, 8, 9, 13, 14, 15, 16, 17, 25, 26, 27, 28, 29, 33, 34, 35, 36, 37, 38, 39, 42, 43, 44, 45, -2, 32], 'permissionStatus': None, 'pluginClickList': [], 'pluginLimitDetail': {'dashAllVisiableLimit': 4, 'dashAllVisiableNum': 0}, 'publicAccessAuthVO': {'beingAttachmentQuestion': False, 'beingPublicLink': False}, 'remark': '767676770@qq.com', 'showContact': True, 'trial': True, 'trialDays': '0', 'trialNotice': True, 'type': 'normal', 'useScheduledSync': False, 'watermarkConfig': {'showDate': False, 'showDeparts': False, 'showExUserId': False, 'showName': True, 'showPhoneNumber': False, 'showWsName': False}, 'wsDomain': None, 'wsFunction': 'platform', 'wsId': 444868, 'wsLimitDetail': {'canDashNum': -1, 'canFormNum': -1, 'canPackageNum': -1, 'currentDashNum': -1, 'currentFormNum': -1, 'currentPackageNum': -1}, 'wsName': '767676770@qq.comÁöÑÂ∑•‰ΩúÂå∫'}, 'mobile': '767676770', 'nickName': '767676770@qq.com', 'npsCollect': False, 'promoCode': '956f1521a', 'randomEmail': False, 'recordedNewGuidePop': [], 'showProcessPersonal': False, 'signatureUrl': None, 'source': 'home_home', 'status': None, 'uid': 1895057}, 'userSecurityVO': {'authMethod': 0, 'beingUninitialized': False}}
{'beingInvited': False, 'corpName': None, 'loginToken': None, 'openId': None, 'token': 'e41ef22a-1b73-4a19-91de-e368a7bb0364', 'userInfo': {'beingBlackEmail': False, 'beingDisableExpiryRemind': False, 'beingExpand': None, 'beingInvited': False, 'beingLangFollowBrowser': True, 'beingOldVersion': None, 'beingPrivacyPolicy': True, 'beingSandBoxSuperAdmin': False, 'collectUserInfo': None, 'createTime': None, 'csShow': True, 'desktopRemind': True, 'email': '767676770@qq.com', 'firstLogin': None, 'grayLimit': 26, 'graySpecify': False, 'grayType': 1, 'hasPwdLoggedIn': False, 'havePassword': True, 'headImg': None, 'lang': None, 'lastWsInfo': {'accepted': None, 'accountLevel': 40, 'auth': 2, 'beingCustomizedAppSync': None, 'beingHideHelpDocument': False, 'beingSandbox': False, 'beingWatermark': False, 'biAuth': 'SUPER', 'canWorkWx': False, 'contactEnableNum': 1, 'contactNum': 1, 'dataRelatedStatus': 'NEW', 'departs': [], 'dynamic': None, 'exId': 'tAeLHd46LCKvGLGzvOs97A==', 'exUserId': '1895057', 'expireDate': 1695225652000, 'hideCopyright': False, 'logoutConfig': {'logOutToSso': False, 'serverName': None, 'ssoType': None}, 'memberId': 1716368, 'openConnectorList': [], 'openPluginList': [2, 3, 6, 7, 8, 9, 13, 14, 15, 16, 17, 25, 26, 27, 28, 29, 33, 34, 35, 36, 37, 38, 39, 42, 43, 44, 45, -2, 32], 'permissionStatus': None, 'pluginClickList': [], 'pluginLimitDetail': {'dashAllVisiableLimit': 4, 'dashAllVisiableNum': 0}, 'publicAccessAuthVO': {'beingAttachmentQuestion': False, 'beingPublicLink': False}, 'remark': '767676770@qq.com', 'showContact': True, 'trial': True, 'trialDays': '0', 'trialNotice': True, 'type': 'normal', 'useScheduledSync': False, 'watermarkConfig': {'showDate': False, 'showDeparts': False, 'showExUserId': False, 'showName': True, 'showPhoneNumber': False, 'showWsName': False}, 'wsDomain': None, 'wsFunction': 'platform', 'wsId': 444868, 'wsLimitDetail': {'canDashNum': -1, 'canFormNum': -1, 'canPackageNum': -1, 'currentDashNum': -1, 'currentFormNum': -1, 'currentPackageNum': -1}, 'wsName': '767676770@qq.comÁöÑÂ∑•‰ΩúÂå∫'}, 'mobile': '767676770', 'nickName': '767676770@qq.com', 'npsCollect': False, 'promoCode': '956f1521a', 'randomEmail': False, 'recordedNewGuidePop': [], 'showProcessPersonal': False, 'signatureUrl': None, 'source': 'home_home', 'status': None, 'uid': 1895057}, 'userSecurityVO': {'authMethod': 0, 'beingUninitialized': False}}
118.25.243.250 - - [06/Sep/2023 00:00:52] "POST /mointor HTTP/1.1" 200 -
((651, datetime.datetime(2023, 9, 6, 0, 0, 52), 1, 120),)
771
yibukaishi
767676771@qq.com
767676771
{'beingInvited': False, 'corpName': None, 'loginToken': None, 'openId': None, 'token': '9746e182-4a5f-4dc8-a849-87f54c878888', 'userInfo': {'beingBlackEmail': False, 'beingDisableExpiryRemind': False, 'beingExpand': None, 'beingInvited': False, 'beingLangFollowBrowser': True, 'beingOldVersion': None, 'beingPrivacyPolicy': True, 'beingSandBoxSuperAdmin': False, 'collectUserInfo': None, 'createTime': None, 'csShow': True, 'desktopRemind': True, 'email': '767676771@qq.com', 'firstLogin': None, 'grayLimit': 55, 'graySpecify': False, 'grayType': 1, 'hasPwdLoggedIn': False, 'havePassword': True, 'headImg': None, 'lang': None, 'lastWsInfo': {'accepted': None, 'accountLevel': 40, 'auth': 2, 'beingCustomizedAppSync': None, 'beingHideHelpDocument': False, 'beingSandbox': False, 'beingWatermark': False, 'biAuth': 'SUPER', 'canWorkWx': False, 'contactEnableNum': 1, 'contactNum': 1, 'dataRelatedStatus': 'NEW', 'departs': [], 'dynamic': None, 'exId': 'tAeLHd46LCIRF/gAlRtzXQ==', 'exUserId': '1895060', 'expireDate': 1695227409000, 'hideCopyright': False, 'logoutConfig': {'logOutToSso': False, 'serverName': None, 'ssoType': None}, 'memberId': 1716370, 'openConnectorList': [], 'openPluginList': [2, 3, 6, 7, 8, 9, 13, 14, 15, 16, 17, 25, 26, 27, 28, 29, 33, 34, 35, 36, 37, 38, 39, 42, 43, 44, 45, -2, 32], 'permissionStatus': None, 'pluginClickList': [], 'pluginLimitDetail': {'dashAllVisiableLimit': 4, 'dashAllVisiableNum': 0}, 'publicAccessAuthVO': {'beingAttachmentQuestion': False, 'beingPublicLink': False}, 'remark': '767676771@qq.com', 'showContact': True, 'trial': True, 'trialDays': '0', 'trialNotice': True, 'type': 'normal', 'useScheduledSync': False, 'watermarkConfig': {'showDate': False, 'showDeparts': False, 'showExUserId': False, 'showName': True, 'showPhoneNumber': False, 'showWsName': False}, 'wsDomain': None, 'wsFunction': 'platform', 'wsId': 444870, 'wsLimitDetail': {'canDashNum': -1, 'canFormNum': -1, 'canPackageNum': -1, 'currentDashNum': -1, 'currentFormNum': -1, 'currentPackageNum': -1}, 'wsName': '767676771@qq.comÁöÑÂ∑•‰ΩúÂå∫'}, 'mobile': '767676771', 'nickName': '767676771@qq.com', 'npsCollect': False, 'promoCode': '2754f07e7', 'randomEmail': False, 'recordedNewGuidePop': [], 'showProcessPersonal': False, 'signatureUrl': None, 'source': 'home_home', 'status': None, 'uid': 1895060}, 'userSecurityVO': {'authMethod': 0, 'beingUninitialized': False}}
{'beingInvited': False, 'corpName': None, 'loginToken': None, 'openId': None, 'token': '9746e182-4a5f-4dc8-a849-87f54c878888', 'userInfo': {'beingBlackEmail': False, 'beingDisableExpiryRemind': False, 'beingExpand': None, 'beingInvited': False, 'beingLangFollowBrowser': True, 'beingOldVersion': None, 'beingPrivacyPolicy': True, 'beingSandBoxSuperAdmin': False, 'collectUserInfo': None, 'createTime': None, 'csShow': True, 'desktopRemind': True, 'email': '767676771@qq.com', 'firstLogin': None, 'grayLimit': 55, 'graySpecify': False, 'grayType': 1, 'hasPwdLoggedIn': False, 'havePassword': True, 'headImg': None, 'lang': None, 'lastWsInfo': {'accepted': None, 'accountLevel': 40, 'auth': 2, 'beingCustomizedAppSync': None, 'beingHideHelpDocument': False, 'beingSandbox': False, 'beingWatermark': False, 'biAuth': 'SUPER', 'canWorkWx': False, 'contactEnableNum': 1, 'contactNum': 1, 'dataRelatedStatus': 'NEW', 'departs': [], 'dynamic': None, 'exId': 'tAeLHd46LCIRF/gAlRtzXQ==', 'exUserId': '1895060', 'expireDate': 1695227409000, 'hideCopyright': False, 'logoutConfig': {'logOutToSso': False, 'serverName': None, 'ssoType': None}, 'memberId': 1716370, 'openConnectorList': [], 'openPluginList': [2, 3, 6, 7, 8, 9, 13, 14, 15, 16, 17, 25, 26, 27, 28, 29, 33, 34, 35, 36, 37, 38, 39, 42, 43, 44, 45, -2, 32], 'permissionStatus': None, 'pluginClickList': [], 'pluginLimitDetail': {'dashAllVisiableLimit': 4, 'dashAllVisiableNum': 0}, 'publicAccessAuthVO': {'beingAttachmentQuestion': False, 'beingPublicLink': False}, 'remark': '767676771@qq.com', 'showContact': True, 'trial': True, 'trialDays': '0', 'trialNotice': True, 'type': 'normal', 'useScheduledSync': False, 'watermarkConfig': {'showDate': False, 'showDeparts': False, 'showExUserId': False, 'showName': True, 'showPhoneNumber': False, 'showWsName': False}, 'wsDomain': None, 'wsFunction': 'platform', 'wsId': 444870, 'wsLimitDetail': {'canDashNum': -1, 'canFormNum': -1, 'canPackageNum': -1, 'currentDashNum': -1, 'currentFormNum': -1, 'currentPackageNum': -1}, 'wsName': '767676771@qq.comÁöÑÂ∑•‰ΩúÂå∫'}, 'mobile': '767676771', 'nickName': '767676771@qq.com', 'npsCollect': False, 'promoCode': '2754f07e7', 'randomEmail': False, 'recordedNewGuidePop': [], 'showProcessPersonal': False, 'signatureUrl': None, 'source': 'home_home', 'status': None, 'uid': 1895060}, 'userSecurityVO': {'authMethod': 0, 'beingUninitialized': False}}
118.25.243.250 - - [06/Sep/2023 00:30:09] "POST /mointor HTTP/1.1" 200 -
68.79.21.118 - - [06/Sep/2023 05:32:27] code 400, message Bad request syntax ('333766643833656338616434363333643963363962386536653538383937393235613033653338636434')
68.79.21.118 - - [06/Sep/2023 05:32:27] "[35m[1m333766643833656338616434363333643963363962386536653538383937393235613033653338636434[0m" HTTPStatus.BAD_REQUEST -
[2023-09-06 06:41:32,275] ERROR in app: Exception on / [GET]
Traceback (most recent call last):
  File "/usr/local/lib64/python3.6/site-packages/flask/app.py", line 2073, in wsgi_app
    response = self.full_dispatch_request()
  File "/usr/local/lib64/python3.6/site-packages/flask/app.py", line 1518, in full_dispatch_request
    rv = self.handle_user_exception(e)
  File "/usr/local/lib64/python3.6/site-packages/flask/app.py", line 1516, in full_dispatch_request
    rv = self.dispatch_request()
  File "/usr/local/lib64/python3.6/site-packages/flask/app.py", line 1502, in dispatch_request
    return self.ensure_sync(self.view_functions[rule.endpoint])(**req.view_args)
  File "monitor.py", line 61, in result
    d = 425 + response_list["result"]["resultAmount"]
TypeError: 'NoneType' object is not subscriptable
94.102.61.5 - - [06/Sep/2023 06:41:32] "[35m[1mGET / HTTP/1.1[0m" 500 -
89.248.165.48 - - [06/Sep/2023 06:54:01] code 400, message Bad request syntax ('\x03\x00\x00\x13\x0e√†\x00\x00\x00\x00\x00\x01\x00\x08\x00\x02\x00\x00\x00')
89.248.165.48 - - [06/Sep/2023 06:54:01] "[35m[1m  √†          [0m" HTTPStatus.BAD_REQUEST -
[2023-09-06 10:00:57,195] ERROR in app: Exception on / [GET]
Traceback (most recent call last):
  File "/usr/local/lib64/python3.6/site-packages/flask/app.py", line 2073, in wsgi_app
    response = self.full_dispatch_request()
  File "/usr/local/lib64/python3.6/site-packages/flask/app.py", line 1518, in full_dispatch_request
    rv = self.handle_user_exception(e)
  File "/usr/local/lib64/python3.6/site-packages/flask/app.py", line 1516, in full_dispatch_request
    rv = self.dispatch_request()
  File "/usr/local/lib64/python3.6/site-packages/flask/app.py", line 1502, in dispatch_request
    return self.ensure_sync(self.view_functions[rule.endpoint])(**req.view_args)
  File "monitor.py", line 61, in result
    d = 425 + response_list["result"]["resultAmount"]
TypeError: 'NoneType' object is not subscriptable
124.221.203.147 - - [06/Sep/2023 10:00:57] "[35m[1mGET /?password=wsj HTTP/1.1[0m" 500 -
[2023-09-06 10:00:57,581] ERROR in app: Exception on / [GET]
Traceback (most recent call last):
  File "/usr/local/lib64/python3.6/site-packages/flask/app.py", line 2073, in wsgi_app
    response = self.full_dispatch_request()
  File "/usr/local/lib64/python3.6/site-packages/flask/app.py", line 1518, in full_dispatch_request
    rv = self.handle_user_exception(e)
  File "/usr/local/lib64/python3.6/site-packages/flask/app.py", line 1516, in full_dispatch_request
    rv = self.dispatch_request()
  File "/usr/local/lib64/python3.6/site-packages/flask/app.py", line 1502, in dispatch_request
    return self.ensure_sync(self.view_functions[rule.endpoint])(**req.view_args)
  File "monitor.py", line 61, in result
    d = 425 + response_list["result"]["resultAmount"]
TypeError: 'NoneType' object is not subscriptable
124.221.203.147 - - [06/Sep/2023 10:00:57] "[35m[1mGET /?password=wsj HTTP/1.1[0m" 500 -
[2023-09-06 10:00:58,134] ERROR in app: Exception on / [GET]
Traceback (most recent call last):
  File "/usr/local/lib64/python3.6/site-packages/flask/app.py", line 2073, in wsgi_app
    response = self.full_dispatch_request()
  File "/usr/local/lib64/python3.6/site-packages/flask/app.py", line 1518, in full_dispatch_request
    rv = self.handle_user_exception(e)
  File "/usr/local/lib64/python3.6/site-packages/flask/app.py", line 1516, in full_dispatch_request
    rv = self.dispatch_request()
  File "/usr/local/lib64/python3.6/site-packages/flask/app.py", line 1502, in dispatch_request
    return self.ensure_sync(self.view_functions[rule.endpoint])(**req.view_args)
  File "monitor.py", line 61, in result
    d = 425 + response_list["result"]["resultAmount"]
TypeError: 'NoneType' object is not subscriptable
124.221.203.147 - - [06/Sep/2023 10:00:58] "[35m[1mGET /?password=wsj HTTP/1.1[0m" 500 -
[2023-09-06 13:45:09,490] ERROR in app: Exception on / [GET]
Traceback (most recent call last):
  File "/usr/local/lib64/python3.6/site-packages/flask/app.py", line 2073, in wsgi_app
    response = self.full_dispatch_request()
  File "/usr/local/lib64/python3.6/site-packages/flask/app.py", line 1518, in full_dispatch_request
    rv = self.handle_user_exception(e)
  File "/usr/local/lib64/python3.6/site-packages/flask/app.py", line 1516, in full_dispatch_request
    rv = self.dispatch_request()
  File "/usr/local/lib64/python3.6/site-packages/flask/app.py", line 1502, in dispatch_request
    return self.ensure_sync(self.view_functions[rule.endpoint])(**req.view_args)
  File "monitor.py", line 61, in result
    d = 425 + response_list["result"]["resultAmount"]
TypeError: 'NoneType' object is not subscriptable
123.56.155.157 - - [06/Sep/2023 13:45:09] "[35m[1mGET / HTTP/1.0[0m" 500 -
123.56.155.157 - - [06/Sep/2023 13:45:19] "[33mGET /.git/HEAD HTTP/1.1[0m" 404 -
123.56.155.157 - - [06/Sep/2023 13:45:19] "[33mGET /nmaplowercheck1693979119 HTTP/1.1[0m" 404 -
123.56.155.157 - - [06/Sep/2023 13:45:19] "[33mGET /CSS/Miniweb.css HTTP/1.1[0m" 404 -
123.56.155.157 - - [06/Sep/2023 13:45:19] "[33mGET /HNAP1 HTTP/1.1[0m" 404 -
123.56.155.157 - - [06/Sep/2023 13:45:19] "[33mGET /default.jsa HTTP/1.1[0m" 404 -
123.56.155.157 - - [06/Sep/2023 13:45:19] "[33mGET /base.inc HTTP/1.1[0m" 404 -
123.56.155.157 - - [06/Sep/2023 13:45:19] "[33mGET /pools/default/buckets HTTP/1.1[0m" 404 -
123.56.155.157 - - [06/Sep/2023 13:45:19] "[33mGET /menu.aspx HTTP/1.1[0m" 404 -
123.56.155.157 - - [06/Sep/2023 13:45:20] "[33mGET /main.cfm HTTP/1.1[0m" 404 -
123.56.155.157 - - [06/Sep/2023 13:45:20] "[33mGET /pools HTTP/1.1[0m" 404 -
[2023-09-06 13:45:20,204] ERROR in app: Exception on / [GET]
Traceback (most recent call last):
  File "/usr/local/lib64/python3.6/site-packages/flask/app.py", line 2073, in wsgi_app
    response = self.full_dispatch_request()
  File "/usr/local/lib64/python3.6/site-packages/flask/app.py", line 1518, in full_dispatch_request
    rv = self.handle_user_exception(e)
  File "/usr/local/lib64/python3.6/site-packages/flask/app.py", line 1516, in full_dispatch_request
    rv = self.dispatch_request()
  File "/usr/local/lib64/python3.6/site-packages/flask/app.py", line 1502, in dispatch_request
    return self.ensure_sync(self.view_functions[rule.endpoint])(**req.view_args)
  File "monitor.py", line 61, in result
    d = 425 + response_list["result"]["resultAmount"]
TypeError: 'NoneType' object is not subscriptable
123.56.155.157 - - [06/Sep/2023 13:45:20] "[35m[1mGET / HTTP/1.1[0m" 500 -
123.56.155.157 - - [06/Sep/2023 13:45:20] "[33mGET /indice.jsp HTTP/1.1[0m" 404 -
123.56.155.157 - - [06/Sep/2023 13:45:20] "[33mGET /admin.shtml HTTP/1.1[0m" 404 -
123.56.155.157 - - [06/Sep/2023 13:45:20] "[33mGET /default.cgi HTTP/1.1[0m" 404 -
123.56.155.157 - - [06/Sep/2023 13:45:20] "[33mGET /admin.pl HTTP/1.1[0m" 404 -
123.56.155.157 - - [06/Sep/2023 13:45:20] "[33mGET /admin.php HTTP/1.1[0m" 404 -
123.56.155.157 - - [06/Sep/2023 13:45:21] "[33mGET /localstart.html HTTP/1.1[0m" 404 -
123.56.155.157 - - [06/Sep/2023 13:45:21] "[33mGET /localstart.aspx HTTP/1.1[0m" 404 -
123.56.155.157 - - [06/Sep/2023 13:45:21] "[33mGET /admin.jsa HTTP/1.1[0m" 404 -
123.56.155.157 - - [06/Sep/2023 13:45:21] "[33mGET /admin.jsp HTTP/1.1[0m" 404 -
123.56.155.157 - - [06/Sep/2023 13:45:21] "[33mPOST /sdk HTTP/1.1[0m" 404 -
123.56.155.157 - - [06/Sep/2023 13:45:21] "[33mGET /menu.html HTTP/1.1[0m" 404 -
123.56.155.157 - - [06/Sep/2023 13:45:21] "[33mGET /default.php HTTP/1.1[0m" 404 -
123.56.155.157 - - [06/Sep/2023 13:45:22] "[33mGET /admin.jhtml HTTP/1.1[0m" 404 -
123.56.155.157 - - [06/Sep/2023 13:45:22] "[33mGET default.asp HTTP/1.1[0m" 404 -
123.56.155.157 - - [06/Sep/2023 13:45:22] "[33mGET /start.jhtml HTTP/1.1[0m" 404 -
123.56.155.157 - - [06/Sep/2023 13:45:22] "[33mGET /main.shtml HTTP/1.1[0m" 404 -
123.56.155.157 - - [06/Sep/2023 13:45:22] "[33mGET /home.shtml HTTP/1.1[0m" 404 -
123.56.155.157 - - [06/Sep/2023 13:45:22] "[33mGET /base.asp HTTP/1.1[0m" 404 -
123.56.155.157 - - [06/Sep/2023 13:45:22] "[33mGET /admin.html HTTP/1.1[0m" 404 -
123.56.155.157 - - [06/Sep/2023 13:45:23] "[33mGET /base.jsa HTTP/1.1[0m" 404 -
123.56.155.157 - - [06/Sep/2023 13:45:23] "[33mGET /default.jsp HTTP/1.1[0m" 404 -
123.56.155.157 - - [06/Sep/2023 13:45:23] "[33mGET /home.html HTTP/1.1[0m" 404 -
123.56.155.157 - - [06/Sep/2023 13:45:23] "[33mGET /admin.cgi HTTP/1.1[0m" 404 -
123.56.155.157 - - [06/Sep/2023 13:45:23] "[33mGET /admin.cfm HTTP/1.1[0m" 404 -
123.56.155.157 - - [06/Sep/2023 13:45:23] "[33mGET /index.aspx HTTP/1.1[0m" 404 -
123.56.155.157 - - [06/Sep/2023 13:45:24] "[33mGET /index.php HTTP/1.1[0m" 404 -
123.56.155.157 - - [06/Sep/2023 13:45:24] "[33mGET /start.cfm HTTP/1.1[0m" 404 -
123.56.155.157 - - [06/Sep/2023 13:45:24] "[33mGET /admin.aspx HTTP/1.1[0m" 404 -
123.56.155.157 - - [06/Sep/2023 13:45:24] "[33mGET /home.cfm HTTP/1.1[0m" 404 -
123.56.155.157 - - [06/Sep/2023 13:45:24] "[33mGET /inicio.jsa HTTP/1.1[0m" 404 -
123.56.155.157 - - [06/Sep/2023 13:45:24] "[33mGET /menu.cgi HTTP/1.1[0m" 404 -
123.56.155.157 - - [06/Sep/2023 13:45:24] "[33mGET /index.shtml HTTP/1.1[0m" 404 -
123.56.155.157 - - [06/Sep/2023 13:45:25] "[33mGET /main.pl HTTP/1.1[0m" 404 -
[2023-09-06 13:45:25,284] ERROR in app: Exception on / [HEAD]
Traceback (most recent call last):
  File "/usr/local/lib64/python3.6/site-packages/flask/app.py", line 2073, in wsgi_app
    response = self.full_dispatch_request()
  File "/usr/local/lib64/python3.6/site-packages/flask/app.py", line 1518, in full_dispatch_request
    rv = self.handle_user_exception(e)
  File "/usr/local/lib64/python3.6/site-packages/flask/app.py", line 1516, in full_dispatch_request
    rv = self.dispatch_request()
  File "/usr/local/lib64/python3.6/site-packages/flask/app.py", line 1502, in dispatch_request
    return self.ensure_sync(self.view_functions[rule.endpoint])(**req.view_args)
  File "monitor.py", line 61, in result
    d = 425 + response_list["result"]["resultAmount"]
TypeError: 'NoneType' object is not subscriptable
123.56.155.157 - - [06/Sep/2023 13:45:25] "[35m[1mHEAD / HTTP/1.1[0m" 500 -
123.56.155.157 - - [06/Sep/2023 13:45:25] "[33mGET /admin.asp HTTP/1.1[0m" 404 -
123.56.155.157 - - [06/Sep/2023 13:45:25] "[33mGET /base.shtml HTTP/1.1[0m" 404 -
[2023-09-06 13:45:25,493] ERROR in app: Exception on / [GET]
Traceback (most recent call last):
  File "/usr/local/lib64/python3.6/site-packages/flask/app.py", line 2073, in wsgi_app
    response = self.full_dispatch_request()
  File "/usr/local/lib64/python3.6/site-packages/flask/app.py", line 1518, in full_dispatch_request
    rv = self.handle_user_exception(e)
  File "/usr/local/lib64/python3.6/site-packages/flask/app.py", line 1516, in full_dispatch_request
    rv = self.dispatch_request()
  File "/usr/local/lib64/python3.6/site-packages/flask/app.py", line 1502, in dispatch_request
    return self.ensure_sync(self.view_functions[rule.endpoint])(**req.view_args)
  File "monitor.py", line 61, in result
    d = 425 + response_list["result"]["resultAmount"]
TypeError: 'NoneType' object is not subscriptable
123.56.155.157 - - [06/Sep/2023 13:45:25] "[35m[1mGET /?=PHPE9568F36-D428-11d2-A769-00AA001ACF42 HTTP/1.1[0m" 500 -
123.56.155.157 - - [06/Sep/2023 13:45:25] "[33mGET /base.pl HTTP/1.1[0m" 404 -
123.56.155.157 - - [06/Sep/2023 13:45:25] "[33mGET /base.php HTTP/1.1[0m" 404 -
[2023-09-06 13:45:25,870] ERROR in app: Exception on / [GET]
Traceback (most recent call last):
  File "/usr/local/lib64/python3.6/site-packages/flask/app.py", line 2073, in wsgi_app
    response = self.full_dispatch_request()
  File "/usr/local/lib64/python3.6/site-packages/flask/app.py", line 1518, in full_dispatch_request
    rv = self.handle_user_exception(e)
  File "/usr/local/lib64/python3.6/site-packages/flask/app.py", line 1516, in full_dispatch_request
    rv = self.dispatch_request()
  File "/usr/local/lib64/python3.6/site-packages/flask/app.py", line 1502, in dispatch_request
    return self.ensure_sync(self.view_functions[rule.endpoint])(**req.view_args)
  File "monitor.py", line 61, in result
    d = 425 + response_list["result"]["resultAmount"]
TypeError: 'NoneType' object is not subscriptable
123.56.155.157 - - [06/Sep/2023 13:45:25] "[35m[1mGET / HTTP/1.1[0m" 500 -
[2023-09-06 13:45:25,889] ERROR in app: Exception on / [GET]
Traceback (most recent call last):
  File "/usr/local/lib64/python3.6/site-packages/flask/app.py", line 2073, in wsgi_app
    response = self.full_dispatch_request()
  File "/usr/local/lib64/python3.6/site-packages/flask/app.py", line 1518, in full_dispatch_request
    rv = self.handle_user_exception(e)
  File "/usr/local/lib64/python3.6/site-packages/flask/app.py", line 1516, in full_dispatch_request
    rv = self.dispatch_request()
  File "/usr/local/lib64/python3.6/site-packages/flask/app.py", line 1502, in dispatch_request
    return self.ensure_sync(self.view_functions[rule.endpoint])(**req.view_args)
  File "monitor.py", line 61, in result
    d = 425 + response_list["result"]["resultAmount"]
TypeError: 'NoneType' object is not subscriptable
123.56.155.157 - - [06/Sep/2023 13:45:25] "[35m[1mGET / HTTP/1.1[0m" 500 -
123.56.155.157 - - [06/Sep/2023 13:45:25] "[33mGET /base.jsp HTTP/1.1[0m" 404 -
[2023-09-06 13:45:25,959] ERROR in app: Exception on / [GET]
Traceback (most recent call last):
  File "/usr/local/lib64/python3.6/site-packages/flask/app.py", line 2073, in wsgi_app
    response = self.full_dispatch_request()
  File "/usr/local/lib64/python3.6/site-packages/flask/app.py", line 1518, in full_dispatch_request
    rv = self.handle_user_exception(e)
  File "/usr/local/lib64/python3.6/site-packages/flask/app.py", line 1516, in full_dispatch_request
    rv = self.dispatch_request()
  File "/usr/local/lib64/python3.6/site-packages/flask/app.py", line 1502, in dispatch_request
    return self.ensure_sync(self.view_functions[rule.endpoint])(**req.view_args)
  File "monitor.py", line 61, in result
    d = 425 + response_list["result"]["resultAmount"]
TypeError: 'NoneType' object is not subscriptable
123.56.155.157 - - [06/Sep/2023 13:45:25] "[35m[1mGET /?=PHPB8B5F2A0-3C92-11d3-A3A9-4C7B08C10000 HTTP/1.1[0m" 500 -
[2023-09-06 13:45:26,073] ERROR in app: Exception on / [GET]
Traceback (most recent call last):
  File "/usr/local/lib64/python3.6/site-packages/flask/app.py", line 2073, in wsgi_app
    response = self.full_dispatch_request()
  File "/usr/local/lib64/python3.6/site-packages/flask/app.py", line 1518, in full_dispatch_request
    rv = self.handle_user_exception(e)
  File "/usr/local/lib64/python3.6/site-packages/flask/app.py", line 1516, in full_dispatch_request
    rv = self.dispatch_request()
  File "/usr/local/lib64/python3.6/site-packages/flask/app.py", line 1502, in dispatch_request
    return self.ensure_sync(self.view_functions[rule.endpoint])(**req.view_args)
  File "monitor.py", line 61, in result
    d = 425 + response_list["result"]["resultAmount"]
TypeError: 'NoneType' object is not subscriptable
123.56.155.157 - - [06/Sep/2023 13:45:26] "[35m[1mGET / HTTP/1.1[0m" 500 -
123.56.155.157 - - [06/Sep/2023 13:45:26] "[33mGET /index.cfm HTTP/1.1[0m" 404 -
123.56.155.157 - - [06/Sep/2023 13:45:26] "[33mGET /menu.asp HTTP/1.1[0m" 404 -
123.56.155.157 - - [06/Sep/2023 13:45:26] "[33mGET /main.aspx HTTP/1.1[0m" 404 -
[2023-09-06 13:45:26,482] ERROR in app: Exception on / [GET]
Traceback (most recent call last):
  File "/usr/local/lib64/python3.6/site-packages/flask/app.py", line 2073, in wsgi_app
    response = self.full_dispatch_request()
  File "/usr/local/lib64/python3.6/site-packages/flask/app.py", line 1518, in full_dispatch_request
    rv = self.handle_user_exception(e)
  File "/usr/local/lib64/python3.6/site-packages/flask/app.py", line 1516, in full_dispatch_request
    rv = self.dispatch_request()
  File "/usr/local/lib64/python3.6/site-packages/flask/app.py", line 1502, in dispatch_request
    return self.ensure_sync(self.view_functions[rule.endpoint])(**req.view_args)
  File "monitor.py", line 61, in result
    d = 425 + response_list["result"]["resultAmount"]
TypeError: 'NoneType' object is not subscriptable
123.56.155.157 - - [06/Sep/2023 13:45:26] "[35m[1mGET / HTTP/1.1[0m" 500 -
123.56.155.157 - - [06/Sep/2023 13:45:26] "[33mGET /default.asp HTTP/1.1[0m" 404 -
123.56.155.157 - - [06/Sep/2023 13:45:26] "[33mGET /readme.txt HTTP/1.1[0m" 404 -
123.56.155.157 - - [06/Sep/2023 13:45:26] "[33mGET /robots.txt HTTP/1.1[0m" 404 -
123.56.155.157 - - [06/Sep/2023 13:45:27] "[33mGET /default.shtml HTTP/1.1[0m" 404 -
123.56.155.157 - - [06/Sep/2023 13:45:27] "[33mGET /base.html HTTP/1.1[0m" 404 -
123.56.155.157 - - [06/Sep/2023 13:45:27] "[33mGET /Portal/Portal.mwsl HTTP/1.1[0m" 404 -
123.56.155.157 - - [06/Sep/2023 13:45:27] "[33mGET /base.cgi HTTP/1.1[0m" 404 -
123.56.155.157 - - [06/Sep/2023 13:45:27] "[33mGET /docs/cplugError.html/ HTTP/1.1[0m" 404 -
123.56.155.157 - - [06/Sep/2023 13:45:27] "[33mGET /base.cfm HTTP/1.1[0m" 404 -
123.56.155.157 - - [06/Sep/2023 13:45:27] "[33mGET /start.aspx HTTP/1.1[0m" 404 -
123.56.155.157 - - [06/Sep/2023 13:45:27] "[33mGET /main.html HTTP/1.1[0m" 404 -
123.56.155.157 - - [06/Sep/2023 13:45:28] "[33mGET /indice.cfm HTTP/1.1[0m" 404 -
123.56.155.157 - - [06/Sep/2023 13:45:28] "[33mGET /index.asp HTTP/1.1[0m" 404 -
123.56.155.157 - - [06/Sep/2023 13:45:28] "[33mGET /indice.shtml HTTP/1.1[0m" 404 -
123.56.155.157 - - [06/Sep/2023 13:45:28] "[33mGET /indice.pl HTTP/1.1[0m" 404 -
123.56.155.157 - - [06/Sep/2023 13:45:28] "[33mGET /main.jhtml HTTP/1.1[0m" 404 -
123.56.155.157 - - [06/Sep/2023 13:45:28] "[33mGET /inicio.pl HTTP/1.1[0m" 404 -
123.56.155.157 - - [06/Sep/2023 13:45:28] "[33mGET /localstart.jsa HTTP/1.1[0m" 404 -
123.56.155.157 - - [06/Sep/2023 13:45:29] "[33mGET /index.cgi HTTP/1.1[0m" 404 -
123.56.155.157 - - [06/Sep/2023 13:45:29] "[33mGET /default.cfm HTTP/1.1[0m" 404 -
123.56.155.157 - - [06/Sep/2023 13:45:29] "[33mGET /base.aspx HTTP/1.1[0m" 404 -
123.56.155.157 - - [06/Sep/2023 13:45:29] "[33mGET /start.jsa HTTP/1.1[0m" 404 -
123.56.155.157 - - [06/Sep/2023 13:45:29] "[33mGET /base.jhtml HTTP/1.1[0m" 404 -
123.56.155.157 - - [06/Sep/2023 13:45:29] "[33mGET /indice.jsa HTTP/1.1[0m" 404 -
123.56.155.157 - - [06/Sep/2023 13:45:30] "[33mGET /menu.jhtml HTTP/1.1[0m" 404 -
123.56.155.157 - - [06/Sep/2023 13:45:30] "[33mGET /indice.jhtml HTTP/1.1[0m" 404 -
123.56.155.157 - - [06/Sep/2023 13:45:30] "[33mGET /main.php HTTP/1.1[0m" 404 -
123.56.155.157 - - [06/Sep/2023 13:45:30] "[33mGET /menu.jsp HTTP/1.1[0m" 404 -
123.56.155.157 - - [06/Sep/2023 13:45:30] "[33mGET /localstart.pl HTTP/1.1[0m" 404 -
123.56.155.157 - - [06/Sep/2023 13:45:30] code 400, message Bad request syntax ('\x0e\x00\x00\x00\x00\x00\x00\x00\x00\x00\x00\x00\x00\x00\x00\x00bbbb0100000001')
123.56.155.157 - - [06/Sep/2023 13:45:30] "[35m[1m               bbbb0100000001[0m" HTTPStatus.BAD_REQUEST -
123.56.155.157 - - [06/Sep/2023 13:45:30] "[33mGET /start.asp HTTP/1.1[0m" 404 -
123.56.155.157 - - [06/Sep/2023 13:45:30] "[33mGET /indice.html HTTP/1.1[0m" 404 -
123.56.155.157 - - [06/Sep/2023 13:45:31] "[33mGET /localstart.jsp HTTP/1.1[0m" 404 -
123.56.155.157 - - [06/Sep/2023 13:45:31] "[33mGET /index.jsa HTTP/1.1[0m" 404 -
123.56.155.157 - - [06/Sep/2023 13:45:31] "[33mGET /indice.cgi HTTP/1.1[0m" 404 -
123.56.155.157 - - [06/Sep/2023 13:45:31] "[33mGET /indice.asp HTTP/1.1[0m" 404 -
123.56.155.157 - - [06/Sep/2023 13:45:31] "[33mGET /inicio.jsp HTTP/1.1[0m" 404 -
123.56.155.157 - - [06/Sep/2023 13:45:31] "[33mGET /menu.shtml HTTP/1.1[0m" 404 -
123.56.155.157 - - [06/Sep/2023 13:45:31] "[33mGET /inicio.shtml HTTP/1.1[0m" 404 -
123.56.155.157 - - [06/Sep/2023 13:45:31] "[33mGET /inicio.php HTTP/1.1[0m" 404 -
123.56.155.157 - - [06/Sep/2023 13:45:31] "[33mGET /indice.aspx HTTP/1.1[0m" 404 -
123.56.155.157 - - [06/Sep/2023 13:45:32] "[33mGET /main.cgi HTTP/1.1[0m" 404 -
123.56.155.157 - - [06/Sep/2023 13:45:32] "[33mGET /inicio.html HTTP/1.1[0m" 404 -
123.56.155.157 - - [06/Sep/2023 13:45:32] "[33mGET /home.php HTTP/1.1[0m" 404 -
123.56.155.157 - - [06/Sep/2023 13:45:32] "[33mGET /start.pl HTTP/1.1[0m" 404 -
123.56.155.157 - - [06/Sep/2023 13:45:32] "[33mGET /home.pl HTTP/1.1[0m" 404 -
123.56.155.157 - - [06/Sep/2023 13:45:32] "[33mGET /home.jsp HTTP/1.1[0m" 404 -
123.56.155.157 - - [06/Sep/2023 13:45:32] "[33mGET /inicio.aspx HTTP/1.1[0m" 404 -
123.56.155.157 - - [06/Sep/2023 13:45:32] "[33mGET /home.aspx HTTP/1.1[0m" 404 -
123.56.155.157 - - [06/Sep/2023 13:45:32] "[33mGET /default.jhtml HTTP/1.1[0m" 404 -
123.56.155.157 - - [06/Sep/2023 13:45:32] "[33mGET /start.jsp HTTP/1.1[0m" 404 -
123.56.155.157 - - [06/Sep/2023 13:45:33] "[33mGET /localstart.php HTTP/1.1[0m" 404 -
123.56.155.157 - - [06/Sep/2023 13:45:33] "[33mGET /inicio.asp HTTP/1.1[0m" 404 -
123.56.155.157 - - [06/Sep/2023 13:45:33] "[33mGET /index.html HTTP/1.1[0m" 404 -
123.56.155.157 - - [06/Sep/2023 13:45:33] "[33mGET /home.jsa HTTP/1.1[0m" 404 -
123.56.155.157 - - [06/Sep/2023 13:45:33] "[33mGET /default.html HTTP/1.1[0m" 404 -
123.56.155.157 - - [06/Sep/2023 13:45:33] "[33mGET /main.jsp HTTP/1.1[0m" 404 -
123.56.155.157 - - [06/Sep/2023 13:45:33] "[33mGET /menu.pl HTTP/1.1[0m" 404 -
123.56.155.157 - - [06/Sep/2023 13:45:33] "[33mGET /index.pl HTTP/1.1[0m" 404 -
123.56.155.157 - - [06/Sep/2023 13:45:33] "[33mGET /home.cgi HTTP/1.1[0m" 404 -
123.56.155.157 - - [06/Sep/2023 13:45:33] "[33mGET /start.cgi HTTP/1.1[0m" 404 -
123.56.155.157 - - [06/Sep/2023 13:45:34] "[33mGET /home.asp HTTP/1.1[0m" 404 -
123.56.155.157 - - [06/Sep/2023 13:45:34] "[33mGET /localstart.cfm HTTP/1.1[0m" 404 -
123.56.155.157 - - [06/Sep/2023 13:45:34] "[33mGET /localstart.asp HTTP/1.1[0m" 404 -
123.56.155.157 - - [06/Sep/2023 13:45:34] "[33mGET /index.jsp HTTP/1.1[0m" 404 -
123.56.155.157 - - [06/Sep/2023 13:45:34] "[33mGET /default.aspx HTTP/1.1[0m" 404 -
123.56.155.157 - - [06/Sep/2023 13:45:34] "[33mGET /start.shtml HTTP/1.1[0m" 404 -
123.56.155.157 - - [06/Sep/2023 13:45:34] "[33mGET /start.php HTTP/1.1[0m" 404 -
123.56.155.157 - - [06/Sep/2023 13:45:34] "[33mGET /inicio.cfm HTTP/1.1[0m" 404 -
123.56.155.157 - - [06/Sep/2023 13:45:35] "[33mGET /menu.jsa HTTP/1.1[0m" 404 -
123.56.155.157 - - [06/Sep/2023 13:45:35] "[33mGET /localstart.shtml HTTP/1.1[0m" 404 -
123.56.155.157 - - [06/Sep/2023 13:45:35] "[33mGET /inicio.cgi HTTP/1.1[0m" 404 -
123.56.155.157 - - [06/Sep/2023 13:45:35] "[33mGET /localstart.jhtml HTTP/1.1[0m" 404 -
123.56.155.157 - - [06/Sep/2023 13:45:35] "[33mGET /home.jhtml HTTP/1.1[0m" 404 -
123.56.155.157 - - [06/Sep/2023 13:45:35] "[33mGET /localstart.cgi HTTP/1.1[0m" 404 -
123.56.155.157 - - [06/Sep/2023 13:45:35] "[33mGET /menu.cfm HTTP/1.1[0m" 404 -
123.56.155.157 - - [06/Sep/2023 13:45:35] "[33mGET /start.html HTTP/1.1[0m" 404 -
123.56.155.157 - - [06/Sep/2023 13:45:35] "[33mGET /main.jsa HTTP/1.1[0m" 404 -
123.56.155.157 - - [06/Sep/2023 13:45:35] "[33mGET /indice.php HTTP/1.1[0m" 404 -
123.56.155.157 - - [06/Sep/2023 13:45:36] "[33mGET /index.jhtml HTTP/1.1[0m" 404 -
123.56.155.157 - - [06/Sep/2023 13:45:36] "[33mGET /inicio.jhtml HTTP/1.1[0m" 404 -
123.56.155.157 - - [06/Sep/2023 13:45:36] "[33mGET /main.asp HTTP/1.1[0m" 404 -
123.56.155.157 - - [06/Sep/2023 13:45:36] "[33mGET /default.pl HTTP/1.1[0m" 404 -
123.56.155.157 - - [06/Sep/2023 13:45:36] "[33mGET /menu.php HTTP/1.1[0m" 404 -
[2023-09-06 13:45:39,983] ERROR in app: Exception on / [GET]
Traceback (most recent call last):
  File "/usr/local/lib64/python3.6/site-packages/flask/app.py", line 2073, in wsgi_app
    response = self.full_dispatch_request()
  File "/usr/local/lib64/python3.6/site-packages/flask/app.py", line 1518, in full_dispatch_request
    rv = self.handle_user_exception(e)
  File "/usr/local/lib64/python3.6/site-packages/flask/app.py", line 1516, in full_dispatch_request
    rv = self.dispatch_request()
  File "/usr/local/lib64/python3.6/site-packages/flask/app.py", line 1502, in dispatch_request
    return self.ensure_sync(self.view_functions[rule.endpoint])(**req.view_args)
  File "monitor.py", line 61, in result
    d = 425 + response_list["result"]["resultAmount"]
TypeError: 'NoneType' object is not subscriptable
123.56.155.157 - - [06/Sep/2023 13:45:39] "[35m[1mGET / HTTP/1.0[0m" 500 -
[2023-09-06 13:45:40,388] ERROR in app: Exception on / [GET]
Traceback (most recent call last):
  File "/usr/local/lib64/python3.6/site-packages/flask/app.py", line 2073, in wsgi_app
    response = self.full_dispatch_request()
  File "/usr/local/lib64/python3.6/site-packages/flask/app.py", line 1518, in full_dispatch_request
    rv = self.handle_user_exception(e)
  File "/usr/local/lib64/python3.6/site-packages/flask/app.py", line 1516, in full_dispatch_request
    rv = self.dispatch_request()
  File "/usr/local/lib64/python3.6/site-packages/flask/app.py", line 1502, in dispatch_request
    return self.ensure_sync(self.view_functions[rule.endpoint])(**req.view_args)
  File "monitor.py", line 61, in result
    d = 425 + response_list["result"]["resultAmount"]
TypeError: 'NoneType' object is not subscriptable
123.56.155.157 - - [06/Sep/2023 13:45:40] "[35m[1mGET / HTTP/1.1[0m" 500 -
[2023-09-06 16:46:11,112] ERROR in app: Exception on / [GET]
Traceback (most recent call last):
  File "/usr/local/lib64/python3.6/site-packages/flask/app.py", line 2073, in wsgi_app
    response = self.full_dispatch_request()
  File "/usr/local/lib64/python3.6/site-packages/flask/app.py", line 1518, in full_dispatch_request
    rv = self.handle_user_exception(e)
  File "/usr/local/lib64/python3.6/site-packages/flask/app.py", line 1516, in full_dispatch_request
    rv = self.dispatch_request()
  File "/usr/local/lib64/python3.6/site-packages/flask/app.py", line 1502, in dispatch_request
    return self.ensure_sync(self.view_functions[rule.endpoint])(**req.view_args)
  File "monitor.py", line 61, in result
    d = 425 + response_list["result"]["resultAmount"]
TypeError: 'NoneType' object is not subscriptable
124.221.203.147 - - [06/Sep/2023 16:46:11] "[35m[1mGET /?password=wsj HTTP/1.1[0m" 500 -
[2023-09-06 16:46:19,634] ERROR in app: Exception on / [GET]
Traceback (most recent call last):
  File "/usr/local/lib64/python3.6/site-packages/flask/app.py", line 2073, in wsgi_app
    response = self.full_dispatch_request()
  File "/usr/local/lib64/python3.6/site-packages/flask/app.py", line 1518, in full_dispatch_request
    rv = self.handle_user_exception(e)
  File "/usr/local/lib64/python3.6/site-packages/flask/app.py", line 1516, in full_dispatch_request
    rv = self.dispatch_request()
  File "/usr/local/lib64/python3.6/site-packages/flask/app.py", line 1502, in dispatch_request
    return self.ensure_sync(self.view_functions[rule.endpoint])(**req.view_args)
  File "monitor.py", line 61, in result
    d = 425 + response_list["result"]["resultAmount"]
TypeError: 'NoneType' object is not subscriptable
124.221.203.147 - - [06/Sep/2023 16:46:19] "[35m[1mGET /?password=wsj HTTP/1.1[0m" 500 -
[2023-09-06 16:47:37,083] ERROR in app: Exception on / [GET]
Traceback (most recent call last):
  File "/usr/local/lib64/python3.6/site-packages/flask/app.py", line 2073, in wsgi_app
    response = self.full_dispatch_request()
  File "/usr/local/lib64/python3.6/site-packages/flask/app.py", line 1518, in full_dispatch_request
    rv = self.handle_user_exception(e)
  File "/usr/local/lib64/python3.6/site-packages/flask/app.py", line 1516, in full_dispatch_request
    rv = self.dispatch_request()
  File "/usr/local/lib64/python3.6/site-packages/flask/app.py", line 1502, in dispatch_request
    return self.ensure_sync(self.view_functions[rule.endpoint])(**req.view_args)
  File "monitor.py", line 61, in result
    d = 425 + response_list["result"]["resultAmount"]
TypeError: 'NoneType' object is not subscriptable
124.221.203.147 - - [06/Sep/2023 16:47:37] "[35m[1mGET /?password=wsj HTTP/1.1[0m" 500 -
[2023-09-06 16:58:05,830] ERROR in app: Exception on / [GET]
Traceback (most recent call last):
  File "/usr/local/lib64/python3.6/site-packages/flask/app.py", line 2073, in wsgi_app
    response = self.full_dispatch_request()
  File "/usr/local/lib64/python3.6/site-packages/flask/app.py", line 1518, in full_dispatch_request
    rv = self.handle_user_exception(e)
  File "/usr/local/lib64/python3.6/site-packages/flask/app.py", line 1516, in full_dispatch_request
    rv = self.dispatch_request()
  File "/usr/local/lib64/python3.6/site-packages/flask/app.py", line 1502, in dispatch_request
    return self.ensure_sync(self.view_functions[rule.endpoint])(**req.view_args)
  File "monitor.py", line 61, in result
    d = 425 + response_list["result"]["resultAmount"]
TypeError: 'NoneType' object is not subscriptable
124.221.203.147 - - [06/Sep/2023 16:58:05] "[35m[1mGET /?password=wsj HTTP/1.1[0m" 500 -
